11>c:\users\bryan\documents\github\prest\adjunct\autoupdate\autoupdate_jumbo.cpp(15): warning C4627: '#include "adjunct/autoupdate/additionchecker.cpp"': skipped when looking for precompiled header use
11>          Add directive to 'core/pch_jumbo.h' or rebuild precompiled header
11>c:\users\bryan\documents\github\prest\adjunct\autoupdate\autoupdate_jumbo.cpp(16): warning C4627: '#include "adjunct/autoupdate/autoupdater.cpp"': skipped when looking for precompiled header use
11>          Add directive to 'core/pch_jumbo.h' or rebuild precompiled header
11>c:\users\bryan\documents\github\prest\adjunct\autoupdate\autoupdate_jumbo.cpp(17): warning C4627: '#include "adjunct/autoupdate/autoupdateserverurl.cpp"': skipped when looking for precompiled header use
11>          Add directive to 'core/pch_jumbo.h' or rebuild precompiled header
11>c:\users\bryan\documents\github\prest\adjunct\autoupdate\autoupdate_jumbo.cpp(18): warning C4627: '#include "adjunct/autoupdate/autoupdatexml.cpp"': skipped when looking for precompiled header use
11>          Add directive to 'core/pch_jumbo.h' or rebuild precompiled header
11>c:\users\bryan\documents\github\prest\adjunct\autoupdate\autoupdate_jumbo.cpp(19): warning C4627: '#include "adjunct/autoupdate/platformupdater.cpp"': skipped when looking for precompiled header use
11>          Add directive to 'core/pch_jumbo.h' or rebuild precompiled header
11>c:\users\bryan\documents\github\prest\adjunct\autoupdate\autoupdate_jumbo.cpp(20): warning C4627: '#include "adjunct/autoupdate/statusxmldownloader.cpp"': skipped when looking for precompiled header use
11>          Add directive to 'core/pch_jumbo.h' or rebuild precompiled header
11>c:\users\bryan\documents\github\prest\adjunct\autoupdate\autoupdate_jumbo.cpp(21): warning C4627: '#include "adjunct/autoupdate/updatablefile.cpp"': skipped when looking for precompiled header use
11>          Add directive to 'core/pch_jumbo.h' or rebuild precompiled header
11>c:\users\bryan\documents\github\prest\adjunct\autoupdate\autoupdate_jumbo.cpp(22): warning C4627: '#include "adjunct/autoupdate/updatableresource.cpp"': skipped when looking for precompiled header use
11>          Add directive to 'core/pch_jumbo.h' or rebuild precompiled header
11>c:\users\bryan\documents\github\prest\adjunct\autoupdate\autoupdate_jumbo.cpp(23): warning C4627: '#include "adjunct/autoupdate/updatablesetting.cpp"': skipped when looking for precompiled header use
11>          Add directive to 'core/pch_jumbo.h' or rebuild precompiled header
11>c:\users\bryan\documents\github\prest\adjunct\autoupdate\autoupdate_jumbo.cpp(24): warning C4627: '#include "adjunct/autoupdate/file_downloader.cpp"': skipped when looking for precompiled header use
11>          Add directive to 'core/pch_jumbo.h' or rebuild precompiled header
11>c:\users\bryan\documents\github\prest\adjunct\autoupdate\autoupdate_jumbo.cpp(25): warning C4627: '#include "adjunct/autoupdate/signed_file.cpp"': skipped when looking for precompiled header use
11>          Add directive to 'core/pch_jumbo.h' or rebuild precompiled header
11>c:\users\bryan\documents\github\prest\adjunct\autoupdate_gadgets\autoupdate_gadgets_jumbo.cpp(15): warning C4627: '#include "adjunct/autoupdate_gadgets/ExtensionsUpdater.cpp"': skipped when looking for precompiled header use
11>          Add directive to 'core/pch_jumbo.h' or rebuild precompiled header
11>  desktop_scope_jumbo.cpp
11>  protobuf_desktop_scope_jumbo.cpp
11>c:\users\bryan\documents\github\prest\adjunct\autoupdate\autoupdate_jumbo.cpp(26): warning C4627: '#include "adjunct/autoupdate/country_checker.cpp"': skipped when looking for precompiled header use
11>          Add directive to 'core/pch_jumbo.h' or rebuild precompiled header
11>c:\users\bryan\documents\github\prest\adjunct\bittorrent\bittorrent_jumbo.cpp(15): warning C4627: '#include "adjunct/bittorrent/bt-benode.cpp"': skipped when looking for precompiled header use
11>          Add directive to 'core/pch_jumbo.h' or rebuild precompiled header
11>  desktop_util_jumbo.cpp
11>c:\users\bryan\documents\github\prest\adjunct\desktop_pi\desktop_pi_jumbo.cpp(15): warning C4627: '#include "adjunct/desktop_pi/src/AboutDesktop.cpp"': skipped when looking for precompiled header use
11>          Add directive to 'core/pch_jumbo.h' or rebuild precompiled header
11>  embrowser_jumbo.cpp
11>c:\users\bryan\documents\github\prest\adjunct\autoupdate_gadgets\autoupdate_gadgets_jumbo.cpp(16): warning C4627: '#include "adjunct/autoupdate_gadgets/GadgetUpdateController.cpp"': skipped when looking for precompiled header use
11>          Add directive to 'core/pch_jumbo.h' or rebuild precompiled header
14>  TestComponent.cpp
11>  m2_jumbo.cpp
11>c:\users\bryan\documents\github\prest\adjunct\autoupdate\autoupdate_jumbo.cpp(27): warning C4627: '#include "adjunct/autoupdate/version_checker.cpp"': skipped when looking for precompiled header use
11>          Add directive to 'core/pch_jumbo.h' or rebuild precompiled header
11>c:\users\bryan\documents\github\prest\adjunct\bittorrent\bittorrent_jumbo.cpp(16): warning C4627: '#include "adjunct/bittorrent/bt-info.cpp"': skipped when looking for precompiled header use
11>          Add directive to 'core/pch_jumbo.h' or rebuild precompiled header
11>c:\users\bryan\documents\github\prest\adjunct\desktop_pi\desktop_pi_jumbo.cpp(16): warning C4627: '#include "adjunct/desktop_pi/src/desktop_menu_context.cpp"': skipped when looking for precompiled header use
11>          Add directive to 'core/pch_jumbo.h' or rebuild precompiled header
11>  m2_ui_jumbo.cpp
11>  quick_jumbo.cpp
11>c:\users\bryan\documents\github\prest\adjunct\autoupdate_gadgets\autoupdate_gadgets_jumbo.cpp(17): fatal error C1010: unexpected end of file while looking for precompiled header. Did you forget to add '#include "core/pch_jumbo.h"' to your source?
11>c:\users\bryan\documents\github\prest\adjunct\autoupdate\autoupdate_jumbo.cpp(28): warning C4627: '#include "adjunct/autoupdate/scheduler/optaskscheduler.cpp"': skipped when looking for precompiled header use
11>          Add directive to 'core/pch_jumbo.h' or rebuild precompiled header
11>c:\users\bryan\documents\github\prest\adjunct\bittorrent\bittorrent_jumbo.cpp(17): warning C4627: '#include "adjunct/bittorrent/bt-tracker.cpp"': skipped when looking for precompiled header use
11>          Add directive to 'core/pch_jumbo.h' or rebuild precompiled header
11>c:\users\bryan\documents\github\prest\adjunct\desktop_pi\desktop_pi_jumbo.cpp(17): warning C4627: '#include "adjunct/desktop_pi/src/desktop_pi_module.cpp"': skipped when looking for precompiled header use
11>          Add directive to 'core/pch_jumbo.h' or rebuild precompiled header
11>c:\users\bryan\documents\github\prest\adjunct\desktop_scope\desktop_scope_jumbo.cpp(15): warning C4627: '#include "adjunct/desktop_scope/src/scope_desktop_utils.cpp"': skipped when looking for precompiled header use
11>          Add directive to 'core/pch_jumbo.h' or rebuild precompiled header
11>c:\users\bryan\documents\github\prest\adjunct\autoupdate\autoupdate_jumbo.cpp(29): warning C4627: '#include "adjunct/autoupdate/updater/auupdater.cpp"': skipped when looking for precompiled header use
11>          Add directive to 'core/pch_jumbo.h' or rebuild precompiled header
13>  g_message_hardcore_legacy.cpp
11>c:\users\bryan\documents\github\prest\adjunct\bittorrent\bittorrent_jumbo.cpp(18): warning C4627: '#include "adjunct/bittorrent/bt-util.cpp"': skipped when looking for precompiled header use
11>          Add directive to 'core/pch_jumbo.h' or rebuild precompiled header
11>c:\users\bryan\documents\github\prest\adjunct\desktop_pi\desktop_pi_jumbo.cpp(18): warning C4627: '#include "adjunct/desktop_pi/src/DesktopOpMemory.cpp"': skipped when looking for precompiled header use
11>          Add directive to 'core/pch_jumbo.h' or rebuild precompiled header
11>c:\users\bryan\documents\github\prest\adjunct\desktop_scope\desktop_scope_jumbo.cpp(16): warning C4627: '#include "adjunct/desktop_scope/src/scope_desktop_window_manager.cpp"': skipped when looking for precompiled header use
11>          Add directive to 'core/pch_jumbo.h' or rebuild precompiled header
11>c:\users\bryan\documents\github\prest\adjunct\autoupdate\autoupdate_jumbo.cpp(30): warning C4627: '#include "adjunct/autoupdate/updater/audatafile.cpp"': skipped when looking for precompiled header use
11>          Add directive to 'core/pch_jumbo.h' or rebuild precompiled header
11>c:\users\bryan\documents\github\prest\adjunct\bittorrent\bittorrent_jumbo.cpp(19): warning C4627: '#include "adjunct/bittorrent/dl-base.cpp"': skipped when looking for precompiled header use
11>          Add directive to 'core/pch_jumbo.h' or rebuild precompiled header
11>c:\users\bryan\documents\github\prest\adjunct\desktop_pi\desktop_pi_jumbo.cpp(19): warning C4627: '#include "adjunct/desktop_pi/src/DesktopOpSystemInfo.cpp"': skipped when looking for precompiled header use
11>          Add directive to 'core/pch_jumbo.h' or rebuild precompiled header
14>  OpTypedMessageBase.cpp
11>  quick_toolkit_jumbo.cpp
11>c:\users\bryan\documents\github\prest\adjunct\desktop_scope\desktop_scope_jumbo.cpp(17): warning C4627: '#include "adjunct/desktop_scope/src/scope_system_input.cpp"': skipped when looking for precompiled header use
11>          Add directive to 'core/pch_jumbo.h' or rebuild precompiled header
11>c:\users\bryan\documents\github\prest\adjunct\autoupdate\autoupdate_jumbo.cpp(31): warning C4627: '#include "adjunct/autoupdate/updater/audatafile_reader.cpp"': skipped when looking for precompiled header use
11>          Add directive to 'core/pch_jumbo.h' or rebuild precompiled header
11>c:\users\bryan\documents\github\prest\adjunct\bittorrent\bittorrent_jumbo.cpp(20): warning C4627: '#include "adjunct/bittorrent/bt-download.cpp"': skipped when looking for precompiled header use
11>          Add directive to 'core/pch_jumbo.h' or rebuild precompiled header
11>c:\users\bryan\documents\github\prest\adjunct\desktop_pi\desktop_pi_jumbo.cpp(20): warning C4627: '#include "adjunct/desktop_pi/src/DesktopOpView.cpp"': skipped when looking for precompiled header use
11>          Add directive to 'core/pch_jumbo.h' or rebuild precompiled header
11>c:\users\bryan\documents\github\prest\adjunct\desktop_scope\desktop_scope_jumbo.cpp(18): fatal error C1010: unexpected end of file while looking for precompiled header. Did you forget to add '#include "core/pch_jumbo.h"' to your source?
11>c:\users\bryan\documents\github\prest\adjunct\autoupdate\autoupdate_jumbo.cpp(32): warning C4627: '#include "adjunct/autoupdate/updater/austringutils.cpp"': skipped when looking for precompiled header use
11>          Add directive to 'core/pch_jumbo.h' or rebuild precompiled header
11>c:\users\bryan\documents\github\prest\adjunct\bittorrent\bittorrent_jumbo.cpp(21): warning C4627: '#include "adjunct/bittorrent/p2p-fileutils.cpp"': skipped when looking for precompiled header use
11>          Add directive to 'core/pch_jumbo.h' or rebuild precompiled header
11>c:\users\bryan\documents\github\prest\adjunct\desktop_pi\desktop_pi_jumbo.cpp(21): warning C4627: '#include "adjunct/desktop_pi/src/DesktopOpWindow.cpp"': skipped when looking for precompiled header use
11>          Add directive to 'core/pch_jumbo.h' or rebuild precompiled header
11>c:\users\bryan\documents\github\prest\adjunct\autoupdate\autoupdate_jumbo.cpp(33): warning C4627: '#include "adjunct/autoupdate/selftest/src/ST_autoupdater.cpp"': skipped when looking for precompiled header use
11>          Add directive to 'core/pch_jumbo.h' or rebuild precompiled header
11>c:\users\bryan\documents\github\prest\adjunct\autoupdate\autoupdate_jumbo.cpp(34): warning C4627: '#include "adjunct/autoupdate/selftest/src/ST_autoupdatexml.cpp"': skipped when looking for precompiled header use
11>          Add directive to 'core/pch_jumbo.h' or rebuild precompiled header
11>c:\users\bryan\documents\github\prest\adjunct\bittorrent\bittorrent_jumbo.cpp(22): warning C4627: '#include "adjunct/bittorrent/connection.cpp"': skipped when looking for precompiled header use
11>          Add directive to 'core/pch_jumbo.h' or rebuild precompiled header
11>c:\users\bryan\documents\github\prest\adjunct\desktop_pi\desktop_pi_jumbo.cpp(22): warning C4627: '#include "adjunct/desktop_pi/src/DesktopOpPowerStatus.cpp"': skipped when looking for precompiled header use
11>          Add directive to 'core/pch_jumbo.h' or rebuild precompiled header
11>c:\users\bryan\documents\github\prest\adjunct\autoupdate\autoupdate_jumbo.cpp(35): warning C4627: '#include "adjunct/autoupdate/selftest/src/ST_additionchecker.cpp"': skipped when looking for precompiled header use
11>          Add directive to 'core/pch_jumbo.h' or rebuild precompiled header
11>c:\users\bryan\documents\github\prest\adjunct\bittorrent\bittorrent_jumbo.cpp(23): warning C4627: '#include "adjunct/bittorrent/bt-packet.cpp"': skipped when looking for precompiled header use
11>          Add directive to 'core/pch_jumbo.h' or rebuild precompiled header
11>c:\users\bryan\documents\github\prest\adjunct\autoupdate\autoupdate_jumbo.cpp(36): fatal error C1010: unexpected end of file while looking for precompiled header. Did you forget to add '#include "core/pch_jumbo.h"' to your source?
11>  ui_parser_jumbo.cpp
11>c:\users\bryan\documents\github\prest\adjunct\desktop_pi\desktop_pi_jumbo.cpp(23): warning C4627: '#include "adjunct/desktop_pi/src/DesktopDragObject.cpp"': skipped when looking for precompiled header use
11>          Add directive to 'core/pch_jumbo.h' or rebuild precompiled header
11>c:\users\bryan\documents\github\prest\adjunct\bittorrent\bittorrent_jumbo.cpp(24): warning C4627: '#include "adjunct/bittorrent/bt-client.cpp"': skipped when looking for precompiled header use
11>          Add directive to 'core/pch_jumbo.h' or rebuild precompiled header
11>c:\users\bryan\documents\github\prest\adjunct\desktop_pi\desktop_pi_jumbo.cpp(24): fatal error C1010: unexpected end of file while looking for precompiled header. Did you forget to add '#include "core/pch_jumbo.h"' to your source?
11>c:\users\bryan\documents\github\prest\adjunct\bittorrent\bittorrent_jumbo.cpp(25): warning C4627: '#include "adjunct/bittorrent/bt-upload.cpp"': skipped when looking for precompiled header use
11>          Add directive to 'core/pch_jumbo.h' or rebuild precompiled header
11>  ui_test_framework_jumbo.cpp
11>c:\users\bryan\documents\github\prest\adjunct\bittorrent\bittorrent_jumbo.cpp(26): warning C4627: '#include "adjunct/bittorrent/p2p-opfile64.cpp"': skipped when looking for precompiled header use
11>          Add directive to 'core/pch_jumbo.h' or rebuild precompiled header
11>c:\users\bryan\documents\github\prest\adjunct\bittorrent\bittorrent_jumbo.cpp(27): warning C4627: '#include "adjunct/bittorrent/bt-filecache.cpp"': skipped when looking for precompiled header use
11>          Add directive to 'core/pch_jumbo.h' or rebuild precompiled header
11>c:\users\bryan\documents\github\prest\adjunct\bittorrent\bittorrent_jumbo.cpp(28): fatal error C1010: unexpected end of file while looking for precompiled header. Did you forget to add '#include "core/pch_jumbo.h"' to your source?
11>  widgetruntime_jumbo.cpp
11>  about_jumbo.cpp
11>c:\users\bryan\documents\github\prest\adjunct\embrowser\embrowser_jumbo.cpp(15): warning C4627: '#include "adjunct/embrowser/EmBrowser_main.cpp"': skipped when looking for precompiled header use
11>          Add directive to 'core/pch_jumbo.h' or rebuild precompiled header
11>c:\users\bryan\documents\github\prest\adjunct\embrowser\embrowser_jumbo.cpp(16): fatal error C1010: unexpected end of file while looking for precompiled header. Did you forget to add '#include "core/pch_jumbo.h"' to your source?
11>  accessibility_jumbo.cpp
11>c:\users\bryan\documents\github\prest\adjunct\quick\quick_jumbo.cpp(15): warning C4627: '#include "adjunct/quick/ClassicApplication.cpp"': skipped when looking for precompiled header use
11>          Add directive to 'core/pch_jumbo.h' or rebuild precompiled header
11>c:\users\bryan\documents\github\prest\adjunct\quick\quick_jumbo.cpp(16): warning C4627: '#include "adjunct/quick/WindowCommanderProxy.cpp"': skipped when looking for precompiled header use
11>          Add directive to 'core/pch_jumbo.h' or rebuild precompiled header
11>c:\users\bryan\documents\github\prest\adjunct\quick\quick_jumbo.cpp(17): warning C4627: '#include "adjunct/quick/animation/QuickWidgetHoverBlend.cpp"': skipped when looking for precompiled header use
11>          Add directive to 'core/pch_jumbo.h' or rebuild precompiled header
11>c:\users\bryan\documents\github\prest\adjunct\quick\quick_jumbo.cpp(18): warning C4627: '#include "adjunct/quick/application/ApplicationAdapter.cpp"': skipped when looking for precompiled header use
11>          Add directive to 'core/pch_jumbo.h' or rebuild precompiled header
11>c:\users\bryan\documents\github\prest\adjunct\quick\quick_jumbo.cpp(19): warning C4627: '#include "adjunct/quick/application/ClassicGlobalUiContext.cpp"': skipped when looking for precompiled header use
11>          Add directive to 'core/pch_jumbo.h' or rebuild precompiled header
11>c:\users\bryan\documents\github\prest\adjunct\quick\quick_jumbo.cpp(20): warning C4627: '#include "adjunct/quick/application/BrowserAuthenticationListener.cpp"': skipped when looking for precompiled header use
11>          Add directive to 'core/pch_jumbo.h' or rebuild precompiled header
11>c:\users\bryan\documents\github\prest\adjunct\quick\quick_jumbo.cpp(21): warning C4627: '#include "adjunct/quick/application/BrowserApplicationCacheListener.cpp"': skipped when looking for precompiled header use
11>          Add directive to 'core/pch_jumbo.h' or rebuild precompiled header
11>c:\users\bryan\documents\github\prest\adjunct\quick\quick_jumbo.cpp(22): warning C4627: '#include "adjunct/quick/application/BrowserMenuHandler.cpp"': skipped when looking for precompiled header use
11>          Add directive to 'core/pch_jumbo.h' or rebuild precompiled header
11>c:\users\bryan\documents\github\prest\adjunct\quick\quick_jumbo.cpp(23): warning C4627: '#include "adjunct/quick/application/BrowserProduct.cpp"': skipped when looking for precompiled header use
11>          Add directive to 'core/pch_jumbo.h' or rebuild precompiled header
11>c:\users\bryan\documents\github\prest\adjunct\quick\quick_jumbo.cpp(24): warning C4627: '#include "adjunct/quick/application/BrowserUiWindowListener.cpp"': skipped when looking for precompiled header use
11>          Add directive to 'core/pch_jumbo.h' or rebuild precompiled header
11>c:\users\bryan\documents\github\prest\adjunct\quick\quick_jumbo.cpp(25): warning C4627: '#include "adjunct/quick/application/BrowserUpgrade.cpp"': skipped when looking for precompiled header use
11>          Add directive to 'core/pch_jumbo.h' or rebuild precompiled header
11>c:\users\bryan\documents\github\prest\adjunct\quick\quick_jumbo.cpp(26): warning C4627: '#include "adjunct/quick/application/OpBootManager.cpp"': skipped when looking for precompiled header use
11>          Add directive to 'core/pch_jumbo.h' or rebuild precompiled header
11>c:\users\bryan\documents\github\prest\adjunct\quick\quick_jumbo.cpp(27): warning C4627: '#include "adjunct/quick/application/OpStartupSequence.cpp"': skipped when looking for precompiled header use
11>          Add directive to 'core/pch_jumbo.h' or rebuild precompiled header
11>c:\users\bryan\documents\github\prest\adjunct\quick\quick_jumbo.cpp(28): warning C4627: '#include "adjunct/quick/application/OpUrlPlayer.cpp"': skipped when looking for precompiled header use
11>          Add directive to 'core/pch_jumbo.h' or rebuild precompiled header
11>c:\users\bryan\documents\github\prest\adjunct\quick\quick_jumbo.cpp(29): warning C4627: '#include "adjunct/quick/application/PageLoadDispatcher.cpp"': skipped when looking for precompiled header use
11>          Add directive to 'core/pch_jumbo.h' or rebuild precompiled header
11>c:\users\bryan\documents\github\prest\adjunct\quick\quick_jumbo.cpp(30): warning C4627: '#include "adjunct/quick/application/SessionLoadContext.cpp"': skipped when looking for precompiled header use
11>          Add directive to 'core/pch_jumbo.h' or rebuild precompiled header
11>c:\users\bryan\documents\github\prest\adjunct\quick\quick_jumbo.cpp(31): warning C4627: '#include "adjunct/quick/application/QuickContextualUI.cpp"': skipped when looking for precompiled header use
11>          Add directive to 'core/pch_jumbo.h' or rebuild precompiled header
11>c:\users\bryan\documents\github\prest\adjunct\quick\quick_jumbo.cpp(32): warning C4627: '#include "adjunct/quick/commandline/CommandLineArgumentHandler.cpp"': skipped when looking for precompiled header use
11>          Add directive to 'core/pch_jumbo.h' or rebuild precompiled header
11>c:\users\bryan\documents\github\prest\adjunct\quick\quick_jumbo.cpp(33): warning C4627: '#include "adjunct/quick/controller/AddActionButtonController.cpp"': skipped when looking for precompiled header use
11>          Add directive to 'core/pch_jumbo.h' or rebuild precompiled header
11>c:\users\bryan\documents\github\prest\adjunct\quick\quick_jumbo.cpp(34): warning C4627: '#include "adjunct/quick/controller/AddressbarOverlayController.cpp"': skipped when looking for precompiled header use
11>          Add directive to 'core/pch_jumbo.h' or rebuild precompiled header
13>  g_message_hardcore_messages.cpp
11>c:\users\bryan\documents\github\prest\adjunct\quick\quick_jumbo.cpp(35): warning C4627: '#include "adjunct/quick/controller/AskCookieController.cpp"': skipped when looking for precompiled header use
11>          Add directive to 'core/pch_jumbo.h' or rebuild precompiled header
11>c:\users\bryan\documents\github\prest\adjunct\quick\quick_jumbo.cpp(36): warning C4627: '#include "adjunct/quick/controller/AutoWindowReloadController.cpp"': skipped when looking for precompiled header use
11>          Add directive to 'core/pch_jumbo.h' or rebuild precompiled header
11>c:\users\bryan\documents\github\prest\adjunct\quick\quick_jumbo.cpp(37): warning C4627: '#include "adjunct/quick/controller/CertificateWarningController.cpp"': skipped when looking for precompiled header use
11>          Add directive to 'core/pch_jumbo.h' or rebuild precompiled header
11>c:\users\bryan\documents\github\prest\adjunct\quick\quick_jumbo.cpp(38): warning C4627: '#include "adjunct/quick/controller/ClearPrivateDataController.cpp"': skipped when looking for precompiled header use
11>          Add directive to 'core/pch_jumbo.h' or rebuild precompiled header
11>c:\users\bryan\documents\github\prest\adjunct\quick\quick_jumbo.cpp(39): warning C4627: '#include "adjunct/quick/controller/DownloadSelectionController.cpp"': skipped when looking for precompiled header use
11>          Add directive to 'core/pch_jumbo.h' or rebuild precompiled header
11>c:\users\bryan\documents\github\prest\adjunct\quick\quick_jumbo.cpp(40): warning C4627: '#include "adjunct/quick/controller/ExtensionInstallController.cpp"': skipped when looking for precompiled header use
11>          Add directive to 'core/pch_jumbo.h' or rebuild precompiled header
11>c:\users\bryan\documents\github\prest\adjunct\quick\quick_jumbo.cpp(41): warning C4627: '#include "adjunct/quick/controller/ExtensionPrefsController.cpp"': skipped when looking for precompiled header use
11>          Add directive to 'core/pch_jumbo.h' or rebuild precompiled header
11>c:\users\bryan\documents\github\prest\adjunct\quick\quick_jumbo.cpp(42): warning C4627: '#include "adjunct/quick/controller/ExtensionPopupController.cpp"': skipped when looking for precompiled header use
11>          Add directive to 'core/pch_jumbo.h' or rebuild precompiled header
11>c:\users\bryan\documents\github\prest\adjunct\quick\quick_jumbo.cpp(43): warning C4627: '#include "adjunct/quick/controller/ExtensionUninstallController.cpp"': skipped when looking for precompiled header use
11>          Add directive to 'core/pch_jumbo.h' or rebuild precompiled header
11>c:\users\bryan\documents\github\prest\adjunct\quick\quick_jumbo.cpp(44): warning C4627: '#include "adjunct/quick/controller/FeatureController.cpp"': skipped when looking for precompiled header use
11>          Add directive to 'core/pch_jumbo.h' or rebuild precompiled header
11>c:\users\bryan\documents\github\prest\adjunct\quick\quick_jumbo.cpp(45): warning C4627: '#include "adjunct/quick/controller/FeatureSettingsContext.cpp"': skipped when looking for precompiled header use
11>          Add directive to 'core/pch_jumbo.h' or rebuild precompiled header
11>c:\users\bryan\documents\github\prest\adjunct\quick\quick_jumbo.cpp(46): warning C4627: '#include "adjunct/quick/controller/FullscreenPopupController.cpp"': skipped when looking for precompiled header use
11>          Add directive to 'core/pch_jumbo.h' or rebuild precompiled header
11>c:\users\bryan\documents\github\prest\adjunct\quick\quick_jumbo.cpp(47): warning C4627: '#include "adjunct/quick/controller/ImagePropertiesController.cpp"': skipped when looking for precompiled header use
11>          Add directive to 'core/pch_jumbo.h' or rebuild precompiled header
11>c:\users\bryan\documents\github\prest\adjunct\quick\quick_jumbo.cpp(48): warning C4627: '#include "adjunct/quick/controller/ModeManagerController.cpp"': skipped when looking for precompiled header use
11>          Add directive to 'core/pch_jumbo.h' or rebuild precompiled header
11>c:\users\bryan\documents\github\prest\adjunct\quick\quick_jumbo.cpp(49): warning C4627: '#include "adjunct/quick/controller/NameCompletionController.cpp"': skipped when looking for precompiled header use
11>          Add directive to 'core/pch_jumbo.h' or rebuild precompiled header
11>c:\users\bryan\documents\github\prest\adjunct\quick\quick_jumbo.cpp(50): warning C4627: '#include "adjunct/quick/controller/ScriptOptionsController.cpp"': skipped when looking for precompiled header use
11>          Add directive to 'core/pch_jumbo.h' or rebuild precompiled header
11>c:\users\bryan\documents\github\prest\adjunct\quick\quick_jumbo.cpp(51): warning C4627: '#include "adjunct/quick/controller/SimpleDialogController.cpp"': skipped when looking for precompiled header use
11>          Add directive to 'core/pch_jumbo.h' or rebuild precompiled header
11>c:\users\bryan\documents\github\prest\adjunct\quick\quick_jumbo.cpp(52): warning C4627: '#include "adjunct/quick/controller/SpeedDialConfigController.cpp"': skipped when looking for precompiled header use
11>          Add directive to 'core/pch_jumbo.h' or rebuild precompiled header
11>c:\users\bryan\documents\github\prest\adjunct\quick\quick_jumbo.cpp(53): warning C4627: '#include "adjunct/quick/controller/StartupController.cpp"': skipped when looking for precompiled header use
11>          Add directive to 'core/pch_jumbo.h' or rebuild precompiled header
11>c:\users\bryan\documents\github\prest\adjunct\quick\quick_jumbo.cpp(54): warning C4627: '#include "adjunct/quick/controller/FavoritesOverlayController.cpp"': skipped when looking for precompiled header use
11>          Add directive to 'core/pch_jumbo.h' or rebuild precompiled header
11>c:\users\bryan\documents\github\prest\adjunct\quick\quick_jumbo.cpp(55): warning C4627: '#include "adjunct/quick/controller/PermissionPopupController.cpp"': skipped when looking for precompiled header use
11>          Add directive to 'core/pch_jumbo.h' or rebuild precompiled header
11>c:\users\bryan\documents\github\prest\adjunct\quick\quick_jumbo.cpp(56): warning C4627: '#include "adjunct/quick/controller/PluginCrashController.cpp"': skipped when looking for precompiled header use
11>          Add directive to 'core/pch_jumbo.h' or rebuild precompiled header
11>c:\users\bryan\documents\github\prest\adjunct\quick\quick_jumbo.cpp(57): warning C4627: '#include "adjunct/quick/controller/PluginEULAController.cpp"': skipped when looking for precompiled header use
11>          Add directive to 'core/pch_jumbo.h' or rebuild precompiled header
11>c:\users\bryan\documents\github\prest\adjunct\quick\quick_jumbo.cpp(58): warning C4627: '#include "adjunct/quick/controller/PluginInstallController.cpp"': skipped when looking for precompiled header use
11>          Add directive to 'core/pch_jumbo.h' or rebuild precompiled header
11>c:\users\bryan\documents\github\prest\adjunct\quick\quick_jumbo.cpp(59): warning C4627: '#include "adjunct/quick/controller/CustomWebFeedController.cpp"': skipped when looking for precompiled header use
11>          Add directive to 'core/pch_jumbo.h' or rebuild precompiled header
11>c:\users\bryan\documents\github\prest\adjunct\quick\quick_jumbo.cpp(60): warning C4627: '#include "adjunct/quick/controller/WebHandlerPermissionController.cpp"': skipped when looking for precompiled header use
11>          Add directive to 'core/pch_jumbo.h' or rebuild precompiled header
11>c:\users\bryan\documents\github\prest\adjunct\quick\quick_jumbo.cpp(61): warning C4627: '#include "adjunct/quick/controller/factories/ButtonFactory.cpp"': skipped when looking for precompiled header use
11>          Add directive to 'core/pch_jumbo.h' or rebuild precompiled header
11>c:\users\bryan\documents\github\prest\adjunct\quick\quick_jumbo.cpp(62): warning C4627: '#include "adjunct/quick/controller/AddToPanelController.cpp"': skipped when looking for precompiled header use
11>          Add directive to 'core/pch_jumbo.h' or rebuild precompiled header
11>c:\users\bryan\documents\github\prest\adjunct\quick\quick_jumbo.cpp(63): warning C4627: '#include "adjunct/quick/controller/AddWebPanelController.cpp"': skipped when looking for precompiled header use
11>          Add directive to 'core/pch_jumbo.h' or rebuild precompiled header
11>c:\users\bryan\documents\github\prest\adjunct\quick_toolkit\quick_toolkit_jumbo.cpp(15): warning C4627: '#include "adjunct/quick_toolkit/bindings/QuickBinder.cpp"': skipped when looking for precompiled header use
11>          Add directive to 'core/pch_jumbo.h' or rebuild precompiled header
11>c:\users\bryan\documents\github\prest\adjunct\quick\quick_jumbo.cpp(64): warning C4627: '#include "adjunct/quick/controller/BookmarkPropertiesController.cpp"': skipped when looking for precompiled header use
11>          Add directive to 'core/pch_jumbo.h' or rebuild precompiled header
11>c:\users\bryan\documents\github\prest\adjunct\quick_toolkit\quick_toolkit_jumbo.cpp(16): warning C4627: '#include "adjunct/quick_toolkit/bindings/QuickBinder_AddressDropDown.cpp"': skipped when looking for precompiled header use
11>          Add directive to 'core/pch_jumbo.h' or rebuild precompiled header
11>c:\users\bryan\documents\github\prest\adjunct\quick\quick_jumbo.cpp(65): warning C4627: '#include "adjunct/quick/data_types/MasterPasswordLifetime.cpp"': skipped when looking for precompiled header use
11>          Add directive to 'core/pch_jumbo.h' or rebuild precompiled header
11>c:\users\bryan\documents\github\prest\adjunct\quick_toolkit\quick_toolkit_jumbo.cpp(17): warning C4627: '#include "adjunct/quick_toolkit/bindings/QuickBinder_DropDown.cpp"': skipped when looking for precompiled header use
11>          Add directive to 'core/pch_jumbo.h' or rebuild precompiled header
11>c:\users\bryan\documents\github\prest\adjunct\quick\quick_jumbo.cpp(66): warning C4627: '#include "adjunct/quick/controller/CollectionViewSettingsController.cpp"': skipped when looking for precompiled header use
11>          Add directive to 'core/pch_jumbo.h' or rebuild precompiled header
11>c:\users\bryan\documents\github\prest\adjunct\quick_toolkit\quick_toolkit_jumbo.cpp(18): warning C4627: '#include "adjunct/quick_toolkit/bindings/QuickBinder_Enabled.cpp"': skipped when looking for precompiled header use
11>          Add directive to 'core/pch_jumbo.h' or rebuild precompiled header
11>c:\users\bryan\documents\github\prest\adjunct\quick_toolkit\quick_toolkit_jumbo.cpp(19): warning C4627: '#include "adjunct/quick_toolkit/bindings/QuickBinder_NumberEdit.cpp"': skipped when looking for precompiled header use
11>          Add directive to 'core/pch_jumbo.h' or rebuild precompiled header
11>c:\users\bryan\documents\github\prest\adjunct\quick\quick_jumbo.cpp(67): warning C4627: '#include "adjunct/quick/dialogs/AskPluginDownloadDialog.cpp"': skipped when looking for precompiled header use
11>          Add directive to 'core/pch_jumbo.h' or rebuild precompiled header
11>c:\users\bryan\documents\github\prest\adjunct\quick_toolkit\quick_toolkit_jumbo.cpp(20): warning C4627: '#include "adjunct/quick_toolkit/bindings/QuickBinder_Selectable.cpp"': skipped when looking for precompiled header use
11>          Add directive to 'core/pch_jumbo.h' or rebuild precompiled header
11>c:\users\bryan\documents\github\prest\adjunct\quick_toolkit\quick_toolkit_jumbo.cpp(21): warning C4627: '#include "adjunct/quick_toolkit/bindings/QuickBinder_Text.cpp"': skipped when looking for precompiled header use
11>          Add directive to 'core/pch_jumbo.h' or rebuild precompiled header
11>c:\users\bryan\documents\github\prest\adjunct\quick_toolkit\quick_toolkit_jumbo.cpp(22): warning C4627: '#include "adjunct/quick_toolkit/bindings/QuickBinder_Tree.cpp"': skipped when looking for precompiled header use
11>          Add directive to 'core/pch_jumbo.h' or rebuild precompiled header
11>c:\users\bryan\documents\github\prest\adjunct\quick_toolkit\quick_toolkit_jumbo.cpp(23): warning C4627: '#include "adjunct/quick_toolkit/bindings/ReversibleQuickBinder.cpp"': skipped when looking for precompiled header use
11>          Add directive to 'core/pch_jumbo.h' or rebuild precompiled header
11>c:\users\bryan\documents\github\prest\adjunct\desktop_util\desktop_util_jumbo.cpp(15): warning C4627: '#include "adjunct/desktop_util/actions/action_utils.cpp"': skipped when looking for precompiled header use
11>          Add directive to 'core/pch_jumbo.h' or rebuild precompiled header
11>c:\users\bryan\documents\github\prest\adjunct\quick_toolkit\quick_toolkit_jumbo.cpp(24): warning C4627: '#include "adjunct/quick_toolkit/contexts/CloseDialogContext.cpp"': skipped when looking for precompiled header use
11>          Add directive to 'core/pch_jumbo.h' or rebuild precompiled header
11>c:\users\bryan\documents\github\prest\adjunct\quick\quick_jumbo.cpp(68): warning C4627: '#include "adjunct/quick/dialogs/AutoUpdateCheckDialog.cpp"': skipped when looking for precompiled header use
11>          Add directive to 'core/pch_jumbo.h' or rebuild precompiled header
11>c:\users\bryan\documents\github\prest\adjunct\quick_toolkit\quick_toolkit_jumbo.cpp(25): warning C4627: '#include "adjunct/quick_toolkit/contexts/DelayedOkCancelDialogContext.cpp"': skipped when looking for precompiled header use
11>          Add directive to 'core/pch_jumbo.h' or rebuild precompiled header
11>c:\users\bryan\documents\github\prest\adjunct\desktop_util\desktop_util_jumbo.cpp(16): warning C4627: '#include "adjunct/desktop_util/adt/oplist.cpp"': skipped when looking for precompiled header use
11>          Add directive to 'core/pch_jumbo.h' or rebuild precompiled header
11>c:\users\bryan\documents\github\prest\adjunct\desktop_util\desktop_util_jumbo.cpp(17): warning C4627: '#include "adjunct/desktop_util/adt/opproperty.cpp"': skipped when looking for precompiled header use
11>          Add directive to 'core/pch_jumbo.h' or rebuild precompiled header
11>c:\users\bryan\documents\github\prest\adjunct\quick_toolkit\quick_toolkit_jumbo.cpp(26): warning C4627: '#include "adjunct/quick_toolkit/contexts/DialogContext.cpp"': skipped when looking for precompiled header use
11>          Add directive to 'core/pch_jumbo.h' or rebuild precompiled header
11>c:\users\bryan\documents\github\prest\adjunct\desktop_util\desktop_util_jumbo.cpp(18): warning C4627: '#include "adjunct/desktop_util/adt/typedobjectcollection.cpp"': skipped when looking for precompiled header use
11>          Add directive to 'core/pch_jumbo.h' or rebuild precompiled header
11>c:\users\bryan\documents\github\prest\adjunct\quick_toolkit\quick_toolkit_jumbo.cpp(27): warning C4627: '#include "adjunct/quick_toolkit/contexts/PopupDialogContext.cpp"': skipped when looking for precompiled header use
11>          Add directive to 'core/pch_jumbo.h' or rebuild precompiled header
11>c:\users\bryan\documents\github\prest\adjunct\desktop_util\desktop_util_jumbo.cpp(19): warning C4627: '#include "adjunct/desktop_util/algorithms/opbinarysearch.cpp"': skipped when looking for precompiled header use
14>  g_message_hardcore_legacy.cpp
11>          Add directive to 'core/pch_jumbo.h' or rebuild precompiled header
11>c:\users\bryan\documents\github\prest\adjunct\quick_toolkit\quick_toolkit_jumbo.cpp(28): warning C4627: '#include "adjunct/quick_toolkit/contexts/UiContext.cpp"': skipped when looking for precompiled header use
11>          Add directive to 'core/pch_jumbo.h' or rebuild precompiled header
11>c:\users\bryan\documents\github\prest\adjunct\desktop_util\desktop_util_jumbo.cpp(20): warning C4627: '#include "adjunct/desktop_util/algorithms/opunique.cpp"': skipped when looking for precompiled header use
11>          Add directive to 'core/pch_jumbo.h' or rebuild precompiled header
11>c:\users\bryan\documents\github\prest\adjunct\quick_toolkit\quick_toolkit_jumbo.cpp(29): warning C4627: '#include "adjunct/quick_toolkit/contexts/OkCancelDialogContext.cpp"': skipped when looking for precompiled header use
11>          Add directive to 'core/pch_jumbo.h' or rebuild precompiled header
11>c:\users\bryan\documents\github\prest\adjunct\desktop_util\desktop_util_jumbo.cpp(21): warning C4627: '#include "adjunct/desktop_util/async_queue/AsyncQueue.cpp"': skipped when looking for precompiled header use
11>          Add directive to 'core/pch_jumbo.h' or rebuild precompiled header
11>c:\users\bryan\documents\github\prest\adjunct\quick_toolkit\quick_toolkit_jumbo.cpp(30): warning C4627: '#include "adjunct/quick_toolkit/contexts/WizardContext.cpp"': skipped when looking for precompiled header use
11>          Add directive to 'core/pch_jumbo.h' or rebuild precompiled header
11>c:\users\bryan\documents\github\prest\adjunct\desktop_util\desktop_util_jumbo.cpp(22): warning C4627: '#include "adjunct/desktop_util/boot/DesktopBootstrap.cpp"': skipped when looking for precompiled header use
11>          Add directive to 'core/pch_jumbo.h' or rebuild precompiled header
11>c:\users\bryan\documents\github\prest\adjunct\desktop_util\desktop_util_jumbo.cpp(23): warning C4627: '#include "adjunct/desktop_util/crash/logsender.cpp"': skipped when looking for precompiled header use
11>          Add directive to 'core/pch_jumbo.h' or rebuild precompiled header
11>c:\users\bryan\documents\github\prest\adjunct\quick_toolkit\quick_toolkit_jumbo.cpp(31): warning C4627: '#include "adjunct/quick_toolkit/contexts/WidgetContext.cpp"': skipped when looking for precompiled header use
11>          Add directive to 'core/pch_jumbo.h' or rebuild precompiled header
11>c:\users\bryan\documents\github\prest\adjunct\desktop_util\desktop_util_jumbo.cpp(24): warning C4627: '#include "adjunct/desktop_util/datastructures/StreamBuffer.cpp"': skipped when looking for precompiled header use
11>          Add directive to 'core/pch_jumbo.h' or rebuild precompiled header
11>c:\users\bryan\documents\github\prest\adjunct\quick_toolkit\quick_toolkit_jumbo.cpp(32): warning C4627: '#include "adjunct/quick_toolkit/creators/QuickActionCreator.cpp"': skipped when looking for precompiled header use
11>          Add directive to 'core/pch_jumbo.h' or rebuild precompiled header
11>c:\users\bryan\documents\github\prest\adjunct\desktop_util\desktop_util_jumbo.cpp(25): warning C4627: '#include "adjunct/desktop_util/datastructures/ZlibStream.cpp"': skipped when looking for precompiled header use
11>          Add directive to 'core/pch_jumbo.h' or rebuild precompiled header
11>c:\users\bryan\documents\github\prest\adjunct\quick_toolkit\quick_toolkit_jumbo.cpp(33): warning C4627: '#include "adjunct/quick_toolkit/creators/QuickDialogCreator.cpp"': skipped when looking for precompiled header use
11>          Add directive to 'core/pch_jumbo.h' or rebuild precompiled header
11>c:\users\bryan\documents\github\prest\adjunct\desktop_util\desktop_util_jumbo.cpp(26): warning C4627: '#include "adjunct/desktop_util/file_chooser/file_chooser_fun.cpp"': skipped when looking for precompiled header use
11>          Add directive to 'core/pch_jumbo.h' or rebuild precompiled header
11>c:\users\bryan\documents\github\prest\adjunct\quick_toolkit\quick_toolkit_jumbo.cpp(34): warning C4627: '#include "adjunct/quick_toolkit/creators/QuickGridRowCreator.cpp"': skipped when looking for precompiled header use
13>  g_proto_descriptor_hardcore_component.cpp
11>          Add directive to 'core/pch_jumbo.h' or rebuild precompiled header
11>c:\users\bryan\documents\github\prest\adjunct\desktop_util\desktop_util_jumbo.cpp(27): warning C4627: '#include "adjunct/desktop_util/filelogger/desktopfilelogger.cpp"': skipped when looking for precompiled header use
11>          Add directive to 'core/pch_jumbo.h' or rebuild precompiled header
11>c:\users\bryan\documents\github\prest\adjunct\desktop_util\desktop_util_jumbo.cpp(28): warning C4627: '#include "adjunct/desktop_util/file_utils/filenameutils.cpp"': skipped when looking for precompiled header use
11>          Add directive to 'core/pch_jumbo.h' or rebuild precompiled header
11>c:\users\bryan\documents\github\prest\adjunct\quick_toolkit\quick_toolkit_jumbo.cpp(35): warning C4627: '#include "adjunct/quick_toolkit/creators/QuickUICreator.cpp"': skipped when looking for precompiled header use
11>          Add directive to 'core/pch_jumbo.h' or rebuild precompiled header
11>c:\users\bryan\documents\github\prest\adjunct\desktop_util\desktop_util_jumbo.cpp(29): warning C4627: '#include "adjunct/desktop_util/file_utils/folder_recurse.cpp"': skipped when looking for precompiled header use
11>          Add directive to 'core/pch_jumbo.h' or rebuild precompiled header
11>c:\users\bryan\documents\github\prest\adjunct\quick_toolkit\quick_toolkit_jumbo.cpp(36): warning C4627: '#include "adjunct/quick_toolkit/creators/QuickWidgetCreator.cpp"': skipped when looking for precompiled header use
11>          Add directive to 'core/pch_jumbo.h' or rebuild precompiled header
11>c:\users\bryan\documents\github\prest\adjunct\desktop_util\desktop_util_jumbo.cpp(30): warning C4627: '#include "adjunct/desktop_util/file_utils/FileUtils.cpp"': skipped when looking for precompiled header use
11>          Add directive to 'core/pch_jumbo.h' or rebuild precompiled header
11>c:\users\bryan\documents\github\prest\adjunct\desktop_util\desktop_util_jumbo.cpp(31): warning C4627: '#include "adjunct/desktop_util/gpu/gpubenchmark.cpp"': skipped when looking for precompiled header use
11>          Add directive to 'core/pch_jumbo.h' or rebuild precompiled header
11>c:\users\bryan\documents\github\prest\adjunct\quick_toolkit\quick_toolkit_jumbo.cpp(37): warning C4627: '#include "adjunct/quick_toolkit/readers/UIReader.cpp"': skipped when looking for precompiled header use
11>          Add directive to 'core/pch_jumbo.h' or rebuild precompiled header
11>c:\users\bryan\documents\github\prest\adjunct\desktop_util\desktop_util_jumbo.cpp(32): warning C4627: '#include "adjunct/desktop_util/handlers/DownloadItem.cpp"': skipped when looking for precompiled header use
11>          Add directive to 'core/pch_jumbo.h' or rebuild precompiled header
11>c:\users\bryan\documents\github\prest\adjunct\quick_toolkit\quick_toolkit_jumbo.cpp(38): warning C4627: '#include "adjunct/quick_toolkit/widgets/CalloutDialogPlacer.cpp"': skipped when looking for precompiled header use
11>          Add directive to 'core/pch_jumbo.h' or rebuild precompiled header
11>c:\users\bryan\documents\github\prest\adjunct\desktop_util\desktop_util_jumbo.cpp(33): warning C4627: '#include "adjunct/desktop_util/handlers/DownloadManager.cpp"': skipped when looking for precompiled header use
11>          Add directive to 'core/pch_jumbo.h' or rebuild precompiled header
11>c:\users\bryan\documents\github\prest\adjunct\quick_toolkit\quick_toolkit_jumbo.cpp(39): warning C4627: '#include "adjunct/quick_toolkit/widgets/DesktopLabel.cpp"': skipped when looking for precompiled header use
11>          Add directive to 'core/pch_jumbo.h' or rebuild precompiled header
11>c:\users\bryan\documents\github\prest\adjunct\desktop_util\desktop_util_jumbo.cpp(34): warning C4627: '#include "adjunct/desktop_util/handlers/FileContainer.cpp"': skipped when looking for precompiled header use
11>          Add directive to 'core/pch_jumbo.h' or rebuild precompiled header
11>c:\users\bryan\documents\github\prest\adjunct\quick_toolkit\quick_toolkit_jumbo.cpp(40): warning C4627: '#include "adjunct/quick_toolkit/widgets/DesktopOpDropDown.cpp"': skipped when looking for precompiled header use
11>          Add directive to 'core/pch_jumbo.h' or rebuild precompiled header
11>c:\users\bryan\documents\github\prest\adjunct\desktop_util\desktop_util_jumbo.cpp(35): warning C4627: '#include "adjunct/desktop_util/handlers/HandlerContainer.cpp"': skipped when looking for precompiled header use
11>          Add directive to 'core/pch_jumbo.h' or rebuild precompiled header
11>c:\users\bryan\documents\github\prest\adjunct\quick_toolkit\quick_toolkit_jumbo.cpp(41): warning C4627: '#include "adjunct/quick_toolkit/widgets/DesktopToggleButton.cpp"': skipped when looking for precompiled header use
11>          Add directive to 'core/pch_jumbo.h' or rebuild precompiled header
11>c:\users\bryan\documents\github\prest\adjunct\desktop_util\desktop_util_jumbo.cpp(36): warning C4627: '#include "adjunct/desktop_util/handlers/MimeTypeContainer.cpp"': skipped when looking for precompiled header use
11>          Add directive to 'core/pch_jumbo.h' or rebuild precompiled header
11>c:\users\bryan\documents\github\prest\adjunct\quick\quick_jumbo.cpp(69): warning C4627: '#include "adjunct/quick/dialogs/AutoUpdateDialog.cpp"': skipped when looking for precompiled header use
11>          Add directive to 'core/pch_jumbo.h' or rebuild precompiled header
11>c:\users\bryan\documents\github\prest\adjunct\desktop_util\desktop_util_jumbo.cpp(37): warning C4627: '#include "adjunct/desktop_util/handlers/PluginContainer.cpp"': skipped when looking for precompiled header use
11>          Add directive to 'core/pch_jumbo.h' or rebuild precompiled header
11>c:\users\bryan\documents\github\prest\adjunct\quick_toolkit\quick_toolkit_jumbo.cpp(42): warning C4627: '#include "adjunct/quick_toolkit/widgets/DesktopWidgetWindow.cpp"': skipped when looking for precompiled header use
13>  g_proto_descriptor_hardcore_legacy.cpp
11>          Add directive to 'core/pch_jumbo.h' or rebuild precompiled header
14>  g_message_hardcore_messages.cpp
11>c:\users\bryan\documents\github\prest\adjunct\desktop_util\desktop_util_jumbo.cpp(38): warning C4627: '#include "adjunct/desktop_util/handlers/RemoteURLHandler.cpp"': skipped when looking for precompiled header use
11>          Add directive to 'core/pch_jumbo.h' or rebuild precompiled header
11>c:\users\bryan\documents\github\prest\adjunct\desktop_util\desktop_util_jumbo.cpp(39): warning C4627: '#include "adjunct/desktop_util/handlers/ServerContainer.cpp"': skipped when looking for precompiled header use
11>          Add directive to 'core/pch_jumbo.h' or rebuild precompiled header
11>c:\users\bryan\documents\github\prest\adjunct\quick_toolkit\quick_toolkit_jumbo.cpp(43): warning C4627: '#include "adjunct/quick_toolkit/widgets/Dialog.cpp"': skipped when looking for precompiled header use
11>          Add directive to 'core/pch_jumbo.h' or rebuild precompiled header
11>c:\users\bryan\documents\github\prest\adjunct\quick\quick_jumbo.cpp(70): warning C4627: '#include "adjunct/quick/dialogs/BTConfigDialog.cpp"': skipped when looking for precompiled header use
11>          Add directive to 'core/pch_jumbo.h' or rebuild precompiled header
11>c:\users\bryan\documents\github\prest\adjunct\desktop_util\desktop_util_jumbo.cpp(40): warning C4627: '#include "adjunct/desktop_util/handlers/SimpleDownloadItem.cpp"': skipped when looking for precompiled header use
11>          Add directive to 'core/pch_jumbo.h' or rebuild precompiled header
11>c:\users\bryan\documents\github\prest\adjunct\quick\quick_jumbo.cpp(71): warning C4627: '#include "adjunct/quick/dialogs/BTSelectionDialog.cpp"': skipped when looking for precompiled header use
11>          Add directive to 'core/pch_jumbo.h' or rebuild precompiled header
11>c:\users\bryan\documents\github\prest\adjunct\quick_toolkit\quick_toolkit_jumbo.cpp(44): warning C4627: '#include "adjunct/quick_toolkit/widgets/OpImageBackground.cpp"': skipped when looking for precompiled header use
11>          Add directive to 'core/pch_jumbo.h' or rebuild precompiled header
11>c:\users\bryan\documents\github\prest\adjunct\desktop_util\desktop_util_jumbo.cpp(41): warning C4627: '#include "adjunct/desktop_util/handlers/TransferItemContainer.cpp"': skipped when looking for precompiled header use
11>          Add directive to 'core/pch_jumbo.h' or rebuild precompiled header
11>c:\users\bryan\documents\github\prest\adjunct\quick\quick_jumbo.cpp(72): warning C4627: '#include "adjunct/quick/dialogs/BTStartDownloadDialog.cpp"': skipped when looking for precompiled header use
11>          Add directive to 'core/pch_jumbo.h' or rebuild precompiled header
11>c:\users\bryan\documents\github\prest\adjunct\desktop_util\desktop_util_jumbo.cpp(42): warning C4627: '#include "adjunct/desktop_util/history/DocumentHistory.cpp"': skipped when looking for precompiled header use
11>          Add directive to 'core/pch_jumbo.h' or rebuild precompiled header
11>c:\users\bryan\documents\github\prest\adjunct\quick_toolkit\quick_toolkit_jumbo.cpp(45): warning C4627: '#include "adjunct/quick_toolkit/widgets/OpBar.cpp"': skipped when looking for precompiled header use
11>          Add directive to 'core/pch_jumbo.h' or rebuild precompiled header
11>c:\users\bryan\documents\github\prest\adjunct\desktop_util\desktop_util_jumbo.cpp(43): warning C4627: '#include "adjunct/desktop_util/image_utils/iconutils.cpp"': skipped when looking for precompiled header use
11>          Add directive to 'core/pch_jumbo.h' or rebuild precompiled header
11>c:\users\bryan\documents\github\prest\adjunct\quick\quick_jumbo.cpp(73): warning C4627: '#include "adjunct/quick/dialogs/BookmarkDialog.cpp"': skipped when looking for precompiled header use
11>          Add directive to 'core/pch_jumbo.h' or rebuild precompiled header
11>c:\users\bryan\documents\github\prest\adjunct\quick_toolkit\quick_toolkit_jumbo.cpp(46): warning C4627: '#include "adjunct/quick_toolkit/widgets/OpBrowserView.cpp"': skipped when looking for precompiled header use
11>          Add directive to 'core/pch_jumbo.h' or rebuild precompiled header
11>c:\users\bryan\documents\github\prest\adjunct\desktop_util\desktop_util_jumbo.cpp(44): warning C4627: '#include "adjunct/desktop_util/image_utils/fileimagecontentprovider.cpp"': skipped when looking for precompiled header use
11>          Add directive to 'core/pch_jumbo.h' or rebuild precompiled header
11>c:\users\bryan\documents\github\prest\adjunct\desktop_scope\protobuf_desktop_scope_jumbo.cpp(15): warning C4627: '#include "adjunct/desktop_scope/src/generated/g_scope_desktop_window_manager_interface.cpp"': skipped when looking for precompiled header use
11>          Add directive to 'core/pch_jumbo.h' or rebuild precompiled header
11>c:\users\bryan\documents\github\prest\adjunct\quick\quick_jumbo.cpp(74): warning C4627: '#include "adjunct/quick/dialogs/CertificateDetailsDialog.cpp"': skipped when looking for precompiled header use
11>          Add directive to 'core/pch_jumbo.h' or rebuild precompiled header
11>c:\users\bryan\documents\github\prest\adjunct\desktop_util\desktop_util_jumbo.cpp(45): warning C4627: '#include "adjunct/desktop_util/mail/mailcompose.cpp"': skipped when looking for precompiled header use
11>          Add directive to 'core/pch_jumbo.h' or rebuild precompiled header
11>c:\users\bryan\documents\github\prest\adjunct\quick_toolkit\quick_toolkit_jumbo.cpp(47): warning C4627: '#include "adjunct/quick_toolkit/widgets/OpButtonStrip.cpp"': skipped when looking for precompiled header use
11>          Add directive to 'core/pch_jumbo.h' or rebuild precompiled header
11>c:\users\bryan\documents\github\prest\adjunct\desktop_util\desktop_util_jumbo.cpp(46): warning C4627: '#include "adjunct/desktop_util/mail/mailformatting.cpp"': skipped when looking for precompiled header use
11>          Add directive to 'core/pch_jumbo.h' or rebuild precompiled header
11>c:\users\bryan\documents\github\prest\adjunct\quick\quick_jumbo.cpp(75): warning C4627: '#include "adjunct/quick/dialogs/CertificateInstallWizard.cpp"': skipped when looking for precompiled header use
11>          Add directive to 'core/pch_jumbo.h' or rebuild precompiled header
11>c:\users\bryan\documents\github\prest\adjunct\desktop_scope\protobuf_desktop_scope_jumbo.cpp(16): warning C4627: '#include "adjunct/desktop_scope/src/generated/g_scope_desktop_utils_interface.cpp"': skipped when looking for precompiled header use
11>          Add directive to 'core/pch_jumbo.h' or rebuild precompiled header
11>c:\users\bryan\documents\github\prest\adjunct\desktop_util\desktop_util_jumbo.cpp(47): warning C4627: '#include "adjunct/desktop_util/mail/mailto.cpp"': skipped when looking for precompiled header use
11>          Add directive to 'core/pch_jumbo.h' or rebuild precompiled header
11>c:\users\bryan\documents\github\prest\adjunct\quick_toolkit\quick_toolkit_jumbo.cpp(48): warning C4627: '#include "adjunct/quick_toolkit/widgets/OpExpand.cpp"': skipped when looking for precompiled header use
11>          Add directive to 'core/pch_jumbo.h' or rebuild precompiled header
11>c:\users\bryan\documents\github\prest\adjunct\quick\quick_jumbo.cpp(76): warning C4627: '#include "adjunct/quick/dialogs/CertificateManagerDialog.cpp"': skipped when looking for precompiled header use
11>          Add directive to 'core/pch_jumbo.h' or rebuild precompiled header
11>c:\users\bryan\documents\github\prest\adjunct\desktop_util\desktop_util_jumbo.cpp(48): warning C4627: '#include "adjunct/desktop_util/mempool/mempool.cpp"': skipped when looking for precompiled header use
11>          Add directive to 'core/pch_jumbo.h' or rebuild precompiled header
11>c:\users\bryan\documents\github\prest\adjunct\desktop_scope\protobuf_desktop_scope_jumbo.cpp(17): warning C4627: '#include "adjunct/desktop_scope/src/generated/g_scope_system_input_interface.cpp"': skipped when looking for precompiled header use
11>          Add directive to 'core/pch_jumbo.h' or rebuild precompiled header
11>c:\users\bryan\documents\github\prest\adjunct\quick_toolkit\quick_toolkit_jumbo.cpp(49): warning C4627: '#include "adjunct/quick_toolkit/widgets/OpAccordion.cpp"': skipped when looking for precompiled header use
11>          Add directive to 'core/pch_jumbo.h' or rebuild precompiled header
11>c:\users\bryan\documents\github\prest\adjunct\ui_test_framework\ui_test_framework_jumbo.cpp(15): warning C4627: '#include "adjunct/ui_test_framework/src/OpUiCrawler.cpp"': skipped when looking for precompiled header use
11>          Add directive to 'core/pch_jumbo.h' or rebuild precompiled header
11>c:\users\bryan\documents\github\prest\adjunct\desktop_util\desktop_util_jumbo.cpp(49): warning C4627: '#include "adjunct/desktop_util/network_utils/networkutils.cpp"': skipped when looking for precompiled header use
11>          Add directive to 'core/pch_jumbo.h' or rebuild precompiled header
11>c:\users\bryan\documents\github\prest\adjunct\desktop_scope\protobuf_desktop_scope_jumbo.cpp(18): fatal error C1010: unexpected end of file while looking for precompiled header. Did you forget to add '#include "core/pch_jumbo.h"' to your source?
11>c:\users\bryan\documents\github\prest\adjunct\quick\quick_jumbo.cpp(77): warning C4627: '#include "adjunct/quick/dialogs/ChangeMasterPasswordDialog.cpp"': skipped when looking for precompiled header use
11>          Add directive to 'core/pch_jumbo.h' or rebuild precompiled header
11>c:\users\bryan\documents\github\prest\adjunct\desktop_util\desktop_util_jumbo.cpp(50): warning C4627: '#include "adjunct/desktop_util/opfile/desktop_opfile.cpp"': skipped when looking for precompiled header use
11>          Add directive to 'core/pch_jumbo.h' or rebuild precompiled header
11>c:\users\bryan\documents\github\prest\adjunct\ui_test_framework\ui_test_framework_jumbo.cpp(16): warning C4627: '#include "adjunct/ui_test_framework/src/OpUiTree.cpp"': skipped when looking for precompiled header use
11>          Add directive to 'core/pch_jumbo.h' or rebuild precompiled header
11>c:\users\bryan\documents\github\prest\adjunct\quick_toolkit\quick_toolkit_jumbo.cpp(50): warning C4627: '#include "adjunct/quick_toolkit/widgets/OpGroup.cpp"': skipped when looking for precompiled header use
11>          Add directive to 'core/pch_jumbo.h' or rebuild precompiled header
11>c:\users\bryan\documents\github\prest\modules\about\about_jumbo.cpp(15): warning C4627: '#include "modules/about/src/opblockedurlpage.cpp"': skipped when looking for precompiled header use
11>          Add directive to 'core/pch_jumbo.h' or rebuild precompiled header
11>c:\users\bryan\documents\github\prest\adjunct\widgetruntime\widgetruntime_jumbo.cpp(15): warning C4627: '#include "adjunct/widgetruntime/GadgetApplication.cpp"': skipped when looking for precompiled header use
11>          Add directive to 'core/pch_jumbo.h' or rebuild precompiled header
11>c:\users\bryan\documents\github\prest\adjunct\quick\quick_jumbo.cpp(78): warning C4627: '#include "adjunct/quick/dialogs/CheckForUpgradeDialogs.cpp"': skipped when looking for precompiled header use
11>          Add directive to 'core/pch_jumbo.h' or rebuild precompiled header
11>c:\users\bryan\documents\github\prest\adjunct\desktop_util\desktop_util_jumbo.cpp(51): warning C4627: '#include "adjunct/desktop_util/prefs/CorePrefsHelpers.cpp"': skipped when looking for precompiled header use
11>          Add directive to 'core/pch_jumbo.h' or rebuild precompiled header
11>c:\users\bryan\documents\github\prest\adjunct\ui_test_framework\ui_test_framework_jumbo.cpp(17): warning C4627: '#include "adjunct/ui_test_framework/src/OpUiNode.cpp"': skipped when looking for precompiled header use
11>          Add directive to 'core/pch_jumbo.h' or rebuild precompiled header
11>c:\users\bryan\documents\github\prest\adjunct\quick_toolkit\quick_toolkit_jumbo.cpp(51): warning C4627: '#include "adjunct/quick_toolkit/widgets/OpHelptooltip.cpp"': skipped when looking for precompiled header use
11>          Add directive to 'core/pch_jumbo.h' or rebuild precompiled header
11>c:\users\bryan\documents\github\prest\modules\accessibility\accessibility_jumbo.cpp(15): warning C4627: '#include "modules/accessibility/acc_utils.cpp"': skipped when looking for precompiled header use
11>          Add directive to 'core/pch_jumbo.h' or rebuild precompiled header
11>c:\users\bryan\documents\github\prest\adjunct\m2\m2_jumbo.cpp(15): warning C4627: '#include "adjunct/m2/opera_glue/m2glue.cpp"': skipped when looking for precompiled header use
11>          Add directive to 'core/pch_jumbo.h' or rebuild precompiled header
11>c:\users\bryan\documents\github\prest\adjunct\ui_parser\ui_parser_jumbo.cpp(15): warning C4627: '#include "adjunct/ui_parser/ParserDocument.cpp"': skipped when looking for precompiled header use
11>          Add directive to 'core/pch_jumbo.h' or rebuild precompiled header
11>c:\users\bryan\documents\github\prest\modules\about\about_jumbo.cpp(16): warning C4627: '#include "modules/about/src/opclickjackingblock.cpp"': skipped when looking for precompiled header use
11>          Add directive to 'core/pch_jumbo.h' or rebuild precompiled header
11>c:\users\bryan\documents\github\prest\adjunct\quick\quick_jumbo.cpp(79): warning C4627: '#include "adjunct/quick/dialogs/ConfirmExitDialog.cpp"': skipped when looking for precompiled header use
11>          Add directive to 'core/pch_jumbo.h' or rebuild precompiled header
11>c:\users\bryan\documents\github\prest\adjunct\desktop_util\desktop_util_jumbo.cpp(52): warning C4627: '#include "adjunct/desktop_util/prefs/PrefsCollectionDesktopUI.cpp"': skipped when looking for precompiled header use
11>          Add directive to 'core/pch_jumbo.h' or rebuild precompiled header
11>c:\users\bryan\documents\github\prest\adjunct\widgetruntime\widgetruntime_jumbo.cpp(16): warning C4627: '#include "adjunct/widgetruntime/GadgetConfigFile.cpp"': skipped when looking for precompiled header use
11>          Add directive to 'core/pch_jumbo.h' or rebuild precompiled header
11>c:\users\bryan\documents\github\prest\adjunct\m2_ui\m2_ui_jumbo.cpp(15): warning C4627: '#include "adjunct/m2_ui/controllers/AuthenticationFailedController.cpp"': skipped when looking for precompiled header use
11>          Add directive to 'core/pch_jumbo.h' or rebuild precompiled header
11>c:\users\bryan\documents\github\prest\adjunct\ui_test_framework\ui_test_framework_jumbo.cpp(18): warning C4627: '#include "adjunct/ui_test_framework/src/OpExtensionContainer.cpp"': skipped when looking for precompiled header use
11>          Add directive to 'core/pch_jumbo.h' or rebuild precompiled header
11>c:\users\bryan\documents\github\prest\adjunct\quick_toolkit\quick_toolkit_jumbo.cpp(52): warning C4627: '#include "adjunct/quick_toolkit/widgets/OpHoverButton.cpp"': skipped when looking for precompiled header use
11>          Add directive to 'core/pch_jumbo.h' or rebuild precompiled header
11>c:\users\bryan\documents\github\prest\modules\accessibility\accessibility_jumbo.cpp(16): warning C4627: '#include "modules/accessibility/AccessibilityManager.cpp"': skipped when looking for precompiled header use
11>          Add directive to 'core/pch_jumbo.h' or rebuild precompiled header
11>c:\users\bryan\documents\github\prest\adjunct\m2\m2_jumbo.cpp(16): warning C4627: '#include "adjunct/m2/selftest/overrides/ST_StoreMessage.cpp"': skipped when looking for precompiled header use
11>          Add directive to 'core/pch_jumbo.h' or rebuild precompiled header
11>c:\users\bryan\documents\github\prest\adjunct\ui_parser\ui_parser_jumbo.cpp(16): warning C4627: '#include "adjunct/ui_parser/ParserIterators.cpp"': skipped when looking for precompiled header use
11>          Add directive to 'core/pch_jumbo.h' or rebuild precompiled header
11>c:\users\bryan\documents\github\prest\modules\about\about_jumbo.cpp(17): warning C4627: '#include "modules/about/src/operaabout.cpp"': skipped when looking for precompiled header use
11>          Add directive to 'core/pch_jumbo.h' or rebuild precompiled header
11>c:\users\bryan\documents\github\prest\adjunct\desktop_util\desktop_util_jumbo.cpp(53): warning C4627: '#include "adjunct/desktop_util/prefs/PrefsCollectionM2.cpp"': skipped when looking for precompiled header use
11>          Add directive to 'core/pch_jumbo.h' or rebuild precompiled header
11>c:\users\bryan\documents\github\prest\adjunct\quick\quick_jumbo.cpp(80): warning C4627: '#include "adjunct/quick/dialogs/ContactManagerDialog.cpp"': skipped when looking for precompiled header use
11>          Add directive to 'core/pch_jumbo.h' or rebuild precompiled header
13>  g_proto_descriptor_hardcore_messages.cpp
11>c:\users\bryan\documents\github\prest\adjunct\widgetruntime\widgetruntime_jumbo.cpp(17): warning C4627: '#include "adjunct/widgetruntime/GadgetConfirmWandDialog.cpp"': skipped when looking for precompiled header use
11>          Add directive to 'core/pch_jumbo.h' or rebuild precompiled header
13>  g_proto_hardcore_component.cpp
11>c:\users\bryan\documents\github\prest\adjunct\ui_test_framework\ui_test_framework_jumbo.cpp(19): fatal error C1010: unexpected end of file while looking for precompiled header. Did you forget to add '#include "core/pch_jumbo.h"' to your source?
11>c:\users\bryan\documents\github\prest\adjunct\m2_ui\m2_ui_jumbo.cpp(16): warning C4627: '#include "adjunct/m2_ui/controllers/ComposeWindowOptionsController.cpp"': skipped when looking for precompiled header use
11>          Add directive to 'core/pch_jumbo.h' or rebuild precompiled header
11>c:\users\bryan\documents\github\prest\adjunct\quick_toolkit\quick_toolkit_jumbo.cpp(53): warning C4627: '#include "adjunct/quick_toolkit/widgets/OpIcon.cpp"': skipped when looking for precompiled header use
11>          Add directive to 'core/pch_jumbo.h' or rebuild precompiled header
11>c:\users\bryan\documents\github\prest\modules\accessibility\accessibility_jumbo.cpp(17): warning C4627: '#include "modules/accessibility/AccessibleDocument.cpp"': skipped when looking for precompiled header use
11>          Add directive to 'core/pch_jumbo.h' or rebuild precompiled header
11>c:\users\bryan\documents\github\prest\adjunct\m2\m2_jumbo.cpp(17): warning C4627: '#include "adjunct/m2/src/backend/archive/ArchiveBackend.cpp"': skipped when looking for precompiled header use
11>          Add directive to 'core/pch_jumbo.h' or rebuild precompiled header
11>c:\users\bryan\documents\github\prest\adjunct\ui_parser\ui_parser_jumbo.cpp(17): warning C4627: '#include "adjunct/ui_parser/ParserNode.cpp"': skipped when looking for precompiled header use
11>          Add directive to 'core/pch_jumbo.h' or rebuild precompiled header
11>c:\users\bryan\documents\github\prest\adjunct\desktop_util\desktop_util_jumbo.cpp(54): warning C4627: '#include "adjunct/desktop_util/prefs/PrefsUtils.cpp"': skipped when looking for precompiled header use
11>          Add directive to 'core/pch_jumbo.h' or rebuild precompiled header
11>c:\users\bryan\documents\github\prest\modules\about\about_jumbo.cpp(18): warning C4627: '#include "modules/about/src/operacredits.cpp"': skipped when looking for precompiled header use
11>          Add directive to 'core/pch_jumbo.h' or rebuild precompiled header
11>  applicationcache_jumbo.cpp
11>c:\users\bryan\documents\github\prest\adjunct\quick\quick_jumbo.cpp(81): warning C4627: '#include "adjunct/quick/dialogs/ContactPropertiesDialog.cpp"': skipped when looking for precompiled header use
11>          Add directive to 'core/pch_jumbo.h' or rebuild precompiled header
11>  auth_jumbo.cpp
11>c:\users\bryan\documents\github\prest\adjunct\widgetruntime\widgetruntime_jumbo.cpp(18): warning C4627: '#include "adjunct/widgetruntime/GadgetGeolocationDialog.cpp"': skipped when looking for precompiled header use
11>          Add directive to 'core/pch_jumbo.h' or rebuild precompiled header
11>c:\users\bryan\documents\github\prest\adjunct\m2_ui\m2_ui_jumbo.cpp(17): warning C4627: '#include "adjunct/m2_ui/controllers/DefaultMailViewPropertiesController.cpp"': skipped when looking for precompiled header use
11>          Add directive to 'core/pch_jumbo.h' or rebuild precompiled header
11>c:\users\bryan\documents\github\prest\adjunct\quick_toolkit\quick_toolkit_jumbo.cpp(54): warning C4627: '#include "adjunct/quick_toolkit/widgets/OpImageWidget.cpp"': skipped when looking for precompiled header use
11>          Add directive to 'core/pch_jumbo.h' or rebuild precompiled header
11>c:\users\bryan\documents\github\prest\modules\accessibility\accessibility_jumbo.cpp(18): warning C4627: '#include "modules/accessibility/AccessibleOpWidgetLabel.cpp"': skipped when looking for precompiled header use
11>          Add directive to 'core/pch_jumbo.h' or rebuild precompiled header
11>c:\users\bryan\documents\github\prest\adjunct\ui_parser\ui_parser_jumbo.cpp(18): warning C4627: '#include "adjunct/ui_parser/ParserLogger.cpp"': skipped when looking for precompiled header use
11>          Add directive to 'core/pch_jumbo.h' or rebuild precompiled header
11>c:\users\bryan\documents\github\prest\adjunct\m2\m2_jumbo.cpp(18): warning C4627: '#include "adjunct/m2/src/backend/compat/crcomm.cpp"': skipped when looking for precompiled header use
11>          Add directive to 'core/pch_jumbo.h' or rebuild precompiled header
11>c:\users\bryan\documents\github\prest\adjunct\desktop_util\desktop_util_jumbo.cpp(55): warning C4627: '#include "adjunct/desktop_util/prefs/PropertyPrefs.cpp"': skipped when looking for precompiled header use
11>          Add directive to 'core/pch_jumbo.h' or rebuild precompiled header
11>c:\users\bryan\documents\github\prest\modules\about\about_jumbo.cpp(19): warning C4627: '#include "modules/about/src/operablank.cpp"': skipped when looking for precompiled header use
11>          Add directive to 'core/pch_jumbo.h' or rebuild precompiled header
11>c:\users\bryan\documents\github\prest\adjunct\quick\quick_jumbo.cpp(82): warning C4627: '#include "adjunct/quick/dialogs/ContentBlockDialog.cpp"': skipped when looking for precompiled header use
11>          Add directive to 'core/pch_jumbo.h' or rebuild precompiled header
11>c:\users\bryan\documents\github\prest\adjunct\m2_ui\m2_ui_jumbo.cpp(18): warning C4627: '#include "adjunct/m2_ui/controllers/IndexViewPropertiesController.cpp"': skipped when looking for precompiled header use
11>          Add directive to 'core/pch_jumbo.h' or rebuild precompiled header
11>c:\users\bryan\documents\github\prest\adjunct\widgetruntime\widgetruntime_jumbo.cpp(19): warning C4627: '#include "adjunct/widgetruntime/GadgetHelpLoader.cpp"': skipped when looking for precompiled header use
11>          Add directive to 'core/pch_jumbo.h' or rebuild precompiled header
11>  autoproxy_jumbo.cpp
11>c:\users\bryan\documents\github\prest\adjunct\quick_toolkit\quick_toolkit_jumbo.cpp(55): warning C4627: '#include "adjunct/quick_toolkit/widgets/OpLabel.cpp"': skipped when looking for precompiled header use
11>          Add directive to 'core/pch_jumbo.h' or rebuild precompiled header
11>c:\users\bryan\documents\github\prest\modules\accessibility\accessibility_jumbo.cpp(19): warning C4627: '#include "modules/accessibility/AccessibleScrollbarPart.cpp"': skipped when looking for precompiled header use
11>          Add directive to 'core/pch_jumbo.h' or rebuild precompiled header
11>c:\users\bryan\documents\github\prest\adjunct\ui_parser\ui_parser_jumbo.cpp(19): fatal error C1010: unexpected end of file while looking for precompiled header. Did you forget to add '#include "core/pch_jumbo.h"' to your source?
11>c:\users\bryan\documents\github\prest\adjunct\desktop_util\desktop_util_jumbo.cpp(56): warning C4627: '#include "adjunct/desktop_util/prefs/WidgetPrefs.cpp"': skipped when looking for precompiled header use
11>          Add directive to 'core/pch_jumbo.h' or rebuild precompiled header
11>c:\users\bryan\documents\github\prest\adjunct\m2\m2_jumbo.cpp(19): warning C4627: '#include "adjunct/m2/src/backend/imap/commands/AuthenticationCommand.cpp"': skipped when looking for precompiled header use
11>          Add directive to 'core/pch_jumbo.h' or rebuild precompiled header
11>c:\users\bryan\documents\github\prest\modules\about\about_jumbo.cpp(20): warning C4627: '#include "modules/about/src/operablanker.cpp"': skipped when looking for precompiled header use
11>          Add directive to 'core/pch_jumbo.h' or rebuild precompiled header
11>c:\users\bryan\documents\github\prest\adjunct\quick\quick_jumbo.cpp(83): warning C4627: '#include "adjunct/quick/dialogs/CookieEditDialog.cpp"': skipped when looking for precompiled header use
11>          Add directive to 'core/pch_jumbo.h' or rebuild precompiled header
11>c:\users\bryan\documents\github\prest\adjunct\m2_ui\m2_ui_jumbo.cpp(19): warning C4627: '#include "adjunct/m2_ui/controllers/LabelPropertiesController.cpp"': skipped when looking for precompiled header use
11>          Add directive to 'core/pch_jumbo.h' or rebuild precompiled header
11>c:\users\bryan\documents\github\prest\adjunct\widgetruntime\widgetruntime_jumbo.cpp(20): warning C4627: '#include "adjunct/widgetruntime/GadgetInstallerContext.cpp"': skipped when looking for precompiled header use
11>          Add directive to 'core/pch_jumbo.h' or rebuild precompiled header
11>c:\users\bryan\documents\github\prest\adjunct\quick_toolkit\quick_toolkit_jumbo.cpp(56): warning C4627: '#include "adjunct/quick_toolkit/widgets/OpNotifier.cpp"': skipped when looking for precompiled header use
11>          Add directive to 'core/pch_jumbo.h' or rebuild precompiled header
11>c:\users\bryan\documents\github\prest\modules\accessibility\accessibility_jumbo.cpp(20): warning C4627: '#include "modules/accessibility/AccessibleTextObject.cpp"': skipped when looking for precompiled header use
11>          Add directive to 'core/pch_jumbo.h' or rebuild precompiled header
11>c:\users\bryan\documents\github\prest\adjunct\desktop_util\desktop_util_jumbo.cpp(57): warning C4627: '#include "adjunct/desktop_util/resources/pi/opdesktopproduct.cpp"': skipped when looking for precompiled header use
11>          Add directive to 'core/pch_jumbo.h' or rebuild precompiled header
11>c:\users\bryan\documents\github\prest\adjunct\m2\m2_jumbo.cpp(20): warning C4627: '#include "adjunct/m2/src/backend/imap/commands/ImapCommandItem.cpp"': skipped when looking for precompiled header use
11>          Add directive to 'core/pch_jumbo.h' or rebuild precompiled header
11>c:\users\bryan\documents\github\prest\modules\about\about_jumbo.cpp(21): warning C4627: '#include "modules/about/src/operacache.cpp"': skipped when looking for precompiled header use
11>          Add directive to 'core/pch_jumbo.h' or rebuild precompiled header
11>c:\users\bryan\documents\github\prest\adjunct\m2_ui\m2_ui_jumbo.cpp(20): warning C4627: '#include "adjunct/m2_ui/dialogs/AccountManagerDialog.cpp"': skipped when looking for precompiled header use
11>          Add directive to 'core/pch_jumbo.h' or rebuild precompiled header
11>c:\users\bryan\documents\github\prest\adjunct\quick\quick_jumbo.cpp(84): warning C4627: '#include "adjunct/quick/dialogs/CookieWarningDialog.cpp"': skipped when looking for precompiled header use
11>          Add directive to 'core/pch_jumbo.h' or rebuild precompiled header
11>c:\users\bryan\documents\github\prest\adjunct\widgetruntime\widgetruntime_jumbo.cpp(21): warning C4627: '#include "adjunct/widgetruntime/GadgetMenuHandler.cpp"': skipped when looking for precompiled header use
11>          Add directive to 'core/pch_jumbo.h' or rebuild precompiled header
11>c:\users\bryan\documents\github\prest\adjunct\quick_toolkit\quick_toolkit_jumbo.cpp(57): warning C4627: '#include "adjunct/quick_toolkit/widgets/OpPage.cpp"': skipped when looking for precompiled header use
11>          Add directive to 'core/pch_jumbo.h' or rebuild precompiled header
11>c:\users\bryan\documents\github\prest\adjunct\desktop_util\desktop_util_jumbo.cpp(58): warning C4627: '#include "adjunct/desktop_util/resources/ResourceDefines.cpp"': skipped when looking for precompiled header use
11>          Add directive to 'core/pch_jumbo.h' or rebuild precompiled header
11>c:\users\bryan\documents\github\prest\modules\accessibility\accessibility_jumbo.cpp(21): warning C4627: '#include "modules/accessibility/acctree/AccessibilityTreeAriaNode.cpp"': skipped when looking for precompiled header use
11>          Add directive to 'core/pch_jumbo.h' or rebuild precompiled header
11>c:\users\bryan\documents\github\prest\adjunct\m2\m2_jumbo.cpp(21): warning C4627: '#include "adjunct/m2/src/backend/imap/commands/MailboxCommand.cpp"': skipped when looking for precompiled header use
11>          Add directive to 'core/pch_jumbo.h' or rebuild precompiled header
11>c:\users\bryan\documents\github\prest\modules\about\about_jumbo.cpp(22): warning C4627: '#include "modules/about/src/operacpu.cpp"': skipped when looking for precompiled header use
11>          Add directive to 'core/pch_jumbo.h' or rebuild precompiled header
11>c:\users\bryan\documents\github\prest\adjunct\m2_ui\m2_ui_jumbo.cpp(21): warning C4627: '#include "adjunct/m2_ui/dialogs/AccountPropertiesDialog.cpp"': skipped when looking for precompiled header use
11>          Add directive to 'core/pch_jumbo.h' or rebuild precompiled header
11>c:\users\bryan\documents\github\prest\adjunct\quick\quick_jumbo.cpp(85): warning C4627: '#include "adjunct/quick/dialogs/CustomizeToolbarDialog.cpp"': skipped when looking for precompiled header use
11>          Add directive to 'core/pch_jumbo.h' or rebuild precompiled header
11>  bookmarks_jumbo.cpp
11>c:\users\bryan\documents\github\prest\adjunct\desktop_util\desktop_util_jumbo.cpp(59): warning C4627: '#include "adjunct/desktop_util/resources/ResourceFolders.cpp"': skipped when looking for precompiled header use
11>          Add directive to 'core/pch_jumbo.h' or rebuild precompiled header
11>c:\users\bryan\documents\github\prest\adjunct\quick_toolkit\quick_toolkit_jumbo.cpp(58): warning C4627: '#include "adjunct/quick_toolkit/widgets/OpPasswordStrength.cpp"': skipped when looking for precompiled header use
11>          Add directive to 'core/pch_jumbo.h' or rebuild precompiled header
11>c:\users\bryan\documents\github\prest\modules\applicationcache\applicationcache_jumbo.cpp(15): warning C4627: '#include "modules/applicationcache/src/application_cache_common.cpp"': skipped when looking for precompiled header use
11>          Add directive to 'core/pch_jumbo.h' or rebuild precompiled header
11>c:\users\bryan\documents\github\prest\adjunct\widgetruntime\widgetruntime_jumbo.cpp(22): warning C4627: '#include "adjunct/widgetruntime/GadgetPermissionListener.cpp"': skipped when looking for precompiled header use
11>          Add directive to 'core/pch_jumbo.h' or rebuild precompiled header
11>c:\users\bryan\documents\github\prest\modules\accessibility\accessibility_jumbo.cpp(22): warning C4627: '#include "modules/accessibility/acctree/AccessibilityTreeImageNode.cpp"': skipped when looking for precompiled header use
11>          Add directive to 'core/pch_jumbo.h' or rebuild precompiled header
11>c:\users\bryan\documents\github\prest\adjunct\m2\m2_jumbo.cpp(22): warning C4627: '#include "adjunct/m2/src/backend/imap/commands/MessageSet.cpp"': skipped when looking for precompiled header use
11>          Add directive to 'core/pch_jumbo.h' or rebuild precompiled header
11>c:\users\bryan\documents\github\prest\adjunct\m2_ui\m2_ui_jumbo.cpp(22): warning C4627: '#include "adjunct/m2_ui/dialogs/AccountQuestionDialogs.cpp"': skipped when looking for precompiled header use
11>          Add directive to 'core/pch_jumbo.h' or rebuild precompiled header
11>c:\users\bryan\documents\github\prest\modules\about\about_jumbo.cpp(23): warning C4627: '#include "modules/about/src/operagpu.cpp"': skipped when looking for precompiled header use
11>          Add directive to 'core/pch_jumbo.h' or rebuild precompiled header
11>c:\users\bryan\documents\github\prest\adjunct\quick\quick_jumbo.cpp(86): warning C4627: '#include "adjunct/quick/dialogs/DownloadDialog.cpp"': skipped when looking for precompiled header use
11>          Add directive to 'core/pch_jumbo.h' or rebuild precompiled header
11>c:\users\bryan\documents\github\prest\adjunct\desktop_util\desktop_util_jumbo.cpp(60): warning C4627: '#include "adjunct/desktop_util/resources/ResourceSetup.cpp"': skipped when looking for precompiled header use
11>          Add directive to 'core/pch_jumbo.h' or rebuild precompiled header
11>c:\users\bryan\documents\github\prest\modules\applicationcache\applicationcache_jumbo.cpp(16): warning C4627: '#include "modules/applicationcache/src/applicationcache_module.cpp"': skipped when looking for precompiled header use
11>          Add directive to 'core/pch_jumbo.h' or rebuild precompiled header
11>c:\users\bryan\documents\github\prest\adjunct\quick_toolkit\quick_toolkit_jumbo.cpp(59): warning C4627: '#include "adjunct/quick_toolkit/widgets/OpProgressbar.cpp"': skipped when looking for precompiled header use
11>          Add directive to 'core/pch_jumbo.h' or rebuild precompiled header
11>c:\users\bryan\documents\github\prest\adjunct\widgetruntime\widgetruntime_jumbo.cpp(23): warning C4627: '#include "adjunct/widgetruntime/GadgetPreferencesDialog.cpp"': skipped when looking for precompiled header use
11>          Add directive to 'core/pch_jumbo.h' or rebuild precompiled header
11>c:\users\bryan\documents\github\prest\modules\accessibility\accessibility_jumbo.cpp(23): warning C4627: '#include "modules/accessibility/acctree/AccessibilityTreeLabelNode.cpp"': skipped when looking for precompiled header use
11>          Add directive to 'core/pch_jumbo.h' or rebuild precompiled header
11>c:\users\bryan\documents\github\prest\adjunct\m2\m2_jumbo.cpp(23): warning C4627: '#include "adjunct/m2/src/backend/imap/commands/MessageSetCommand.cpp"': skipped when looking for precompiled header use
11>          Add directive to 'core/pch_jumbo.h' or rebuild precompiled header
14>  g_proto_descriptor_hardcore_component.cpp
13>  g_proto_hardcore_legacy.cpp
14>  g_proto_descriptor_hardcore_legacy.cpp
11>c:\users\bryan\documents\github\prest\modules\about\about_jumbo.cpp(24): warning C4627: '#include "modules/about/src/opcrossnetworkerror.cpp"': skipped when looking for precompiled header use
11>          Add directive to 'core/pch_jumbo.h' or rebuild precompiled header
11>c:\users\bryan\documents\github\prest\adjunct\m2_ui\m2_ui_jumbo.cpp(23): warning C4627: '#include "adjunct/m2_ui/dialogs/AccountSubscriptionDialog.cpp"': skipped when looking for precompiled header use
11>          Add directive to 'core/pch_jumbo.h' or rebuild precompiled header
11>c:\users\bryan\documents\github\prest\adjunct\quick\quick_jumbo.cpp(87): warning C4627: '#include "adjunct/quick/dialogs/FileTypeDialog.cpp"': skipped when looking for precompiled header use
11>          Add directive to 'core/pch_jumbo.h' or rebuild precompiled header
11>c:\users\bryan\documents\github\prest\adjunct\desktop_util\desktop_util_jumbo.cpp(61): warning C4627: '#include "adjunct/desktop_util/resources/ResourceUpgrade.cpp"': skipped when looking for precompiled header use
11>          Add directive to 'core/pch_jumbo.h' or rebuild precompiled header
11>c:\users\bryan\documents\github\prest\modules\applicationcache\applicationcache_jumbo.cpp(17): warning C4627: '#include "modules/applicationcache/src/application_cache.cpp"': skipped when looking for precompiled header use
11>          Add directive to 'core/pch_jumbo.h' or rebuild precompiled header
11>c:\users\bryan\documents\github\prest\modules\autoproxy\autoproxy_jumbo.cpp(15): warning C4627: '#include "modules/autoproxy/autoproxy.cpp"': skipped when looking for precompiled header use
11>          Add directive to 'core/pch_jumbo.h' or rebuild precompiled header
11>c:\users\bryan\documents\github\prest\adjunct\quick_toolkit\quick_toolkit_jumbo.cpp(60): warning C4627: '#include "adjunct/quick_toolkit/widgets/OpRectPainter.cpp"': skipped when looking for precompiled header use
11>          Add directive to 'core/pch_jumbo.h' or rebuild precompiled header
11>c:\users\bryan\documents\github\prest\adjunct\widgetruntime\widgetruntime_jumbo.cpp(24): warning C4627: '#include "adjunct/widgetruntime/GadgetProduct.cpp"': skipped when looking for precompiled header use
11>          Add directive to 'core/pch_jumbo.h' or rebuild precompiled header
11>c:\users\bryan\documents\github\prest\adjunct\m2\m2_jumbo.cpp(24): warning C4627: '#include "adjunct/m2/src/backend/imap/commands/MiscCommands.cpp"': skipped when looking for precompiled header use
11>          Add directive to 'core/pch_jumbo.h' or rebuild precompiled header
11>c:\users\bryan\documents\github\prest\modules\accessibility\accessibility_jumbo.cpp(24): warning C4627: '#include "modules/accessibility/acctree/AccessibilityTreeNode.cpp"': skipped when looking for precompiled header use
11>          Add directive to 'core/pch_jumbo.h' or rebuild precompiled header
11>c:\users\bryan\documents\github\prest\modules\about\about_jumbo.cpp(25): warning C4627: '#include "modules/about/src/operadebugnet.cpp"': skipped when looking for precompiled header use
11>          Add directive to 'core/pch_jumbo.h' or rebuild precompiled header
11>c:\users\bryan\documents\github\prest\adjunct\desktop_util\desktop_util_jumbo.cpp(62): warning C4627: '#include "adjunct/desktop_util/resources/ResourceUtils.cpp"': skipped when looking for precompiled header use
11>          Add directive to 'core/pch_jumbo.h' or rebuild precompiled header
11>c:\users\bryan\documents\github\prest\modules\applicationcache\applicationcache_jumbo.cpp(18): warning C4627: '#include "modules/applicationcache/src/application_cache_group.cpp"': skipped when looking for precompiled header use
11>          Add directive to 'core/pch_jumbo.h' or rebuild precompiled header
11>c:\users\bryan\documents\github\prest\adjunct\quick\quick_jumbo.cpp(88): warning C4627: '#include "adjunct/quick/dialogs/FindTextDialog.cpp"': skipped when looking for precompiled header use
11>          Add directive to 'core/pch_jumbo.h' or rebuild precompiled header
11>c:\users\bryan\documents\github\prest\adjunct\m2_ui\m2_ui_jumbo.cpp(24): warning C4627: '#include "adjunct/m2_ui/dialogs/AskMaxMessagesDownloadDialog.cpp"': skipped when looking for precompiled header use
11>          Add directive to 'core/pch_jumbo.h' or rebuild precompiled header
11>c:\users\bryan\documents\github\prest\adjunct\quick_toolkit\quick_toolkit_jumbo.cpp(61): warning C4627: '#include "adjunct/quick_toolkit/widgets/OpQuickFind.cpp"': skipped when looking for precompiled header use
11>          Add directive to 'core/pch_jumbo.h' or rebuild precompiled header
11>c:\users\bryan\documents\github\prest\adjunct\widgetruntime\widgetruntime_jumbo.cpp(25): warning C4627: '#include "adjunct/widgetruntime/GadgetRemoteDebugDialog.cpp"': skipped when looking for precompiled header use
11>          Add directive to 'core/pch_jumbo.h' or rebuild precompiled header
11>c:\users\bryan\documents\github\prest\modules\autoproxy\autoproxy_jumbo.cpp(16): warning C4627: '#include "modules/autoproxy/autoproxy_loadhandler.cpp"': skipped when looking for precompiled header use
11>          Add directive to 'core/pch_jumbo.h' or rebuild precompiled header
11>c:\users\bryan\documents\github\prest\modules\accessibility\accessibility_jumbo.cpp(25): warning C4627: '#include "modules/accessibility/acctree/AccessibilityTreeObjectNode.cpp"': skipped when looking for precompiled header use
11>          Add directive to 'core/pch_jumbo.h' or rebuild precompiled header
11>c:\users\bryan\documents\github\prest\adjunct\m2\m2_jumbo.cpp(25): warning C4627: '#include "adjunct/m2/src/backend/imap/imap-folder.cpp"': skipped when looking for precompiled header use
11>          Add directive to 'core/pch_jumbo.h' or rebuild precompiled header
11>c:\users\bryan\documents\github\prest\modules\applicationcache\applicationcache_jumbo.cpp(19): warning C4627: '#include "modules/applicationcache/src/application_cache_manager.cpp"': skipped when looking for precompiled header use
11>          Add directive to 'core/pch_jumbo.h' or rebuild precompiled header
11>c:\users\bryan\documents\github\prest\adjunct\desktop_util\desktop_util_jumbo.cpp(63): warning C4627: '#include "adjunct/desktop_util/rtl/uidirection.cpp"': skipped when looking for precompiled header use
11>          Add directive to 'core/pch_jumbo.h' or rebuild precompiled header
11>c:\users\bryan\documents\github\prest\modules\about\about_jumbo.cpp(26): warning C4627: '#include "modules/about/src/operadrives.cpp"': skipped when looking for precompiled header use
11>          Add directive to 'core/pch_jumbo.h' or rebuild precompiled header
11>c:\users\bryan\documents\github\prest\adjunct\quick\quick_jumbo.cpp(89): warning C4627: '#include "adjunct/quick/dialogs/GeolocationPrivacyDialog.cpp"': skipped when looking for precompiled header use
11>          Add directive to 'core/pch_jumbo.h' or rebuild precompiled header
11>c:\users\bryan\documents\github\prest\adjunct\m2_ui\m2_ui_jumbo.cpp(25): warning C4627: '#include "adjunct/m2_ui/dialogs/ChangeNickDialog.cpp"': skipped when looking for precompiled header use
11>          Add directive to 'core/pch_jumbo.h' or rebuild precompiled header
11>c:\users\bryan\documents\github\prest\adjunct\quick_toolkit\quick_toolkit_jumbo.cpp(62): warning C4627: '#include "adjunct/quick_toolkit/widgets/QuickAnimatedWidget.cpp"': skipped when looking for precompiled header use
11>          Add directive to 'core/pch_jumbo.h' or rebuild precompiled header
11>c:\users\bryan\documents\github\prest\modules\autoproxy\autoproxy_jumbo.cpp(17): warning C4627: '#include "modules/autoproxy/autoproxy_module.cpp"': skipped when looking for precompiled header use
11>          Add directive to 'core/pch_jumbo.h' or rebuild precompiled header
11>c:\users\bryan\documents\github\prest\adjunct\widgetruntime\widgetruntime_jumbo.cpp(26): warning C4627: '#include "adjunct/widgetruntime/GadgetRemoteDebugHandler.cpp"': skipped when looking for precompiled header use
11>          Add directive to 'core/pch_jumbo.h' or rebuild precompiled header
11>c:\users\bryan\documents\github\prest\modules\auth\auth_jumbo.cpp(15): warning C4627: '#include "modules/auth/auth_alias.cpp"': skipped when looking for precompiled header use
11>          Add directive to 'core/pch_jumbo.h' or rebuild precompiled header
11>c:\users\bryan\documents\github\prest\adjunct\m2\m2_jumbo.cpp(26): warning C4627: '#include "adjunct/m2/src/backend/imap/imap-processor.cpp"': skipped when looking for precompiled header use
11>          Add directive to 'core/pch_jumbo.h' or rebuild precompiled header
11>c:\users\bryan\documents\github\prest\modules\applicationcache\applicationcache_jumbo.cpp(20): warning C4627: '#include "modules/applicationcache/src/manifest.cpp"': skipped when looking for precompiled header use
11>          Add directive to 'core/pch_jumbo.h' or rebuild precompiled header
11>c:\users\bryan\documents\github\prest\modules\accessibility\accessibility_jumbo.cpp(26): warning C4627: '#include "modules/accessibility/acctree/AccessibilityTreeRadioGroupNode.cpp"': skipped when looking for precompiled header use
11>          Add directive to 'core/pch_jumbo.h' or rebuild precompiled header
11>c:\users\bryan\documents\github\prest\adjunct\desktop_util\desktop_util_jumbo.cpp(64): warning C4627: '#include "adjunct/desktop_util/search/search_net.cpp"': skipped when looking for precompiled header use
11>          Add directive to 'core/pch_jumbo.h' or rebuild precompiled header
11>c:\users\bryan\documents\github\prest\modules\about\about_jumbo.cpp(27): warning C4627: '#include "modules/about/src/operafeeds.cpp"': skipped when looking for precompiled header use
11>          Add directive to 'core/pch_jumbo.h' or rebuild precompiled header
11>c:\users\bryan\documents\github\prest\adjunct\quick\quick_jumbo.cpp(90): warning C4627: '#include "adjunct/quick/dialogs/GoToPageDialog.cpp"': skipped when looking for precompiled header use
11>          Add directive to 'core/pch_jumbo.h' or rebuild precompiled header
11>c:\users\bryan\documents\github\prest\adjunct\m2_ui\m2_ui_jumbo.cpp(26): warning C4627: '#include "adjunct/m2_ui/dialogs/CustomizeHeaderDialog.cpp"': skipped when looking for precompiled header use
11>          Add directive to 'core/pch_jumbo.h' or rebuild precompiled header
11>c:\users\bryan\documents\github\prest\adjunct\quick_toolkit\quick_toolkit_jumbo.cpp(63): warning C4627: '#include "adjunct/quick_toolkit/widgets/QuickBackgroundWidget.cpp"': skipped when looking for precompiled header use
11>          Add directive to 'core/pch_jumbo.h' or rebuild precompiled header
11>c:\users\bryan\documents\github\prest\modules\autoproxy\autoproxy_jumbo.cpp(18): warning C4627: '#include "modules/autoproxy/autoproxy_lib.cpp"': skipped when looking for precompiled header use
11>          Add directive to 'core/pch_jumbo.h' or rebuild precompiled header
11>c:\users\bryan\documents\github\prest\adjunct\widgetruntime\widgetruntime_jumbo.cpp(27): warning C4627: '#include "adjunct/widgetruntime/GadgetStartup.cpp"': skipped when looking for precompiled header use
11>          Add directive to 'core/pch_jumbo.h' or rebuild precompiled header
11>c:\users\bryan\documents\github\prest\modules\auth\auth_jumbo.cpp(16): warning C4627: '#include "modules/auth/auth_base.cpp"': skipped when looking for precompiled header use
11>          Add directive to 'core/pch_jumbo.h' or rebuild precompiled header
11>c:\users\bryan\documents\github\prest\adjunct\m2\m2_jumbo.cpp(27): warning C4627: '#include "adjunct/m2/src/backend/imap/imap-protocol.cpp"': skipped when looking for precompiled header use
11>          Add directive to 'core/pch_jumbo.h' or rebuild precompiled header
11>c:\users\bryan\documents\github\prest\modules\applicationcache\applicationcache_jumbo.cpp(21): warning C4627: '#include "modules/applicationcache/src/manifest_parser.cpp"': skipped when looking for precompiled header use
11>          Add directive to 'core/pch_jumbo.h' or rebuild precompiled header
11>c:\users\bryan\documents\github\prest\modules\accessibility\accessibility_jumbo.cpp(27): warning C4627: '#include "modules/accessibility/acctree/AccessibilityTreeRootNode.cpp"': skipped when looking for precompiled header use
11>          Add directive to 'core/pch_jumbo.h' or rebuild precompiled header
11>c:\users\bryan\documents\github\prest\adjunct\desktop_util\desktop_util_jumbo.cpp(65): warning C4627: '#include "adjunct/desktop_util/search/searchutils.cpp"': skipped when looking for precompiled header use
11>          Add directive to 'core/pch_jumbo.h' or rebuild precompiled header
11>c:\users\bryan\documents\github\prest\modules\about\about_jumbo.cpp(28): warning C4627: '#include "modules/about/src/operafraudwarning.cpp"': skipped when looking for precompiled header use
11>          Add directive to 'core/pch_jumbo.h' or rebuild precompiled header
11>c:\users\bryan\documents\github\prest\adjunct\m2_ui\m2_ui_jumbo.cpp(27): warning C4627: '#include "adjunct/m2_ui/dialogs/DefaultMailClientDialog.cpp"': skipped when looking for precompiled header use
11>          Add directive to 'core/pch_jumbo.h' or rebuild precompiled header
11>c:\users\bryan\documents\github\prest\adjunct\quick\quick_jumbo.cpp(91): warning C4627: '#include "adjunct/quick/dialogs/GroupPropertiesDialog.cpp"': skipped when looking for precompiled header use
11>          Add directive to 'core/pch_jumbo.h' or rebuild precompiled header
11>c:\users\bryan\documents\github\prest\adjunct\quick_toolkit\quick_toolkit_jumbo.cpp(64): warning C4627: '#include "adjunct/quick_toolkit/widgets/QuickBrowserView.cpp"': skipped when looking for precompiled header use
11>          Add directive to 'core/pch_jumbo.h' or rebuild precompiled header
11>c:\users\bryan\documents\github\prest\modules\autoproxy\autoproxy_jumbo.cpp(19): fatal error C1010: unexpected end of file while looking for precompiled header. Did you forget to add '#include "core/pch_jumbo.h"' to your source?
11>c:\users\bryan\documents\github\prest\adjunct\widgetruntime\widgetruntime_jumbo.cpp(28): warning C4627: '#include "adjunct/widgetruntime/GadgetTooltipHandler.cpp"': skipped when looking for precompiled header use
11>          Add directive to 'core/pch_jumbo.h' or rebuild precompiled header
11>c:\users\bryan\documents\github\prest\adjunct\m2\m2_jumbo.cpp(28): warning C4627: '#include "adjunct/m2/src/backend/imap/imap-uid-manager.cpp"': skipped when looking for precompiled header use
11>          Add directive to 'core/pch_jumbo.h' or rebuild precompiled header
11>c:\users\bryan\documents\github\prest\modules\auth\auth_jumbo.cpp(17): warning C4627: '#include "modules/auth/auth_basic.cpp"': skipped when looking for precompiled header use
11>          Add directive to 'core/pch_jumbo.h' or rebuild precompiled header
11>c:\users\bryan\documents\github\prest\modules\applicationcache\applicationcache_jumbo.cpp(22): warning C4627: '#include "modules/applicationcache/src/manifest_parser_impl.cpp"': skipped when looking for precompiled header use
11>          Add directive to 'core/pch_jumbo.h' or rebuild precompiled header
11>c:\users\bryan\documents\github\prest\adjunct\desktop_util\desktop_util_jumbo.cpp(66): warning C4627: '#include "adjunct/desktop_util/search/searchenginemanager.cpp"': skipped when looking for precompiled header use
11>          Add directive to 'core/pch_jumbo.h' or rebuild precompiled header
11>c:\users\bryan\documents\github\prest\modules\accessibility\accessibility_jumbo.cpp(28): warning C4627: '#include "modules/accessibility/acctree/AccessibilityTreeTextNode.cpp"': skipped when looking for precompiled header use
11>          Add directive to 'core/pch_jumbo.h' or rebuild precompiled header
11>c:\users\bryan\documents\github\prest\modules\about\about_jumbo.cpp(29): warning C4627: '#include "modules/about/src/operahistory.cpp"': skipped when looking for precompiled header use
11>          Add directive to 'core/pch_jumbo.h' or rebuild precompiled header
11>c:\users\bryan\documents\github\prest\adjunct\m2_ui\m2_ui_jumbo.cpp(28): warning C4627: '#include "adjunct/m2_ui/dialogs/DeleteFolderDialog.cpp"': skipped when looking for precompiled header use
11>          Add directive to 'core/pch_jumbo.h' or rebuild precompiled header
11>c:\users\bryan\documents\github\prest\adjunct\quick\quick_jumbo.cpp(92): warning C4627: '#include "adjunct/quick/dialogs/HomepageDialog.cpp"': skipped when looking for precompiled header use
11>          Add directive to 'core/pch_jumbo.h' or rebuild precompiled header
11>c:\users\bryan\documents\github\prest\adjunct\quick_toolkit\quick_toolkit_jumbo.cpp(65): warning C4627: '#include "adjunct/quick_toolkit/widgets/QuickButton.cpp"': skipped when looking for precompiled header use
11>          Add directive to 'core/pch_jumbo.h' or rebuild precompiled header
14>  g_proto_descriptor_hardcore_messages.cpp
13>  g_proto_hardcore_messages.cpp
14>  g_proto_hardcore_component.cpp
11>c:\users\bryan\documents\github\prest\adjunct\widgetruntime\widgetruntime_jumbo.cpp(29): warning C4627: '#include "adjunct/widgetruntime/GadgetUiContext.cpp"': skipped when looking for precompiled header use
11>          Add directive to 'core/pch_jumbo.h' or rebuild precompiled header
11>c:\users\bryan\documents\github\prest\adjunct\m2\m2_jumbo.cpp(29): warning C4627: '#include "adjunct/m2/src/backend/imap/imapmodule.cpp"': skipped when looking for precompiled header use
11>          Add directive to 'core/pch_jumbo.h' or rebuild precompiled header
11>c:\users\bryan\documents\github\prest\modules\applicationcache\applicationcache_jumbo.cpp(23): fatal error C1010: unexpected end of file while looking for precompiled header. Did you forget to add '#include "core/pch_jumbo.h"' to your source?
11>c:\users\bryan\documents\github\prest\adjunct\desktop_util\desktop_util_jumbo.cpp(67): warning C4627: '#include "adjunct/desktop_util/search/search_suggest.cpp"': skipped when looking for precompiled header use
11>          Add directive to 'core/pch_jumbo.h' or rebuild precompiled header
11>c:\users\bryan\documents\github\prest\modules\auth\auth_jumbo.cpp(18): warning C4627: '#include "modules/auth/auth_digest.cpp"': skipped when looking for precompiled header use
11>          Add directive to 'core/pch_jumbo.h' or rebuild precompiled header
11>c:\users\bryan\documents\github\prest\modules\bookmarks\bookmarks_jumbo.cpp(15): warning C4627: '#include "modules/bookmarks/bookmarks_module.cpp"': skipped when looking for precompiled header use
11>          Add directive to 'core/pch_jumbo.h' or rebuild precompiled header
11>c:\users\bryan\documents\github\prest\modules\accessibility\accessibility_jumbo.cpp(29): warning C4627: '#include "modules/accessibility/acctree/AccessibilityTreeURLNode.cpp"': skipped when looking for precompiled header use
11>          Add directive to 'core/pch_jumbo.h' or rebuild precompiled header
11>  cache_jumbo.cpp
11>c:\users\bryan\documents\github\prest\modules\about\about_jumbo.cpp(30): warning C4627: '#include "modules/about/src/operahistorysearch.cpp"': skipped when looking for precompiled header use
11>          Add directive to 'core/pch_jumbo.h' or rebuild precompiled header
11>c:\users\bryan\documents\github\prest\adjunct\m2_ui\m2_ui_jumbo.cpp(29): warning C4627: '#include "adjunct/m2_ui/dialogs/DeleteMailDialog.cpp"': skipped when looking for precompiled header use
11>          Add directive to 'core/pch_jumbo.h' or rebuild precompiled header
11>c:\users\bryan\documents\github\prest\adjunct\quick\quick_jumbo.cpp(93): warning C4627: '#include "adjunct/quick/dialogs/InputManagerDialog.cpp"': skipped when looking for precompiled header use
11>          Add directive to 'core/pch_jumbo.h' or rebuild precompiled header
11>c:\users\bryan\documents\github\prest\adjunct\quick_toolkit\quick_toolkit_jumbo.cpp(66): warning C4627: '#include "adjunct/quick_toolkit/widgets/QuickButtonStrip.cpp"': skipped when looking for precompiled header use
11>          Add directive to 'core/pch_jumbo.h' or rebuild precompiled header
11>c:\users\bryan\documents\github\prest\adjunct\widgetruntime\widgetruntime_jumbo.cpp(30): warning C4627: '#include "adjunct/widgetruntime/GadgetUtils.cpp"': skipped when looking for precompiled header use
11>          Add directive to 'core/pch_jumbo.h' or rebuild precompiled header
11>c:\users\bryan\documents\github\prest\adjunct\desktop_util\desktop_util_jumbo.cpp(68): warning C4627: '#include "adjunct/desktop_util/search/search_field_history.cpp"': skipped when looking for precompiled header use
11>          Add directive to 'core/pch_jumbo.h' or rebuild precompiled header
11>c:\users\bryan\documents\github\prest\adjunct\m2\m2_jumbo.cpp(30): warning C4627: '#include "adjunct/m2/src/backend/irc/chat-filetransfer.cpp"': skipped when looking for precompiled header use
11>          Add directive to 'core/pch_jumbo.h' or rebuild precompiled header
11>c:\users\bryan\documents\github\prest\modules\auth\auth_jumbo.cpp(19): warning C4627: '#include "modules/auth/auth_elm.cpp"': skipped when looking for precompiled header use
11>          Add directive to 'core/pch_jumbo.h' or rebuild precompiled header
11>c:\users\bryan\documents\github\prest\modules\bookmarks\bookmarks_jumbo.cpp(16): warning C4627: '#include "modules/bookmarks/bookmark_manager.cpp"': skipped when looking for precompiled header use
11>          Add directive to 'core/pch_jumbo.h' or rebuild precompiled header
11>c:\users\bryan\documents\github\prest\modules\accessibility\accessibility_jumbo.cpp(30): warning C4627: '#include "modules/accessibility/acctree/AccessibilityTreeWidgetNode.cpp"': skipped when looking for precompiled header use
11>          Add directive to 'core/pch_jumbo.h' or rebuild precompiled header
11>c:\users\bryan\documents\github\prest\modules\about\about_jumbo.cpp(31): warning C4627: '#include "modules/about/src/operaperformance.cpp"': skipped when looking for precompiled header use
11>          Add directive to 'core/pch_jumbo.h' or rebuild precompiled header
11>c:\users\bryan\documents\github\prest\adjunct\m2_ui\m2_ui_jumbo.cpp(30): warning C4627: '#include "adjunct/m2_ui/dialogs/InsertHTMLDialog.cpp"': skipped when looking for precompiled header use
11>          Add directive to 'core/pch_jumbo.h' or rebuild precompiled header
11>c:\users\bryan\documents\github\prest\adjunct\quick\quick_jumbo.cpp(94): warning C4627: '#include "adjunct/quick/dialogs/InstallLanguageDialog.cpp"': skipped when looking for precompiled header use
11>          Add directive to 'core/pch_jumbo.h' or rebuild precompiled header
11>  console_jumbo.cpp
11>c:\users\bryan\documents\github\prest\adjunct\desktop_util\desktop_util_jumbo.cpp(69): warning C4627: '#include "adjunct/desktop_util/search/search_protection.cpp"': skipped when looking for precompiled header use
11>          Add directive to 'core/pch_jumbo.h' or rebuild precompiled header
11>c:\users\bryan\documents\github\prest\adjunct\quick_toolkit\quick_toolkit_jumbo.cpp(67): warning C4627: '#include "adjunct/quick_toolkit/widgets/QuickCheckBox.cpp"': skipped when looking for precompiled header use
11>          Add directive to 'core/pch_jumbo.h' or rebuild precompiled header
11>c:\users\bryan\documents\github\prest\adjunct\widgetruntime\widgetruntime_jumbo.cpp(31): warning C4627: '#include "adjunct/widgetruntime/InstalledGadgetList.cpp"': skipped when looking for precompiled header use
11>          Add directive to 'core/pch_jumbo.h' or rebuild precompiled header
11>c:\users\bryan\documents\github\prest\adjunct\m2\m2_jumbo.cpp(31): warning C4627: '#include "adjunct/m2/src/backend/irc/chat-networks.cpp"': skipped when looking for precompiled header use
11>          Add directive to 'core/pch_jumbo.h' or rebuild precompiled header
11>c:\users\bryan\documents\github\prest\modules\accessibility\accessibility_jumbo.cpp(31): warning C4627: '#include "modules/accessibility/traverse/AccessibleElementManager.cpp"': skipped when looking for precompiled header use
11>          Add directive to 'core/pch_jumbo.h' or rebuild precompiled header
11>c:\users\bryan\documents\github\prest\modules\bookmarks\bookmarks_jumbo.cpp(17): warning C4627: '#include "modules/bookmarks/bookmark_item.cpp"': skipped when looking for precompiled header use
11>          Add directive to 'core/pch_jumbo.h' or rebuild precompiled header
11>c:\users\bryan\documents\github\prest\modules\auth\auth_jumbo.cpp(20): warning C4627: '#include "modules/auth/auth_man.cpp"': skipped when looking for precompiled header use
11>          Add directive to 'core/pch_jumbo.h' or rebuild precompiled header
11>c:\users\bryan\documents\github\prest\modules\about\about_jumbo.cpp(32): warning C4627: '#include "modules/about/src/operaplugins.cpp"': skipped when looking for precompiled header use
11>          Add directive to 'core/pch_jumbo.h' or rebuild precompiled header
11>c:\users\bryan\documents\github\prest\adjunct\m2_ui\m2_ui_jumbo.cpp(31): warning C4627: '#include "adjunct/m2_ui/dialogs/InsertLinkDialog.cpp"': skipped when looking for precompiled header use
11>          Add directive to 'core/pch_jumbo.h' or rebuild precompiled header
11>c:\users\bryan\documents\github\prest\adjunct\quick\quick_jumbo.cpp(95): warning C4627: '#include "adjunct/quick/dialogs/InternationalFontsDialog.cpp"': skipped when looking for precompiled header use
11>          Add directive to 'core/pch_jumbo.h' or rebuild precompiled header
11>c:\users\bryan\documents\github\prest\adjunct\desktop_util\desktop_util_jumbo.cpp(70): warning C4627: '#include "adjunct/desktop_util/search/tlddownloader.cpp"': skipped when looking for precompiled header use
11>          Add directive to 'core/pch_jumbo.h' or rebuild precompiled header
11>c:\users\bryan\documents\github\prest\adjunct\quick_toolkit\quick_toolkit_jumbo.cpp(68): warning C4627: '#include "adjunct/quick_toolkit/widgets/QuickComposite.cpp"': skipped when looking for precompiled header use
11>          Add directive to 'core/pch_jumbo.h' or rebuild precompiled header
11>c:\users\bryan\documents\github\prest\modules\accessibility\accessibility_jumbo.cpp(32): warning C4627: '#include "modules/accessibility/traverse/AccessibleElementTraversalObject.cpp"': skipped when looking for precompiled header use
11>          Add directive to 'core/pch_jumbo.h' or rebuild precompiled header
11>c:\users\bryan\documents\github\prest\adjunct\widgetruntime\widgetruntime_jumbo.cpp(32): warning C4627: '#include "adjunct/widgetruntime/RuntimeGadgetManagerDialog.cpp"': skipped when looking for precompiled header use
11>          Add directive to 'core/pch_jumbo.h' or rebuild precompiled header
11>c:\users\bryan\documents\github\prest\adjunct\m2\m2_jumbo.cpp(32): warning C4627: '#include "adjunct/m2/src/backend/irc/irc-module.cpp"': skipped when looking for precompiled header use
11>          Add directive to 'core/pch_jumbo.h' or rebuild precompiled header
11>c:\users\bryan\documents\github\prest\modules\bookmarks\bookmarks_jumbo.cpp(18): warning C4627: '#include "modules/bookmarks/bookmark_ini_storage.cpp"': skipped when looking for precompiled header use
11>          Add directive to 'core/pch_jumbo.h' or rebuild precompiled header
11>c:\users\bryan\documents\github\prest\modules\auth\auth_jumbo.cpp(21): warning C4627: '#include "modules/auth/auth_module.cpp"': skipped when looking for precompiled header use
11>          Add directive to 'core/pch_jumbo.h' or rebuild precompiled header
11>c:\users\bryan\documents\github\prest\adjunct\m2_ui\m2_ui_jumbo.cpp(32): warning C4627: '#include "adjunct/m2_ui/dialogs/JoinChatDialog.cpp"': skipped when looking for precompiled header use
11>          Add directive to 'core/pch_jumbo.h' or rebuild precompiled header
11>c:\users\bryan\documents\github\prest\modules\about\about_jumbo.cpp(33): warning C4627: '#include "modules/about/src/operauniteadminwarning.cpp"': skipped when looking for precompiled header use
11>          Add directive to 'core/pch_jumbo.h' or rebuild precompiled header
11>c:\users\bryan\documents\github\prest\adjunct\desktop_util\desktop_util_jumbo.cpp(71): warning C4627: '#include "adjunct/desktop_util/search/tldupdater.cpp"': skipped when looking for precompiled header use
11>          Add directive to 'core/pch_jumbo.h' or rebuild precompiled header
11>c:\users\bryan\documents\github\prest\adjunct\quick\quick_jumbo.cpp(96): warning C4627: '#include "adjunct/quick/dialogs/KioskResetDialog.cpp"': skipped when looking for precompiled header use
11>          Add directive to 'core/pch_jumbo.h' or rebuild precompiled header
11>c:\users\bryan\documents\github\prest\modules\accessibility\accessibility_jumbo.cpp(33): fatal error C1010: unexpected end of file while looking for precompiled header. Did you forget to add '#include "core/pch_jumbo.h"' to your source?
11>c:\users\bryan\documents\github\prest\adjunct\quick_toolkit\quick_toolkit_jumbo.cpp(69): warning C4627: '#include "adjunct/quick_toolkit/widgets/QuickDialog.cpp"': skipped when looking for precompiled header use
11>          Add directive to 'core/pch_jumbo.h' or rebuild precompiled header
11>c:\users\bryan\documents\github\prest\adjunct\m2\m2_jumbo.cpp(33): warning C4627: '#include "adjunct/m2/src/backend/irc/irc-protocol.cpp"': skipped when looking for precompiled header use
11>          Add directive to 'core/pch_jumbo.h' or rebuild precompiled header
11>c:\users\bryan\documents\github\prest\adjunct\widgetruntime\widgetruntime_jumbo.cpp(33): warning C4627: '#include "adjunct/widgetruntime/hotlist/GadgetsHotlistController.cpp"': skipped when looking for precompiled header use
11>          Add directive to 'core/pch_jumbo.h' or rebuild precompiled header
11>c:\users\bryan\documents\github\prest\modules\bookmarks\bookmarks_jumbo.cpp(19): warning C4627: '#include "modules/bookmarks/bookmark_sync.cpp"': skipped when looking for precompiled header use
11>          Add directive to 'core/pch_jumbo.h' or rebuild precompiled header
11>c:\users\bryan\documents\github\prest\adjunct\desktop_util\desktop_util_jumbo.cpp(72): warning C4627: '#include "adjunct/desktop_util/sessions/opsession.cpp"': skipped when looking for precompiled header use
11>          Add directive to 'core/pch_jumbo.h' or rebuild precompiled header
11>c:\users\bryan\documents\github\prest\modules\auth\auth_jumbo.cpp(22): warning C4627: '#include "modules/auth/auth_sn.cpp"': skipped when looking for precompiled header use
11>          Add directive to 'core/pch_jumbo.h' or rebuild precompiled header
11>c:\users\bryan\documents\github\prest\modules\about\about_jumbo.cpp(34): warning C4627: '#include "modules/about/src/operawebstorage.cpp"': skipped when looking for precompiled header use
11>          Add directive to 'core/pch_jumbo.h' or rebuild precompiled header
11>c:\users\bryan\documents\github\prest\modules\cache\cache_jumbo.cpp(15): warning C4627: '#include "modules/cache/AssociatedFile.cpp"': skipped when looking for precompiled header use
11>          Add directive to 'core/pch_jumbo.h' or rebuild precompiled header
11>c:\users\bryan\documents\github\prest\adjunct\m2_ui\m2_ui_jumbo.cpp(33): warning C4627: '#include "adjunct/m2_ui/dialogs/MailIndexPropertiesDialog.cpp"': skipped when looking for precompiled header use
11>          Add directive to 'core/pch_jumbo.h' or rebuild precompiled header
11>c:\users\bryan\documents\github\prest\adjunct\quick\quick_jumbo.cpp(97): warning C4627: '#include "adjunct/quick/dialogs/LicenseDialog.cpp"': skipped when looking for precompiled header use
11>          Add directive to 'core/pch_jumbo.h' or rebuild precompiled header
11>c:\users\bryan\documents\github\prest\adjunct\quick_toolkit\quick_toolkit_jumbo.cpp(70): warning C4627: '#include "adjunct/quick_toolkit/widgets/QuickDropDown.cpp"': skipped when looking for precompiled header use
11>          Add directive to 'core/pch_jumbo.h' or rebuild precompiled header
11>c:\users\bryan\documents\github\prest\adjunct\m2\m2_jumbo.cpp(34): warning C4627: '#include "adjunct/m2/src/backend/irc/color-parser.cpp"': skipped when looking for precompiled header use
11>          Add directive to 'core/pch_jumbo.h' or rebuild precompiled header
11>c:\users\bryan\documents\github\prest\adjunct\desktop_util\desktop_util_jumbo.cpp(73): warning C4627: '#include "adjunct/desktop_util/sessions/opsessionmanager.cpp"': skipped when looking for precompiled header use
11>          Add directive to 'core/pch_jumbo.h' or rebuild precompiled header
11>c:\users\bryan\documents\github\prest\adjunct\widgetruntime\widgetruntime_jumbo.cpp(34): warning C4627: '#include "adjunct/widgetruntime/hotlist/GadgetsHotlistView.cpp"': skipped when looking for precompiled header use
11>          Add directive to 'core/pch_jumbo.h' or rebuild precompiled header
11>c:\users\bryan\documents\github\prest\modules\bookmarks\bookmarks_jumbo.cpp(20): warning C4627: '#include "modules/bookmarks/operabookmarks.cpp"': skipped when looking for precompiled header use
11>          Add directive to 'core/pch_jumbo.h' or rebuild precompiled header
11>c:\users\bryan\documents\github\prest\modules\auth\auth_jumbo.cpp(23): warning C4627: '#include "modules/auth/http_auth.cpp"': skipped when looking for precompiled header use
11>          Add directive to 'core/pch_jumbo.h' or rebuild precompiled header
11>c:\users\bryan\documents\github\prest\modules\about\about_jumbo.cpp(35): warning C4627: '#include "modules/about/src/operrorpage.cpp"': skipped when looking for precompiled header use
11>          Add directive to 'core/pch_jumbo.h' or rebuild precompiled header
11>c:\users\bryan\documents\github\prest\modules\cache\cache_jumbo.cpp(16): warning C4627: '#include "modules/cache/cache_check.cpp"': skipped when looking for precompiled header use
11>          Add directive to 'core/pch_jumbo.h' or rebuild precompiled header
14>  g_proto_hardcore_legacy.cpp
13>  Generating Code...
11>c:\users\bryan\documents\github\prest\adjunct\m2_ui\m2_ui_jumbo.cpp(34): warning C4627: '#include "adjunct/m2_ui/dialogs/MailStoreUpdateDialog.cpp"': skipped when looking for precompiled header use
11>          Add directive to 'core/pch_jumbo.h' or rebuild precompiled header
11>c:\users\bryan\documents\github\prest\adjunct\quick\quick_jumbo.cpp(98): warning C4627: '#include "adjunct/quick/dialogs/LinkManagerDialog.cpp"': skipped when looking for precompiled header use
11>          Add directive to 'core/pch_jumbo.h' or rebuild precompiled header
11>c:\users\bryan\documents\github\prest\adjunct\quick_toolkit\quick_toolkit_jumbo.cpp(71): warning C4627: '#include "adjunct/quick_toolkit/widgets/QuickExpand.cpp"': skipped when looking for precompiled header use
11>          Add directive to 'core/pch_jumbo.h' or rebuild precompiled header
11>  content_filter_jumbo.cpp
11>c:\users\bryan\documents\github\prest\adjunct\m2\m2_jumbo.cpp(35): warning C4627: '#include "adjunct/m2/src/backend/irc/dcc.cpp"': skipped when looking for precompiled header use
11>          Add directive to 'core/pch_jumbo.h' or rebuild precompiled header
11>c:\users\bryan\documents\github\prest\adjunct\widgetruntime\widgetruntime_jumbo.cpp(35): warning C4627: '#include "adjunct/widgetruntime/models/DefaultGadgetItem.cpp"': skipped when looking for precompiled header use
11>          Add directive to 'core/pch_jumbo.h' or rebuild precompiled header
11>c:\users\bryan\documents\github\prest\modules\bookmarks\bookmarks_jumbo.cpp(21): warning C4627: '#include "modules/bookmarks/operaspeeddial.cpp"': skipped when looking for precompiled header use
11>          Add directive to 'core/pch_jumbo.h' or rebuild precompiled header
11>c:\users\bryan\documents\github\prest\modules\about\about_jumbo.cpp(36): warning C4627: '#include "modules/about/src/opfolderlisting.cpp"': skipped when looking for precompiled header use
11>          Add directive to 'core/pch_jumbo.h' or rebuild precompiled header
11>c:\users\bryan\documents\github\prest\modules\cache\cache_jumbo.cpp(17): warning C4627: '#include "modules/cache/cache_clean.cpp"': skipped when looking for precompiled header use
11>          Add directive to 'core/pch_jumbo.h' or rebuild precompiled header
11>c:\users\bryan\documents\github\prest\modules\auth\auth_jumbo.cpp(24): warning C4627: '#include "modules/auth/pre_auth.cpp"': skipped when looking for precompiled header use
11>          Add directive to 'core/pch_jumbo.h' or rebuild precompiled header
11>c:\users\bryan\documents\github\prest\adjunct\m2_ui\m2_ui_jumbo.cpp(35): warning C4627: '#include "adjunct/m2_ui/dialogs/NewAccountWizard.cpp"': skipped when looking for precompiled header use
11>          Add directive to 'core/pch_jumbo.h' or rebuild precompiled header
11>c:\users\bryan\documents\github\prest\adjunct\quick_toolkit\quick_toolkit_jumbo.cpp(72): warning C4627: '#include "adjunct/quick_toolkit/widgets/QuickFlowLayout.cpp"': skipped when looking for precompiled header use
11>          Add directive to 'core/pch_jumbo.h' or rebuild precompiled header
11>c:\users\bryan\documents\github\prest\adjunct\quick\quick_jumbo.cpp(99): warning C4627: '#include "adjunct/quick/dialogs/LinkStyleDialog.cpp"': skipped when looking for precompiled header use
11>          Add directive to 'core/pch_jumbo.h' or rebuild precompiled header
11>c:\users\bryan\documents\github\prest\adjunct\m2\m2_jumbo.cpp(36): warning C4627: '#include "adjunct/m2/src/backend/irc/identd.cpp"': skipped when looking for precompiled header use
11>          Add directive to 'core/pch_jumbo.h' or rebuild precompiled header
11>c:\users\bryan\documents\github\prest\adjunct\widgetruntime\widgetruntime_jumbo.cpp(36): warning C4627: '#include "adjunct/widgetruntime/models/GadgetsTreeModel.cpp"': skipped when looking for precompiled header use
11>          Add directive to 'core/pch_jumbo.h' or rebuild precompiled header
11>c:\users\bryan\documents\github\prest\modules\bookmarks\bookmarks_jumbo.cpp(22): warning C4627: '#include "modules/bookmarks/speeddial.cpp"': skipped when looking for precompiled header use
11>          Add directive to 'core/pch_jumbo.h' or rebuild precompiled header
11>c:\users\bryan\documents\github\prest\modules\about\about_jumbo.cpp(37): warning C4627: '#include "modules/about/src/opgenerateddocument.cpp"': skipped when looking for precompiled header use
11>          Add directive to 'core/pch_jumbo.h' or rebuild precompiled header
11>c:\users\bryan\documents\github\prest\modules\cache\cache_jumbo.cpp(18): warning C4627: '#include "modules/cache/cache_ctxman_disk.cpp"': skipped when looking for precompiled header use
11>          Add directive to 'core/pch_jumbo.h' or rebuild precompiled header
11>c:\users\bryan\documents\github\prest\modules\auth\auth_jumbo.cpp(25): warning C4627: '#include "modules/auth/url_auth.cpp"': skipped when looking for precompiled header use
11>          Add directive to 'core/pch_jumbo.h' or rebuild precompiled header
11>c:\users\bryan\documents\github\prest\adjunct\m2_ui\m2_ui_jumbo.cpp(36): warning C4627: '#include "adjunct/m2_ui/dialogs/NewsfeedSubscribeDialog.cpp"': skipped when looking for precompiled header use
11>          Add directive to 'core/pch_jumbo.h' or rebuild precompiled header
11>c:\users\bryan\documents\github\prest\adjunct\quick\quick_jumbo.cpp(100): warning C4627: '#include "adjunct/quick/dialogs/MailerSelectionDialog.cpp"': skipped when looking for precompiled header use
11>          Add directive to 'core/pch_jumbo.h' or rebuild precompiled header
11>c:\users\bryan\documents\github\prest\adjunct\m2\m2_jumbo.cpp(37): warning C4627: '#include "adjunct/m2/src/backend/irc/irc-message.cpp"': skipped when looking for precompiled header use
11>          Add directive to 'core/pch_jumbo.h' or rebuild precompiled header
11>c:\users\bryan\documents\github\prest\adjunct\quick_toolkit\quick_toolkit_jumbo.cpp(73): warning C4627: '#include "adjunct/quick_toolkit/widgets/QuickGrid/DefaultGridSizer.cpp"': skipped when looking for precompiled header use
11>          Add directive to 'core/pch_jumbo.h' or rebuild precompiled header
11>c:\users\bryan\documents\github\prest\modules\console\console_jumbo.cpp(15): warning C4627: '#include "modules/console/src/console_module.cpp"': skipped when looking for precompiled header use
11>          Add directive to 'core/pch_jumbo.h' or rebuild precompiled header
11>c:\users\bryan\documents\github\prest\adjunct\widgetruntime\widgetruntime_jumbo.cpp(37): warning C4627: '#include "adjunct/widgetruntime/models/GadgetsTreeModelItem.cpp"': skipped when looking for precompiled header use
11>          Add directive to 'core/pch_jumbo.h' or rebuild precompiled header
11>c:\users\bryan\documents\github\prest\modules\about\about_jumbo.cpp(38): warning C4627: '#include "modules/about/src/ophtmldialogs.cpp"': skipped when looking for precompiled header use
11>          Add directive to 'core/pch_jumbo.h' or rebuild precompiled header
11>c:\users\bryan\documents\github\prest\modules\cache\cache_jumbo.cpp(19): warning C4627: '#include "modules/cache/cache_ctxman_multimedia.cpp"': skipped when looking for precompiled header use
11>          Add directive to 'core/pch_jumbo.h' or rebuild precompiled header
11>c:\users\bryan\documents\github\prest\modules\auth\auth_jumbo.cpp(26): fatal error C1010: unexpected end of file while looking for precompiled header. Did you forget to add '#include "core/pch_jumbo.h"' to your source?
11>c:\users\bryan\documents\github\prest\modules\bookmarks\bookmarks_jumbo.cpp(23): warning C4627: '#include "modules/bookmarks/speeddial_manager.cpp"': skipped when looking for precompiled header use
11>          Add directive to 'core/pch_jumbo.h' or rebuild precompiled header
11>c:\users\bryan\documents\github\prest\adjunct\m2_ui\m2_ui_jumbo.cpp(37): warning C4627: '#include "adjunct/m2_ui/dialogs/OfflineMessagesDialog.cpp"': skipped when looking for precompiled header use
11>          Add directive to 'core/pch_jumbo.h' or rebuild precompiled header
11>c:\users\bryan\documents\github\prest\adjunct\quick\quick_jumbo.cpp(101): warning C4627: '#include "adjunct/quick/dialogs/MessageConsoleDialog.cpp"': skipped when looking for precompiled header use
11>          Add directive to 'core/pch_jumbo.h' or rebuild precompiled header
11>c:\users\bryan\documents\github\prest\adjunct\m2\m2_jumbo.cpp(38): warning C4627: '#include "adjunct/m2/src/backend/irc/irc-urlparser.cpp"': skipped when looking for precompiled header use
11>          Add directive to 'core/pch_jumbo.h' or rebuild precompiled header
11>c:\users\bryan\documents\github\prest\adjunct\quick_toolkit\quick_toolkit_jumbo.cpp(74): warning C4627: '#include "adjunct/quick_toolkit/widgets/QuickGrid/FishEyeLayouter.cpp"': skipped when looking for precompiled header use
11>          Add directive to 'core/pch_jumbo.h' or rebuild precompiled header
11>c:\users\bryan\documents\github\prest\modules\about\about_jumbo.cpp(39): warning C4627: '#include "modules/about/src/opillegalhostpage.cpp"': skipped when looking for precompiled header use
11>          Add directive to 'core/pch_jumbo.h' or rebuild precompiled header
11>c:\users\bryan\documents\github\prest\modules\cache\cache_jumbo.cpp(20): warning C4627: '#include "modules/cache/cache_container.cpp"': skipped when looking for precompiled header use
11>          Add directive to 'core/pch_jumbo.h' or rebuild precompiled header
11>c:\users\bryan\documents\github\prest\modules\console\console_jumbo.cpp(16): warning C4627: '#include "modules/console/src/opconsoleengine.cpp"': skipped when looking for precompiled header use
11>          Add directive to 'core/pch_jumbo.h' or rebuild precompiled header
11>c:\users\bryan\documents\github\prest\adjunct\widgetruntime\widgetruntime_jumbo.cpp(38): warning C4627: '#include "adjunct/widgetruntime/widgets/OpGadgetControlButtons.cpp"': skipped when looking for precompiled header use
11>          Add directive to 'core/pch_jumbo.h' or rebuild precompiled header
11>c:\users\bryan\documents\github\prest\modules\bookmarks\bookmarks_jumbo.cpp(24): fatal error C1010: unexpected end of file while looking for precompiled header. Did you forget to add '#include "core/pch_jumbo.h"' to your source?
11>c:\users\bryan\documents\github\prest\adjunct\m2_ui\m2_ui_jumbo.cpp(38): warning C4627: '#include "adjunct/m2_ui/dialogs/SaveAttachmentsDialog.cpp"': skipped when looking for precompiled header use
11>          Add directive to 'core/pch_jumbo.h' or rebuild precompiled header
11>c:\users\bryan\documents\github\prest\adjunct\m2\m2_jumbo.cpp(39): warning C4627: '#include "adjunct/m2/src/backend/nntp/nntp-protocol.cpp"': skipped when looking for precompiled header use
11>          Add directive to 'core/pch_jumbo.h' or rebuild precompiled header
11>c:\users\bryan\documents\github\prest\adjunct\quick\quick_jumbo.cpp(102): warning C4627: '#include "adjunct/quick/dialogs/OperaTurboDialog.cpp"': skipped when looking for precompiled header use
11>          Add directive to 'core/pch_jumbo.h' or rebuild precompiled header
11>c:\users\bryan\documents\github\prest\adjunct\quick_toolkit\quick_toolkit_jumbo.cpp(75): warning C4627: '#include "adjunct/quick_toolkit/widgets/QuickGrid/GenericGrid.cpp"': skipped when looking for precompiled header use
11>          Add directive to 'core/pch_jumbo.h' or rebuild precompiled header
11>c:\users\bryan\documents\github\prest\modules\about\about_jumbo.cpp(40): warning C4627: '#include "modules/about/src/oppageinfo.cpp"': skipped when looking for precompiled header use
11>          Add directive to 'core/pch_jumbo.h' or rebuild precompiled header
11>c:\users\bryan\documents\github\prest\modules\cache\cache_jumbo.cpp(21): warning C4627: '#include "modules/cache/cache_exporter.cpp"': skipped when looking for precompiled header use
11>          Add directive to 'core/pch_jumbo.h' or rebuild precompiled header
11>c:\users\bryan\documents\github\prest\modules\console\console_jumbo.cpp(17): warning C4627: '#include "modules/console/src/opconsolefilter.cpp"': skipped when looking for precompiled header use
11>          Add directive to 'core/pch_jumbo.h' or rebuild precompiled header
11>c:\users\bryan\documents\github\prest\adjunct\widgetruntime\widgetruntime_jumbo.cpp(39): warning C4627: '#include "adjunct/widgetruntime/widgets/OpUpdateToolbar.cpp"': skipped when looking for precompiled header use
11>          Add directive to 'core/pch_jumbo.h' or rebuild precompiled header
11>c:\users\bryan\documents\github\prest\adjunct\m2_ui\m2_ui_jumbo.cpp(39): warning C4627: '#include "adjunct/m2_ui/dialogs/SearchMailDialog.cpp"': skipped when looking for precompiled header use
11>          Add directive to 'core/pch_jumbo.h' or rebuild precompiled header
11>c:\users\bryan\documents\github\prest\adjunct\m2\m2_jumbo.cpp(40): warning C4627: '#include "adjunct/m2/src/backend/nntp/nntpmodule.cpp"': skipped when looking for precompiled header use
11>          Add directive to 'core/pch_jumbo.h' or rebuild precompiled header
11>  cookies_jumbo.cpp
11>c:\users\bryan\documents\github\prest\adjunct\quick\quick_jumbo.cpp(103): warning C4627: '#include "adjunct/quick/dialogs/PasswordDialog.cpp"': skipped when looking for precompiled header use
11>          Add directive to 'core/pch_jumbo.h' or rebuild precompiled header
11>c:\users\bryan\documents\github\prest\modules\about\about_jumbo.cpp(41): warning C4627: '#include "modules/about/src/opredirectpage.cpp"': skipped when looking for precompiled header use
11>          Add directive to 'core/pch_jumbo.h' or rebuild precompiled header
11>c:\users\bryan\documents\github\prest\adjunct\quick_toolkit\quick_toolkit_jumbo.cpp(76): warning C4627: '#include "adjunct/quick_toolkit/widgets/QuickGrid/GridCellContainer.cpp"': skipped when looking for precompiled header use
11>          Add directive to 'core/pch_jumbo.h' or rebuild precompiled header
11>c:\users\bryan\documents\github\prest\modules\cache\cache_jumbo.cpp(22): warning C4627: '#include "modules/cache/cache_files.cpp"': skipped when looking for precompiled header use
11>          Add directive to 'core/pch_jumbo.h' or rebuild precompiled header
11>c:\users\bryan\documents\github\prest\adjunct\widgetruntime\widgetruntime_jumbo.cpp(40): fatal error C1010: unexpected end of file while looking for precompiled header. Did you forget to add '#include "core/pch_jumbo.h"' to your source?
11>c:\users\bryan\documents\github\prest\modules\console\console_jumbo.cpp(18): warning C4627: '#include "modules/console/src/opconsolelogger.cpp"': skipped when looking for precompiled header use
11>          Add directive to 'core/pch_jumbo.h' or rebuild precompiled header
11>c:\users\bryan\documents\github\prest\adjunct\m2_ui\m2_ui_jumbo.cpp(40): warning C4627: '#include "adjunct/m2_ui/dialogs/SignatureEditor.cpp"': skipped when looking for precompiled header use
11>          Add directive to 'core/pch_jumbo.h' or rebuild precompiled header
11>c:\users\bryan\documents\github\prest\adjunct\m2\m2_jumbo.cpp(41): warning C4627: '#include "adjunct/m2/src/backend/nntp/nntprange.cpp"': skipped when looking for precompiled header use
11>          Add directive to 'core/pch_jumbo.h' or rebuild precompiled header
11>c:\users\bryan\documents\github\prest\modules\about\about_jumbo.cpp(42): warning C4627: '#include "modules/about/src/opsuppressedurl.cpp"': skipped when looking for precompiled header use
11>          Add directive to 'core/pch_jumbo.h' or rebuild precompiled header
11>c:\users\bryan\documents\github\prest\adjunct\quick\quick_jumbo.cpp(104): warning C4627: '#include "adjunct/quick/dialogs/PreferencesDialog.cpp"': skipped when looking for precompiled header use
11>          Add directive to 'core/pch_jumbo.h' or rebuild precompiled header
11>c:\users\bryan\documents\github\prest\modules\cache\cache_jumbo.cpp(23): warning C4627: '#include "modules/cache/cache_list.cpp"': skipped when looking for precompiled header use
11>          Add directive to 'core/pch_jumbo.h' or rebuild precompiled header
11>c:\users\bryan\documents\github\prest\adjunct\quick_toolkit\quick_toolkit_jumbo.cpp(77): warning C4627: '#include "adjunct/quick_toolkit/widgets/QuickGrid/GridLayouter.cpp"': skipped when looking for precompiled header use
11>          Add directive to 'core/pch_jumbo.h' or rebuild precompiled header
11>c:\users\bryan\documents\github\prest\adjunct\desktop_util\desktop_util_jumbo.cpp(74): warning C4627: '#include "adjunct/desktop_util/sessions/SessionAutoSaveManager.cpp"': skipped when looking for precompiled header use
11>          Add directive to 'core/pch_jumbo.h' or rebuild precompiled header
11>c:\users\bryan\documents\github\prest\modules\console\console_jumbo.cpp(19): warning C4627: '#include "modules/console/src/opconsoleprefshelper.cpp"': skipped when looking for precompiled header use
11>          Add directive to 'core/pch_jumbo.h' or rebuild precompiled header
14>  g_proto_hardcore_messages.cpp
11>  database_jumbo.cpp
11>c:\users\bryan\documents\github\prest\adjunct\m2\m2_jumbo.cpp(42): warning C4627: '#include "adjunct/m2/src/backend/pop/commands/Capa.cpp"': skipped when looking for precompiled header use
11>          Add directive to 'core/pch_jumbo.h' or rebuild precompiled header
11>c:\users\bryan\documents\github\prest\modules\about\about_jumbo.cpp(43): warning C4627: '#include "modules/about/src/opxmlerrorpage.cpp"': skipped when looking for precompiled header use
11>          Add directive to 'core/pch_jumbo.h' or rebuild precompiled header
11>c:\users\bryan\documents\github\prest\modules\cache\cache_jumbo.cpp(24): warning C4627: '#include "modules/cache/cache_man.cpp"': skipped when looking for precompiled header use
11>          Add directive to 'core/pch_jumbo.h' or rebuild precompiled header
11>c:\users\bryan\documents\github\prest\adjunct\m2_ui\m2_ui_jumbo.cpp(41): warning C4627: '#include "adjunct/m2_ui/models/accessmodel.cpp"': skipped when looking for precompiled header use
11>          Add directive to 'core/pch_jumbo.h' or rebuild precompiled header
11>c:\users\bryan\documents\github\prest\adjunct\quick\quick_jumbo.cpp(105): warning C4627: '#include "adjunct/quick/dialogs/PrintOptionsDialog.cpp"': skipped when looking for precompiled header use
11>          Add directive to 'core/pch_jumbo.h' or rebuild precompiled header
11>c:\users\bryan\documents\github\prest\adjunct\desktop_util\desktop_util_jumbo.cpp(75): warning C4627: '#include "adjunct/desktop_util/settings/SettingsListener.cpp"': skipped when looking for precompiled header use
11>          Add directive to 'core/pch_jumbo.h' or rebuild precompiled header
11>c:\users\bryan\documents\github\prest\adjunct\quick_toolkit\quick_toolkit_jumbo.cpp(78): warning C4627: '#include "adjunct/quick_toolkit/widgets/QuickGrid/QuickGrid.cpp"': skipped when looking for precompiled header use
11>          Add directive to 'core/pch_jumbo.h' or rebuild precompiled header
11>c:\users\bryan\documents\github\prest\modules\console\console_jumbo.cpp(20): warning C4627: '#include "modules/console/src/opconsoleview.cpp"': skipped when looking for precompiled header use
11>          Add directive to 'core/pch_jumbo.h' or rebuild precompiled header
11>  datastream_jumbo.cpp
11>c:\users\bryan\documents\github\prest\modules\cache\cache_jumbo.cpp(25): warning C4627: '#include "modules/cache/cache_name.cpp"': skipped when looking for precompiled header use
11>          Add directive to 'core/pch_jumbo.h' or rebuild precompiled header
11>c:\users\bryan\documents\github\prest\modules\about\about_jumbo.cpp(44): warning C4627: '#include "modules/about/src/operadebug.cpp"': skipped when looking for precompiled header use
11>          Add directive to 'core/pch_jumbo.h' or rebuild precompiled header
11>c:\users\bryan\documents\github\prest\adjunct\m2\m2_jumbo.cpp(43): warning C4627: '#include "adjunct/m2/src/backend/pop/commands/PopAuthenticationCommands.cpp"': skipped when looking for precompiled header use
11>          Add directive to 'core/pch_jumbo.h' or rebuild precompiled header
11>c:\users\bryan\documents\github\prest\adjunct\m2_ui\m2_ui_jumbo.cpp(42): warning C4627: '#include "adjunct/m2_ui/models/accesstreeview.cpp"': skipped when looking for precompiled header use
11>          Add directive to 'core/pch_jumbo.h' or rebuild precompiled header
11>c:\users\bryan\documents\github\prest\adjunct\quick\quick_jumbo.cpp(106): warning C4627: '#include "adjunct/quick/dialogs/ProxyExceptionDialog.cpp"': skipped when looking for precompiled header use
11>          Add directive to 'core/pch_jumbo.h' or rebuild precompiled header
11>c:\users\bryan\documents\github\prest\adjunct\desktop_util\desktop_util_jumbo.cpp(76): warning C4627: '#include "adjunct/desktop_util/skin/SkinUtils.cpp"': skipped when looking for precompiled header use
11>          Add directive to 'core/pch_jumbo.h' or rebuild precompiled header
11>c:\users\bryan\documents\github\prest\modules\content_filter\content_filter_jumbo.cpp(15): warning C4627: '#include "modules/content_filter/content_filter.cpp"': skipped when looking for precompiled header use
11>          Add directive to 'core/pch_jumbo.h' or rebuild precompiled header
11>c:\users\bryan\documents\github\prest\modules\console\console_jumbo.cpp(21): fatal error C1010: unexpected end of file while looking for precompiled header. Did you forget to add '#include "core/pch_jumbo.h"' to your source?
11>c:\users\bryan\documents\github\prest\adjunct\quick_toolkit\quick_toolkit_jumbo.cpp(79): warning C4627: '#include "adjunct/quick_toolkit/widgets/QuickGrid/QuickDynamicGrid.cpp"': skipped when looking for precompiled header use
11>          Add directive to 'core/pch_jumbo.h' or rebuild precompiled header
11>c:\users\bryan\documents\github\prest\modules\cache\cache_jumbo.cpp(26): warning C4627: '#include "modules/cache/cache_read.cpp"': skipped when looking for precompiled header use
11>          Add directive to 'core/pch_jumbo.h' or rebuild precompiled header
11>c:\users\bryan\documents\github\prest\modules\about\about_jumbo.cpp(45): warning C4627: '#include "modules/about/src/about_module.cpp"': skipped when looking for precompiled header use
11>          Add directive to 'core/pch_jumbo.h' or rebuild precompiled header
11>c:\users\bryan\documents\github\prest\adjunct\m2_ui\m2_ui_jumbo.cpp(43): warning C4627: '#include "adjunct/m2_ui/models/accesstreeviewlistener.cpp"': skipped when looking for precompiled header use
11>          Add directive to 'core/pch_jumbo.h' or rebuild precompiled header
11>c:\users\bryan\documents\github\prest\adjunct\m2\m2_jumbo.cpp(44): warning C4627: '#include "adjunct/m2/src/backend/pop/commands/PopCommand.cpp"': skipped when looking for precompiled header use
11>          Add directive to 'core/pch_jumbo.h' or rebuild precompiled header
11>c:\users\bryan\documents\github\prest\adjunct\quick\quick_jumbo.cpp(107): warning C4627: '#include "adjunct/quick/dialogs/ProxyServersDialog.cpp"': skipped when looking for precompiled header use
11>          Add directive to 'core/pch_jumbo.h' or rebuild precompiled header
11>c:\users\bryan\documents\github\prest\modules\content_filter\content_filter_jumbo.cpp(16): warning C4627: '#include "modules/content_filter/content_filter_module.cpp"': skipped when looking for precompiled header use
11>          Add directive to 'core/pch_jumbo.h' or rebuild precompiled header
11>c:\users\bryan\documents\github\prest\adjunct\desktop_util\desktop_util_jumbo.cpp(77): warning C4627: '#include "adjunct/desktop_util/sound/SoundUtils.cpp"': skipped when looking for precompiled header use
11>          Add directive to 'core/pch_jumbo.h' or rebuild precompiled header
11>c:\users\bryan\documents\github\prest\modules\cache\cache_jumbo.cpp(27): warning C4627: '#include "modules/cache/cache_selftest.cpp"': skipped when looking for precompiled header use
11>          Add directive to 'core/pch_jumbo.h' or rebuild precompiled header
11>c:\users\bryan\documents\github\prest\modules\about\about_jumbo.cpp(46): warning C4627: '#include "modules/about/src/opprivacymode.cpp"': skipped when looking for precompiled header use
11>          Add directive to 'core/pch_jumbo.h' or rebuild precompiled header
11>c:\users\bryan\documents\github\prest\adjunct\m2_ui\m2_ui_jumbo.cpp(44): warning C4627: '#include "adjunct/m2_ui/models/accountsmodel.cpp"': skipped when looking for precompiled header use
11>          Add directive to 'core/pch_jumbo.h' or rebuild precompiled header
11>c:\users\bryan\documents\github\prest\adjunct\quick_toolkit\quick_toolkit_jumbo.cpp(80): warning C4627: '#include "adjunct/quick_toolkit/widgets/QuickGrid/QuickStackLayout.cpp"': skipped when looking for precompiled header use
11>          Add directive to 'core/pch_jumbo.h' or rebuild precompiled header
11>c:\users\bryan\documents\github\prest\adjunct\m2\m2_jumbo.cpp(45): warning C4627: '#include "adjunct/m2/src/backend/pop/commands/PopMessageCommands.cpp"': skipped when looking for precompiled header use
11>          Add directive to 'core/pch_jumbo.h' or rebuild precompiled header
11>c:\users\bryan\documents\github\prest\adjunct\quick\quick_jumbo.cpp(108): warning C4627: '#include "adjunct/quick/dialogs/ReportSiteProblemDialog.cpp"': skipped when looking for precompiled header use
11>          Add directive to 'core/pch_jumbo.h' or rebuild precompiled header
11>c:\users\bryan\documents\github\prest\modules\content_filter\content_filter_jumbo.cpp(17): fatal error C1010: unexpected end of file while looking for precompiled header. Did you forget to add '#include "core/pch_jumbo.h"' to your source?
11>  debug_jumbo.cpp
11>c:\users\bryan\documents\github\prest\modules\about\about_jumbo.cpp(47): fatal error C1010: unexpected end of file while looking for precompiled header. Did you forget to add '#include "core/pch_jumbo.h"' to your source?
11>c:\users\bryan\documents\github\prest\modules\cache\cache_jumbo.cpp(28): warning C4627: '#include "modules/cache/cache_storage.cpp"': skipped when looking for precompiled header use
11>          Add directive to 'core/pch_jumbo.h' or rebuild precompiled header
11>c:\users\bryan\documents\github\prest\adjunct\desktop_util\desktop_util_jumbo.cpp(78): warning C4627: '#include "adjunct/desktop_util/src/desktop_util_module.cpp"': skipped when looking for precompiled header use
11>          Add directive to 'core/pch_jumbo.h' or rebuild precompiled header
11>c:\users\bryan\documents\github\prest\adjunct\quick_toolkit\quick_toolkit_jumbo.cpp(81): warning C4627: '#include "adjunct/quick_toolkit/widgets/QuickGrid/UniformGridSizer.cpp"': skipped when looking for precompiled header use
11>          Add directive to 'core/pch_jumbo.h' or rebuild precompiled header
11>c:\users\bryan\documents\github\prest\adjunct\m2_ui\m2_ui_jumbo.cpp(45): warning C4627: '#include "adjunct/m2_ui/models/chatroomsmodel.cpp"': skipped when looking for precompiled header use
11>          Add directive to 'core/pch_jumbo.h' or rebuild precompiled header
11>c:\users\bryan\documents\github\prest\adjunct\quick\quick_jumbo.cpp(109): warning C4627: '#include "adjunct/quick/dialogs/SaveSessionDialog.cpp"': skipped when looking for precompiled header use
11>          Add directive to 'core/pch_jumbo.h' or rebuild precompiled header
11>c:\users\bryan\documents\github\prest\adjunct\m2\m2_jumbo.cpp(46): warning C4627: '#include "adjunct/m2/src/backend/pop/commands/PopMiscCommands.cpp"': skipped when looking for precompiled header use
11>          Add directive to 'core/pch_jumbo.h' or rebuild precompiled header
11>c:\users\bryan\documents\github\prest\modules\cache\cache_jumbo.cpp(29): warning C4627: '#include "modules/cache/cache_st_helpers.cpp"': skipped when looking for precompiled header use
11>          Add directive to 'core/pch_jumbo.h' or rebuild precompiled header
11>c:\users\bryan\documents\github\prest\adjunct\desktop_util\desktop_util_jumbo.cpp(79): warning C4627: '#include "adjunct/desktop_util/string/htmlify_more.cpp"': skipped when looking for precompiled header use
11>          Add directive to 'core/pch_jumbo.h' or rebuild precompiled header
11>c:\users\bryan\documents\github\prest\adjunct\quick_toolkit\quick_toolkit_jumbo.cpp(82): warning C4627: '#include "adjunct/quick_toolkit/widgets/QuickIcon.cpp"': skipped when looking for precompiled header use
11>          Add directive to 'core/pch_jumbo.h' or rebuild precompiled header
11>c:\users\bryan\documents\github\prest\adjunct\m2_ui\m2_ui_jumbo.cpp(46): warning C4627: '#include "adjunct/m2_ui/models/chattersmodel.cpp"': skipped when looking for precompiled header use
11>          Add directive to 'core/pch_jumbo.h' or rebuild precompiled header
11>c:\users\bryan\documents\github\prest\adjunct\quick\quick_jumbo.cpp(110): warning C4627: '#include "adjunct/quick/dialogs/SecurityInformationDialog.cpp"': skipped when looking for precompiled header use
11>          Add directive to 'core/pch_jumbo.h' or rebuild precompiled header
11>  device_api_jumbo.cpp
11>c:\users\bryan\documents\github\prest\modules\cache\cache_jumbo.cpp(30): warning C4627: '#include "modules/cache/cache_write.cpp"': skipped when looking for precompiled header use
11>          Add directive to 'core/pch_jumbo.h' or rebuild precompiled header
11>  display_jumbo.cpp
11>c:\users\bryan\documents\github\prest\adjunct\desktop_util\desktop_util_jumbo.cpp(80): warning C4627: '#include "adjunct/desktop_util/string/i18n.cpp"': skipped when looking for precompiled header use
11>          Add directive to 'core/pch_jumbo.h' or rebuild precompiled header
11>c:\users\bryan\documents\github\prest\adjunct\m2\m2_jumbo.cpp(47): warning C4627: '#include "adjunct/m2/src/backend/pop/commands/Uidl.cpp"': skipped when looking for precompiled header use
11>          Add directive to 'core/pch_jumbo.h' or rebuild precompiled header
11>c:\users\bryan\documents\github\prest\adjunct\quick_toolkit\quick_toolkit_jumbo.cpp(83): warning C4627: '#include "adjunct/quick_toolkit/widgets/QuickImage.cpp"': skipped when looking for precompiled header use
11>          Add directive to 'core/pch_jumbo.h' or rebuild precompiled header
11>c:\users\bryan\documents\github\prest\adjunct\m2_ui\m2_ui_jumbo.cpp(47): warning C4627: '#include "adjunct/m2_ui/models/groupsmodel.cpp"': skipped when looking for precompiled header use
11>          Add directive to 'core/pch_jumbo.h' or rebuild precompiled header
11>c:\users\bryan\documents\github\prest\modules\cache\cache_jumbo.cpp(31): warning C4627: '#include "modules/cache/context_man.cpp"': skipped when looking for precompiled header use
11>          Add directive to 'core/pch_jumbo.h' or rebuild precompiled header
11>c:\users\bryan\documents\github\prest\adjunct\quick\quick_jumbo.cpp(111): warning C4627: '#include "adjunct/quick/dialogs/SecurityPasswordDialog.cpp"': skipped when looking for precompiled header use
11>          Add directive to 'core/pch_jumbo.h' or rebuild precompiled header
11>c:\users\bryan\documents\github\prest\adjunct\desktop_util\desktop_util_jumbo.cpp(81): warning C4627: '#include "adjunct/desktop_util/string/OpBasicString.cpp"': skipped when looking for precompiled header use
11>          Add directive to 'core/pch_jumbo.h' or rebuild precompiled header
11>c:\users\bryan\documents\github\prest\adjunct\m2\m2_jumbo.cpp(48): warning C4627: '#include "adjunct/m2/src/backend/pop/popmodule.cpp"': skipped when looking for precompiled header use
11>          Add directive to 'core/pch_jumbo.h' or rebuild precompiled header
14>  Generating Code...
11>c:\users\bryan\documents\github\prest\modules\cache\cache_jumbo.cpp(32): warning C4627: '#include "modules/cache/download_storage.cpp"': skipped when looking for precompiled header use
11>          Add directive to 'core/pch_jumbo.h' or rebuild precompiled header
11>c:\users\bryan\documents\github\prest\adjunct\m2_ui\m2_ui_jumbo.cpp(48): warning C4627: '#include "adjunct/m2_ui/models/indexmodel.cpp"': skipped when looking for precompiled header use
11>          Add directive to 'core/pch_jumbo.h' or rebuild precompiled header
11>c:\users\bryan\documents\github\prest\adjunct\quick_toolkit\quick_toolkit_jumbo.cpp(84): warning C4627: '#include "adjunct/quick_toolkit/widgets/QuickGroupBox.cpp"': skipped when looking for precompiled header use
11>          Add directive to 'core/pch_jumbo.h' or rebuild precompiled header
11>c:\users\bryan\documents\github\prest\adjunct\quick\quick_jumbo.cpp(112): warning C4627: '#include "adjunct/quick/dialogs/SecurityProtocolsDialog.cpp"': skipped when looking for precompiled header use
11>          Add directive to 'core/pch_jumbo.h' or rebuild precompiled header
11>c:\users\bryan\documents\github\prest\adjunct\desktop_util\desktop_util_jumbo.cpp(82): warning C4627: '#include "adjunct/desktop_util/string/string_convert.cpp"': skipped when looking for precompiled header use
11>          Add directive to 'core/pch_jumbo.h' or rebuild precompiled header
11>c:\users\bryan\documents\github\prest\modules\cache\cache_jumbo.cpp(33): warning C4627: '#include "modules/cache/file_storage.cpp"': skipped when looking for precompiled header use
11>          Add directive to 'core/pch_jumbo.h' or rebuild precompiled header
11>c:\users\bryan\documents\github\prest\adjunct\m2\m2_jumbo.cpp(49): warning C4627: '#include "adjunct/m2/src/backend/pop/UidlManager.cpp"': skipped when looking for precompiled header use
11>          Add directive to 'core/pch_jumbo.h' or rebuild precompiled header
11>c:\users\bryan\documents\github\prest\adjunct\m2_ui\m2_ui_jumbo.cpp(49): warning C4627: '#include "adjunct/m2_ui/panels/AccordionMailPanel.cpp"': skipped when looking for precompiled header use
11>          Add directive to 'core/pch_jumbo.h' or rebuild precompiled header
11>c:\users\bryan\documents\github\prest\adjunct\quick_toolkit\quick_toolkit_jumbo.cpp(85): warning C4627: '#include "adjunct/quick_toolkit/widgets/QuickLabel.cpp"': skipped when looking for precompiled header use
11>          Add directive to 'core/pch_jumbo.h' or rebuild precompiled header
11>c:\users\bryan\documents\github\prest\adjunct\desktop_util\desktop_util_jumbo.cpp(83): warning C4627: '#include "adjunct/desktop_util/string/stringutils.cpp"': skipped when looking for precompiled header use
11>          Add directive to 'core/pch_jumbo.h' or rebuild precompiled header
11>c:\users\bryan\documents\github\prest\adjunct\quick\quick_jumbo.cpp(113): warning C4627: '#include "adjunct/quick/dialogs/SelectFontDialog.cpp"': skipped when looking for precompiled header use
11>          Add directive to 'core/pch_jumbo.h' or rebuild precompiled header
11>c:\users\bryan\documents\github\prest\modules\cache\cache_jumbo.cpp(34): warning C4627: '#include "modules/cache/filenames.cpp"': skipped when looking for precompiled header use
11>          Add directive to 'core/pch_jumbo.h' or rebuild precompiled header
11>c:\users\bryan\documents\github\prest\adjunct\m2\m2_jumbo.cpp(50): warning C4627: '#include "adjunct/m2/src/backend/ProtocolBackend.cpp"': skipped when looking for precompiled header use
11>          Add directive to 'core/pch_jumbo.h' or rebuild precompiled header
11>c:\users\bryan\documents\github\prest\adjunct\m2_ui\m2_ui_jumbo.cpp(50): warning C4627: '#include "adjunct/m2_ui/panels/ChatPanel.cpp"': skipped when looking for precompiled header use
11>          Add directive to 'core/pch_jumbo.h' or rebuild precompiled header
11>c:\users\bryan\documents\github\prest\adjunct\desktop_util\desktop_util_jumbo.cpp(84): warning C4627: '#include "adjunct/desktop_util/thread/DesktopThread.cpp"': skipped when looking for precompiled header use
11>          Add directive to 'core/pch_jumbo.h' or rebuild precompiled header
11>c:\users\bryan\documents\github\prest\adjunct\quick_toolkit\quick_toolkit_jumbo.cpp(86): warning C4627: '#include "adjunct/quick_toolkit/widgets/QuickLayoutBase.cpp"': skipped when looking for precompiled header use
11>          Add directive to 'core/pch_jumbo.h' or rebuild precompiled header
11>c:\users\bryan\documents\github\prest\modules\cache\cache_jumbo.cpp(35): warning C4627: '#include "modules/cache/local_storage.cpp"': skipped when looking for precompiled header use
11>          Add directive to 'core/pch_jumbo.h' or rebuild precompiled header
11>c:\users\bryan\documents\github\prest\adjunct\quick\quick_jumbo.cpp(114): warning C4627: '#include "adjunct/quick/dialogs/ServerManagerDialog.cpp"': skipped when looking for precompiled header use
11>          Add directive to 'core/pch_jumbo.h' or rebuild precompiled header
11>c:\users\bryan\documents\github\prest\adjunct\m2\m2_jumbo.cpp(51): warning C4627: '#include "adjunct/m2/src/backend/rss/rss-protocol.cpp"': skipped when looking for precompiled header use
11>          Add directive to 'core/pch_jumbo.h' or rebuild precompiled header
11>c:\users\bryan\documents\github\prest\adjunct\m2_ui\m2_ui_jumbo.cpp(51): warning C4627: '#include "adjunct/m2_ui/util/ComposeFontList.cpp"': skipped when looking for precompiled header use
11>          Add directive to 'core/pch_jumbo.h' or rebuild precompiled header
11>c:\users\bryan\documents\github\prest\adjunct\desktop_util\desktop_util_jumbo.cpp(85): warning C4627: '#include "adjunct/desktop_util/transactions/CreateFileOperation.cpp"': skipped when looking for precompiled header use
11>          Add directive to 'core/pch_jumbo.h' or rebuild precompiled header
11>c:\users\bryan\documents\github\prest\adjunct\quick_toolkit\quick_toolkit_jumbo.cpp(87): warning C4627: '#include "adjunct/quick_toolkit/widgets/QuickMultilineEdit.cpp"': skipped when looking for precompiled header use
11>          Add directive to 'core/pch_jumbo.h' or rebuild precompiled header
11>c:\users\bryan\documents\github\prest\modules\cache\cache_jumbo.cpp(36): warning C4627: '#include "modules/cache/multimedia_cache.cpp"': skipped when looking for precompiled header use
11>          Add directive to 'core/pch_jumbo.h' or rebuild precompiled header
11>c:\users\bryan\documents\github\prest\adjunct\quick\quick_jumbo.cpp(115): warning C4627: '#include "adjunct/quick/dialogs/ServerPropertiesDialog.cpp"': skipped when looking for precompiled header use
11>          Add directive to 'core/pch_jumbo.h' or rebuild precompiled header
11>c:\users\bryan\documents\github\prest\adjunct\m2\m2_jumbo.cpp(52): warning C4627: '#include "adjunct/m2/src/backend/rss/rssmodule.cpp"': skipped when looking for precompiled header use
11>          Add directive to 'core/pch_jumbo.h' or rebuild precompiled header
11>c:\users\bryan\documents\github\prest\adjunct\m2_ui\m2_ui_jumbo.cpp(52): warning C4627: '#include "adjunct/m2_ui/util/AttachmentOpener.cpp"': skipped when looking for precompiled header use
11>          Add directive to 'core/pch_jumbo.h' or rebuild precompiled header
11>c:\users\bryan\documents\github\prest\adjunct\desktop_util\desktop_util_jumbo.cpp(86): warning C4627: '#include "adjunct/desktop_util/transactions/ExtractZipOperation.cpp"': skipped when looking for precompiled header use
11>          Add directive to 'core/pch_jumbo.h' or rebuild precompiled header
11>c:\users\bryan\documents\github\prest\adjunct\quick_toolkit\quick_toolkit_jumbo.cpp(88): warning C4627: '#include "adjunct/quick_toolkit/widgets/QuickMultilineLabel.cpp"': skipped when looking for precompiled header use
11>          Add directive to 'core/pch_jumbo.h' or rebuild precompiled header
11>c:\users\bryan\documents\github\prest\modules\cache\cache_jumbo.cpp(37): warning C4627: '#include "modules/cache/multimedia_storage.cpp"': skipped when looking for precompiled header use
11>          Add directive to 'core/pch_jumbo.h' or rebuild precompiled header
11>c:\users\bryan\documents\github\prest\adjunct\quick\quick_jumbo.cpp(116): warning C4627: '#include "adjunct/quick/dialogs/ServerWhiteListDialog.cpp"': skipped when looking for precompiled header use
11>          Add directive to 'core/pch_jumbo.h' or rebuild precompiled header
11>c:\users\bryan\documents\github\prest\adjunct\m2_ui\m2_ui_jumbo.cpp(53): warning C4627: '#include "adjunct/m2_ui/widgets/ChatHeaderPane.cpp"': skipped when looking for precompiled header use
11>          Add directive to 'core/pch_jumbo.h' or rebuild precompiled header
11>c:\users\bryan\documents\github\prest\adjunct\desktop_util\desktop_util_jumbo.cpp(87): warning C4627: '#include "adjunct/desktop_util/transactions/OpTransaction.cpp"': skipped when looking for precompiled header use
11>          Add directive to 'core/pch_jumbo.h' or rebuild precompiled header
11>c:\users\bryan\documents\github\prest\adjunct\quick_toolkit\quick_toolkit_jumbo.cpp(89): warning C4627: '#include "adjunct/quick_toolkit/widgets/QuickOpWidgetWrapper.cpp"': skipped when looking for precompiled header use
11>          Add directive to 'core/pch_jumbo.h' or rebuild precompiled header
11>c:\users\bryan\documents\github\prest\modules\cache\cache_jumbo.cpp(38): warning C4627: '#include "modules/cache/simple_stream.cpp"': skipped when looking for precompiled header use
11>          Add directive to 'core/pch_jumbo.h' or rebuild precompiled header
11>c:\users\bryan\documents\github\prest\adjunct\quick\quick_jumbo.cpp(117): warning C4627: '#include "adjunct/quick/dialogs/SessionManagerDialog.cpp"': skipped when looking for precompiled header use
11>          Add directive to 'core/pch_jumbo.h' or rebuild precompiled header
11>c:\users\bryan\documents\github\prest\adjunct\m2_ui\m2_ui_jumbo.cpp(54): warning C4627: '#include "adjunct/m2_ui/widgets/MailSearchField.cpp"': skipped when looking for precompiled header use
11>          Add directive to 'core/pch_jumbo.h' or rebuild precompiled header
11>c:\users\bryan\documents\github\prest\adjunct\desktop_util\desktop_util_jumbo.cpp(88): warning C4627: '#include "adjunct/desktop_util/treemodel/optreemodel.cpp"': skipped when looking for precompiled header use
11>          Add directive to 'core/pch_jumbo.h' or rebuild precompiled header
11>c:\users\bryan\documents\github\prest\adjunct\quick_toolkit\quick_toolkit_jumbo.cpp(90): warning C4627: '#include "adjunct/quick_toolkit/widgets/QuickOverlayDialog.cpp"': skipped when looking for precompiled header use
11>          Add directive to 'core/pch_jumbo.h' or rebuild precompiled header
11>c:\users\bryan\documents\github\prest\modules\cookies\cookies_jumbo.cpp(15): warning C4627: '#include "modules/cookies/cookies_module.cpp"': skipped when looking for precompiled header use
11>          Add directive to 'core/pch_jumbo.h' or rebuild precompiled header
11>c:\users\bryan\documents\github\prest\modules\cache\cache_jumbo.cpp(39): warning C4627: '#include "modules/cache/stream_cache.cpp"': skipped when looking for precompiled header use
11>          Add directive to 'core/pch_jumbo.h' or rebuild precompiled header
11>c:\users\bryan\documents\github\prest\adjunct\quick\quick_jumbo.cpp(118): warning C4627: '#include "adjunct/quick/dialogs/SetupApplyDialog.cpp"': skipped when looking for precompiled header use
11>          Add directive to 'core/pch_jumbo.h' or rebuild precompiled header
11>c:\users\bryan\documents\github\prest\adjunct\m2\m2_jumbo.cpp(53): warning C4627: '#include "adjunct/m2/src/backend/rss/opml_importer.cpp"': skipped when looking for precompiled header use
11>          Add directive to 'core/pch_jumbo.h' or rebuild precompiled header
11>c:\users\bryan\documents\github\prest\modules\datastream\datastream_jumbo.cpp(15): warning C4627: '#include "modules/datastream/fl_temp.cpp"': skipped when looking for precompiled header use
11>          Add directive to 'core/pch_jumbo.h' or rebuild precompiled header
11>c:\users\bryan\documents\github\prest\adjunct\m2_ui\m2_ui_jumbo.cpp(55): warning C4627: '#include "adjunct/m2_ui/widgets/MessageHeaderGroup.cpp"': skipped when looking for precompiled header use
11>          Add directive to 'core/pch_jumbo.h' or rebuild precompiled header
11>c:\users\bryan\documents\github\prest\adjunct\desktop_util\desktop_util_jumbo.cpp(89): warning C4627: '#include "adjunct/desktop_util/treemodel/simpletreemodel.cpp"': skipped when looking for precompiled header use
11>          Add directive to 'core/pch_jumbo.h' or rebuild precompiled header
11>c:\users\bryan\documents\github\prest\adjunct\quick_toolkit\quick_toolkit_jumbo.cpp(91): warning C4627: '#include "adjunct/quick_toolkit/widgets/QuickPagingLayout.cpp"': skipped when looking for precompiled header use
11>          Add directive to 'core/pch_jumbo.h' or rebuild precompiled header
11>c:\users\bryan\documents\github\prest\modules\cookies\cookies_jumbo.cpp(16): warning C4627: '#include "modules/cookies/cookie_clean.cpp"': skipped when looking for precompiled header use
11>          Add directive to 'core/pch_jumbo.h' or rebuild precompiled header
11>c:\users\bryan\documents\github\prest\modules\cache\cache_jumbo.cpp(40): warning C4627: '#include "modules/cache/url_dd.cpp"': skipped when looking for precompiled header use
11>          Add directive to 'core/pch_jumbo.h' or rebuild precompiled header
11>c:\users\bryan\documents\github\prest\adjunct\quick\quick_jumbo.cpp(119): warning C4627: '#include "adjunct/quick/dialogs/SimpleDialog.cpp"': skipped when looking for precompiled header use
11>          Add directive to 'core/pch_jumbo.h' or rebuild precompiled header
11>c:\users\bryan\documents\github\prest\adjunct\m2\m2_jumbo.cpp(54): warning C4627: '#include "adjunct/m2/src/backend/rss/opml_exporter.cpp"': skipped when looking for precompiled header use
11>          Add directive to 'core/pch_jumbo.h' or rebuild precompiled header
11>c:\users\bryan\documents\github\prest\modules\datastream\datastream_jumbo.cpp(16): warning C4627: '#include "modules/datastream/fl_bitarray.cpp"': skipped when looking for precompiled header use
11>          Add directive to 'core/pch_jumbo.h' or rebuild precompiled header
11>c:\users\bryan\documents\github\prest\modules\debug\debug_jumbo.cpp(15): warning C4627: '#include "modules/debug/src/debug.cpp"': skipped when looking for precompiled header use
11>          Add directive to 'core/pch_jumbo.h' or rebuild precompiled header
11>c:\users\bryan\documents\github\prest\adjunct\m2_ui\m2_ui_jumbo.cpp(56): warning C4627: '#include "adjunct/m2_ui/widgets/RichTextEditor.cpp"': skipped when looking for precompiled header use
11>          Add directive to 'core/pch_jumbo.h' or rebuild precompiled header
11>c:\users\bryan\documents\github\prest\adjunct\desktop_util\desktop_util_jumbo.cpp(90): warning C4627: '#include "adjunct/desktop_util/version/operaversion.cpp"': skipped when looking for precompiled header use
11>          Add directive to 'core/pch_jumbo.h' or rebuild precompiled header
11>c:\users\bryan\documents\github\prest\adjunct\quick_toolkit\quick_toolkit_jumbo.cpp(92): warning C4627: '#include "adjunct/quick_toolkit/widgets/QuickRadioButton.cpp"': skipped when looking for precompiled header use
11>          Add directive to 'core/pch_jumbo.h' or rebuild precompiled header
11>c:\users\bryan\documents\github\prest\modules\cookies\cookies_jumbo.cpp(17): warning C4627: '#include "modules/cookies/cookie_list.cpp"': skipped when looking for precompiled header use
11>          Add directive to 'core/pch_jumbo.h' or rebuild precompiled header
11>c:\users\bryan\documents\github\prest\adjunct\quick\quick_jumbo.cpp(120): warning C4627: '#include "adjunct/quick/dialogs/SpeedDialGlobalConfigDialog.cpp"': skipped when looking for precompiled header use
11>          Add directive to 'core/pch_jumbo.h' or rebuild precompiled header
11>c:\users\bryan\documents\github\prest\modules\cache\cache_jumbo.cpp(41): warning C4627: '#include "modules/cache/url_i18n.cpp"': skipped when looking for precompiled header use
11>          Add directive to 'core/pch_jumbo.h' or rebuild precompiled header
11>c:\users\bryan\documents\github\prest\adjunct\m2\m2_jumbo.cpp(55): warning C4627: '#include "adjunct/m2/src/backend/smtp/smtpmodule.cpp"': skipped when looking for precompiled header use
11>          Add directive to 'core/pch_jumbo.h' or rebuild precompiled header
11>c:\users\bryan\documents\github\prest\modules\datastream\datastream_jumbo.cpp(17): warning C4627: '#include "modules/datastream/fl_bytes.cpp"': skipped when looking for precompiled header use
11>          Add directive to 'core/pch_jumbo.h' or rebuild precompiled header
11>c:\users\bryan\documents\github\prest\modules\debug\debug_jumbo.cpp(16): warning C4627: '#include "modules/debug/src/debug_module.cpp"': skipped when looking for precompiled header use
11>          Add directive to 'core/pch_jumbo.h' or rebuild precompiled header
13>  Compiling...
13>  memory_fundamentals.cpp
11>c:\users\bryan\documents\github\prest\adjunct\m2_ui\m2_ui_jumbo.cpp(57): warning C4627: '#include "adjunct/m2_ui/windows/ChatDesktopWindow.cpp"': skipped when looking for precompiled header use
11>          Add directive to 'core/pch_jumbo.h' or rebuild precompiled header
11>c:\users\bryan\documents\github\prest\adjunct\desktop_util\desktop_util_jumbo.cpp(91): warning C4627: '#include "adjunct/desktop_util/visited_search_threaded/VisitedSearchThread.cpp"': skipped when looking for precompiled header use
11>          Add directive to 'core/pch_jumbo.h' or rebuild precompiled header
11>c:\users\bryan\documents\github\prest\adjunct\quick_toolkit\quick_toolkit_jumbo.cpp(93): warning C4627: '#include "adjunct/quick_toolkit/widgets/QuickSelectable.cpp"': skipped when looking for precompiled header use
11>          Add directive to 'core/pch_jumbo.h' or rebuild precompiled header
11>c:\users\bryan\documents\github\prest\modules\cookies\cookies_jumbo.cpp(18): warning C4627: '#include "modules/cookies/cookie_man.cpp"': skipped when looking for precompiled header use
11>          Add directive to 'core/pch_jumbo.h' or rebuild precompiled header
11>c:\users\bryan\documents\github\prest\modules\cache\cache_jumbo.cpp(42): warning C4627: '#include "modules/cache/url_stream.cpp"': skipped when looking for precompiled header use
11>          Add directive to 'core/pch_jumbo.h' or rebuild precompiled header
11>c:\users\bryan\documents\github\prest\adjunct\quick\quick_jumbo.cpp(121): warning C4627: '#include "adjunct/quick/dialogs/SyncMainUserSwitchDialog.cpp"': skipped when looking for precompiled header use
11>          Add directive to 'core/pch_jumbo.h' or rebuild precompiled header
11>c:\users\bryan\documents\github\prest\adjunct\m2\m2_jumbo.cpp(56): warning C4627: '#include "adjunct/m2/src/backend/smtp/smtp-protocol.cpp"': skipped when looking for precompiled header use
11>          Add directive to 'core/pch_jumbo.h' or rebuild precompiled header
11>c:\users\bryan\documents\github\prest\modules\datastream\datastream_jumbo.cpp(18): warning C4627: '#include "modules/datastream/fl_debug.cpp"': skipped when looking for precompiled header use
11>          Add directive to 'core/pch_jumbo.h' or rebuild precompiled header
11>c:\users\bryan\documents\github\prest\modules\debug\debug_jumbo.cpp(17): warning C4627: '#include "modules/debug/src/debug_tracer.cpp"': skipped when looking for precompiled header use
11>          Add directive to 'core/pch_jumbo.h' or rebuild precompiled header
11>c:\users\bryan\documents\github\prest\adjunct\m2_ui\m2_ui_jumbo.cpp(58): warning C4627: '#include "adjunct/m2_ui/windows/ComposeDesktopWindow.cpp"': skipped when looking for precompiled header use
11>          Add directive to 'core/pch_jumbo.h' or rebuild precompiled header
11>c:\users\bryan\documents\github\prest\adjunct\desktop_util\desktop_util_jumbo.cpp(92): warning C4627: '#include "adjunct/desktop_util/widget_utils/LogoThumbnailClipper.cpp"': skipped when looking for precompiled header use
11>          Add directive to 'core/pch_jumbo.h' or rebuild precompiled header
11>c:\users\bryan\documents\github\prest\modules\display\display_jumbo.cpp(15): warning C4627: '#include "modules/display/FontAtt.cpp"': skipped when looking for precompiled header use
11>          Add directive to 'core/pch_jumbo.h' or rebuild precompiled header
11>c:\users\bryan\documents\github\prest\adjunct\quick_toolkit\quick_toolkit_jumbo.cpp(94): warning C4627: '#include "adjunct/quick_toolkit/widgets/QuickSeparator.cpp"': skipped when looking for precompiled header use
11>          Add directive to 'core/pch_jumbo.h' or rebuild precompiled header
11>c:\users\bryan\documents\github\prest\modules\cookies\cookies_jumbo.cpp(19): warning C4627: '#include "modules/cookies/cookie_parse.cpp"': skipped when looking for precompiled header use
11>          Add directive to 'core/pch_jumbo.h' or rebuild precompiled header
11>c:\users\bryan\documents\github\prest\modules\cache\cache_jumbo.cpp(43): warning C4627: '#include "modules/cache/url_stor.cpp"': skipped when looking for precompiled header use
11>          Add directive to 'core/pch_jumbo.h' or rebuild precompiled header
11>c:\users\bryan\documents\github\prest\adjunct\m2\m2_jumbo.cpp(57): warning C4627: '#include "adjunct/m2/src/composer/attachmentholder.cpp"': skipped when looking for precompiled header use
11>          Add directive to 'core/pch_jumbo.h' or rebuild precompiled header
11>c:\users\bryan\documents\github\prest\adjunct\quick\quick_jumbo.cpp(122): warning C4627: '#include "adjunct/quick/dialogs/SyncShutdownProgressDialog.cpp"': skipped when looking for precompiled header use
11>          Add directive to 'core/pch_jumbo.h' or rebuild precompiled header
11>c:\users\bryan\documents\github\prest\modules\debug\debug_jumbo.cpp(18): fatal error C1010: unexpected end of file while looking for precompiled header. Did you forget to add '#include "core/pch_jumbo.h"' to your source?
11>c:\users\bryan\documents\github\prest\adjunct\m2_ui\m2_ui_jumbo.cpp(59): warning C4627: '#include "adjunct/m2_ui/windows/MailDesktopWindow.cpp"': skipped when looking for precompiled header use
11>          Add directive to 'core/pch_jumbo.h' or rebuild precompiled header
11>c:\users\bryan\documents\github\prest\modules\datastream\datastream_jumbo.cpp(19): warning C4627: '#include "modules/datastream/fl_file.cpp"': skipped when looking for precompiled header use
11>          Add directive to 'core/pch_jumbo.h' or rebuild precompiled header
11>c:\users\bryan\documents\github\prest\adjunct\desktop_util\desktop_util_jumbo.cpp(93): warning C4627: '#include "adjunct/desktop_util/widget_utils/VisualDeviceHandler.cpp"': skipped when looking for precompiled header use
11>          Add directive to 'core/pch_jumbo.h' or rebuild precompiled header
11>c:\users\bryan\documents\github\prest\modules\display\display_jumbo.cpp(16): warning C4627: '#include "modules/display/VisDevListeners.cpp"': skipped when looking for precompiled header use
11>          Add directive to 'core/pch_jumbo.h' or rebuild precompiled header
11>c:\users\bryan\documents\github\prest\adjunct\quick_toolkit\quick_toolkit_jumbo.cpp(95): warning C4627: '#include "adjunct/quick_toolkit/widgets/QuickSkinElement.cpp"': skipped when looking for precompiled header use
11>          Add directive to 'core/pch_jumbo.h' or rebuild precompiled header
11>c:\users\bryan\documents\github\prest\modules\cookies\cookies_jumbo.cpp(20): warning C4627: '#include "modules/cookies/cookie_process.cpp"': skipped when looking for precompiled header use
11>          Add directive to 'core/pch_jumbo.h' or rebuild precompiled header
11>c:\users\bryan\documents\github\prest\modules\cache\cache_jumbo.cpp(44): warning C4627: '#include "modules/cache/CacheIndex.cpp"': skipped when looking for precompiled header use
11>          Add directive to 'core/pch_jumbo.h' or rebuild precompiled header
11>c:\users\bryan\documents\github\prest\adjunct\m2\m2_jumbo.cpp(58): warning C4627: '#include "adjunct/m2/src/composer/messageencoder.cpp"': skipped when looking for precompiled header use
11>          Add directive to 'core/pch_jumbo.h' or rebuild precompiled header
11>c:\users\bryan\documents\github\prest\adjunct\quick\quick_jumbo.cpp(123): warning C4627: '#include "adjunct/quick/dialogs/TrustedProtocolDialog.cpp"': skipped when looking for precompiled header use
11>          Add directive to 'core/pch_jumbo.h' or rebuild precompiled header
11>c:\users\bryan\documents\github\prest\adjunct\m2_ui\m2_ui_jumbo.cpp(60): fatal error C1010: unexpected end of file while looking for precompiled header. Did you forget to add '#include "core/pch_jumbo.h"' to your source?
11>c:\users\bryan\documents\github\prest\modules\datastream\datastream_jumbo.cpp(20): warning C4627: '#include "modules/datastream/fl_flist.cpp"': skipped when looking for precompiled header use
11>          Add directive to 'core/pch_jumbo.h' or rebuild precompiled header
11>c:\users\bryan\documents\github\prest\modules\display\display_jumbo.cpp(17): warning C4627: '#include "modules/display/bg_clipping.cpp"': skipped when looking for precompiled header use
11>          Add directive to 'core/pch_jumbo.h' or rebuild precompiled header
11>c:\users\bryan\documents\github\prest\adjunct\quick_toolkit\quick_toolkit_jumbo.cpp(96): warning C4627: '#include "adjunct/quick_toolkit/widgets/QuickTextWidget.cpp"': skipped when looking for precompiled header use
11>          Add directive to 'core/pch_jumbo.h' or rebuild precompiled header
11>c:\users\bryan\documents\github\prest\adjunct\desktop_util\desktop_util_jumbo.cpp(94): warning C4627: '#include "adjunct/desktop_util/widget_utils/WidgetUtils.cpp"': skipped when looking for precompiled header use
11>          Add directive to 'core/pch_jumbo.h' or rebuild precompiled header
11>c:\users\bryan\documents\github\prest\modules\cache\cache_jumbo.cpp(45): fatal error C1010: unexpected end of file while looking for precompiled header. Did you forget to add '#include "core/pch_jumbo.h"' to your source?
11>c:\users\bryan\documents\github\prest\adjunct\m2\m2_jumbo.cpp(59): warning C4627: '#include "adjunct/m2/src/engine/account.cpp"': skipped when looking for precompiled header use
11>          Add directive to 'core/pch_jumbo.h' or rebuild precompiled header
11>c:\users\bryan\documents\github\prest\modules\cookies\cookies_jumbo.cpp(21): warning C4627: '#include "modules/cookies/cookie_read.cpp"': skipped when looking for precompiled header use
11>          Add directive to 'core/pch_jumbo.h' or rebuild precompiled header
11>c:\users\bryan\documents\github\prest\adjunct\quick\quick_jumbo.cpp(124): warning C4627: '#include "adjunct/quick/dialogs/UpdateAvailableDialog.cpp"': skipped when looking for precompiled header use
11>          Add directive to 'core/pch_jumbo.h' or rebuild precompiled header
11>c:\users\bryan\documents\github\prest\modules\database\database_jumbo.cpp(15): warning C4627: '#include "modules/database/src/database_module.cpp"': skipped when looking for precompiled header use
11>          Add directive to 'core/pch_jumbo.h' or rebuild precompiled header
11>c:\users\bryan\documents\github\prest\modules\device_api\device_api_jumbo.cpp(15): warning C4627: '#include "modules/device_api/src/device_api_module.cpp"': skipped when looking for precompiled header use
11>          Add directive to 'core/pch_jumbo.h' or rebuild precompiled header
11>c:\users\bryan\documents\github\prest\modules\datastream\datastream_jumbo.cpp(21): warning C4627: '#include "modules/datastream/fl_int.cpp"': skipped when looking for precompiled header use
11>          Add directive to 'core/pch_jumbo.h' or rebuild precompiled header
11>c:\users\bryan\documents\github\prest\modules\display\display_jumbo.cpp(18): warning C4627: '#include "modules/display/check_sfnt.cpp"': skipped when looking for precompiled header use
11>          Add directive to 'core/pch_jumbo.h' or rebuild precompiled header
11>c:\users\bryan\documents\github\prest\adjunct\quick_toolkit\quick_toolkit_jumbo.cpp(97): warning C4627: '#include "adjunct/quick_toolkit/widgets/QuickTabs.cpp"': skipped when looking for precompiled header use
11>          Add directive to 'core/pch_jumbo.h' or rebuild precompiled header
11>  doc_jumbo.cpp
11>c:\users\bryan\documents\github\prest\adjunct\desktop_util\desktop_util_jumbo.cpp(95): warning C4627: '#include "adjunct/desktop_util/widget_utils/WidgetThumbnailGenerator.cpp"': skipped when looking for precompiled header use
11>          Add directive to 'core/pch_jumbo.h' or rebuild precompiled header
11>c:\users\bryan\documents\github\prest\adjunct\m2\m2_jumbo.cpp(60): warning C4627: '#include "adjunct/m2/src/engine/accountmgr.cpp"': skipped when looking for precompiled header use
11>          Add directive to 'core/pch_jumbo.h' or rebuild precompiled header
11>c:\users\bryan\documents\github\prest\modules\cookies\cookies_jumbo.cpp(22): warning C4627: '#include "modules/cookies/cookie_write.cpp"': skipped when looking for precompiled header use
11>          Add directive to 'core/pch_jumbo.h' or rebuild precompiled header
11>c:\users\bryan\documents\github\prest\adjunct\quick\quick_jumbo.cpp(125): warning C4627: '#include "adjunct/quick/dialogs/UpdateErrorDialogs.cpp"': skipped when looking for precompiled header use
11>          Add directive to 'core/pch_jumbo.h' or rebuild precompiled header
11>c:\users\bryan\documents\github\prest\modules\device_api\device_api_jumbo.cpp(16): warning C4627: '#include "modules/device_api/src/jil/JILAddressBook.cpp"': skipped when looking for precompiled header use
11>          Add directive to 'core/pch_jumbo.h' or rebuild precompiled header
11>c:\users\bryan\documents\github\prest\modules\database\database_jumbo.cpp(16): warning C4627: '#include "modules/database/src/filestorage.cpp"': skipped when looking for precompiled header use
11>          Add directive to 'core/pch_jumbo.h' or rebuild precompiled header
11>c:\users\bryan\documents\github\prest\modules\display\display_jumbo.cpp(19): warning C4627: '#include "modules/display/colconv.cpp"': skipped when looking for precompiled header use
11>          Add directive to 'core/pch_jumbo.h' or rebuild precompiled header
11>c:\users\bryan\documents\github\prest\modules\datastream\datastream_jumbo.cpp(22): warning C4627: '#include "modules/datastream/fl_lib.cpp"': skipped when looking for precompiled header use
11>          Add directive to 'core/pch_jumbo.h' or rebuild precompiled header
11>c:\users\bryan\documents\github\prest\adjunct\quick_toolkit\quick_toolkit_jumbo.cpp(98): warning C4627: '#include "adjunct/quick_toolkit/widgets/QuickWidget.cpp"': skipped when looking for precompiled header use
11>          Add directive to 'core/pch_jumbo.h' or rebuild precompiled header
11>c:\users\bryan\documents\github\prest\adjunct\desktop_util\desktop_util_jumbo.cpp(96): warning C4627: '#include "adjunct/desktop_util/passwordstrength/PasswordStrength.cpp"': skipped when looking for precompiled header use
11>          Add directive to 'core/pch_jumbo.h' or rebuild precompiled header
11>c:\users\bryan\documents\github\prest\adjunct\m2\m2_jumbo.cpp(61): warning C4627: '#include "adjunct/m2/src/engine/engine.cpp"': skipped when looking for precompiled header use
11>          Add directive to 'core/pch_jumbo.h' or rebuild precompiled header
11>c:\users\bryan\documents\github\prest\modules\cookies\cookies_jumbo.cpp(23): warning C4627: '#include "modules/cookies/get_cookie.cpp"': skipped when looking for precompiled header use
11>          Add directive to 'core/pch_jumbo.h' or rebuild precompiled header
11>  dochand_jumbo.cpp
11>c:\users\bryan\documents\github\prest\adjunct\quick\quick_jumbo.cpp(126): warning C4627: '#include "adjunct/quick/dialogs/URLInputDialog.cpp"': skipped when looking for precompiled header use
11>          Add directive to 'core/pch_jumbo.h' or rebuild precompiled header
11>c:\users\bryan\documents\github\prest\modules\device_api\device_api_jumbo.cpp(17): warning C4627: '#include "modules/device_api/src/jil/JILCalendarItem.cpp"': skipped when looking for precompiled header use
11>          Add directive to 'core/pch_jumbo.h' or rebuild precompiled header
11>c:\users\bryan\documents\github\prest\modules\database\database_jumbo.cpp(17): warning C4627: '#include "modules/database/src/opdatabase.cpp"': skipped when looking for precompiled header use
11>          Add directive to 'core/pch_jumbo.h' or rebuild precompiled header
13>  memory_valgrind.cpp
11>c:\users\bryan\documents\github\prest\modules\display\display_jumbo.cpp(20): warning C4627: '#include "modules/display/color.cpp"': skipped when looking for precompiled header use
11>          Add directive to 'core/pch_jumbo.h' or rebuild precompiled header
11>c:\users\bryan\documents\github\prest\modules\datastream\datastream_jumbo.cpp(23): warning C4627: '#include "modules/datastream/fl_list.cpp"': skipped when looking for precompiled header use
11>          Add directive to 'core/pch_jumbo.h' or rebuild precompiled header
11>c:\users\bryan\documents\github\prest\adjunct\quick_toolkit\quick_toolkit_jumbo.cpp(99): warning C4627: '#include "adjunct/quick_toolkit/widgets/QuickWidgetContent.cpp"': skipped when looking for precompiled header use
11>          Add directive to 'core/pch_jumbo.h' or rebuild precompiled header
11>c:\users\bryan\documents\github\prest\adjunct\desktop_util\desktop_util_jumbo.cpp(97): fatal error C1010: unexpected end of file while looking for precompiled header. Did you forget to add '#include "core/pch_jumbo.h"' to your source?
11>c:\users\bryan\documents\github\prest\adjunct\m2\m2_jumbo.cpp(62): warning C4627: '#include "adjunct/m2/src/engine/header.cpp"': skipped when looking for precompiled header use
11>          Add directive to 'core/pch_jumbo.h' or rebuild precompiled header
13>  g_message_ns4plugins_messages.cpp
11>c:\users\bryan\documents\github\prest\modules\cookies\cookies_jumbo.cpp(24): warning C4627: '#include "modules/cookies/set_cookie.cpp"': skipped when looking for precompiled header use
11>          Add directive to 'core/pch_jumbo.h' or rebuild precompiled header
11>c:\users\bryan\documents\github\prest\adjunct\quick\quick_jumbo.cpp(127): warning C4627: '#include "adjunct/quick/dialogs/ValidateSourceDialog.cpp"': skipped when looking for precompiled header use
11>          Add directive to 'core/pch_jumbo.h' or rebuild precompiled header
11>c:\users\bryan\documents\github\prest\modules\device_api\device_api_jumbo.cpp(18): warning C4627: '#include "modules/device_api/src/jil/JILFeatures.cpp"': skipped when looking for precompiled header use
11>          Add directive to 'core/pch_jumbo.h' or rebuild precompiled header
11>c:\users\bryan\documents\github\prest\modules\database\database_jumbo.cpp(18): warning C4627: '#include "modules/database/src/opdatabase_base.cpp"': skipped when looking for precompiled header use
11>          Add directive to 'core/pch_jumbo.h' or rebuild precompiled header
11>c:\users\bryan\documents\github\prest\modules\display\display_jumbo.cpp(21): warning C4627: '#include "modules/display/coreview/coreview.cpp"': skipped when looking for precompiled header use
11>          Add directive to 'core/pch_jumbo.h' or rebuild precompiled header
11>c:\users\bryan\documents\github\prest\modules\datastream\datastream_jumbo.cpp(24): warning C4627: '#include "modules/datastream/fl_lpipe.cpp"': skipped when looking for precompiled header use
11>          Add directive to 'core/pch_jumbo.h' or rebuild precompiled header
11>c:\users\bryan\documents\github\prest\adjunct\quick_toolkit\quick_toolkit_jumbo.cpp(100): warning C4627: '#include "adjunct/quick_toolkit/widgets/QuickWindow.cpp"': skipped when looking for precompiled header use
11>          Add directive to 'core/pch_jumbo.h' or rebuild precompiled header
11>c:\users\bryan\documents\github\prest\adjunct\m2\m2_jumbo.cpp(63): warning C4627: '#include "adjunct/m2/src/engine/headerdisplay.cpp"': skipped when looking for precompiled header use
11>          Add directive to 'core/pch_jumbo.h' or rebuild precompiled header
11>c:\users\bryan\documents\github\prest\modules\cookies\cookies_jumbo.cpp(25): warning C4627: '#include "modules/cookies/url_cmc.cpp"': skipped when looking for precompiled header use
11>          Add directive to 'core/pch_jumbo.h' or rebuild precompiled header
11>c:\users\bryan\documents\github\prest\adjunct\quick\quick_jumbo.cpp(128): warning C4627: '#include "adjunct/quick/dialogs/WebSearchDialog.cpp"': skipped when looking for precompiled header use
11>          Add directive to 'core/pch_jumbo.h' or rebuild precompiled header
11>c:\users\bryan\documents\github\prest\modules\device_api\device_api_jumbo.cpp(19): warning C4627: '#include "modules/device_api/src/jil/JILFileFinder.cpp"': skipped when looking for precompiled header use
11>          Add directive to 'core/pch_jumbo.h' or rebuild precompiled header
11>c:\users\bryan\documents\github\prest\modules\database\database_jumbo.cpp(19): warning C4627: '#include "modules/database/src/opdatabasemanager.cpp"': skipped when looking for precompiled header use
11>          Add directive to 'core/pch_jumbo.h' or rebuild precompiled header
11>c:\users\bryan\documents\github\prest\modules\display\display_jumbo.cpp(22): warning C4627: '#include "modules/display/coreview/coreviewcontainer.cpp"': skipped when looking for precompiled header use
11>          Add directive to 'core/pch_jumbo.h' or rebuild precompiled header
11>c:\users\bryan\documents\github\prest\modules\datastream\datastream_jumbo.cpp(25): warning C4627: '#include "modules/datastream/fl_rec.cpp"': skipped when looking for precompiled header use
11>          Add directive to 'core/pch_jumbo.h' or rebuild precompiled header
11>c:\users\bryan\documents\github\prest\adjunct\quick_toolkit\quick_toolkit_jumbo.cpp(101): warning C4627: '#include "adjunct/quick_toolkit/widgets/QuickWrapLayout.cpp"': skipped when looking for precompiled header use
11>          Add directive to 'core/pch_jumbo.h' or rebuild precompiled header
11>c:\users\bryan\documents\github\prest\adjunct\m2\m2_jumbo.cpp(64): warning C4627: '#include "adjunct/m2/src/engine/index/indexcontainer.cpp"': skipped when looking for precompiled header use
11>          Add directive to 'core/pch_jumbo.h' or rebuild precompiled header
11>  documentedit_jumbo.cpp
11>c:\users\bryan\documents\github\prest\modules\doc\doc_jumbo.cpp(15): warning C4627: '#include "modules/doc/caret_manager.cpp"': skipped when looking for precompiled header use
11>          Add directive to 'core/pch_jumbo.h' or rebuild precompiled header
11>c:\users\bryan\documents\github\prest\modules\cookies\cookies_jumbo.cpp(26): warning C4627: '#include "modules/cookies/url_cmd.cpp"': skipped when looking for precompiled header use
11>          Add directive to 'core/pch_jumbo.h' or rebuild precompiled header
11>c:\users\bryan\documents\github\prest\modules\device_api\device_api_jumbo.cpp(20): warning C4627: '#include "modules/device_api/src/jil/JILFolderLister.cpp"': skipped when looking for precompiled header use
11>          Add directive to 'core/pch_jumbo.h' or rebuild precompiled header
11>c:\users\bryan\documents\github\prest\adjunct\quick\quick_jumbo.cpp(129): warning C4627: '#include "adjunct/quick/dialogs/CrashLoggingDialog.cpp"': skipped when looking for precompiled header use
11>          Add directive to 'core/pch_jumbo.h' or rebuild precompiled header
11>c:\users\bryan\documents\github\prest\modules\database\database_jumbo.cpp(20): warning C4627: '#include "modules/database/src/opstorage.cpp"': skipped when looking for precompiled header use
11>          Add directive to 'core/pch_jumbo.h' or rebuild precompiled header
11>c:\users\bryan\documents\github\prest\modules\display\display_jumbo.cpp(23): warning C4627: '#include "modules/display/coreview/coreviewclipper.cpp"': skipped when looking for precompiled header use
11>          Add directive to 'core/pch_jumbo.h' or rebuild precompiled header
11>c:\users\bryan\documents\github\prest\adjunct\quick_toolkit\quick_toolkit_jumbo.cpp(102): warning C4627: '#include "adjunct/quick_toolkit/widgets/OpRichTextLabel.cpp"': skipped when looking for precompiled header use
11>          Add directive to 'core/pch_jumbo.h' or rebuild precompiled header
11>c:\users\bryan\documents\github\prest\modules\doc\doc_jumbo.cpp(16): warning C4627: '#include "modules/doc/caret_painter.cpp"': skipped when looking for precompiled header use
11>          Add directive to 'core/pch_jumbo.h' or rebuild precompiled header
11>c:\users\bryan\documents\github\prest\adjunct\m2\m2_jumbo.cpp(65): warning C4627: '#include "adjunct/m2/src/engine/index/indexgroup.cpp"': skipped when looking for precompiled header use
11>          Add directive to 'core/pch_jumbo.h' or rebuild precompiled header
11>c:\users\bryan\documents\github\prest\modules\datastream\datastream_jumbo.cpp(26): warning C4627: '#include "modules/datastream/fl_ref.cpp"': skipped when looking for precompiled header use
11>          Add directive to 'core/pch_jumbo.h' or rebuild precompiled header
11>c:\users\bryan\documents\github\prest\modules\cookies\cookies_jumbo.cpp(27): warning C4627: '#include "modules/cookies/url_cmi.cpp"': skipped when looking for precompiled header use
11>          Add directive to 'core/pch_jumbo.h' or rebuild precompiled header
11>c:\users\bryan\documents\github\prest\modules\device_api\device_api_jumbo.cpp(21): warning C4627: '#include "modules/device_api/src/jil/JILFSMgr.cpp"': skipped when looking for precompiled header use
11>          Add directive to 'core/pch_jumbo.h' or rebuild precompiled header
11>c:\users\bryan\documents\github\prest\modules\dochand\dochand_jumbo.cpp(15): warning C4627: '#include "modules/dochand/aitparser.cpp"': skipped when looking for precompiled header use
11>          Add directive to 'core/pch_jumbo.h' or rebuild precompiled header
11>c:\users\bryan\documents\github\prest\adjunct\quick\quick_jumbo.cpp(130): warning C4627: '#include "adjunct/quick/dialogs/WandMatchDialog.cpp"': skipped when looking for precompiled header use
11>          Add directive to 'core/pch_jumbo.h' or rebuild precompiled header
11>c:\users\bryan\documents\github\prest\modules\database\database_jumbo.cpp(21): warning C4627: '#include "modules/database/src/prefscollectiondatabase.cpp"': skipped when looking for precompiled header use
11>          Add directive to 'core/pch_jumbo.h' or rebuild precompiled header
11>c:\users\bryan\documents\github\prest\modules\display\display_jumbo.cpp(24): warning C4627: '#include "modules/display/coreview/coreview_plugin_area.cpp"': skipped when looking for precompiled header use
11>          Add directive to 'core/pch_jumbo.h' or rebuild precompiled header
11>c:\users\bryan\documents\github\prest\adjunct\quick_toolkit\quick_toolkit_jumbo.cpp(103): warning C4627: '#include "adjunct/quick_toolkit/widgets/OpSplitter.cpp"': skipped when looking for precompiled header use
11>          Add directive to 'core/pch_jumbo.h' or rebuild precompiled header
11>c:\users\bryan\documents\github\prest\modules\doc\doc_jumbo.cpp(17): warning C4627: '#include "modules/doc/doc_module.cpp"': skipped when looking for precompiled header use
11>          Add directive to 'core/pch_jumbo.h' or rebuild precompiled header
11>c:\users\bryan\documents\github\prest\modules\datastream\datastream_jumbo.cpp(27): warning C4627: '#include "modules/datastream/fl_spec.cpp"': skipped when looking for precompiled header use
11>          Add directive to 'core/pch_jumbo.h' or rebuild precompiled header
11>c:\users\bryan\documents\github\prest\adjunct\m2\m2_jumbo.cpp(66): warning C4627: '#include "adjunct/m2/src/engine/index/indeximage.cpp"': skipped when looking for precompiled header use
11>          Add directive to 'core/pch_jumbo.h' or rebuild precompiled header
11>c:\users\bryan\documents\github\prest\modules\cookies\cookies_jumbo.cpp(28): warning C4627: '#include "modules/cookies/url_cmp.cpp"': skipped when looking for precompiled header use
11>          Add directive to 'core/pch_jumbo.h' or rebuild precompiled header
11>c:\users\bryan\documents\github\prest\modules\dochand\dochand_jumbo.cpp(16): warning C4627: '#include "modules/dochand/dochand_module.cpp"': skipped when looking for precompiled header use
11>          Add directive to 'core/pch_jumbo.h' or rebuild precompiled header
11>c:\users\bryan\documents\github\prest\modules\device_api\device_api_jumbo.cpp(22): warning C4627: '#include "modules/device_api/src/jil/JILNetworkRequestHandler.cpp"': skipped when looking for precompiled header use
11>          Add directive to 'core/pch_jumbo.h' or rebuild precompiled header
11>c:\users\bryan\documents\github\prest\adjunct\quick\quick_jumbo.cpp(131): warning C4627: '#include "adjunct/quick/dialogs/jsdialogs.cpp"': skipped when looking for precompiled header use
11>          Add directive to 'core/pch_jumbo.h' or rebuild precompiled header
11>c:\users\bryan\documents\github\prest\modules\database\database_jumbo.cpp(22): warning C4627: '#include "modules/database/src/ps_commander.cpp"': skipped when looking for precompiled header use
11>          Add directive to 'core/pch_jumbo.h' or rebuild precompiled header
11>c:\users\bryan\documents\github\prest\adjunct\quick_toolkit\quick_toolkit_jumbo.cpp(104): warning C4627: '#include "adjunct/quick_toolkit/widgets/OpStateButton.cpp"': skipped when looking for precompiled header use
11>          Add directive to 'core/pch_jumbo.h' or rebuild precompiled header
11>c:\users\bryan\documents\github\prest\modules\display\display_jumbo.cpp(25): warning C4627: '#include "modules/display/display_module.cpp"': skipped when looking for precompiled header use
11>          Add directive to 'core/pch_jumbo.h' or rebuild precompiled header
11>c:\users\bryan\documents\github\prest\modules\doc\doc_jumbo.cpp(18): warning C4627: '#include "modules/doc/docprefetch.cpp"': skipped when looking for precompiled header use
11>          Add directive to 'core/pch_jumbo.h' or rebuild precompiled header
11>c:\users\bryan\documents\github\prest\modules\datastream\datastream_jumbo.cpp(28): warning C4627: '#include "modules/datastream/fl_stream.cpp"': skipped when looking for precompiled header use
11>          Add directive to 'core/pch_jumbo.h' or rebuild precompiled header
11>c:\users\bryan\documents\github\prest\adjunct\m2\m2_jumbo.cpp(67): warning C4627: '#include "adjunct/m2/src/engine/index.cpp"': skipped when looking for precompiled header use
11>          Add directive to 'core/pch_jumbo.h' or rebuild precompiled header
11>c:\users\bryan\documents\github\prest\modules\dochand\dochand_jumbo.cpp(17): warning C4627: '#include "modules/dochand/docman.cpp"': skipped when looking for precompiled header use
11>          Add directive to 'core/pch_jumbo.h' or rebuild precompiled header
11>c:\users\bryan\documents\github\prest\modules\cookies\cookies_jumbo.cpp(29): fatal error C1010: unexpected end of file while looking for precompiled header. Did you forget to add '#include "core/pch_jumbo.h"' to your source?
11>c:\users\bryan\documents\github\prest\modules\device_api\device_api_jumbo.cpp(23): warning C4627: '#include "modules/device_api/src/jil/JILNetworkResources.cpp"': skipped when looking for precompiled header use
11>          Add directive to 'core/pch_jumbo.h' or rebuild precompiled header
11>c:\users\bryan\documents\github\prest\adjunct\quick\quick_jumbo.cpp(132): warning C4627: '#include "adjunct/quick/dialogs/WebStorageQuotaDialog.cpp"': skipped when looking for precompiled header use
11>          Add directive to 'core/pch_jumbo.h' or rebuild precompiled header
11>c:\users\bryan\documents\github\prest\modules\doc\doc_jumbo.cpp(19): warning C4627: '#include "modules/doc/documentinteractioncontext.cpp"': skipped when looking for precompiled header use
11>          Add directive to 'core/pch_jumbo.h' or rebuild precompiled header
11>c:\users\bryan\documents\github\prest\modules\display\display_jumbo.cpp(26): warning C4627: '#include "modules/display/fontcache.cpp"': skipped when looking for precompiled header use
11>          Add directive to 'core/pch_jumbo.h' or rebuild precompiled header
11>c:\users\bryan\documents\github\prest\modules\database\database_jumbo.cpp(23): warning C4627: '#include "modules/database/src/sec_policy.cpp"': skipped when looking for precompiled header use
11>          Add directive to 'core/pch_jumbo.h' or rebuild precompiled header
11>c:\users\bryan\documents\github\prest\adjunct\quick_toolkit\quick_toolkit_jumbo.cpp(105): warning C4627: '#include "adjunct/quick_toolkit/widgets/OpTabs.cpp"': skipped when looking for precompiled header use
11>          Add directive to 'core/pch_jumbo.h' or rebuild precompiled header
11>c:\users\bryan\documents\github\prest\modules\datastream\datastream_jumbo.cpp(29): warning C4627: '#include "modules/datastream/fl_zip.cpp"': skipped when looking for precompiled header use
11>          Add directive to 'core/pch_jumbo.h' or rebuild precompiled header
11>c:\users\bryan\documents\github\prest\adjunct\m2\m2_jumbo.cpp(68): warning C4627: '#include "adjunct/m2/src/engine/indexer.cpp"': skipped when looking for precompiled header use
11>          Add directive to 'core/pch_jumbo.h' or rebuild precompiled header
11>c:\users\bryan\documents\github\prest\modules\dochand\dochand_jumbo.cpp(18): warning C4627: '#include "modules/dochand/fdelm.cpp"': skipped when looking for precompiled header use
11>          Add directive to 'core/pch_jumbo.h' or rebuild precompiled header
11>c:\users\bryan\documents\github\prest\adjunct\quick\quick_jumbo.cpp(133): warning C4627: '#include "adjunct/quick/extensions/views/ExtensionsManagerView.cpp"': skipped when looking for precompiled header use
11>          Add directive to 'core/pch_jumbo.h' or rebuild precompiled header
11>c:\users\bryan\documents\github\prest\modules\doc\doc_jumbo.cpp(20): warning C4627: '#include "modules/doc/documentstate.cpp"': skipped when looking for precompiled header use
11>          Add directive to 'core/pch_jumbo.h' or rebuild precompiled header
11>c:\users\bryan\documents\github\prest\modules\device_api\device_api_jumbo.cpp(24): warning C4627: '#include "modules/device_api/src/orientation/OrientationManager.cpp"': skipped when looking for precompiled header use
11>          Add directive to 'core/pch_jumbo.h' or rebuild precompiled header
11>c:\users\bryan\documents\github\prest\modules\display\display_jumbo.cpp(27): warning C4627: '#include "modules/display/fontdb.cpp"': skipped when looking for precompiled header use
11>          Add directive to 'core/pch_jumbo.h' or rebuild precompiled header
14>  Compiling...
14>  memory_fundamentals.cpp
14>  memory_valgrind.cpp
11>c:\users\bryan\documents\github\prest\modules\database\database_jumbo.cpp(24): warning C4627: '#include "modules/database/src/sec_policy_defs.cpp"': skipped when looking for precompiled header use
11>          Add directive to 'core/pch_jumbo.h' or rebuild precompiled header
11>c:\users\bryan\documents\github\prest\adjunct\quick_toolkit\quick_toolkit_jumbo.cpp(106): warning C4627: '#include "adjunct/quick_toolkit/widgets/OpToolbar.cpp"': skipped when looking for precompiled header use
11>          Add directive to 'core/pch_jumbo.h' or rebuild precompiled header
11>c:\users\bryan\documents\github\prest\modules\datastream\datastream_jumbo.cpp(30): warning C4627: '#include "modules/datastream/opdatastreamsafefile.cpp"': skipped when looking for precompiled header use
11>          Add directive to 'core/pch_jumbo.h' or rebuild precompiled header
11>  dom_jumbo.cpp
11>c:\users\bryan\documents\github\prest\modules\dochand\dochand_jumbo.cpp(19): warning C4627: '#include "modules/dochand/fraud_check.cpp"': skipped when looking for precompiled header use
11>          Add directive to 'core/pch_jumbo.h' or rebuild precompiled header
11>c:\users\bryan\documents\github\prest\adjunct\m2\m2_jumbo.cpp(69): warning C4627: '#include "adjunct/m2/src/engine/lexicon.cpp"': skipped when looking for precompiled header use
11>          Add directive to 'core/pch_jumbo.h' or rebuild precompiled header
11>c:\users\bryan\documents\github\prest\adjunct\quick\quick_jumbo.cpp(134): warning C4627: '#include "adjunct/quick/extensions/views/ExtensionsManagerListView.cpp"': skipped when looking for precompiled header use
11>          Add directive to 'core/pch_jumbo.h' or rebuild precompiled header
11>c:\users\bryan\documents\github\prest\modules\doc\doc_jumbo.cpp(21): warning C4627: '#include "modules/doc/documentmenumanager.cpp"': skipped when looking for precompiled header use
11>          Add directive to 'core/pch_jumbo.h' or rebuild precompiled header
11>c:\users\bryan\documents\github\prest\modules\documentedit\documentedit_jumbo.cpp(15): warning C4627: '#include "modules/documentedit/OpDocumentEdit.cpp"': skipped when looking for precompiled header use
11>          Add directive to 'core/pch_jumbo.h' or rebuild precompiled header
11>c:\users\bryan\documents\github\prest\modules\device_api\device_api_jumbo.cpp(25): warning C4627: '#include "modules/device_api/src/orientation/MockOpSensor.cpp"': skipped when looking for precompiled header use
11>          Add directive to 'core/pch_jumbo.h' or rebuild precompiled header
11>c:\users\bryan\documents\github\prest\modules\display\display_jumbo.cpp(28): warning C4627: '#include "modules/display/imgblt.cpp"': skipped when looking for precompiled header use
11>          Add directive to 'core/pch_jumbo.h' or rebuild precompiled header
11>c:\users\bryan\documents\github\prest\modules\database\database_jumbo.cpp(25): warning C4627: '#include "modules/database/src/webstorage_data_abstraction.cpp"': skipped when looking for precompiled header use
11>          Add directive to 'core/pch_jumbo.h' or rebuild precompiled header
11>c:\users\bryan\documents\github\prest\modules\datastream\datastream_jumbo.cpp(31): fatal error C1010: unexpected end of file while looking for precompiled header. Did you forget to add '#include "core/pch_jumbo.h"' to your source?
11>c:\users\bryan\documents\github\prest\adjunct\quick_toolkit\quick_toolkit_jumbo.cpp(107): warning C4627: '#include "adjunct/quick_toolkit/widgets/OpToolTip.cpp"': skipped when looking for precompiled header use
11>          Add directive to 'core/pch_jumbo.h' or rebuild precompiled header
11>c:\users\bryan\documents\github\prest\modules\dochand\dochand_jumbo.cpp(20): warning C4627: '#include "modules/dochand/viewportcontroller.cpp"': skipped when looking for precompiled header use
11>          Add directive to 'core/pch_jumbo.h' or rebuild precompiled header
11>c:\users\bryan\documents\github\prest\modules\doc\doc_jumbo.cpp(22): warning C4627: '#include "modules/doc/frm_doc.cpp"': skipped when looking for precompiled header use
11>          Add directive to 'core/pch_jumbo.h' or rebuild precompiled header
11>c:\users\bryan\documents\github\prest\adjunct\m2\m2_jumbo.cpp(70): warning C4627: '#include "adjunct/m2/src/engine/message.cpp"': skipped when looking for precompiled header use
11>          Add directive to 'core/pch_jumbo.h' or rebuild precompiled header
11>c:\users\bryan\documents\github\prest\modules\documentedit\documentedit_jumbo.cpp(16): warning C4627: '#include "modules/documentedit/OpDocumentEditCaret.cpp"': skipped when looking for precompiled header use
11>          Add directive to 'core/pch_jumbo.h' or rebuild precompiled header
11>c:\users\bryan\documents\github\prest\adjunct\quick\quick_jumbo.cpp(135): warning C4627: '#include "adjunct/quick/extensions/views/ExtensionsManagerDevListView.cpp"': skipped when looking for precompiled header use
11>          Add directive to 'core/pch_jumbo.h' or rebuild precompiled header
11>c:\users\bryan\documents\github\prest\modules\device_api\device_api_jumbo.cpp(26): warning C4627: '#include "modules/device_api/src/SystemResourceSetter.cpp"': skipped when looking for precompiled header use
11>          Add directive to 'core/pch_jumbo.h' or rebuild precompiled header
11>c:\users\bryan\documents\github\prest\modules\database\database_jumbo.cpp(26): warning C4627: '#include "modules/database/src/webstorage_data_abstraction_simple_impl.cpp"': skipped when looking for precompiled header use
11>          Add directive to 'core/pch_jumbo.h' or rebuild precompiled header
11>c:\users\bryan\documents\github\prest\modules\display\display_jumbo.cpp(29): warning C4627: '#include "modules/display/pixelscalefont.cpp"': skipped when looking for precompiled header use
11>          Add directive to 'core/pch_jumbo.h' or rebuild precompiled header
11>  dragdrop_jumbo.cpp
11>c:\users\bryan\documents\github\prest\modules\dochand\dochand_jumbo.cpp(21): warning C4627: '#include "modules/dochand/viewportlisteners.cpp"': skipped when looking for precompiled header use
11>          Add directive to 'core/pch_jumbo.h' or rebuild precompiled header
11>c:\users\bryan\documents\github\prest\modules\doc\doc_jumbo.cpp(23): warning C4627: '#include "modules/doc/htm_doc2.cpp"': skipped when looking for precompiled header use
11>          Add directive to 'core/pch_jumbo.h' or rebuild precompiled header
11>c:\users\bryan\documents\github\prest\modules\documentedit\documentedit_jumbo.cpp(17): warning C4627: '#include "modules/documentedit/OpDocumentEditInput.cpp"': skipped when looking for precompiled header use
11>          Add directive to 'core/pch_jumbo.h' or rebuild precompiled header
11>c:\users\bryan\documents\github\prest\adjunct\quick_toolkit\quick_toolkit_jumbo.cpp(108): warning C4627: '#include "adjunct/quick_toolkit/widgets/OpToolTipListener.cpp"': skipped when looking for precompiled header use
11>          Add directive to 'core/pch_jumbo.h' or rebuild precompiled header
11>c:\users\bryan\documents\github\prest\adjunct\m2\m2_jumbo.cpp(71): warning C4627: '#include "adjunct/m2/src/engine/modules.cpp"': skipped when looking for precompiled header use
11>          Add directive to 'core/pch_jumbo.h' or rebuild precompiled header
11>c:\users\bryan\documents\github\prest\adjunct\quick\quick_jumbo.cpp(136): warning C4627: '#include "adjunct/quick/extensions/ExtensionButtonComposite.cpp"': skipped when looking for precompiled header use
11>          Add directive to 'core/pch_jumbo.h' or rebuild precompiled header
11>c:\users\bryan\documents\github\prest\modules\device_api\device_api_jumbo.cpp(27): warning C4627: '#include "modules/device_api/src/OpDirectoryEntry.cpp"': skipped when looking for precompiled header use
11>          Add directive to 'core/pch_jumbo.h' or rebuild precompiled header
11>c:\users\bryan\documents\github\prest\modules\database\database_jumbo.cpp(27): fatal error C1010: unexpected end of file while looking for precompiled header. Did you forget to add '#include "core/pch_jumbo.h"' to your source?
11>c:\users\bryan\documents\github\prest\modules\dochand\dochand_jumbo.cpp(22): warning C4627: '#include "modules/dochand/win.cpp"': skipped when looking for precompiled header use
11>          Add directive to 'core/pch_jumbo.h' or rebuild precompiled header
11>c:\users\bryan\documents\github\prest\modules\doc\doc_jumbo.cpp(24): warning C4627: '#include "modules/doc/html_doc.cpp"': skipped when looking for precompiled header use
11>          Add directive to 'core/pch_jumbo.h' or rebuild precompiled header
11>c:\users\bryan\documents\github\prest\modules\documentedit\documentedit_jumbo.cpp(18): warning C4627: '#include "modules/documentedit/OpDocumentEditSelection.cpp"': skipped when looking for precompiled header use
11>          Add directive to 'core/pch_jumbo.h' or rebuild precompiled header
11>c:\users\bryan\documents\github\prest\modules\display\display_jumbo.cpp(30): warning C4627: '#include "modules/display/prn_dev.cpp"': skipped when looking for precompiled header use
11>          Add directive to 'core/pch_jumbo.h' or rebuild precompiled header
11>c:\users\bryan\documents\github\prest\adjunct\m2\m2_jumbo.cpp(72): warning C4627: '#include "adjunct/m2/src/engine/offlinelog.cpp"': skipped when looking for precompiled header use
11>          Add directive to 'core/pch_jumbo.h' or rebuild precompiled header
11>c:\users\bryan\documents\github\prest\adjunct\quick\quick_jumbo.cpp(137): warning C4627: '#include "adjunct/quick/extensions/ExtensionContext.cpp"': skipped when looking for precompiled header use
11>          Add directive to 'core/pch_jumbo.h' or rebuild precompiled header
11>c:\users\bryan\documents\github\prest\adjunct\quick_toolkit\quick_toolkit_jumbo.cpp(109): warning C4627: '#include "adjunct/quick_toolkit/widgets/OpTreeView/Column.cpp"': skipped when looking for precompiled header use
11>          Add directive to 'core/pch_jumbo.h' or rebuild precompiled header
11>c:\users\bryan\documents\github\prest\modules\device_api\device_api_jumbo.cpp(28): warning C4627: '#include "modules/device_api/src/OpVCardEntry.cpp"': skipped when looking for precompiled header use
11>          Add directive to 'core/pch_jumbo.h' or rebuild precompiled header
11>c:\users\bryan\documents\github\prest\modules\doc\doc_jumbo.cpp(25): warning C4627: '#include "modules/doc/imageprogresshandler.cpp"': skipped when looking for precompiled header use
11>          Add directive to 'core/pch_jumbo.h' or rebuild precompiled header
11>c:\users\bryan\documents\github\prest\modules\dochand\dochand_jumbo.cpp(23): warning C4627: '#include "modules/dochand/windowlistener.cpp"': skipped when looking for precompiled header use
11>          Add directive to 'core/pch_jumbo.h' or rebuild precompiled header
11>c:\users\bryan\documents\github\prest\modules\documentedit\documentedit_jumbo.cpp(19): warning C4627: '#include "modules/documentedit/OpDocumentEditUndoRedo.cpp"': skipped when looking for precompiled header use
11>          Add directive to 'core/pch_jumbo.h' or rebuild precompiled header
11>c:\users\bryan\documents\github\prest\modules\display\display_jumbo.cpp(31): warning C4627: '#include "modules/display/prn_info.cpp"': skipped when looking for precompiled header use
11>          Add directive to 'core/pch_jumbo.h' or rebuild precompiled header
11>c:\users\bryan\documents\github\prest\adjunct\m2\m2_jumbo.cpp(73): warning C4627: '#include "adjunct/m2/src/engine/progressinfo.cpp"': skipped when looking for precompiled header use
11>          Add directive to 'core/pch_jumbo.h' or rebuild precompiled header
11>c:\users\bryan\documents\github\prest\adjunct\quick\quick_jumbo.cpp(138): warning C4627: '#include "adjunct/quick/extensions/ExtensionInstaller.cpp"': skipped when looking for precompiled header use
11>          Add directive to 'core/pch_jumbo.h' or rebuild precompiled header
11>c:\users\bryan\documents\github\prest\adjunct\quick_toolkit\quick_toolkit_jumbo.cpp(110): warning C4627: '#include "adjunct/quick_toolkit/widgets/OpTreeView/ColumnListAccessor.cpp"': skipped when looking for precompiled header use
11>          Add directive to 'core/pch_jumbo.h' or rebuild precompiled header
11>c:\users\bryan\documents\github\prest\modules\device_api\device_api_jumbo.cpp(29): warning C4627: '#include "modules/device_api/src/VCardGlobals.cpp"': skipped when looking for precompiled header use
11>          Add directive to 'core/pch_jumbo.h' or rebuild precompiled header
11>c:\users\bryan\documents\github\prest\modules\doc\doc_jumbo.cpp(26): warning C4627: '#include "modules/doc/lie_hashtable.cpp"': skipped when looking for precompiled header use
11>          Add directive to 'core/pch_jumbo.h' or rebuild precompiled header
11>c:\users\bryan\documents\github\prest\modules\dochand\dochand_jumbo.cpp(24): warning C4627: '#include "modules/dochand/winman.cpp"': skipped when looking for precompiled header use
11>          Add directive to 'core/pch_jumbo.h' or rebuild precompiled header
11>c:\users\bryan\documents\github\prest\modules\documentedit\documentedit_jumbo.cpp(20): warning C4627: '#include "modules/documentedit/OpDocumentEditIME.cpp"': skipped when looking for precompiled header use
11>          Add directive to 'core/pch_jumbo.h' or rebuild precompiled header
11>c:\users\bryan\documents\github\prest\modules\display\display_jumbo.cpp(32): warning C4627: '#include "modules/display/prndevlisteners.cpp"': skipped when looking for precompiled header use
11>          Add directive to 'core/pch_jumbo.h' or rebuild precompiled header
11>c:\users\bryan\documents\github\prest\adjunct\m2\m2_jumbo.cpp(74): warning C4627: '#include "adjunct/m2/src/engine/selexicon.cpp"': skipped when looking for precompiled header use
11>          Add directive to 'core/pch_jumbo.h' or rebuild precompiled header
11>c:\users\bryan\documents\github\prest\adjunct\quick\quick_jumbo.cpp(139): warning C4627: '#include "adjunct/quick/extensions/ExtensionSpeedDialHandler.cpp"': skipped when looking for precompiled header use
11>          Add directive to 'core/pch_jumbo.h' or rebuild precompiled header
11>c:\users\bryan\documents\github\prest\modules\dochand\dochand_jumbo.cpp(25): fatal error C1010: unexpected end of file while looking for precompiled header. Did you forget to add '#include "core/pch_jumbo.h"' to your source?
11>c:\users\bryan\documents\github\prest\modules\doc\doc_jumbo.cpp(27): warning C4627: '#include "modules/doc/loadinlineelm.cpp"': skipped when looking for precompiled header use
11>          Add directive to 'core/pch_jumbo.h' or rebuild precompiled header
11>c:\users\bryan\documents\github\prest\modules\documentedit\documentedit_jumbo.cpp(21): warning C4627: '#include "modules/documentedit/OpDocumentEditCommand.cpp"': skipped when looking for precompiled header use
11>          Add directive to 'core/pch_jumbo.h' or rebuild precompiled header
11>c:\users\bryan\documents\github\prest\adjunct\quick_toolkit\quick_toolkit_jumbo.cpp(111): warning C4627: '#include "adjunct/quick_toolkit/widgets/OpTreeView/Edit.cpp"': skipped when looking for precompiled header use
11>          Add directive to 'core/pch_jumbo.h' or rebuild precompiled header
11>c:\users\bryan\documents\github\prest\modules\device_api\device_api_jumbo.cpp(30): warning C4627: '#include "modules/device_api/src/WildcardCmp.cpp"': skipped when looking for precompiled header use
11>          Add directive to 'core/pch_jumbo.h' or rebuild precompiled header
11>c:\users\bryan\documents\github\prest\modules\display\display_jumbo.cpp(33): warning C4627: '#include "modules/display/sfnt_base.cpp"': skipped when looking for precompiled header use
11>          Add directive to 'core/pch_jumbo.h' or rebuild precompiled header
11>c:\users\bryan\documents\github\prest\adjunct\m2\m2_jumbo.cpp(75): warning C4627: '#include "adjunct/m2/src/engine/store/asyncstorereader.cpp"': skipped when looking for precompiled header use
11>          Add directive to 'core/pch_jumbo.h' or rebuild precompiled header
11>  es_carakan_engine_jumbo.cpp
11>c:\users\bryan\documents\github\prest\adjunct\quick\quick_jumbo.cpp(140): warning C4627: '#include "adjunct/quick/extensions/ExtensionUIListener.cpp"': skipped when looking for precompiled header use
11>          Add directive to 'core/pch_jumbo.h' or rebuild precompiled header
11>c:\users\bryan\documents\github\prest\modules\dragdrop\dragdrop_jumbo.cpp(15): warning C4627: '#include "modules/dragdrop/src/dragdrop_module.cpp"': skipped when looking for precompiled header use
11>          Add directive to 'core/pch_jumbo.h' or rebuild precompiled header
11>c:\users\bryan\documents\github\prest\modules\doc\doc_jumbo.cpp(28): warning C4627: '#include "modules/doc/searchinfo.cpp"': skipped when looking for precompiled header use
11>          Add directive to 'core/pch_jumbo.h' or rebuild precompiled header
14>  browser_functions.cpp
11>c:\users\bryan\documents\github\prest\modules\documentedit\documentedit_jumbo.cpp(22): warning C4627: '#include "modules/documentedit/OpDocumentEditLayoutModifier.cpp"': skipped when looking for precompiled header use
11>          Add directive to 'core/pch_jumbo.h' or rebuild precompiled header
11>  es_carakan_jumbo.cpp
11>c:\users\bryan\documents\github\prest\modules\device_api\device_api_jumbo.cpp(31): fatal error C1010: unexpected end of file while looking for precompiled header. Did you forget to add '#include "core/pch_jumbo.h"' to your source?
11>c:\users\bryan\documents\github\prest\adjunct\quick_toolkit\quick_toolkit_jumbo.cpp(112): warning C4627: '#include "adjunct/quick_toolkit/widgets/OpTreeView/LineToItemMap.cpp"': skipped when looking for precompiled header use
11>          Add directive to 'core/pch_jumbo.h' or rebuild precompiled header
11>c:\users\bryan\documents\github\prest\adjunct\m2\m2_jumbo.cpp(76): warning C4627: '#include "adjunct/m2/src/engine/store/duplicatetable.cpp"': skipped when looking for precompiled header use
11>          Add directive to 'core/pch_jumbo.h' or rebuild precompiled header
11>c:\users\bryan\documents\github\prest\adjunct\quick\quick_jumbo.cpp(141): warning C4627: '#include "adjunct/quick/extensions/ExtensionUtils.cpp"': skipped when looking for precompiled header use
11>          Add directive to 'core/pch_jumbo.h' or rebuild precompiled header
11>c:\users\bryan\documents\github\prest\modules\dragdrop\dragdrop_jumbo.cpp(16): warning C4627: '#include "modules/dragdrop/src/dragdrop_manager.cpp"': skipped when looking for precompiled header use
11>          Add directive to 'core/pch_jumbo.h' or rebuild precompiled header
11>c:\users\bryan\documents\github\prest\modules\display\display_jumbo.cpp(34): warning C4627: '#include "modules/display/styl_man.cpp"': skipped when looking for precompiled header use
11>          Add directive to 'core/pch_jumbo.h' or rebuild precompiled header
11>c:\users\bryan\documents\github\prest\modules\doc\doc_jumbo.cpp(29): warning C4627: '#include "modules/doc/src/documentorigin.cpp"': skipped when looking for precompiled header use
11>          Add directive to 'core/pch_jumbo.h' or rebuild precompiled header
11>c:\users\bryan\documents\github\prest\modules\documentedit\documentedit_jumbo.cpp(23): warning C4627: '#include "modules/documentedit/OpDocumentEditUtils.cpp"': skipped when looking for precompiled header use
11>          Add directive to 'core/pch_jumbo.h' or rebuild precompiled header
11>  es_jsonlite_jumbo.cpp
11>c:\users\bryan\documents\github\prest\adjunct\quick_toolkit\quick_toolkit_jumbo.cpp(113): warning C4627: '#include "adjunct/quick_toolkit/widgets/OpTreeView/OpTreeView.cpp"': skipped when looking for precompiled header use
11>          Add directive to 'core/pch_jumbo.h' or rebuild precompiled header
11>c:\users\bryan\documents\github\prest\adjunct\m2\m2_jumbo.cpp(77): warning C4627: '#include "adjunct/m2/src/engine/store/mboxcursor.cpp"': skipped when looking for precompiled header use
11>          Add directive to 'core/pch_jumbo.h' or rebuild precompiled header
11>c:\users\bryan\documents\github\prest\adjunct\quick\quick_jumbo.cpp(142): warning C4627: '#include "adjunct/quick/extensions/TabAPIListener.cpp"': skipped when looking for precompiled header use
11>          Add directive to 'core/pch_jumbo.h' or rebuild precompiled header
11>c:\users\bryan\documents\github\prest\modules\dragdrop\dragdrop_jumbo.cpp(17): warning C4627: '#include "modules/dragdrop/src/dragdrop_data_utils.cpp"': skipped when looking for precompiled header use
11>          Add directive to 'core/pch_jumbo.h' or rebuild precompiled header
11>c:\users\bryan\documents\github\prest\modules\doc\doc_jumbo.cpp(30): fatal error C1010: unexpected end of file while looking for precompiled header. Did you forget to add '#include "core/pch_jumbo.h"' to your source?
11>c:\users\bryan\documents\github\prest\modules\display\display_jumbo.cpp(35): warning C4627: '#include "modules/display/style.cpp"': skipped when looking for precompiled header use
11>          Add directive to 'core/pch_jumbo.h' or rebuild precompiled header
11>c:\users\bryan\documents\github\prest\modules\documentedit\documentedit_jumbo.cpp(24): warning C4627: '#include "modules/documentedit/OpDocumentEditSpellcheck.cpp"': skipped when looking for precompiled header use
11>          Add directive to 'core/pch_jumbo.h' or rebuild precompiled header
11>c:\users\bryan\documents\github\prest\adjunct\m2\m2_jumbo.cpp(78): warning C4627: '#include "adjunct/m2/src/engine/store/mboxmonthly.cpp"': skipped when looking for precompiled header use
11>          Add directive to 'core/pch_jumbo.h' or rebuild precompiled header
11>c:\users\bryan\documents\github\prest\adjunct\quick_toolkit\quick_toolkit_jumbo.cpp(114): warning C4627: '#include "adjunct/quick_toolkit/widgets/OpTreeView/TreeViewModel.cpp"': skipped when looking for precompiled header use
11>          Add directive to 'core/pch_jumbo.h' or rebuild precompiled header
11>c:\users\bryan\documents\github\prest\modules\dragdrop\dragdrop_jumbo.cpp(18): warning C4627: '#include "modules/dragdrop/src/private_data.cpp"': skipped when looking for precompiled header use
11>          Add directive to 'core/pch_jumbo.h' or rebuild precompiled header
11>c:\users\bryan\documents\github\prest\adjunct\quick\quick_jumbo.cpp(143): warning C4627: '#include "adjunct/quick/hotlist/Hotlist.cpp"': skipped when looking for precompiled header use
11>          Add directive to 'core/pch_jumbo.h' or rebuild precompiled header
11>c:\users\bryan\documents\github\prest\modules\display\display_jumbo.cpp(36): warning C4627: '#include "modules/display/textshaper.cpp"': skipped when looking for precompiled header use
11>          Add directive to 'core/pch_jumbo.h' or rebuild precompiled header
11>c:\users\bryan\documents\github\prest\modules\documentedit\documentedit_jumbo.cpp(25): fatal error C1010: unexpected end of file while looking for precompiled header. Did you forget to add '#include "core/pch_jumbo.h"' to your source?
11>c:\users\bryan\documents\github\prest\modules\dom\dom_jumbo.cpp(15): warning C4627: '#include "modules/dom/src/canvas/domcontext2d.cpp"': skipped when looking for precompiled header use
11>          Add directive to 'core/pch_jumbo.h' or rebuild precompiled header
11>  es_oppseudothread_jumbo.cpp
11>c:\users\bryan\documents\github\prest\modules\dragdrop\dragdrop_jumbo.cpp(19): warning C4627: '#include "modules/dragdrop/src/events_manager.cpp"': skipped when looking for precompiled header use
11>          Add directive to 'core/pch_jumbo.h' or rebuild precompiled header
11>c:\users\bryan\documents\github\prest\adjunct\m2\m2_jumbo.cpp(79): warning C4627: '#include "adjunct/m2/src/engine/store/mboxnone.cpp"': skipped when looking for precompiled header use
11>          Add directive to 'core/pch_jumbo.h' or rebuild precompiled header
11>c:\users\bryan\documents\github\prest\adjunct\quick_toolkit\quick_toolkit_jumbo.cpp(115): warning C4627: '#include "adjunct/quick_toolkit/widgets/OpTreeView/TreeViewModelItem.cpp"': skipped when looking for precompiled header use
11>          Add directive to 'core/pch_jumbo.h' or rebuild precompiled header
11>  es_structured_jumbo.cpp
11>c:\users\bryan\documents\github\prest\adjunct\quick\quick_jumbo.cpp(144): warning C4627: '#include "adjunct/quick/hotlist/HotlistGenericModel.cpp"': skipped when looking for precompiled header use
11>          Add directive to 'core/pch_jumbo.h' or rebuild precompiled header
11>c:\users\bryan\documents\github\prest\modules\display\display_jumbo.cpp(37): warning C4627: '#include "modules/display/tvmanager.cpp"': skipped when looking for precompiled header use
11>          Add directive to 'core/pch_jumbo.h' or rebuild precompiled header
11>c:\users\bryan\documents\github\prest\modules\dragdrop\dragdrop_jumbo.cpp(20): warning C4627: '#include "modules/dragdrop/src/scroller.cpp"': skipped when looking for precompiled header use
11>          Add directive to 'core/pch_jumbo.h' or rebuild precompiled header
11>c:\users\bryan\documents\github\prest\adjunct\m2\m2_jumbo.cpp(80): warning C4627: '#include "adjunct/m2/src/engine/store/mboxpermail.cpp"': skipped when looking for precompiled header use
11>          Add directive to 'core/pch_jumbo.h' or rebuild precompiled header
11>c:\users\bryan\documents\github\prest\modules\dom\dom_jumbo.cpp(16): warning C4627: '#include "modules/dom/src/canvas/domcontextwebgl.cpp"': skipped when looking for precompiled header use
11>          Add directive to 'core/pch_jumbo.h' or rebuild precompiled header
11>c:\users\bryan\documents\github\prest\adjunct\quick_toolkit\quick_toolkit_jumbo.cpp(116): warning C4627: '#include "adjunct/quick_toolkit/widgets/OpTreeViewDropdown.cpp"': skipped when looking for precompiled header use
11>          Add directive to 'core/pch_jumbo.h' or rebuild precompiled header
11>c:\users\bryan\documents\github\prest\modules\dragdrop\dragdrop_jumbo.cpp(21): warning C4627: '#include "modules/dragdrop/src/visual_feedback.cpp"': skipped when looking for precompiled header use
11>          Add directive to 'core/pch_jumbo.h' or rebuild precompiled header
11>c:\users\bryan\documents\github\prest\modules\display\display_jumbo.cpp(38): warning C4627: '#include "modules/display/vis_dev.cpp"': skipped when looking for precompiled header use
11>          Add directive to 'core/pch_jumbo.h' or rebuild precompiled header
11>c:\users\bryan\documents\github\prest\adjunct\m2\m2_jumbo.cpp(81): warning C4627: '#include "adjunct/m2/src/engine/store/mboxstore.cpp"': skipped when looking for precompiled header use
11>          Add directive to 'core/pch_jumbo.h' or rebuild precompiled header
11>  ecmascript_utils_jumbo.cpp
11>c:\users\bryan\documents\github\prest\adjunct\quick\quick_jumbo.cpp(145): warning C4627: '#include "adjunct/quick/hotlist/HotlistManager.cpp"': skipped when looking for precompiled header use
11>          Add directive to 'core/pch_jumbo.h' or rebuild precompiled header
11>c:\users\bryan\documents\github\prest\modules\dom\dom_jumbo.cpp(17): warning C4627: '#include "modules/dom/src/domcallsecurefunctionwrapper.cpp"': skipped when looking for precompiled header use
11>          Add directive to 'core/pch_jumbo.h' or rebuild precompiled header
11>c:\users\bryan\documents\github\prest\modules\ecmascript\es_carakan_engine_jumbo.cpp(15): warning C4627: '#include "modules/ecmascript/carakan/src/builtins/es_array_builtins.cpp"': skipped when looking for precompiled header use
11>          Add directive to 'core/pch_jumbo.h' or rebuild precompiled header
11>c:\users\bryan\documents\github\prest\adjunct\quick_toolkit\quick_toolkit_jumbo.cpp(117): warning C4627: '#include "adjunct/quick_toolkit/widgets/OpUnreadBadge.cpp"': skipped when looking for precompiled header use
11>          Add directive to 'core/pch_jumbo.h' or rebuild precompiled header
11>c:\users\bryan\documents\github\prest\modules\dragdrop\dragdrop_jumbo.cpp(22): warning C4627: '#include "modules/dragdrop/src/clipboard/clipboard_manager.cpp"': skipped when looking for precompiled header use
11>          Add directive to 'core/pch_jumbo.h' or rebuild precompiled header
11>c:\users\bryan\documents\github\prest\modules\display\display_jumbo.cpp(39): warning C4627: '#include "modules/display/vis_dev_opacity.cpp"': skipped when looking for precompiled header use
11>          Add directive to 'core/pch_jumbo.h' or rebuild precompiled header
11>c:\users\bryan\documents\github\prest\adjunct\m2\m2_jumbo.cpp(82): warning C4627: '#include "adjunct/m2/src/engine/store/mboxstoremanager.cpp"': skipped when looking for precompiled header use
11>          Add directive to 'core/pch_jumbo.h' or rebuild precompiled header
11>c:\users\bryan\documents\github\prest\adjunct\quick\quick_jumbo.cpp(146): warning C4627: '#include "adjunct/quick/hotlist/hotlistfileio.cpp"': skipped when looking for precompiled header use
11>          Add directive to 'core/pch_jumbo.h' or rebuild precompiled header
11>c:\users\bryan\documents\github\prest\modules\dom\dom_jumbo.cpp(18): warning C4627: '#include "modules/dom/src/dom_module.cpp"': skipped when looking for precompiled header use
11>          Add directive to 'core/pch_jumbo.h' or rebuild precompiled header
11>c:\users\bryan\documents\github\prest\modules\dragdrop\dragdrop_jumbo.cpp(23): fatal error C1010: unexpected end of file while looking for precompiled header. Did you forget to add '#include "core/pch_jumbo.h"' to your source?
11>c:\users\bryan\documents\github\prest\adjunct\quick_toolkit\quick_toolkit_jumbo.cpp(118): warning C4627: '#include "adjunct/quick_toolkit/widgets/OpWindowMover.cpp"': skipped when looking for precompiled header use
11>          Add directive to 'core/pch_jumbo.h' or rebuild precompiled header
11>c:\users\bryan\documents\github\prest\modules\ecmascript\es_carakan_engine_jumbo.cpp(16): warning C4627: '#include "modules/ecmascript/carakan/src/builtins/es_boolean_builtins.cpp"': skipped when looking for precompiled header use
11>          Add directive to 'core/pch_jumbo.h' or rebuild precompiled header
11>c:\users\bryan\documents\github\prest\modules\display\display_jumbo.cpp(40): warning C4627: '#include "modules/display/vis_dev_outline.cpp"': skipped when looking for precompiled header use
11>          Add directive to 'core/pch_jumbo.h' or rebuild precompiled header
11>c:\users\bryan\documents\github\prest\adjunct\m2\m2_jumbo.cpp(83): warning C4627: '#include "adjunct/m2/src/engine/store/store3.cpp"': skipped when looking for precompiled header use
11>          Add directive to 'core/pch_jumbo.h' or rebuild precompiled header
11>c:\users\bryan\documents\github\prest\adjunct\quick\quick_jumbo.cpp(147): warning C4627: '#include "adjunct/quick/hotlist/HotlistModel.cpp"': skipped when looking for precompiled header use
11>          Add directive to 'core/pch_jumbo.h' or rebuild precompiled header
11>c:\users\bryan\documents\github\prest\adjunct\quick_toolkit\quick_toolkit_jumbo.cpp(119): warning C4627: '#include "adjunct/quick_toolkit/widgets/OpWorkspace.cpp"': skipped when looking for precompiled header use
11>          Add directive to 'core/pch_jumbo.h' or rebuild precompiled header
11>c:\users\bryan\documents\github\prest\modules\ecmascript\es_carakan_jumbo.cpp(15): warning C4627: '#include "modules/ecmascript/carakan/src/ecma_pi.cpp"': skipped when looking for precompiled header use
11>          Add directive to 'core/pch_jumbo.h' or rebuild precompiled header
11>  encodings_jumbo.cpp
11>c:\users\bryan\documents\github\prest\modules\dom\dom_jumbo.cpp(19): warning C4627: '#include "modules/dom/src/domsuspendcallback.cpp"': skipped when looking for precompiled header use
11>          Add directive to 'core/pch_jumbo.h' or rebuild precompiled header
11>c:\users\bryan\documents\github\prest\modules\ecmascript\es_jsonlite_jumbo.cpp(15): warning C4627: '#include "modules/ecmascript/jsonlite/json_lexer.cpp"': skipped when looking for precompiled header use
11>          Add directive to 'core/pch_jumbo.h' or rebuild precompiled header
11>c:\users\bryan\documents\github\prest\modules\ecmascript\es_carakan_engine_jumbo.cpp(17): warning C4627: '#include "modules/ecmascript/carakan/src/builtins/es_date_builtins.cpp"': skipped when looking for precompiled header use
11>          Add directive to 'core/pch_jumbo.h' or rebuild precompiled header
11>c:\users\bryan\documents\github\prest\adjunct\m2\m2_jumbo.cpp(84): warning C4627: '#include "adjunct/m2/src/engine/store/storecache.cpp"': skipped when looking for precompiled header use
11>          Add directive to 'core/pch_jumbo.h' or rebuild precompiled header
11>c:\users\bryan\documents\github\prest\adjunct\quick_toolkit\quick_toolkit_jumbo.cpp(120): warning C4627: '#include "adjunct/quick_toolkit/widgets/QuickOpWidgetBase.cpp"': skipped when looking for precompiled header use
11>          Add directive to 'core/pch_jumbo.h' or rebuild precompiled header
11>c:\users\bryan\documents\github\prest\modules\ecmascript\es_structured_jumbo.cpp(15): warning C4627: '#include "modules/ecmascript/structured/es_persistent.cpp"': skipped when looking for precompiled header use
11>          Add directive to 'core/pch_jumbo.h' or rebuild precompiled header
11>c:\users\bryan\documents\github\prest\modules\display\display_jumbo.cpp(41): warning C4627: '#include "modules/display/vis_dev_radius_shadow.cpp"': skipped when looking for precompiled header use
11>          Add directive to 'core/pch_jumbo.h' or rebuild precompiled header
11>c:\users\bryan\documents\github\prest\adjunct\quick\quick_jumbo.cpp(148): warning C4627: '#include "adjunct/quick/hotlist/HotlistModelItem.cpp"': skipped when looking for precompiled header use
11>          Add directive to 'core/pch_jumbo.h' or rebuild precompiled header
11>c:\users\bryan\documents\github\prest\modules\ecmascript\es_carakan_jumbo.cpp(16): warning C4627: '#include "modules/ecmascript/carakan/src/ecmascript_manager.cpp"': skipped when looking for precompiled header use
11>          Add directive to 'core/pch_jumbo.h' or rebuild precompiled header
11>c:\users\bryan\documents\github\prest\modules\dom\dom_jumbo.cpp(20): warning C4627: '#include "modules/dom/src/domrestartobject.cpp"': skipped when looking for precompiled header use
11>          Add directive to 'core/pch_jumbo.h' or rebuild precompiled header
11>c:\users\bryan\documents\github\prest\modules\ecmascript\es_carakan_engine_jumbo.cpp(18): warning C4627: '#include "modules/ecmascript/carakan/src/builtins/es_error_builtins.cpp"': skipped when looking for precompiled header use
11>          Add directive to 'core/pch_jumbo.h' or rebuild precompiled header
11>c:\users\bryan\documents\github\prest\modules\ecmascript\es_jsonlite_jumbo.cpp(16): warning C4627: '#include "modules/ecmascript/jsonlite/json_parser.cpp"': skipped when looking for precompiled header use
11>          Add directive to 'core/pch_jumbo.h' or rebuild precompiled header
11>c:\users\bryan\documents\github\prest\adjunct\m2\m2_jumbo.cpp(85): warning C4627: '#include "adjunct/m2/src/engine/store/storereaders.cpp"': skipped when looking for precompiled header use
11>          Add directive to 'core/pch_jumbo.h' or rebuild precompiled header
11>c:\users\bryan\documents\github\prest\adjunct\quick_toolkit\quick_toolkit_jumbo.cpp(121): warning C4627: '#include "adjunct/quick_toolkit/widgets/QuickScrollContainer.cpp"': skipped when looking for precompiled header use
11>          Add directive to 'core/pch_jumbo.h' or rebuild precompiled header
11>c:\users\bryan\documents\github\prest\modules\ecmascript\es_structured_jumbo.cpp(16): fatal error C1010: unexpected end of file while looking for precompiled header. Did you forget to add '#include "core/pch_jumbo.h"' to your source?
11>c:\users\bryan\documents\github\prest\modules\display\display_jumbo.cpp(42): warning C4627: '#include "modules/display/vis_dev_spotlight.cpp"': skipped when looking for precompiled header use
11>          Add directive to 'core/pch_jumbo.h' or rebuild precompiled header
11>c:\users\bryan\documents\github\prest\adjunct\quick\quick_jumbo.cpp(149): warning C4627: '#include "adjunct/quick/hotlist/hotlistparser.cpp"': skipped when looking for precompiled header use
11>          Add directive to 'core/pch_jumbo.h' or rebuild precompiled header
11>c:\users\bryan\documents\github\prest\modules\ecmascript_utils\ecmascript_utils_jumbo.cpp(15): warning C4627: '#include "modules/ecmascript_utils/ecmascript_utils_module.cpp"': skipped when looking for precompiled header use
11>          Add directive to 'core/pch_jumbo.h' or rebuild precompiled header
11>c:\users\bryan\documents\github\prest\modules\ecmascript\es_carakan_jumbo.cpp(17): warning C4627: '#include "modules/ecmascript/carakan/src/ecmascript_module.cpp"': skipped when looking for precompiled header use
11>          Add directive to 'core/pch_jumbo.h' or rebuild precompiled header
11>c:\users\bryan\documents\github\prest\modules\dom\dom_jumbo.cpp(21): warning C4627: '#include "modules/dom/src/domapplicationcache/domapplicationcache.cpp"': skipped when looking for precompiled header use
11>          Add directive to 'core/pch_jumbo.h' or rebuild precompiled header
11>c:\users\bryan\documents\github\prest\adjunct\quick_toolkit\quick_toolkit_jumbo.cpp(122): warning C4627: '#include "adjunct/quick_toolkit/widgets/OpOverlay.cpp"': skipped when looking for precompiled header use
11>          Add directive to 'core/pch_jumbo.h' or rebuild precompiled header
11>c:\users\bryan\documents\github\prest\adjunct\m2\m2_jumbo.cpp(86): warning C4627: '#include "adjunct/m2/src/engine/store/storeupdater.cpp"': skipped when looking for precompiled header use
11>          Add directive to 'core/pch_jumbo.h' or rebuild precompiled header
11>c:\users\bryan\documents\github\prest\modules\ecmascript\es_jsonlite_jumbo.cpp(17): warning C4627: '#include "modules/ecmascript/jsonlite/json_serializer.cpp"': skipped when looking for precompiled header use
11>          Add directive to 'core/pch_jumbo.h' or rebuild precompiled header
11>c:\users\bryan\documents\github\prest\modules\ecmascript\es_carakan_engine_jumbo.cpp(19): warning C4627: '#include "modules/ecmascript/carakan/src/builtins/es_function_builtins.cpp"': skipped when looking for precompiled header use
11>          Add directive to 'core/pch_jumbo.h' or rebuild precompiled header
11>c:\users\bryan\documents\github\prest\modules\ecmascript\es_oppseudothread_jumbo.cpp(15): warning C4627: '#include "modules/ecmascript/oppseudothread/oppseudothread.cpp"': skipped when looking for precompiled header use
11>          Add directive to 'core/pch_jumbo.h' or rebuild precompiled header
11>c:\users\bryan\documents\github\prest\modules\display\display_jumbo.cpp(43): warning C4627: '#include "modules/display/vis_dev_transform.cpp"': skipped when looking for precompiled header use
11>          Add directive to 'core/pch_jumbo.h' or rebuild precompiled header
11>c:\users\bryan\documents\github\prest\modules\ecmascript_utils\ecmascript_utils_jumbo.cpp(16): warning C4627: '#include "modules/ecmascript_utils/esasyncif.cpp"': skipped when looking for precompiled header use
11>          Add directive to 'core/pch_jumbo.h' or rebuild precompiled header
11>c:\users\bryan\documents\github\prest\modules\ecmascript\es_carakan_jumbo.cpp(18): warning C4627: '#include "modules/ecmascript/carakan/src/ecmascript_object.cpp"': skipped when looking for precompiled header use
11>          Add directive to 'core/pch_jumbo.h' or rebuild precompiled header
11>c:\users\bryan\documents\github\prest\adjunct\quick\quick_jumbo.cpp(150): warning C4627: '#include "adjunct/quick/managers/AutoUpdateManager.cpp"': skipped when looking for precompiled header use
11>          Add directive to 'core/pch_jumbo.h' or rebuild precompiled header
11>c:\users\bryan\documents\github\prest\adjunct\quick_toolkit\quick_toolkit_jumbo.cpp(123): warning C4627: '#include "adjunct/quick_toolkit/widgets/state/WidgetStateListener.cpp"': skipped when looking for precompiled header use
11>          Add directive to 'core/pch_jumbo.h' or rebuild precompiled header
11>c:\users\bryan\documents\github\prest\modules\dom\dom_jumbo.cpp(22): warning C4627: '#include "modules/dom/src/domasynccallback.cpp"': skipped when looking for precompiled header use
11>          Add directive to 'core/pch_jumbo.h' or rebuild precompiled header
11>c:\users\bryan\documents\github\prest\modules\encodings\encodings_jumbo.cpp(15): warning C4627: '#include "modules/encodings/decoders/big5-decoder.cpp"': skipped when looking for precompiled header use
11>          Add directive to 'core/pch_jumbo.h' or rebuild precompiled header
11>c:\users\bryan\documents\github\prest\modules\ecmascript\es_jsonlite_jumbo.cpp(18): fatal error C1010: unexpected end of file while looking for precompiled header. Did you forget to add '#include "core/pch_jumbo.h"' to your source?
11>c:\users\bryan\documents\github\prest\modules\ecmascript\es_carakan_engine_jumbo.cpp(20): warning C4627: '#include "modules/ecmascript/carakan/src/builtins/es_global_builtins.cpp"': skipped when looking for precompiled header use
11>          Add directive to 'core/pch_jumbo.h' or rebuild precompiled header
11>  externalssl_jumbo.cpp
11>c:\users\bryan\documents\github\prest\adjunct\m2\m2_jumbo.cpp(87): warning C4627: '#include "adjunct/m2/src/import/AppleMailImporter.cpp"': skipped when looking for precompiled header use
11>          Add directive to 'core/pch_jumbo.h' or rebuild precompiled header
11>c:\users\bryan\documents\github\prest\modules\ecmascript_utils\ecmascript_utils_jumbo.cpp(17): warning C4627: '#include "modules/ecmascript_utils/esdebugger.cpp"': skipped when looking for precompiled header use
11>          Add directive to 'core/pch_jumbo.h' or rebuild precompiled header
11>c:\users\bryan\documents\github\prest\modules\ecmascript\es_oppseudothread_jumbo.cpp(16): warning C4627: '#include "modules/ecmascript/oppseudothread/oppseudothread_threaded.cpp"': skipped when looking for precompiled header use
11>          Add directive to 'core/pch_jumbo.h' or rebuild precompiled header
11>c:\users\bryan\documents\github\prest\modules\ecmascript\es_carakan_jumbo.cpp(19): warning C4627: '#include "modules/ecmascript/carakan/src/ecmascript_runtime.cpp"': skipped when looking for precompiled header use
11>          Add directive to 'core/pch_jumbo.h' or rebuild precompiled header
11>c:\users\bryan\documents\github\prest\modules\display\display_jumbo.cpp(44): warning C4627: '#include "modules/display/alphabitmap_painter.cpp"': skipped when looking for precompiled header use
11>          Add directive to 'core/pch_jumbo.h' or rebuild precompiled header
11>c:\users\bryan\documents\github\prest\adjunct\quick\quick_jumbo.cpp(151): warning C4627: '#include "adjunct/quick/managers/DesktopBookmarkManager.cpp"': skipped when looking for precompiled header use
11>          Add directive to 'core/pch_jumbo.h' or rebuild precompiled header
11>c:\users\bryan\documents\github\prest\adjunct\quick_toolkit\quick_toolkit_jumbo.cpp(124): warning C4627: '#include "adjunct/quick_toolkit/widgets/state/WidgetStateModifier.cpp"': skipped when looking for precompiled header use
11>          Add directive to 'core/pch_jumbo.h' or rebuild precompiled header
11>c:\users\bryan\documents\github\prest\modules\dom\dom_jumbo.cpp(23): warning C4627: '#include "modules/dom/src/domcallstate.cpp"': skipped when looking for precompiled header use
11>          Add directive to 'core/pch_jumbo.h' or rebuild precompiled header
11>c:\users\bryan\documents\github\prest\modules\encodings\encodings_jumbo.cpp(16): warning C4627: '#include "modules/encodings/decoders/big5hkscs-decoder.cpp"': skipped when looking for precompiled header use
11>          Add directive to 'core/pch_jumbo.h' or rebuild precompiled header
11>c:\users\bryan\documents\github\prest\modules\ecmascript\es_carakan_engine_jumbo.cpp(21): warning C4627: '#include "modules/ecmascript/carakan/src/builtins/es_debug_builtins.cpp"': skipped when looking for precompiled header use
11>          Add directive to 'core/pch_jumbo.h' or rebuild precompiled header
11>c:\users\bryan\documents\github\prest\adjunct\m2\m2_jumbo.cpp(88): warning C4627: '#include "adjunct/m2/src/import/EudoraImporter.cpp"': skipped when looking for precompiled header use
11>          Add directive to 'core/pch_jumbo.h' or rebuild precompiled header
11>c:\users\bryan\documents\github\prest\modules\ecmascript_utils\ecmascript_utils_jumbo.cpp(18): warning C4627: '#include "modules/ecmascript_utils/esenginedebugger.cpp"': skipped when looking for precompiled header use
11>          Add directive to 'core/pch_jumbo.h' or rebuild precompiled header
11>c:\users\bryan\documents\github\prest\modules\ecmascript\es_carakan_jumbo.cpp(20): warning C4627: '#include "modules/ecmascript/carakan/src/es_program_cache.cpp"': skipped when looking for precompiled header use
11>          Add directive to 'core/pch_jumbo.h' or rebuild precompiled header
11>c:\users\bryan\documents\github\prest\modules\display\display_jumbo.cpp(45): warning C4627: '#include "modules/display/azfixpoint.cpp"': skipped when looking for precompiled header use
11>          Add directive to 'core/pch_jumbo.h' or rebuild precompiled header
11>c:\users\bryan\documents\github\prest\modules\ecmascript\es_oppseudothread_jumbo.cpp(17): warning C4627: '#include "modules/ecmascript/oppseudothread/oppseudothread_pthreads.cpp"': skipped when looking for precompiled header use
11>          Add directive to 'core/pch_jumbo.h' or rebuild precompiled header
11>c:\users\bryan\documents\github\prest\adjunct\quick_toolkit\quick_toolkit_jumbo.cpp(125): warning C4627: '#include "adjunct/quick_toolkit/widgets/TreeViewWindow.cpp"': skipped when looking for precompiled header use
11>          Add directive to 'core/pch_jumbo.h' or rebuild precompiled header
11>c:\users\bryan\documents\github\prest\adjunct\quick\quick_jumbo.cpp(152): warning C4627: '#include "adjunct/quick/managers/DesktopClipboardManager.cpp"': skipped when looking for precompiled header use
11>          Add directive to 'core/pch_jumbo.h' or rebuild precompiled header
11>  formats_jumbo.cpp
11>c:\users\bryan\documents\github\prest\modules\dom\dom_jumbo.cpp(24): warning C4627: '#include "modules/dom/src/domjil/domjiladdressbookitem.cpp"': skipped when looking for precompiled header use
11>          Add directive to 'core/pch_jumbo.h' or rebuild precompiled header
11>c:\users\bryan\documents\github\prest\modules\encodings\encodings_jumbo.cpp(17): warning C4627: '#include "modules/encodings/decoders/dbcs-decoder.cpp"': skipped when looking for precompiled header use
11>          Add directive to 'core/pch_jumbo.h' or rebuild precompiled header
11>c:\users\bryan\documents\github\prest\modules\ecmascript\es_carakan_engine_jumbo.cpp(22): warning C4627: '#include "modules/ecmascript/carakan/src/builtins/es_json_export.cpp"': skipped when looking for precompiled header use
11>          Add directive to 'core/pch_jumbo.h' or rebuild precompiled header
11>c:\users\bryan\documents\github\prest\modules\ecmascript\es_carakan_jumbo.cpp(21): warning C4627: '#include "modules/ecmascript/carakan/src/es_currenturl.cpp"': skipped when looking for precompiled header use
11>          Add directive to 'core/pch_jumbo.h' or rebuild precompiled header
11>c:\users\bryan\documents\github\prest\modules\ecmascript_utils\ecmascript_utils_jumbo.cpp(19): warning C4627: '#include "modules/ecmascript_utils/esenvironment.cpp"': skipped when looking for precompiled header use
11>          Add directive to 'core/pch_jumbo.h' or rebuild precompiled header
11>c:\users\bryan\documents\github\prest\adjunct\m2\m2_jumbo.cpp(89): warning C4627: '#include "adjunct/m2/src/import/ImportFactory.cpp"': skipped when looking for precompiled header use
11>          Add directive to 'core/pch_jumbo.h' or rebuild precompiled header
11>c:\users\bryan\documents\github\prest\modules\display\display_jumbo.cpp(46): warning C4627: '#include "modules/display/webfont_manager.cpp"': skipped when looking for precompiled header use
11>          Add directive to 'core/pch_jumbo.h' or rebuild precompiled header
11>c:\users\bryan\documents\github\prest\adjunct\quick_toolkit\quick_toolkit_jumbo.cpp(126): warning C4627: '#include "adjunct/quick_toolkit/widgets/WidgetCreator.cpp"': skipped when looking for precompiled header use
11>          Add directive to 'core/pch_jumbo.h' or rebuild precompiled header
11>c:\users\bryan\documents\github\prest\modules\ecmascript\es_oppseudothread_jumbo.cpp(18): warning C4627: '#include "modules/ecmascript/oppseudothread/oppseudothread_win32.cpp"': skipped when looking for precompiled header use
11>          Add directive to 'core/pch_jumbo.h' or rebuild precompiled header
11>c:\users\bryan\documents\github\prest\adjunct\quick\quick_jumbo.cpp(153): warning C4627: '#include "adjunct/quick/managers/DesktopExtensionsManager.cpp"': skipped when looking for precompiled header use
11>          Add directive to 'core/pch_jumbo.h' or rebuild precompiled header
11>c:\users\bryan\documents\github\prest\modules\dom\dom_jumbo.cpp(25): warning C4627: '#include "modules/dom/src/domjil/domjilcalendaritem.cpp"': skipped when looking for precompiled header use
11>          Add directive to 'core/pch_jumbo.h' or rebuild precompiled header
11>c:\users\bryan\documents\github\prest\modules\encodings\encodings_jumbo.cpp(18): warning C4627: '#include "modules/encodings/decoders/euc-jp-decoder.cpp"': skipped when looking for precompiled header use
11>          Add directive to 'core/pch_jumbo.h' or rebuild precompiled header
11>c:\users\bryan\documents\github\prest\modules\ecmascript\es_carakan_jumbo.cpp(22): fatal error C1010: unexpected end of file while looking for precompiled header. Did you forget to add '#include "core/pch_jumbo.h"' to your source?
11>c:\users\bryan\documents\github\prest\modules\ecmascript\es_carakan_engine_jumbo.cpp(23): warning C4627: '#include "modules/ecmascript/carakan/src/builtins/es_json_import.cpp"': skipped when looking for precompiled header use
11>          Add directive to 'core/pch_jumbo.h' or rebuild precompiled header
11>c:\users\bryan\documents\github\prest\modules\ecmascript_utils\ecmascript_utils_jumbo.cpp(20): warning C4627: '#include "modules/ecmascript_utils/esloadman.cpp"': skipped when looking for precompiled header use
11>          Add directive to 'core/pch_jumbo.h' or rebuild precompiled header
11>c:\users\bryan\documents\github\prest\adjunct\m2\m2_jumbo.cpp(90): warning C4627: '#include "adjunct/m2/src/import/ImporterModel.cpp"': skipped when looking for precompiled header use
11>          Add directive to 'core/pch_jumbo.h' or rebuild precompiled header
11>c:\users\bryan\documents\github\prest\adjunct\quick_toolkit\quick_toolkit_jumbo.cpp(127): warning C4627: '#include "adjunct/quick_toolkit/widgets/WidgetTypeMapping.cpp"': skipped when looking for precompiled header use
11>          Add directive to 'core/pch_jumbo.h' or rebuild precompiled header
11>c:\users\bryan\documents\github\prest\modules\ecmascript\es_oppseudothread_jumbo.cpp(19): fatal error C1010: unexpected end of file while looking for precompiled header. Did you forget to add '#include "core/pch_jumbo.h"' to your source?
11>c:\users\bryan\documents\github\prest\modules\display\display_jumbo.cpp(47): warning C4627: '#include "modules/display/woff.cpp"': skipped when looking for precompiled header use
11>          Add directive to 'core/pch_jumbo.h' or rebuild precompiled header
11>c:\users\bryan\documents\github\prest\adjunct\quick\quick_jumbo.cpp(154): warning C4627: '#include "adjunct/quick/managers/DesktopCookieManager.cpp"': skipped when looking for precompiled header use
11>          Add directive to 'core/pch_jumbo.h' or rebuild precompiled header
11>c:\users\bryan\documents\github\prest\modules\dom\dom_jumbo.cpp(26): warning C4627: '#include "modules/dom/src/domjil/domjilaccelerometerinfo.cpp"': skipped when looking for precompiled header use
11>          Add directive to 'core/pch_jumbo.h' or rebuild precompiled header
11>c:\users\bryan\documents\github\prest\modules\encodings\encodings_jumbo.cpp(19): warning C4627: '#include "modules/encodings/decoders/euc-kr-decoder.cpp"': skipped when looking for precompiled header use
11>          Add directive to 'core/pch_jumbo.h' or rebuild precompiled header
11>c:\users\bryan\documents\github\prest\modules\ecmascript\es_carakan_engine_jumbo.cpp(24): warning C4627: '#include "modules/ecmascript/carakan/src/builtins/es_math_builtins.cpp"': skipped when looking for precompiled header use
11>          Add directive to 'core/pch_jumbo.h' or rebuild precompiled header
11>c:\users\bryan\documents\github\prest\modules\ecmascript_utils\ecmascript_utils_jumbo.cpp(21): warning C4627: '#include "modules/ecmascript_utils/esobjman.cpp"': skipped when looking for precompiled header use
11>          Add directive to 'core/pch_jumbo.h' or rebuild precompiled header
11>c:\users\bryan\documents\github\prest\adjunct\quick_toolkit\quick_toolkit_jumbo.cpp(128): warning C4627: '#include "adjunct/quick_toolkit/windows/DesktopWindow.cpp"': skipped when looking for precompiled header use
11>          Add directive to 'core/pch_jumbo.h' or rebuild precompiled header
11>c:\users\bryan\documents\github\prest\adjunct\m2\m2_jumbo.cpp(91): warning C4627: '#include "adjunct/m2/src/import/MboxImporter.cpp"': skipped when looking for precompiled header use
11>          Add directive to 'core/pch_jumbo.h' or rebuild precompiled header
11>c:\users\bryan\documents\github\prest\modules\display\display_jumbo.cpp(48): warning C4627: '#include "modules/display/writingsystemheuristic.cpp"': skipped when looking for precompiled header use
11>          Add directive to 'core/pch_jumbo.h' or rebuild precompiled header
11>c:\users\bryan\documents\github\prest\modules\dom\dom_jumbo.cpp(27): warning C4627: '#include "modules/dom/src/domjil/domjilaccountinfo.cpp"': skipped when looking for precompiled header use
11>          Add directive to 'core/pch_jumbo.h' or rebuild precompiled header
11>c:\users\bryan\documents\github\prest\adjunct\quick\quick_jumbo.cpp(155): warning C4627: '#include "adjunct/quick/managers/DesktopGadgetManager.cpp"': skipped when looking for precompiled header use
11>          Add directive to 'core/pch_jumbo.h' or rebuild precompiled header
11>c:\users\bryan\documents\github\prest\modules\encodings\encodings_jumbo.cpp(20): warning C4627: '#include "modules/encodings/decoders/euc-tw-decoder.cpp"': skipped when looking for precompiled header use
11>          Add directive to 'core/pch_jumbo.h' or rebuild precompiled header
11>c:\users\bryan\documents\github\prest\adjunct\quick_toolkit\quick_toolkit_jumbo.cpp(129): fatal error C1010: unexpected end of file while looking for precompiled header. Did you forget to add '#include "core/pch_jumbo.h"' to your source?
11>c:\users\bryan\documents\github\prest\modules\ecmascript\es_carakan_engine_jumbo.cpp(25): warning C4627: '#include "modules/ecmascript/carakan/src/builtins/es_number_builtins.cpp"': skipped when looking for precompiled header use
11>          Add directive to 'core/pch_jumbo.h' or rebuild precompiled header
11>c:\users\bryan\documents\github\prest\modules\ecmascript_utils\ecmascript_utils_jumbo.cpp(22): warning C4627: '#include "modules/ecmascript_utils/esremotedebugger.cpp"': skipped when looking for precompiled header use
11>          Add directive to 'core/pch_jumbo.h' or rebuild precompiled header
11>c:\users\bryan\documents\github\prest\modules\display\display_jumbo.cpp(49): warning C4627: '#include "modules/display/opscreenpropertiescache.cpp"': skipped when looking for precompiled header use
11>          Add directive to 'core/pch_jumbo.h' or rebuild precompiled header
11>c:\users\bryan\documents\github\prest\adjunct\m2\m2_jumbo.cpp(92): warning C4627: '#include "adjunct/m2/src/import/M1_Prefs.cpp"': skipped when looking for precompiled header use
11>          Add directive to 'core/pch_jumbo.h' or rebuild precompiled header
11>  forms_jumbo.cpp
11>c:\users\bryan\documents\github\prest\modules\dom\dom_jumbo.cpp(28): warning C4627: '#include "modules/dom/src/domjil/domjilattachment.cpp"': skipped when looking for precompiled header use
11>          Add directive to 'core/pch_jumbo.h' or rebuild precompiled header
11>c:\users\bryan\documents\github\prest\adjunct\quick\quick_jumbo.cpp(156): warning C4627: '#include "adjunct/quick/managers/DesktopSecurityManager.cpp"': skipped when looking for precompiled header use
11>          Add directive to 'core/pch_jumbo.h' or rebuild precompiled header
11>  gadgets_jumbo.cpp
11>c:\users\bryan\documents\github\prest\modules\ecmascript_utils\ecmascript_utils_jumbo.cpp(23): warning C4627: '#include "modules/ecmascript_utils/esremotemessageparts.cpp"': skipped when looking for precompiled header use
11>          Add directive to 'core/pch_jumbo.h' or rebuild precompiled header
11>c:\users\bryan\documents\github\prest\modules\ecmascript\es_carakan_engine_jumbo.cpp(26): warning C4627: '#include "modules/ecmascript/carakan/src/builtins/es_object_builtins.cpp"': skipped when looking for precompiled header use
11>          Add directive to 'core/pch_jumbo.h' or rebuild precompiled header
11>c:\users\bryan\documents\github\prest\modules\encodings\encodings_jumbo.cpp(21): warning C4627: '#include "modules/encodings/decoders/gbk-decoder.cpp"': skipped when looking for precompiled header use
11>          Add directive to 'core/pch_jumbo.h' or rebuild precompiled header
11>c:\users\bryan\documents\github\prest\modules\display\display_jumbo.cpp(50): fatal error C1010: unexpected end of file while looking for precompiled header. Did you forget to add '#include "core/pch_jumbo.h"' to your source?
11>  geolocation_jumbo.cpp
11>c:\users\bryan\documents\github\prest\adjunct\m2\m2_jumbo.cpp(93): warning C4627: '#include "adjunct/m2/src/import/NetscapeImporter.cpp"': skipped when looking for precompiled header use
11>          Add directive to 'core/pch_jumbo.h' or rebuild precompiled header
11>c:\users\bryan\documents\github\prest\modules\dom\dom_jumbo.cpp(29): warning C4627: '#include "modules/dom/src/domjil/domjilaudioplayer.cpp"': skipped when looking for precompiled header use
11>          Add directive to 'core/pch_jumbo.h' or rebuild precompiled header
11>c:\users\bryan\documents\github\prest\modules\ecmascript_utils\ecmascript_utils_jumbo.cpp(24): warning C4627: '#include "modules/ecmascript_utils/esprofiler.cpp"': skipped when looking for precompiled header use
11>          Add directive to 'core/pch_jumbo.h' or rebuild precompiled header
11>c:\users\bryan\documents\github\prest\adjunct\quick\quick_jumbo.cpp(157): warning C4627: '#include "adjunct/quick/managers/DesktopTransferManager.cpp"': skipped when looking for precompiled header use
11>          Add directive to 'core/pch_jumbo.h' or rebuild precompiled header
11>c:\users\bryan\documents\github\prest\modules\ecmascript\es_carakan_engine_jumbo.cpp(27): warning C4627: '#include "modules/ecmascript/carakan/src/builtins/es_regexp_builtins.cpp"': skipped when looking for precompiled header use
11>          Add directive to 'core/pch_jumbo.h' or rebuild precompiled header
11>c:\users\bryan\documents\github\prest\modules\encodings\encodings_jumbo.cpp(22): warning C4627: '#include "modules/encodings/decoders/hz-decoder.cpp"': skipped when looking for precompiled header use
11>          Add directive to 'core/pch_jumbo.h' or rebuild precompiled header
11>c:\users\bryan\documents\github\prest\modules\externalssl\externalssl_jumbo.cpp(15): warning C4627: '#include "modules/externalssl/externalssl_com.cpp"': skipped when looking for precompiled header use
11>          Add directive to 'core/pch_jumbo.h' or rebuild precompiled header
11>c:\users\bryan\documents\github\prest\adjunct\m2\m2_jumbo.cpp(94): warning C4627: '#include "adjunct/m2/src/import/Opera7Importer.cpp"': skipped when looking for precompiled header use
11>          Add directive to 'core/pch_jumbo.h' or rebuild precompiled header
11>c:\users\bryan\documents\github\prest\modules\dom\dom_jumbo.cpp(30): warning C4627: '#include "modules/dom/src/domjil/domjilcamera.cpp"': skipped when looking for precompiled header use
11>          Add directive to 'core/pch_jumbo.h' or rebuild precompiled header
11>c:\users\bryan\documents\github\prest\modules\ecmascript_utils\ecmascript_utils_jumbo.cpp(25): warning C4627: '#include "modules/ecmascript_utils/essched.cpp"': skipped when looking for precompiled header use
11>          Add directive to 'core/pch_jumbo.h' or rebuild precompiled header
11>c:\users\bryan\documents\github\prest\adjunct\quick\quick_jumbo.cpp(158): warning C4627: '#include "adjunct/quick/managers/DownloadManagerManager.cpp"': skipped when looking for precompiled header use
11>          Add directive to 'core/pch_jumbo.h' or rebuild precompiled header
11>c:\users\bryan\documents\github\prest\modules\ecmascript\es_carakan_engine_jumbo.cpp(28): warning C4627: '#include "modules/ecmascript/carakan/src/builtins/es_string_builtins.cpp"': skipped when looking for precompiled header use
11>          Add directive to 'core/pch_jumbo.h' or rebuild precompiled header
11>c:\users\bryan\documents\github\prest\modules\encodings\encodings_jumbo.cpp(23): warning C4627: '#include "modules/encodings/decoders/identityconverter.cpp"': skipped when looking for precompiled header use
11>          Add directive to 'core/pch_jumbo.h' or rebuild precompiled header
11>c:\users\bryan\documents\github\prest\adjunct\m2\m2_jumbo.cpp(95): warning C4627: '#include "adjunct/m2/src/import/OperaImporter.cpp"': skipped when looking for precompiled header use
11>          Add directive to 'core/pch_jumbo.h' or rebuild precompiled header
11>c:\users\bryan\documents\github\prest\modules\ecmascript_utils\ecmascript_utils_jumbo.cpp(26): warning C4627: '#include "modules/ecmascript_utils/essyncif.cpp"': skipped when looking for precompiled header use
11>          Add directive to 'core/pch_jumbo.h' or rebuild precompiled header
11>c:\users\bryan\documents\github\prest\modules\externalssl\externalssl_jumbo.cpp(16): warning C4627: '#include "modules/externalssl/externalssl_displaycontext.cpp"': skipped when looking for precompiled header use
11>          Add directive to 'core/pch_jumbo.h' or rebuild precompiled header
11>c:\users\bryan\documents\github\prest\adjunct\quick\quick_jumbo.cpp(159): warning C4627: '#include "adjunct/quick/managers/FavIconManager.cpp"': skipped when looking for precompiled header use
11>          Add directive to 'core/pch_jumbo.h' or rebuild precompiled header
11>c:\users\bryan\documents\github\prest\modules\dom\dom_jumbo.cpp(31): warning C4627: '#include "modules/dom/src/domjil/domjilcallrecord.cpp"': skipped when looking for precompiled header use
11>          Add directive to 'core/pch_jumbo.h' or rebuild precompiled header
11>c:\users\bryan\documents\github\prest\modules\ecmascript\es_carakan_engine_jumbo.cpp(29): warning C4627: '#include "modules/ecmascript/carakan/src/builtins/es_typedarray_builtins.cpp"': skipped when looking for precompiled header use
11>          Add directive to 'core/pch_jumbo.h' or rebuild precompiled header
11>c:\users\bryan\documents\github\prest\modules\encodings\encodings_jumbo.cpp(24): warning C4627: '#include "modules/encodings/decoders/inputconverter.cpp"': skipped when looking for precompiled header use
11>          Add directive to 'core/pch_jumbo.h' or rebuild precompiled header
11>c:\users\bryan\documents\github\prest\adjunct\m2\m2_jumbo.cpp(96): warning C4627: '#include "adjunct/m2/src/import/OutlookExpressImporter.cpp"': skipped when looking for precompiled header use
11>          Add directive to 'core/pch_jumbo.h' or rebuild precompiled header
11>c:\users\bryan\documents\github\prest\modules\ecmascript_utils\ecmascript_utils_jumbo.cpp(27): warning C4627: '#include "modules/ecmascript_utils/esterm.cpp"': skipped when looking for precompiled header use
11>          Add directive to 'core/pch_jumbo.h' or rebuild precompiled header
11>c:\users\bryan\documents\github\prest\modules\externalssl\externalssl_jumbo.cpp(17): warning C4627: '#include "modules/externalssl/externalssl_module.cpp"': skipped when looking for precompiled header use
11>          Add directive to 'core/pch_jumbo.h' or rebuild precompiled header
11>c:\users\bryan\documents\github\prest\modules\formats\formats_jumbo.cpp(15): warning C4627: '#include "modules/formats/hex_converter.cpp"': skipped when looking for precompiled header use
11>          Add directive to 'core/pch_jumbo.h' or rebuild precompiled header
11>c:\users\bryan\documents\github\prest\adjunct\quick\quick_jumbo.cpp(160): warning C4627: '#include "adjunct/quick/managers/FeatureManager.cpp"': skipped when looking for precompiled header use
11>          Add directive to 'core/pch_jumbo.h' or rebuild precompiled header
11>c:\users\bryan\documents\github\prest\modules\dom\dom_jumbo.cpp(32): warning C4627: '#include "modules/dom/src/domjil/domjilcallrecordtypes.cpp"': skipped when looking for precompiled header use
11>          Add directive to 'core/pch_jumbo.h' or rebuild precompiled header
11>c:\users\bryan\documents\github\prest\modules\ecmascript\es_carakan_engine_jumbo.cpp(30): warning C4627: '#include "modules/ecmascript/carakan/src/compiler/es_analyzer.cpp"': skipped when looking for precompiled header use
11>          Add directive to 'core/pch_jumbo.h' or rebuild precompiled header
11>c:\users\bryan\documents\github\prest\modules\ecmascript_utils\ecmascript_utils_jumbo.cpp(28): warning C4627: '#include "modules/ecmascript_utils/esthread.cpp"': skipped when looking for precompiled header use
11>          Add directive to 'core/pch_jumbo.h' or rebuild precompiled header
11>c:\users\bryan\documents\github\prest\adjunct\m2\m2_jumbo.cpp(97): warning C4627: '#include "adjunct/m2/src/import/OutlookImporter.cpp"': skipped when looking for precompiled header use
11>          Add directive to 'core/pch_jumbo.h' or rebuild precompiled header
11>c:\users\bryan\documents\github\prest\modules\encodings\encodings_jumbo.cpp(25): warning C4627: '#include "modules/encodings/decoders/iso-2022-cn-decoder.cpp"': skipped when looking for precompiled header use
11>          Add directive to 'core/pch_jumbo.h' or rebuild precompiled header
11>c:\users\bryan\documents\github\prest\modules\externalssl\externalssl_jumbo.cpp(18): warning C4627: '#include "modules/externalssl/externalssl.cpp"': skipped when looking for precompiled header use
11>          Add directive to 'core/pch_jumbo.h' or rebuild precompiled header
11>c:\users\bryan\documents\github\prest\modules\formats\formats_jumbo.cpp(16): warning C4627: '#include "modules/formats/argsplit.cpp"': skipped when looking for precompiled header use
11>          Add directive to 'core/pch_jumbo.h' or rebuild precompiled header
13>  g_proto_descriptor_ns4plugins_messages.cpp
11>c:\users\bryan\documents\github\prest\modules\forms\forms_jumbo.cpp(15): warning C4627: '#include "modules/forms/selftest/testhelpers.cpp"': skipped when looking for precompiled header use
11>          Add directive to 'core/pch_jumbo.h' or rebuild precompiled header
11>c:\users\bryan\documents\github\prest\adjunct\quick\quick_jumbo.cpp(161): warning C4627: '#include "adjunct/quick/managers/FindTextManager.cpp"': skipped when looking for precompiled header use
11>          Add directive to 'core/pch_jumbo.h' or rebuild precompiled header
11>c:\users\bryan\documents\github\prest\modules\dom\dom_jumbo.cpp(33): warning C4627: '#include "modules/dom/src/domjil/domjilconfig.cpp"': skipped when looking for precompiled header use
11>          Add directive to 'core/pch_jumbo.h' or rebuild precompiled header
11>c:\users\bryan\documents\github\prest\modules\ecmascript_utils\ecmascript_utils_jumbo.cpp(29): warning C4627: '#include "modules/ecmascript_utils/estimermanager.cpp"': skipped when looking for precompiled header use
11>          Add directive to 'core/pch_jumbo.h' or rebuild precompiled header
11>c:\users\bryan\documents\github\prest\adjunct\m2\m2_jumbo.cpp(98): warning C4627: '#include "adjunct/m2/src/import/WindowsMailImporter.cpp"': skipped when looking for precompiled header use
11>          Add directive to 'core/pch_jumbo.h' or rebuild precompiled header
11>c:\users\bryan\documents\github\prest\modules\ecmascript\es_carakan_engine_jumbo.cpp(31): warning C4627: '#include "modules/ecmascript/carakan/src/compiler/es_compiler.cpp"': skipped when looking for precompiled header use
11>          Add directive to 'core/pch_jumbo.h' or rebuild precompiled header
11>c:\users\bryan\documents\github\prest\modules\encodings\encodings_jumbo.cpp(26): warning C4627: '#include "modules/encodings/decoders/iso-2022-jp-decoder.cpp"': skipped when looking for precompiled header use
11>          Add directive to 'core/pch_jumbo.h' or rebuild precompiled header
11>c:\users\bryan\documents\github\prest\modules\formats\formats_jumbo.cpp(17): warning C4627: '#include "modules/formats/base64_decode.cpp"': skipped when looking for precompiled header use
11>          Add directive to 'core/pch_jumbo.h' or rebuild precompiled header
11>c:\users\bryan\documents\github\prest\modules\forms\forms_jumbo.cpp(16): warning C4627: '#include "modules/forms/src/form.cpp"': skipped when looking for precompiled header use
11>          Add directive to 'core/pch_jumbo.h' or rebuild precompiled header
11>c:\users\bryan\documents\github\prest\modules\geolocation\geolocation_jumbo.cpp(15): warning C4627: '#include "modules/geolocation/src/geolocation_module.cpp"': skipped when looking for precompiled header use
11>          Add directive to 'core/pch_jumbo.h' or rebuild precompiled header
11>c:\users\bryan\documents\github\prest\modules\gadgets\gadgets_jumbo.cpp(15): warning C4627: '#include "modules/gadgets/gadgets_module.cpp"': skipped when looking for precompiled header use
11>          Add directive to 'core/pch_jumbo.h' or rebuild precompiled header
11>c:\users\bryan\documents\github\prest\modules\externalssl\externalssl_jumbo.cpp(19): warning C4627: '#include "modules/externalssl/src/openssl_impl/CryptoExternalApiManager.cpp"': skipped when looking for precompiled header use
11>          Add directive to 'core/pch_jumbo.h' or rebuild precompiled header
11>c:\users\bryan\documents\github\prest\adjunct\quick\quick_jumbo.cpp(162): warning C4627: '#include "adjunct/quick/managers/KioskManager.cpp"': skipped when looking for precompiled header use
11>          Add directive to 'core/pch_jumbo.h' or rebuild precompiled header
11>c:\users\bryan\documents\github\prest\modules\dom\dom_jumbo.cpp(34): warning C4627: '#include "modules/dom/src/domjil/domjildatanetworkinfo.cpp"': skipped when looking for precompiled header use
11>          Add directive to 'core/pch_jumbo.h' or rebuild precompiled header
11>c:\users\bryan\documents\github\prest\modules\ecmascript_utils\ecmascript_utils_jumbo.cpp(30): warning C4627: '#include "modules/ecmascript_utils/estimerevent.cpp"': skipped when looking for precompiled header use
11>          Add directive to 'core/pch_jumbo.h' or rebuild precompiled header
11>c:\users\bryan\documents\github\prest\adjunct\m2\m2_jumbo.cpp(99): warning C4627: '#include "adjunct/m2/src/import/importer.cpp"': skipped when looking for precompiled header use
11>          Add directive to 'core/pch_jumbo.h' or rebuild precompiled header
11>c:\users\bryan\documents\github\prest\modules\ecmascript\es_carakan_engine_jumbo.cpp(32): warning C4627: '#include "modules/ecmascript/carakan/src/compiler/es_compiler_expr.cpp"': skipped when looking for precompiled header use
11>          Add directive to 'core/pch_jumbo.h' or rebuild precompiled header
11>c:\users\bryan\documents\github\prest\modules\encodings\encodings_jumbo.cpp(27): warning C4627: '#include "modules/encodings/decoders/iso-8859-1-decoder.cpp"': skipped when looking for precompiled header use
11>          Add directive to 'core/pch_jumbo.h' or rebuild precompiled header
11>c:\users\bryan\documents\github\prest\modules\forms\forms_jumbo.cpp(17): warning C4627: '#include "modules/forms/src/form_his.cpp"': skipped when looking for precompiled header use
11>          Add directive to 'core/pch_jumbo.h' or rebuild precompiled header
11>c:\users\bryan\documents\github\prest\modules\geolocation\geolocation_jumbo.cpp(16): warning C4627: '#include "modules/geolocation/src/geo_google2011_network_api.cpp"': skipped when looking for precompiled header use
11>          Add directive to 'core/pch_jumbo.h' or rebuild precompiled header
11>c:\users\bryan\documents\github\prest\modules\formats\formats_jumbo.cpp(18): warning C4627: '#include "modules/formats/encoder.cpp"': skipped when looking for precompiled header use
11>          Add directive to 'core/pch_jumbo.h' or rebuild precompiled header
11>c:\users\bryan\documents\github\prest\modules\gadgets\gadgets_jumbo.cpp(16): warning C4627: '#include "modules/gadgets/gadget_utils.cpp"': skipped when looking for precompiled header use
11>          Add directive to 'core/pch_jumbo.h' or rebuild precompiled header
11>c:\users\bryan\documents\github\prest\modules\externalssl\externalssl_jumbo.cpp(20): warning C4627: '#include "modules/externalssl/src/openssl_impl/ExternalSSLLibrary.cpp"': skipped when looking for precompiled header use
11>          Add directive to 'core/pch_jumbo.h' or rebuild precompiled header
11>c:\users\bryan\documents\github\prest\modules\dom\dom_jumbo.cpp(35): warning C4627: '#include "modules/dom/src/domjil/domjildevice.cpp"': skipped when looking for precompiled header use
11>          Add directive to 'core/pch_jumbo.h' or rebuild precompiled header
11>c:\users\bryan\documents\github\prest\adjunct\quick\quick_jumbo.cpp(163): warning C4627: '#include "adjunct/quick/managers/LaunchManager.cpp"': skipped when looking for precompiled header use
11>          Add directive to 'core/pch_jumbo.h' or rebuild precompiled header
11>c:\users\bryan\documents\github\prest\modules\ecmascript_utils\ecmascript_utils_jumbo.cpp(31): warning C4627: '#include "modules/ecmascript_utils/esutils.cpp"': skipped when looking for precompiled header use
11>          Add directive to 'core/pch_jumbo.h' or rebuild precompiled header
11>c:\users\bryan\documents\github\prest\adjunct\m2\m2_jumbo.cpp(100): warning C4627: '#include "adjunct/m2/src/import/jsprefs.cpp"': skipped when looking for precompiled header use
11>          Add directive to 'core/pch_jumbo.h' or rebuild precompiled header
11>c:\users\bryan\documents\github\prest\modules\ecmascript\es_carakan_engine_jumbo.cpp(33): warning C4627: '#include "modules/ecmascript/carakan/src/compiler/es_compiler_stmt.cpp"': skipped when looking for precompiled header use
11>          Add directive to 'core/pch_jumbo.h' or rebuild precompiled header
11>c:\users\bryan\documents\github\prest\modules\forms\forms_jumbo.cpp(18): warning C4627: '#include "modules/forms/src/formdatetime.cpp"': skipped when looking for precompiled header use
11>          Add directive to 'core/pch_jumbo.h' or rebuild precompiled header
11>c:\users\bryan\documents\github\prest\modules\encodings\encodings_jumbo.cpp(28): warning C4627: '#include "modules/encodings/decoders/jis-decoder.cpp"': skipped when looking for precompiled header use
11>          Add directive to 'core/pch_jumbo.h' or rebuild precompiled header
11>c:\users\bryan\documents\github\prest\modules\geolocation\geolocation_jumbo.cpp(17): warning C4627: '#include "modules/geolocation/src/geo_google2011_network_api_response_parser.cpp"': skipped when looking for precompiled header use
11>          Add directive to 'core/pch_jumbo.h' or rebuild precompiled header
11>c:\users\bryan\documents\github\prest\modules\formats\formats_jumbo.cpp(19): warning C4627: '#include "modules/formats/formats_module.cpp"': skipped when looking for precompiled header use
11>          Add directive to 'core/pch_jumbo.h' or rebuild precompiled header
11>c:\users\bryan\documents\github\prest\modules\gadgets\gadgets_jumbo.cpp(17): warning C4627: '#include "modules/gadgets/OpGadget.cpp"': skipped when looking for precompiled header use
11>          Add directive to 'core/pch_jumbo.h' or rebuild precompiled header
11>c:\users\bryan\documents\github\prest\modules\externalssl\externalssl_jumbo.cpp(21): warning C4627: '#include "modules/externalssl/src/openssl_impl/ExternalSSLStubs.cpp"': skipped when looking for precompiled header use
11>          Add directive to 'core/pch_jumbo.h' or rebuild precompiled header
11>c:\users\bryan\documents\github\prest\modules\dom\dom_jumbo.cpp(36): warning C4627: '#include "modules/dom/src/domjil/domjilfile.cpp"': skipped when looking for precompiled header use
11>          Add directive to 'core/pch_jumbo.h' or rebuild precompiled header
11>c:\users\bryan\documents\github\prest\modules\ecmascript_utils\ecmascript_utils_jumbo.cpp(32): fatal error C1010: unexpected end of file while looking for precompiled header. Did you forget to add '#include "core/pch_jumbo.h"' to your source?
11>c:\users\bryan\documents\github\prest\adjunct\quick\quick_jumbo.cpp(164): warning C4627: '#include "adjunct/quick/managers/MailManager.cpp"': skipped when looking for precompiled header use
11>          Add directive to 'core/pch_jumbo.h' or rebuild precompiled header
11>c:\users\bryan\documents\github\prest\adjunct\m2\m2_jumbo.cpp(101): warning C4627: '#include "adjunct/m2/src/include/mailfiles.cpp"': skipped when looking for precompiled header use
11>          Add directive to 'core/pch_jumbo.h' or rebuild precompiled header
11>c:\users\bryan\documents\github\prest\modules\forms\forms_jumbo.cpp(19): warning C4627: '#include "modules/forms/src/formiterator.cpp"': skipped when looking for precompiled header use
11>          Add directive to 'core/pch_jumbo.h' or rebuild precompiled header
11>c:\users\bryan\documents\github\prest\modules\ecmascript\es_carakan_engine_jumbo.cpp(34): warning C4627: '#include "modules/ecmascript/carakan/src/compiler/es_compiler_unroll.cpp"': skipped when looking for precompiled header use
11>          Add directive to 'core/pch_jumbo.h' or rebuild precompiled header
11>c:\users\bryan\documents\github\prest\modules\encodings\encodings_jumbo.cpp(29): warning C4627: '#include "modules/encodings/decoders/sbcs-decoder.cpp"': skipped when looking for precompiled header use
11>          Add directive to 'core/pch_jumbo.h' or rebuild precompiled header
11>c:\users\bryan\documents\github\prest\modules\geolocation\geolocation_jumbo.cpp(18): warning C4627: '#include "modules/geolocation/src/geo_impl.cpp"': skipped when looking for precompiled header use
11>          Add directive to 'core/pch_jumbo.h' or rebuild precompiled header
11>c:\users\bryan\documents\github\prest\modules\formats\formats_jumbo.cpp(20): warning C4627: '#include "modules/formats/hdsplit.cpp"': skipped when looking for precompiled header use
11>          Add directive to 'core/pch_jumbo.h' or rebuild precompiled header
11>c:\users\bryan\documents\github\prest\modules\gadgets\gadgets_jumbo.cpp(18): warning C4627: '#include "modules/gadgets/OpGadgetClass.cpp"': skipped when looking for precompiled header use
11>          Add directive to 'core/pch_jumbo.h' or rebuild precompiled header
11>c:\users\bryan\documents\github\prest\modules\externalssl\externalssl_jumbo.cpp(22): warning C4627: '#include "modules/externalssl/src/openssl_impl/OpenSSLCertificate.cpp"': skipped when looking for precompiled header use
11>          Add directive to 'core/pch_jumbo.h' or rebuild precompiled header
11>c:\users\bryan\documents\github\prest\modules\dom\dom_jumbo.cpp(37): warning C4627: '#include "modules/dom/src/domjil/domjildeviceinfo.cpp"': skipped when looking for precompiled header use
11>          Add directive to 'core/pch_jumbo.h' or rebuild precompiled header
11>c:\users\bryan\documents\github\prest\adjunct\quick\quick_jumbo.cpp(165): warning C4627: '#include "adjunct/quick/managers/ManagerHolder.cpp"': skipped when looking for precompiled header use
11>          Add directive to 'core/pch_jumbo.h' or rebuild precompiled header
11>c:\users\bryan\documents\github\prest\modules\forms\forms_jumbo.cpp(20): warning C4627: '#include "modules/forms/src/formmanager.cpp"': skipped when looking for precompiled header use
11>          Add directive to 'core/pch_jumbo.h' or rebuild precompiled header
11>c:\users\bryan\documents\github\prest\modules\ecmascript\es_carakan_engine_jumbo.cpp(35): warning C4627: '#include "modules/ecmascript/carakan/src/compiler/es_code.cpp"': skipped when looking for precompiled header use
11>          Add directive to 'core/pch_jumbo.h' or rebuild precompiled header
11>c:\users\bryan\documents\github\prest\adjunct\m2\m2_jumbo.cpp(102): warning C4627: '#include "adjunct/m2/src/MessageDatabase/SEMessageDatabase.cpp"': skipped when looking for precompiled header use
11>          Add directive to 'core/pch_jumbo.h' or rebuild precompiled header
11>  hardcore_jumbo.cpp
11>c:\users\bryan\documents\github\prest\modules\encodings\encodings_jumbo.cpp(30): warning C4627: '#include "modules/encodings/decoders/sjis-decoder.cpp"': skipped when looking for precompiled header use
11>          Add directive to 'core/pch_jumbo.h' or rebuild precompiled header
11>c:\users\bryan\documents\github\prest\modules\geolocation\geolocation_jumbo.cpp(19): warning C4627: '#include "modules/geolocation/src/geo_network_request.cpp"': skipped when looking for precompiled header use
11>          Add directive to 'core/pch_jumbo.h' or rebuild precompiled header
11>c:\users\bryan\documents\github\prest\modules\formats\formats_jumbo.cpp(21): warning C4627: '#include "modules/formats/keywordman.cpp"': skipped when looking for precompiled header use
11>          Add directive to 'core/pch_jumbo.h' or rebuild precompiled header
11>  history_jumbo.cpp
11>c:\users\bryan\documents\github\prest\modules\gadgets\gadgets_jumbo.cpp(19): warning C4627: '#include "modules/gadgets/OpGadgetClassProxy.cpp"': skipped when looking for precompiled header use
11>          Add directive to 'core/pch_jumbo.h' or rebuild precompiled header
11>c:\users\bryan\documents\github\prest\modules\externalssl\externalssl_jumbo.cpp(23): warning C4627: '#include "modules/externalssl/src/openssl_impl/OpenSSLLibrary.cpp"': skipped when looking for precompiled header use
11>          Add directive to 'core/pch_jumbo.h' or rebuild precompiled header
11>c:\users\bryan\documents\github\prest\modules\dom\dom_jumbo.cpp(38): warning C4627: '#include "modules/dom/src/domjil/domjildevicestateinfo.cpp"': skipped when looking for precompiled header use
11>          Add directive to 'core/pch_jumbo.h' or rebuild precompiled header
11>c:\users\bryan\documents\github\prest\modules\forms\forms_jumbo.cpp(21): warning C4627: '#include "modules/forms/src/forms_module.cpp"': skipped when looking for precompiled header use
11>          Add directive to 'core/pch_jumbo.h' or rebuild precompiled header
11>c:\users\bryan\documents\github\prest\adjunct\quick\quick_jumbo.cpp(166): warning C4627: '#include "adjunct/quick/managers/MessageConsoleManager.cpp"': skipped when looking for precompiled header use
11>          Add directive to 'core/pch_jumbo.h' or rebuild precompiled header
11>c:\users\bryan\documents\github\prest\modules\ecmascript\es_carakan_engine_jumbo.cpp(36): warning C4627: '#include "modules/ecmascript/carakan/src/compiler/es_disassembler.cpp"': skipped when looking for precompiled header use
11>          Add directive to 'core/pch_jumbo.h' or rebuild precompiled header
13>  g_proto_ns4plugins_messages.cpp
11>c:\users\bryan\documents\github\prest\modules\geolocation\geolocation_jumbo.cpp(20): warning C4627: '#include "modules/geolocation/src/geo_pi_helpers.cpp"': skipped when looking for precompiled header use
11>          Add directive to 'core/pch_jumbo.h' or rebuild precompiled header
11>c:\users\bryan\documents\github\prest\adjunct\m2\m2_jumbo.cpp(103): warning C4627: '#include "adjunct/m2/src/recovery/recovery.cpp"': skipped when looking for precompiled header use
11>          Add directive to 'core/pch_jumbo.h' or rebuild precompiled header
11>c:\users\bryan\documents\github\prest\modules\encodings\encodings_jumbo.cpp(31): warning C4627: '#include "modules/encodings/decoders/utf16-decoder.cpp"': skipped when looking for precompiled header use
11>          Add directive to 'core/pch_jumbo.h' or rebuild precompiled header
11>c:\users\bryan\documents\github\prest\modules\formats\formats_jumbo.cpp(22): warning C4627: '#include "modules/formats/seqsplit.cpp"': skipped when looking for precompiled header use
11>          Add directive to 'core/pch_jumbo.h' or rebuild precompiled header
11>c:\users\bryan\documents\github\prest\modules\gadgets\gadgets_jumbo.cpp(20): warning C4627: '#include "modules/gadgets/OpGadgetManager.cpp"': skipped when looking for precompiled header use
11>          Add directive to 'core/pch_jumbo.h' or rebuild precompiled header
11>c:\users\bryan\documents\github\prest\modules\externalssl\externalssl_jumbo.cpp(24): warning C4627: '#include "modules/externalssl/src/openssl_impl/OpenSSLSocket.cpp"': skipped when looking for precompiled header use
11>          Add directive to 'core/pch_jumbo.h' or rebuild precompiled header
11>c:\users\bryan\documents\github\prest\modules\forms\forms_jumbo.cpp(22): warning C4627: '#include "modules/forms/src/formsubmitter.cpp"': skipped when looking for precompiled header use
11>          Add directive to 'core/pch_jumbo.h' or rebuild precompiled header
11>c:\users\bryan\documents\github\prest\modules\dom\dom_jumbo.cpp(39): warning C4627: '#include "modules/dom/src/domjil/domjilexceptions.cpp"': skipped when looking for precompiled header use
11>          Add directive to 'core/pch_jumbo.h' or rebuild precompiled header
11>c:\users\bryan\documents\github\prest\adjunct\quick\quick_jumbo.cpp(167): warning C4627: '#include "adjunct/quick/managers/NotificationManager.cpp"': skipped when looking for precompiled header use
11>          Add directive to 'core/pch_jumbo.h' or rebuild precompiled header
11>c:\users\bryan\documents\github\prest\modules\geolocation\geolocation_jumbo.cpp(21): warning C4627: '#include "modules/geolocation/src/geo_tools.cpp"': skipped when looking for precompiled header use
11>          Add directive to 'core/pch_jumbo.h' or rebuild precompiled header
11>c:\users\bryan\documents\github\prest\modules\ecmascript\es_carakan_engine_jumbo.cpp(37): warning C4627: '#include "modules/ecmascript/carakan/src/compiler/es_disassemble_instr.cpp"': skipped when looking for precompiled header use
11>          Add directive to 'core/pch_jumbo.h' or rebuild precompiled header
11>c:\users\bryan\documents\github\prest\adjunct\m2\m2_jumbo.cpp(104): warning C4627: '#include "adjunct/m2/src/util/accountcreator.cpp"': skipped when looking for precompiled header use
11>          Add directive to 'core/pch_jumbo.h' or rebuild precompiled header
11>c:\users\bryan\documents\github\prest\modules\encodings\encodings_jumbo.cpp(32): warning C4627: '#include "modules/encodings/decoders/utf7-decoder.cpp"': skipped when looking for precompiled header use
11>          Add directive to 'core/pch_jumbo.h' or rebuild precompiled header
11>c:\users\bryan\documents\github\prest\modules\gadgets\gadgets_jumbo.cpp(21): warning C4627: '#include "modules/gadgets/OpGadgetUpdate.cpp"': skipped when looking for precompiled header use
11>          Add directive to 'core/pch_jumbo.h' or rebuild precompiled header
11>c:\users\bryan\documents\github\prest\modules\formats\formats_jumbo.cpp(23): warning C4627: '#include "modules/formats/url_dfr.cpp"': skipped when looking for precompiled header use
11>          Add directive to 'core/pch_jumbo.h' or rebuild precompiled header
11>c:\users\bryan\documents\github\prest\modules\externalssl\externalssl_jumbo.cpp(25): warning C4627: '#include "modules/externalssl/src/openssl_impl/OpSSLSocket.cpp"': skipped when looking for precompiled header use
11>          Add directive to 'core/pch_jumbo.h' or rebuild precompiled header
11>c:\users\bryan\documents\github\prest\modules\forms\forms_jumbo.cpp(23): warning C4627: '#include "modules/forms/src/formsuggestion.cpp"': skipped when looking for precompiled header use
11>          Add directive to 'core/pch_jumbo.h' or rebuild precompiled header
11>c:\users\bryan\documents\github\prest\modules\geolocation\geolocation_jumbo.cpp(22): warning C4627: '#include "modules/geolocation/selftest/geo_selftest_helpers.cpp"': skipped when looking for precompiled header use
11>          Add directive to 'core/pch_jumbo.h' or rebuild precompiled header
11>c:\users\bryan\documents\github\prest\adjunct\quick\quick_jumbo.cpp(168): warning C4627: '#include "adjunct/quick/managers/OperaAccountManager.cpp"': skipped when looking for precompiled header use
11>          Add directive to 'core/pch_jumbo.h' or rebuild precompiled header
11>c:\users\bryan\documents\github\prest\modules\dom\dom_jumbo.cpp(40): warning C4627: '#include "modules/dom/src/domjil/domjilmessage.cpp"': skipped when looking for precompiled header use
11>          Add directive to 'core/pch_jumbo.h' or rebuild precompiled header
11>c:\users\bryan\documents\github\prest\modules\ecmascript\es_carakan_engine_jumbo.cpp(38): warning C4627: '#include "modules/ecmascript/carakan/src/compiler/es_lexer.cpp"': skipped when looking for precompiled header use
11>          Add directive to 'core/pch_jumbo.h' or rebuild precompiled header
11>c:\users\bryan\documents\github\prest\adjunct\m2\m2_jumbo.cpp(105): warning C4627: '#include "adjunct/m2/src/util/autodelete.cpp"': skipped when looking for precompiled header use
11>          Add directive to 'core/pch_jumbo.h' or rebuild precompiled header
11>c:\users\bryan\documents\github\prest\modules\encodings\encodings_jumbo.cpp(33): warning C4627: '#include "modules/encodings/decoders/utf8-decoder.cpp"': skipped when looking for precompiled header use
11>          Add directive to 'core/pch_jumbo.h' or rebuild precompiled header
11>c:\users\bryan\documents\github\prest\modules\gadgets\gadgets_jumbo.cpp(22): warning C4627: '#include "modules/gadgets/OpGadgetInstallObject.cpp"': skipped when looking for precompiled header use
11>          Add directive to 'core/pch_jumbo.h' or rebuild precompiled header
11>c:\users\bryan\documents\github\prest\modules\hardcore\hardcore_jumbo.cpp(15): warning C4627: '#include "modules/hardcore/base/opstatus.cpp"': skipped when looking for precompiled header use
11>          Add directive to 'core/pch_jumbo.h' or rebuild precompiled header
11>c:\users\bryan\documents\github\prest\modules\formats\formats_jumbo.cpp(24): warning C4627: '#include "modules/formats/uri_escape.cpp"': skipped when looking for precompiled header use
11>          Add directive to 'core/pch_jumbo.h' or rebuild precompiled header
11>c:\users\bryan\documents\github\prest\modules\geolocation\geolocation_jumbo.cpp(23): fatal error C1010: unexpected end of file while looking for precompiled header. Did you forget to add '#include "core/pch_jumbo.h"' to your source?
11>c:\users\bryan\documents\github\prest\modules\forms\forms_jumbo.cpp(24): warning C4627: '#include "modules/forms/src/formtraversal.cpp"': skipped when looking for precompiled header use
11>          Add directive to 'core/pch_jumbo.h' or rebuild precompiled header
11>c:\users\bryan\documents\github\prest\modules\externalssl\externalssl_jumbo.cpp(26): warning C4627: '#include "modules/externalssl/src/tlsclient_impl/ExternalSSLLibrary.cpp"': skipped when looking for precompiled header use
11>          Add directive to 'core/pch_jumbo.h' or rebuild precompiled header
11>c:\users\bryan\documents\github\prest\adjunct\quick\quick_jumbo.cpp(169): warning C4627: '#include "adjunct/quick/managers/OperaTurboManager.cpp"': skipped when looking for precompiled header use
11>          Add directive to 'core/pch_jumbo.h' or rebuild precompiled header
11>c:\users\bryan\documents\github\prest\modules\dom\dom_jumbo.cpp(41): warning C4627: '#include "modules/dom/src/domjil/domjilemailaccount.cpp"': skipped when looking for precompiled header use
11>          Add directive to 'core/pch_jumbo.h' or rebuild precompiled header
11>c:\users\bryan\documents\github\prest\modules\ecmascript\es_carakan_engine_jumbo.cpp(39): warning C4627: '#include "modules/ecmascript/carakan/src/compiler/es_native.cpp"': skipped when looking for precompiled header use
11>          Add directive to 'core/pch_jumbo.h' or rebuild precompiled header
11>c:\users\bryan\documents\github\prest\adjunct\m2\m2_jumbo.cpp(106): warning C4627: '#include "adjunct/m2/src/util/inputconvertermanager.cpp"': skipped when looking for precompiled header use
11>          Add directive to 'core/pch_jumbo.h' or rebuild precompiled header
11>c:\users\bryan\documents\github\prest\modules\encodings\encodings_jumbo.cpp(34): warning C4627: '#include "modules/encodings/detector/charsetdetector.cpp"': skipped when looking for precompiled header use
11>          Add directive to 'core/pch_jumbo.h' or rebuild precompiled header
11>c:\users\bryan\documents\github\prest\modules\hardcore\hardcore_jumbo.cpp(16): warning C4627: '#include "modules/hardcore/base/periodic_task.cpp"': skipped when looking for precompiled header use
11>          Add directive to 'core/pch_jumbo.h' or rebuild precompiled header
11>c:\users\bryan\documents\github\prest\modules\gadgets\gadgets_jumbo.cpp(23): warning C4627: '#include "modules/gadgets/operawidgets.cpp"': skipped when looking for precompiled header use
11>          Add directive to 'core/pch_jumbo.h' or rebuild precompiled header
11>c:\users\bryan\documents\github\prest\modules\formats\formats_jumbo.cpp(25): fatal error C1010: unexpected end of file while looking for precompiled header. Did you forget to add '#include "core/pch_jumbo.h"' to your source?
11>c:\users\bryan\documents\github\prest\modules\forms\forms_jumbo.cpp(25): warning C4627: '#include "modules/forms/src/formvalue.cpp"': skipped when looking for precompiled header use
11>          Add directive to 'core/pch_jumbo.h' or rebuild precompiled header
11>c:\users\bryan\documents\github\prest\modules\externalssl\externalssl_jumbo.cpp(27): warning C4627: '#include "modules/externalssl/src/tlsclient_impl/TLSClientLibrary.cpp"': skipped when looking for precompiled header use
11>          Add directive to 'core/pch_jumbo.h' or rebuild precompiled header
11>c:\users\bryan\documents\github\prest\modules\history\history_jumbo.cpp(15): warning C4627: '#include "modules/history/history_internal_pages.cpp"': skipped when looking for precompiled header use
11>          Add directive to 'core/pch_jumbo.h' or rebuild precompiled header
11>  idle_jumbo.cpp
11>c:\users\bryan\documents\github\prest\adjunct\quick\quick_jumbo.cpp(170): warning C4627: '#include "adjunct/quick/managers/opsetupmanager.cpp"': skipped when looking for precompiled header use
11>          Add directive to 'core/pch_jumbo.h' or rebuild precompiled header
11>c:\users\bryan\documents\github\prest\modules\dom\dom_jumbo.cpp(42): warning C4627: '#include "modules/dom/src/domjil/domjilmessagefoldertypes.cpp"': skipped when looking for precompiled header use
11>          Add directive to 'core/pch_jumbo.h' or rebuild precompiled header
11>c:\users\bryan\documents\github\prest\adjunct\m2\m2_jumbo.cpp(107): warning C4627: '#include "adjunct/m2/src/util/misc.cpp"': skipped when looking for precompiled header use
11>          Add directive to 'core/pch_jumbo.h' or rebuild precompiled header
11>c:\users\bryan\documents\github\prest\modules\ecmascript\es_carakan_engine_jumbo.cpp(40): warning C4627: '#include "modules/ecmascript/carakan/src/compiler/es_native_codegen.cpp"': skipped when looking for precompiled header use
11>          Add directive to 'core/pch_jumbo.h' or rebuild precompiled header
11>c:\users\bryan\documents\github\prest\modules\encodings\encodings_jumbo.cpp(35): warning C4627: '#include "modules/encodings/encoders/big5hkscs-encoder.cpp"': skipped when looking for precompiled header use
11>          Add directive to 'core/pch_jumbo.h' or rebuild precompiled header
11>c:\users\bryan\documents\github\prest\modules\hardcore\hardcore_jumbo.cpp(17): warning C4627: '#include "modules/hardcore/cpuusagetracker/cpuusagetracker.cpp"': skipped when looking for precompiled header use
11>          Add directive to 'core/pch_jumbo.h' or rebuild precompiled header
11>c:\users\bryan\documents\github\prest\modules\gadgets\gadgets_jumbo.cpp(24): warning C4627: '#include "modules/gadgets/operaunite.cpp"': skipped when looking for precompiled header use
11>          Add directive to 'core/pch_jumbo.h' or rebuild precompiled header
11>c:\users\bryan\documents\github\prest\modules\forms\forms_jumbo.cpp(26): warning C4627: '#include "modules/forms/src/formvaluecolor.cpp"': skipped when looking for precompiled header use
11>          Add directive to 'core/pch_jumbo.h' or rebuild precompiled header
11>c:\users\bryan\documents\github\prest\modules\externalssl\externalssl_jumbo.cpp(28): fatal error C1010: unexpected end of file while looking for precompiled header. Did you forget to add '#include "core/pch_jumbo.h"' to your source?
11>c:\users\bryan\documents\github\prest\modules\history\history_jumbo.cpp(16): warning C4627: '#include "modules/history/history_prefixes.cpp"': skipped when looking for precompiled header use
11>          Add directive to 'core/pch_jumbo.h' or rebuild precompiled header
11>c:\users\bryan\documents\github\prest\modules\dom\dom_jumbo.cpp(43): warning C4627: '#include "modules/dom/src/domjil/domjilmessagequantities.cpp"': skipped when looking for precompiled header use
11>          Add directive to 'core/pch_jumbo.h' or rebuild precompiled header
11>c:\users\bryan\documents\github\prest\adjunct\quick\quick_jumbo.cpp(171): warning C4627: '#include "adjunct/quick/managers/PluginInstallManager.cpp"': skipped when looking for precompiled header use
11>          Add directive to 'core/pch_jumbo.h' or rebuild precompiled header
11>c:\users\bryan\documents\github\prest\modules\ecmascript\es_carakan_engine_jumbo.cpp(41): warning C4627: '#include "modules/ecmascript/carakan/src/compiler/es_native_regalloc.cpp"': skipped when looking for precompiled header use
11>          Add directive to 'core/pch_jumbo.h' or rebuild precompiled header
11>c:\users\bryan\documents\github\prest\adjunct\m2\m2_jumbo.cpp(108): warning C4627: '#include "adjunct/m2/src/util/parser.cpp"': skipped when looking for precompiled header use
11>          Add directive to 'core/pch_jumbo.h' or rebuild precompiled header
11>c:\users\bryan\documents\github\prest\modules\encodings\encodings_jumbo.cpp(36): warning C4627: '#include "modules/encodings/encoders/dbcs-encoder.cpp"': skipped when looking for precompiled header use
11>          Add directive to 'core/pch_jumbo.h' or rebuild precompiled header
11>c:\users\bryan\documents\github\prest\modules\hardcore\hardcore_jumbo.cpp(18): warning C4627: '#include "modules/hardcore/cpuusagetracker/cpuusagetrackeractivator.cpp"': skipped when looking for precompiled header use
11>          Add directive to 'core/pch_jumbo.h' or rebuild precompiled header
11>  idna_jumbo.cpp
11>c:\users\bryan\documents\github\prest\modules\gadgets\gadgets_jumbo.cpp(25): warning C4627: '#include "modules/gadgets/gadget_selftest_utils.cpp"': skipped when looking for precompiled header use
11>          Add directive to 'core/pch_jumbo.h' or rebuild precompiled header
11>c:\users\bryan\documents\github\prest\modules\forms\forms_jumbo.cpp(27): warning C4627: '#include "modules/forms/src/formvalueemail.cpp"': skipped when looking for precompiled header use
11>          Add directive to 'core/pch_jumbo.h' or rebuild precompiled header
11>c:\users\bryan\documents\github\prest\modules\dom\dom_jumbo.cpp(44): warning C4627: '#include "modules/dom/src/domjil/domjilmessagetypes.cpp"': skipped when looking for precompiled header use
11>          Add directive to 'core/pch_jumbo.h' or rebuild precompiled header
11>c:\users\bryan\documents\github\prest\modules\history\history_jumbo.cpp(17): warning C4627: '#include "modules/history/history_time_periods.cpp"': skipped when looking for precompiled header use
11>          Add directive to 'core/pch_jumbo.h' or rebuild precompiled header
11>c:\users\bryan\documents\github\prest\modules\ecmascript\es_carakan_engine_jumbo.cpp(42): warning C4627: '#include "modules/ecmascript/carakan/src/compiler/es_native_ia32.cpp"': skipped when looking for precompiled header use
11>          Add directive to 'core/pch_jumbo.h' or rebuild precompiled header
11>c:\users\bryan\documents\github\prest\modules\encodings\encodings_jumbo.cpp(37): warning C4627: '#include "modules/encodings/encoders/encoder-utility.cpp"': skipped when looking for precompiled header use
11>          Add directive to 'core/pch_jumbo.h' or rebuild precompiled header
11>c:\users\bryan\documents\github\prest\modules\hardcore\hardcore_jumbo.cpp(19): warning C4627: '#include "modules/hardcore/cpuusagetracker/cpuusagetrackers.cpp"': skipped when looking for precompiled header use
11>          Add directive to 'core/pch_jumbo.h' or rebuild precompiled header
11>c:\users\bryan\documents\github\prest\adjunct\m2\m2_jumbo.cpp(109): warning C4627: '#include "adjunct/m2/src/util/qp.cpp"': skipped when looking for precompiled header use
11>          Add directive to 'core/pch_jumbo.h' or rebuild precompiled header
11>c:\users\bryan\documents\github\prest\adjunct\quick\quick_jumbo.cpp(172): warning C4627: '#include "adjunct/quick/managers/PrivacyManager.cpp"': skipped when looking for precompiled header use
11>          Add directive to 'core/pch_jumbo.h' or rebuild precompiled header
11>c:\users\bryan\documents\github\prest\modules\gadgets\gadgets_jumbo.cpp(26): warning C4627: '#include "modules/gadgets/OpGadgetParsers.cpp"': skipped when looking for precompiled header use
11>          Add directive to 'core/pch_jumbo.h' or rebuild precompiled header
11>c:\users\bryan\documents\github\prest\modules\forms\forms_jumbo.cpp(28): warning C4627: '#include "modules/forms/src/formvaluekeygen.cpp"': skipped when looking for precompiled header use
11>          Add directive to 'core/pch_jumbo.h' or rebuild precompiled header
11>c:\users\bryan\documents\github\prest\modules\dom\dom_jumbo.cpp(45): warning C4627: '#include "modules/dom/src/domjil/domjilmessaging.cpp"': skipped when looking for precompiled header use
11>          Add directive to 'core/pch_jumbo.h' or rebuild precompiled header
11>c:\users\bryan\documents\github\prest\modules\history\history_jumbo.cpp(18): warning C4627: '#include "modules/history/src/DelayedSave.cpp"': skipped when looking for precompiled header use
11>          Add directive to 'core/pch_jumbo.h' or rebuild precompiled header
11>c:\users\bryan\documents\github\prest\modules\ecmascript\es_carakan_engine_jumbo.cpp(43): warning C4627: '#include "modules/ecmascript/carakan/src/compiler/es_native_arm.cpp"': skipped when looking for precompiled header use
11>          Add directive to 'core/pch_jumbo.h' or rebuild precompiled header
11>c:\users\bryan\documents\github\prest\modules\encodings\encodings_jumbo.cpp(38): warning C4627: '#include "modules/encodings/encoders/euc-tw-encoder.cpp"': skipped when looking for precompiled header use
11>          Add directive to 'core/pch_jumbo.h' or rebuild precompiled header
11>c:\users\bryan\documents\github\prest\modules\hardcore\hardcore_jumbo.cpp(20): warning C4627: '#include "modules/hardcore/keys/opkeys_mappings.cpp"': skipped when looking for precompiled header use
11>          Add directive to 'core/pch_jumbo.h' or rebuild precompiled header
11>c:\users\bryan\documents\github\prest\adjunct\m2\m2_jumbo.cpp(110): warning C4627: '#include "adjunct/m2/src/util/quickmimeparser.cpp"': skipped when looking for precompiled header use
11>          Add directive to 'core/pch_jumbo.h' or rebuild precompiled header
11>c:\users\bryan\documents\github\prest\adjunct\quick\quick_jumbo.cpp(173): warning C4627: '#include "adjunct/quick/managers/RedirectionManager.cpp"': skipped when looking for precompiled header use
11>          Add directive to 'core/pch_jumbo.h' or rebuild precompiled header
11>  img_jumbo.cpp
11>c:\users\bryan\documents\github\prest\modules\gadgets\gadgets_jumbo.cpp(27): fatal error C1010: unexpected end of file while looking for precompiled header. Did you forget to add '#include "core/pch_jumbo.h"' to your source?
11>c:\users\bryan\documents\github\prest\modules\history\history_jumbo.cpp(19): warning C4627: '#include "modules/history/src/HistoryModel.cpp"': skipped when looking for precompiled header use
11>          Add directive to 'core/pch_jumbo.h' or rebuild precompiled header
11>c:\users\bryan\documents\github\prest\modules\dom\dom_jumbo.cpp(46): warning C4627: '#include "modules/dom/src/domjil/domjilmultimedia.cpp"': skipped when looking for precompiled header use
11>          Add directive to 'core/pch_jumbo.h' or rebuild precompiled header
11>c:\users\bryan\documents\github\prest\modules\forms\forms_jumbo.cpp(29): warning C4627: '#include "modules/forms/src/formvaluelist.cpp"': skipped when looking for precompiled header use
11>          Add directive to 'core/pch_jumbo.h' or rebuild precompiled header
11>c:\users\bryan\documents\github\prest\modules\ecmascript\es_carakan_engine_jumbo.cpp(44): warning C4627: '#include "modules/ecmascript/carakan/src/compiler/es_native_mips.cpp"': skipped when looking for precompiled header use
11>          Add directive to 'core/pch_jumbo.h' or rebuild precompiled header
11>c:\users\bryan\documents\github\prest\modules\hardcore\hardcore_jumbo.cpp(21): warning C4627: '#include "modules/hardcore/mem/mem_man.cpp"': skipped when looking for precompiled header use
11>          Add directive to 'core/pch_jumbo.h' or rebuild precompiled header
11>c:\users\bryan\documents\github\prest\modules\encodings\encodings_jumbo.cpp(39): warning C4627: '#include "modules/encodings/encoders/gb18030-encoder.cpp"': skipped when looking for precompiled header use
11>          Add directive to 'core/pch_jumbo.h' or rebuild precompiled header
11>c:\users\bryan\documents\github\prest\adjunct\m2\m2_jumbo.cpp(111): warning C4627: '#include "adjunct/m2/src/util/quote.cpp"': skipped when looking for precompiled header use
11>          Add directive to 'core/pch_jumbo.h' or rebuild precompiled header
11>c:\users\bryan\documents\github\prest\adjunct\quick\quick_jumbo.cpp(174): warning C4627: '#include "adjunct/quick/managers/SecurityUIManager.cpp"': skipped when looking for precompiled header use
11>          Add directive to 'core/pch_jumbo.h' or rebuild precompiled header
11>c:\users\bryan\documents\github\prest\modules\history\history_jumbo.cpp(20): warning C4627: '#include "modules/history/src/HistoryFolder.cpp"': skipped when looking for precompiled header use
11>          Add directive to 'core/pch_jumbo.h' or rebuild precompiled header
11>c:\users\bryan\documents\github\prest\modules\dom\dom_jumbo.cpp(47): warning C4627: '#include "modules/dom/src/domjil/domjilmediaplayer.cpp"': skipped when looking for precompiled header use
11>          Add directive to 'core/pch_jumbo.h' or rebuild precompiled header
11>c:\users\bryan\documents\github\prest\modules\forms\forms_jumbo.cpp(30): warning C4627: '#include "modules/forms/src/formvaluelistener.cpp"': skipped when looking for precompiled header use
11>          Add directive to 'core/pch_jumbo.h' or rebuild precompiled header
11>c:\users\bryan\documents\github\prest\modules\hardcore\hardcore_jumbo.cpp(22): warning C4627: '#include "modules/hardcore/mem/oom.cpp"': skipped when looking for precompiled header use
11>          Add directive to 'core/pch_jumbo.h' or rebuild precompiled header
11>c:\users\bryan\documents\github\prest\modules\ecmascript\es_carakan_engine_jumbo.cpp(45): warning C4627: '#include "modules/ecmascript/carakan/src/compiler/es_native_stack_frame.cpp"': skipped when looking for precompiled header use
11>          Add directive to 'core/pch_jumbo.h' or rebuild precompiled header
11>c:\users\bryan\documents\github\prest\modules\encodings\encodings_jumbo.cpp(40): warning C4627: '#include "modules/encodings/encoders/hz-encoder.cpp"': skipped when looking for precompiled header use
11>          Add directive to 'core/pch_jumbo.h' or rebuild precompiled header
11>c:\users\bryan\documents\github\prest\adjunct\m2\m2_jumbo.cpp(112): warning C4627: '#include "adjunct/m2/src/util/blockfile.cpp"': skipped when looking for precompiled header use
11>          Add directive to 'core/pch_jumbo.h' or rebuild precompiled header
11>c:\users\bryan\documents\github\prest\adjunct\quick\quick_jumbo.cpp(175): warning C4627: '#include "adjunct/quick/managers/SleepManager.cpp"': skipped when looking for precompiled header use
11>          Add directive to 'core/pch_jumbo.h' or rebuild precompiled header
11>c:\users\bryan\documents\github\prest\modules\history\history_jumbo.cpp(21): warning C4627: '#include "modules/history/src/HistoryItem.cpp"': skipped when looking for precompiled header use
11>          Add directive to 'core/pch_jumbo.h' or rebuild precompiled header
11>  inputmanager_jumbo.cpp
11>c:\users\bryan\documents\github\prest\modules\dom\dom_jumbo.cpp(48): warning C4627: '#include "modules/dom/src/domjil/domjilobject.cpp"': skipped when looking for precompiled header use
11>          Add directive to 'core/pch_jumbo.h' or rebuild precompiled header
11>c:\users\bryan\documents\github\prest\modules\forms\forms_jumbo.cpp(31): warning C4627: '#include "modules/forms/src/formvalueradiocheck.cpp"': skipped when looking for precompiled header use
11>          Add directive to 'core/pch_jumbo.h' or rebuild precompiled header
11>c:\users\bryan\documents\github\prest\modules\hardcore\hardcore_jumbo.cpp(23): warning C4627: '#include "modules/hardcore/mh/handlemessage.cpp"': skipped when looking for precompiled header use
11>          Add directive to 'core/pch_jumbo.h' or rebuild precompiled header
11>c:\users\bryan\documents\github\prest\modules\ecmascript\es_carakan_engine_jumbo.cpp(46): warning C4627: '#include "modules/ecmascript/carakan/src/compiler/es_parser.cpp"': skipped when looking for precompiled header use
11>          Add directive to 'core/pch_jumbo.h' or rebuild precompiled header
11>c:\users\bryan\documents\github\prest\modules\encodings\encodings_jumbo.cpp(41): warning C4627: '#include "modules/encodings/encoders/iso-2022-cn-encoder.cpp"': skipped when looking for precompiled header use
11>          Add directive to 'core/pch_jumbo.h' or rebuild precompiled header
11>c:\users\bryan\documents\github\prest\adjunct\m2\m2_jumbo.cpp(113): warning C4627: '#include "adjunct/m2/src/util/compress.cpp"': skipped when looking for precompiled header use
11>          Add directive to 'core/pch_jumbo.h' or rebuild precompiled header
11>c:\users\bryan\documents\github\prest\modules\history\history_jumbo.cpp(22): warning C4627: '#include "modules/history/src/HistoryKey.cpp"': skipped when looking for precompiled header use
11>          Add directive to 'core/pch_jumbo.h' or rebuild precompiled header
11>c:\users\bryan\documents\github\prest\adjunct\quick\quick_jumbo.cpp(176): warning C4627: '#include "adjunct/quick/managers/SpeedDialManager.cpp"': skipped when looking for precompiled header use
11>          Add directive to 'core/pch_jumbo.h' or rebuild precompiled header
11>c:\users\bryan\documents\github\prest\modules\dom\dom_jumbo.cpp(49): warning C4627: '#include "modules/dom/src/domjil/domjilpim.cpp"': skipped when looking for precompiled header use
11>          Add directive to 'core/pch_jumbo.h' or rebuild precompiled header
11>c:\users\bryan\documents\github\prest\modules\hardcore\hardcore_jumbo.cpp(24): warning C4627: '#include "modules/hardcore/mh/message_strings.cpp"': skipped when looking for precompiled header use
11>          Add directive to 'core/pch_jumbo.h' or rebuild precompiled header
11>c:\users\bryan\documents\github\prest\modules\forms\forms_jumbo.cpp(32): warning C4627: '#include "modules/forms/src/formvaluetext.cpp"': skipped when looking for precompiled header use
11>          Add directive to 'core/pch_jumbo.h' or rebuild precompiled header
11>c:\users\bryan\documents\github\prest\modules\ecmascript\es_carakan_engine_jumbo.cpp(47): warning C4627: '#include "modules/ecmascript/carakan/src/compiler/es_parser_expr.cpp"': skipped when looking for precompiled header use
11>          Add directive to 'core/pch_jumbo.h' or rebuild precompiled header
11>c:\users\bryan\documents\github\prest\modules\encodings\encodings_jumbo.cpp(42): warning C4627: '#include "modules/encodings/encoders/iso-8859-1-encoder.cpp"': skipped when looking for precompiled header use
11>          Add directive to 'core/pch_jumbo.h' or rebuild precompiled header
11>c:\users\bryan\documents\github\prest\modules\history\history_jumbo.cpp(23): warning C4627: '#include "modules/history/src/HistoryPage.cpp"': skipped when looking for precompiled header use
11>          Add directive to 'core/pch_jumbo.h' or rebuild precompiled header
11>c:\users\bryan\documents\github\prest\adjunct\m2\m2_jumbo.cpp(114): warning C4627: '#include "adjunct/m2/src/util/htmltotext.cpp"': skipped when looking for precompiled header use
11>          Add directive to 'core/pch_jumbo.h' or rebuild precompiled header
11>c:\users\bryan\documents\github\prest\adjunct\quick\quick_jumbo.cpp(177): warning C4627: '#include "adjunct/quick/managers/SyncManager.cpp"': skipped when looking for precompiled header use
11>          Add directive to 'core/pch_jumbo.h' or rebuild precompiled header
11>c:\users\bryan\documents\github\prest\modules\hardcore\hardcore_jumbo.cpp(25): warning C4627: '#include "modules/hardcore/mh/messagelisteners.cpp"': skipped when looking for precompiled header use
11>          Add directive to 'core/pch_jumbo.h' or rebuild precompiled header
11>c:\users\bryan\documents\github\prest\modules\dom\dom_jumbo.cpp(50): warning C4627: '#include "modules/dom/src/domjil/domjilpowerinfo.cpp"': skipped when looking for precompiled header use
11>          Add directive to 'core/pch_jumbo.h' or rebuild precompiled header
11>c:\users\bryan\documents\github\prest\modules\forms\forms_jumbo.cpp(33): warning C4627: '#include "modules/forms/src/formvaluetextarea.cpp"': skipped when looking for precompiled header use
11>          Add directive to 'core/pch_jumbo.h' or rebuild precompiled header
11>c:\users\bryan\documents\github\prest\modules\ecmascript\es_carakan_engine_jumbo.cpp(48): warning C4627: '#include "modules/ecmascript/carakan/src/compiler/es_parser_stmt.cpp"': skipped when looking for precompiled header use
11>          Add directive to 'core/pch_jumbo.h' or rebuild precompiled header
11>c:\users\bryan\documents\github\prest\modules\encodings\encodings_jumbo.cpp(43): warning C4627: '#include "modules/encodings/encoders/jis-encoder.cpp"': skipped when looking for precompiled header use
11>          Add directive to 'core/pch_jumbo.h' or rebuild precompiled header
11>c:\users\bryan\documents\github\prest\modules\history\history_jumbo.cpp(24): warning C4627: '#include "modules/history/src/HistoryPrefixFolder.cpp"': skipped when looking for precompiled header use
11>          Add directive to 'core/pch_jumbo.h' or rebuild precompiled header
11>c:\users\bryan\documents\github\prest\adjunct\m2\m2_jumbo.cpp(115): warning C4627: '#include "adjunct/m2/src/util/socketserver.cpp"': skipped when looking for precompiled header use
11>          Add directive to 'core/pch_jumbo.h' or rebuild precompiled header
11>c:\users\bryan\documents\github\prest\adjunct\quick\quick_jumbo.cpp(178): warning C4627: '#include "adjunct/quick/managers/ToolbarManager.cpp"': skipped when looking for precompiled header use
11>          Add directive to 'core/pch_jumbo.h' or rebuild precompiled header
11>c:\users\bryan\documents\github\prest\modules\hardcore\hardcore_jumbo.cpp(26): warning C4627: '#include "modules/hardcore/mh/mh.cpp"': skipped when looking for precompiled header use
11>          Add directive to 'core/pch_jumbo.h' or rebuild precompiled header
11>c:\users\bryan\documents\github\prest\modules\forms\forms_jumbo.cpp(34): warning C4627: '#include "modules/forms/src/formvaluewf2date.cpp"': skipped when looking for precompiled header use
11>          Add directive to 'core/pch_jumbo.h' or rebuild precompiled header
11>c:\users\bryan\documents\github\prest\modules\dom\dom_jumbo.cpp(51): warning C4627: '#include "modules/dom/src/domjil/domjilradioinfo.cpp"': skipped when looking for precompiled header use
11>          Add directive to 'core/pch_jumbo.h' or rebuild precompiled header
11>c:\users\bryan\documents\github\prest\modules\ecmascript\es_carakan_engine_jumbo.cpp(49): warning C4627: '#include "modules/ecmascript/carakan/src/compiler/es_process_instr.cpp"': skipped when looking for precompiled header use
11>          Add directive to 'core/pch_jumbo.h' or rebuild precompiled header
11>c:\users\bryan\documents\github\prest\modules\encodings\encodings_jumbo.cpp(44): warning C4627: '#include "modules/encodings/encoders/outputconverter.cpp"': skipped when looking for precompiled header use
11>          Add directive to 'core/pch_jumbo.h' or rebuild precompiled header
14>  identifier_cache.cpp
13>  DebugViewFormatter.cpp
11>c:\users\bryan\documents\github\prest\modules\idle\idle_jumbo.cpp(15): warning C4627: '#include "modules/idle/src/idle_detector.cpp"': skipped when looking for precompiled header use
11>          Add directive to 'core/pch_jumbo.h' or rebuild precompiled header
11>c:\users\bryan\documents\github\prest\modules\history\history_jumbo.cpp(25): warning C4627: '#include "modules/history/src/HistorySiteFolder.cpp"': skipped when looking for precompiled header use
11>          Add directive to 'core/pch_jumbo.h' or rebuild precompiled header
11>c:\users\bryan\documents\github\prest\adjunct\m2\m2_jumbo.cpp(116): warning C4627: '#include "adjunct/m2/src/util/str/strutil.cpp"': skipped when looking for precompiled header use
11>          Add directive to 'core/pch_jumbo.h' or rebuild precompiled header
11>c:\users\bryan\documents\github\prest\modules\hardcore\hardcore_jumbo.cpp(27): warning C4627: '#include "modules/hardcore/opera/hardcore_module.cpp"': skipped when looking for precompiled header use
11>          Add directive to 'core/pch_jumbo.h' or rebuild precompiled header
11>c:\users\bryan\documents\github\prest\adjunct\quick\quick_jumbo.cpp(179): warning C4627: '#include "adjunct/quick/managers/WebmailManager.cpp"': skipped when looking for precompiled header use
11>          Add directive to 'core/pch_jumbo.h' or rebuild precompiled header
11>c:\users\bryan\documents\github\prest\modules\forms\forms_jumbo.cpp(35): warning C4627: '#include "modules/forms/src/pi_forms_listeners.cpp"': skipped when looking for precompiled header use
11>          Add directive to 'core/pch_jumbo.h' or rebuild precompiled header
11>c:\users\bryan\documents\github\prest\modules\ecmascript\es_carakan_engine_jumbo.cpp(50): warning C4627: '#include "modules/ecmascript/carakan/src/compiler/es_source_location.cpp"': skipped when looking for precompiled header use
11>          Add directive to 'core/pch_jumbo.h' or rebuild precompiled header
11>c:\users\bryan\documents\github\prest\modules\dom\dom_jumbo.cpp(52): warning C4627: '#include "modules/dom/src/domjil/domjiltelephony.cpp"': skipped when looking for precompiled header use
11>          Add directive to 'core/pch_jumbo.h' or rebuild precompiled header
11>c:\users\bryan\documents\github\prest\modules\history\history_jumbo.cpp(26): warning C4627: '#include "modules/history/src/HistorySiteSubFolder.cpp"': skipped when looking for precompiled header use
11>          Add directive to 'core/pch_jumbo.h' or rebuild precompiled header
11>c:\users\bryan\documents\github\prest\modules\idle\idle_jumbo.cpp(16): warning C4627: '#include "modules/idle/src/idle_module.cpp"': skipped when looking for precompiled header use
11>          Add directive to 'core/pch_jumbo.h' or rebuild precompiled header
11>c:\users\bryan\documents\github\prest\modules\encodings\encodings_jumbo.cpp(45): warning C4627: '#include "modules/encodings/encoders/sbcs-encoder.cpp"': skipped when looking for precompiled header use
11>          Add directive to 'core/pch_jumbo.h' or rebuild precompiled header
11>c:\users\bryan\documents\github\prest\modules\hardcore\hardcore_jumbo.cpp(28): warning C4627: '#include "modules/hardcore/opera/hardcore_opera.cpp"': skipped when looking for precompiled header use
11>          Add directive to 'core/pch_jumbo.h' or rebuild precompiled header
11>c:\users\bryan\documents\github\prest\adjunct\m2\m2_jumbo.cpp(117): warning C4627: '#include "adjunct/m2/src/util/str/m2tokenizer.cpp"': skipped when looking for precompiled header use
11>          Add directive to 'core/pch_jumbo.h' or rebuild precompiled header
11>c:\users\bryan\documents\github\prest\adjunct\quick\quick_jumbo.cpp(180): warning C4627: '#include "adjunct/quick/managers/WebServerManager.cpp"': skipped when looking for precompiled header use
11>          Add directive to 'core/pch_jumbo.h' or rebuild precompiled header
11>c:\users\bryan\documents\github\prest\modules\forms\forms_jumbo.cpp(36): warning C4627: '#include "modules/forms/src/piforms.cpp"': skipped when looking for precompiled header use
11>          Add directive to 'core/pch_jumbo.h' or rebuild precompiled header
11>c:\users\bryan\documents\github\prest\modules\ecmascript\es_carakan_engine_jumbo.cpp(51): warning C4627: '#include "modules/ecmascript/carakan/src/kernel/es_string.cpp"': skipped when looking for precompiled header use
11>          Add directive to 'core/pch_jumbo.h' or rebuild precompiled header
11>c:\users\bryan\documents\github\prest\modules\idle\idle_jumbo.cpp(17): fatal error C1010: unexpected end of file while looking for precompiled header. Did you forget to add '#include "core/pch_jumbo.h"' to your source?
11>c:\users\bryan\documents\github\prest\modules\dom\dom_jumbo.cpp(53): warning C4627: '#include "modules/dom/src/domjil/domjilwidget.cpp"': skipped when looking for precompiled header use
11>          Add directive to 'core/pch_jumbo.h' or rebuild precompiled header
11>c:\users\bryan\documents\github\prest\modules\encodings\encodings_jumbo.cpp(46): warning C4627: '#include "modules/encodings/encoders/utf16-encoder.cpp"': skipped when looking for precompiled header use
11>          Add directive to 'core/pch_jumbo.h' or rebuild precompiled header
11>c:\users\bryan\documents\github\prest\modules\hardcore\hardcore_jumbo.cpp(29): warning C4627: '#include "modules/hardcore/opera/setupinfo_features.cpp"': skipped when looking for precompiled header use
11>          Add directive to 'core/pch_jumbo.h' or rebuild precompiled header
11>c:\users\bryan\documents\github\prest\adjunct\m2\m2_jumbo.cpp(118): warning C4627: '#include "adjunct/m2/src/util/authenticate.cpp"': skipped when looking for precompiled header use
11>          Add directive to 'core/pch_jumbo.h' or rebuild precompiled header
11>c:\users\bryan\documents\github\prest\modules\history\history_jumbo.cpp(27): warning C4627: '#include "modules/history/src/HistoryTimeFolder.cpp"': skipped when looking for precompiled header use
11>          Add directive to 'core/pch_jumbo.h' or rebuild precompiled header
11>c:\users\bryan\documents\github\prest\modules\ecmascript\es_carakan_engine_jumbo.cpp(52): warning C4627: '#include "modules/ecmascript/carakan/src/kernel/es_collector.cpp"': skipped when looking for precompiled header use
11>          Add directive to 'core/pch_jumbo.h' or rebuild precompiled header
11>c:\users\bryan\documents\github\prest\adjunct\quick\quick_jumbo.cpp(181): warning C4627: '#include "adjunct/quick/managers/AnimationManager.cpp"': skipped when looking for precompiled header use
11>          Add directive to 'core/pch_jumbo.h' or rebuild precompiled header
11>c:\users\bryan\documents\github\prest\modules\forms\forms_jumbo.cpp(37): warning C4627: '#include "modules/forms/src/tempbuffer8.cpp"': skipped when looking for precompiled header use
11>          Add directive to 'core/pch_jumbo.h' or rebuild precompiled header
11>c:\users\bryan\documents\github\prest\modules\dom\dom_jumbo.cpp(54): warning C4627: '#include "modules/dom/src/domjil/domjilvideoplayer.cpp"': skipped when looking for precompiled header use
11>          Add directive to 'core/pch_jumbo.h' or rebuild precompiled header
11>c:\users\bryan\documents\github\prest\modules\encodings\encodings_jumbo.cpp(47): warning C4627: '#include "modules/encodings/encoders/utf7-encoder.cpp"': skipped when looking for precompiled header use
11>          Add directive to 'core/pch_jumbo.h' or rebuild precompiled header
11>c:\users\bryan\documents\github\prest\modules\idna\idna_jumbo.cpp(15): warning C4627: '#include "modules/idna/idna.cpp"': skipped when looking for precompiled header use
11>          Add directive to 'core/pch_jumbo.h' or rebuild precompiled header
11>c:\users\bryan\documents\github\prest\modules\hardcore\hardcore_jumbo.cpp(30): warning C4627: '#include "modules/hardcore/opera/setupinfo_tweaks.cpp"': skipped when looking for precompiled header use
11>          Add directive to 'core/pch_jumbo.h' or rebuild precompiled header
11>c:\users\bryan\documents\github\prest\adjunct\m2\m2_jumbo.cpp(119): warning C4627: '#include "adjunct/m2/src/mapi/MapiMessageListener.cpp"': skipped when looking for precompiled header use
11>          Add directive to 'core/pch_jumbo.h' or rebuild precompiled header
11>c:\users\bryan\documents\github\prest\modules\img\img_jumbo.cpp(15): warning C4627: '#include "modules/img/src/asyncemulationdecoder.cpp"': skipped when looking for precompiled header use
11>          Add directive to 'core/pch_jumbo.h' or rebuild precompiled header
11>c:\users\bryan\documents\github\prest\modules\ecmascript\es_carakan_engine_jumbo.cpp(53): warning C4627: '#include "modules/ecmascript/carakan/src/kernel/es_mark_sweep_heap.cpp"': skipped when looking for precompiled header use
11>          Add directive to 'core/pch_jumbo.h' or rebuild precompiled header
11>c:\users\bryan\documents\github\prest\modules\history\history_jumbo.cpp(28): warning C4627: '#include "modules/history/src/direct_history.cpp"': skipped when looking for precompiled header use
11>          Add directive to 'core/pch_jumbo.h' or rebuild precompiled header
11>c:\users\bryan\documents\github\prest\modules\dom\dom_jumbo.cpp(55): warning C4627: '#include "modules/dom/src/domjil/utils/jilapplicationnames.cpp"': skipped when looking for precompiled header use
11>          Add directive to 'core/pch_jumbo.h' or rebuild precompiled header
11>c:\users\bryan\documents\github\prest\modules\forms\forms_jumbo.cpp(38): warning C4627: '#include "modules/forms/src/validationerrorwindow.cpp"': skipped when looking for precompiled header use
11>          Add directive to 'core/pch_jumbo.h' or rebuild precompiled header
11>c:\users\bryan\documents\github\prest\modules\encodings\encodings_jumbo.cpp(48): warning C4627: '#include "modules/encodings/encoders/utf8-encoder.cpp"': skipped when looking for precompiled header use
11>          Add directive to 'core/pch_jumbo.h' or rebuild precompiled header
11>c:\users\bryan\documents\github\prest\adjunct\quick\quick_jumbo.cpp(182): warning C4627: '#include "adjunct/quick/managers/MouseGestureUI.cpp"': skipped when looking for precompiled header use
11>          Add directive to 'core/pch_jumbo.h' or rebuild precompiled header
11>  jaypeg_jumbo.cpp
11>c:\users\bryan\documents\github\prest\adjunct\m2\m2_jumbo.cpp(120): fatal error C1010: unexpected end of file while looking for precompiled header. Did you forget to add '#include "core/pch_jumbo.h"' to your source?
11>c:\users\bryan\documents\github\prest\modules\hardcore\hardcore_jumbo.cpp(31): warning C4627: '#include "modules/hardcore/timer/optimer.cpp"': skipped when looking for precompiled header use
11>          Add directive to 'core/pch_jumbo.h' or rebuild precompiled header
11>c:\users\bryan\documents\github\prest\modules\ecmascript\es_carakan_engine_jumbo.cpp(54): warning C4627: '#include "modules/ecmascript/carakan/src/kernel/es_page.cpp"': skipped when looking for precompiled header use
11>          Add directive to 'core/pch_jumbo.h' or rebuild precompiled header
11>c:\users\bryan\documents\github\prest\modules\img\img_jumbo.cpp(16): warning C4627: '#include "modules/img/src/asyncemulationdecoderfactory.cpp"': skipped when looking for precompiled header use
11>          Add directive to 'core/pch_jumbo.h' or rebuild precompiled header
11>c:\users\bryan\documents\github\prest\modules\history\history_jumbo.cpp(29): warning C4627: '#include "modules/history/src/history_module.cpp"': skipped when looking for precompiled header use
11>          Add directive to 'core/pch_jumbo.h' or rebuild precompiled header
11>c:\users\bryan\documents\github\prest\modules\dom\dom_jumbo.cpp(56): warning C4627: '#include "modules/dom/src/domjil/utils/jilutils.cpp"': skipped when looking for precompiled header use
11>          Add directive to 'core/pch_jumbo.h' or rebuild precompiled header
11>c:\users\bryan\documents\github\prest\modules\forms\forms_jumbo.cpp(39): warning C4627: '#include "modules/forms/src/webforms2number.cpp"': skipped when looking for precompiled header use
11>          Add directive to 'core/pch_jumbo.h' or rebuild precompiled header
11>c:\users\bryan\documents\github\prest\modules\encodings\encodings_jumbo.cpp(49): warning C4627: '#include "modules/encodings/init/encodings_module.cpp"': skipped when looking for precompiled header use
11>          Add directive to 'core/pch_jumbo.h' or rebuild precompiled header
11>c:\users\bryan\documents\github\prest\adjunct\quick\quick_jumbo.cpp(183): warning C4627: '#include "adjunct/quick/managers/TipsManager.cpp"': skipped when looking for precompiled header use
11>          Add directive to 'core/pch_jumbo.h' or rebuild precompiled header
11>c:\users\bryan\documents\github\prest\modules\hardcore\hardcore_jumbo.cpp(32): warning C4627: '#include "modules/hardcore/logging/OpFileMessageLogger.cpp"': skipped when looking for precompiled header use
11>          Add directive to 'core/pch_jumbo.h' or rebuild precompiled header
11>c:\users\bryan\documents\github\prest\modules\ecmascript\es_carakan_engine_jumbo.cpp(55): warning C4627: '#include "modules/ecmascript/carakan/src/kernel/es_rts.cpp"': skipped when looking for precompiled header use
11>          Add directive to 'core/pch_jumbo.h' or rebuild precompiled header
11>c:\users\bryan\documents\github\prest\modules\img\img_jumbo.cpp(17): warning C4627: '#include "modules/img/src/decoderfactorybmp.cpp"': skipped when looking for precompiled header use
11>          Add directive to 'core/pch_jumbo.h' or rebuild precompiled header
11>c:\users\bryan\documents\github\prest\modules\inputmanager\inputmanager_jumbo.cpp(15): warning C4627: '#include "modules/inputmanager/src/inputmanager_module.cpp"': skipped when looking for precompiled header use
11>          Add directive to 'core/pch_jumbo.h' or rebuild precompiled header
11>c:\users\bryan\documents\github\prest\modules\history\history_jumbo.cpp(30): warning C4627: '#include "modules/history/src/history_locks.cpp"': skipped when looking for precompiled header use
11>          Add directive to 'core/pch_jumbo.h' or rebuild precompiled header
11>c:\users\bryan\documents\github\prest\modules\dom\dom_jumbo.cpp(57): warning C4627: '#include "modules/dom/src/domjil/utils/jilstringarray.cpp"': skipped when looking for precompiled header use
11>          Add directive to 'core/pch_jumbo.h' or rebuild precompiled header
11>c:\users\bryan\documents\github\prest\modules\encodings\encodings_jumbo.cpp(50): warning C4627: '#include "modules/encodings/tablemanager/filetablemanager.cpp"': skipped when looking for precompiled header use
11>          Add directive to 'core/pch_jumbo.h' or rebuild precompiled header
11>c:\users\bryan\documents\github\prest\modules\forms\forms_jumbo.cpp(40): warning C4627: '#include "modules/forms/src/webforms2support.cpp"': skipped when looking for precompiled header use
11>          Add directive to 'core/pch_jumbo.h' or rebuild precompiled header
11>  jsplugins_jumbo.cpp
11>c:\users\bryan\documents\github\prest\modules\ecmascript\es_carakan_engine_jumbo.cpp(56): warning C4627: '#include "modules/ecmascript/carakan/src/kernel/es_value.cpp"': skipped when looking for precompiled header use
11>          Add directive to 'core/pch_jumbo.h' or rebuild precompiled header
11>c:\users\bryan\documents\github\prest\modules\hardcore\hardcore_jumbo.cpp(33): warning C4627: '#include "modules/hardcore/logging/OpSocketMessageLogger.cpp"': skipped when looking for precompiled header use
11>          Add directive to 'core/pch_jumbo.h' or rebuild precompiled header
11>c:\users\bryan\documents\github\prest\adjunct\quick\quick_jumbo.cpp(184): warning C4627: '#include "adjunct/quick/menus/MenuShortcutLetterFinder.cpp"': skipped when looking for precompiled header use
11>          Add directive to 'core/pch_jumbo.h' or rebuild precompiled header
11>c:\users\bryan\documents\github\prest\modules\img\img_jumbo.cpp(18): warning C4627: '#include "modules/img/src/decoderfactorygif.cpp"': skipped when looking for precompiled header use
11>          Add directive to 'core/pch_jumbo.h' or rebuild precompiled header
11>c:\users\bryan\documents\github\prest\modules\inputmanager\inputmanager_jumbo.cpp(16): warning C4627: '#include "modules/inputmanager/src/inputaction.cpp"': skipped when looking for precompiled header use
11>          Add directive to 'core/pch_jumbo.h' or rebuild precompiled header
11>c:\users\bryan\documents\github\prest\modules\idna\idna_jumbo.cpp(16): warning C4627: '#include "modules/idna/validator.cpp"': skipped when looking for precompiled header use
11>          Add directive to 'core/pch_jumbo.h' or rebuild precompiled header
11>c:\users\bryan\documents\github\prest\modules\history\history_jumbo.cpp(31): warning C4627: '#include "modules/history/src/lex_splay_key.cpp"': skipped when looking for precompiled header use
11>          Add directive to 'core/pch_jumbo.h' or rebuild precompiled header
13>  NeedleFinder.cpp
13>  OpData.cpp
11>c:\users\bryan\documents\github\prest\modules\dom\dom_jumbo.cpp(58): warning C4627: '#include "modules/dom/src/domclonehandler.cpp"': skipped when looking for precompiled header use
11>          Add directive to 'core/pch_jumbo.h' or rebuild precompiled header
11>c:\users\bryan\documents\github\prest\modules\forms\forms_jumbo.cpp(41): fatal error C1010: unexpected end of file while looking for precompiled header. Did you forget to add '#include "core/pch_jumbo.h"' to your source?
11>c:\users\bryan\documents\github\prest\modules\encodings\encodings_jumbo.cpp(51): warning C4627: '#include "modules/encodings/tablemanager/reverse_table_builder.cpp"': skipped when looking for precompiled header use
11>          Add directive to 'core/pch_jumbo.h' or rebuild precompiled header
11>c:\users\bryan\documents\github\prest\modules\ecmascript\es_carakan_engine_jumbo.cpp(57): warning C4627: '#include "modules/ecmascript/carakan/src/kernel/es_box.cpp"': skipped when looking for precompiled header use
11>          Add directive to 'core/pch_jumbo.h' or rebuild precompiled header
11>c:\users\bryan\documents\github\prest\modules\hardcore\hardcore_jumbo.cpp(34): warning C4627: '#include "modules/hardcore/logging/OpReadableLogFormatter.cpp"': skipped when looking for precompiled header use
11>          Add directive to 'core/pch_jumbo.h' or rebuild precompiled header
11>c:\users\bryan\documents\github\prest\adjunct\quick\quick_jumbo.cpp(185): warning C4627: '#include "adjunct/quick/menus/QuickMenu.cpp"': skipped when looking for precompiled header use
11>          Add directive to 'core/pch_jumbo.h' or rebuild precompiled header
11>c:\users\bryan\documents\github\prest\modules\inputmanager\inputmanager_jumbo.cpp(17): warning C4627: '#include "modules/inputmanager/src/inputcontext.cpp"': skipped when looking for precompiled header use
11>          Add directive to 'core/pch_jumbo.h' or rebuild precompiled header
11>c:\users\bryan\documents\github\prest\modules\img\img_jumbo.cpp(19): warning C4627: '#include "modules/img/src/decoderfactoryico.cpp"': skipped when looking for precompiled header use
11>          Add directive to 'core/pch_jumbo.h' or rebuild precompiled header
11>c:\users\bryan\documents\github\prest\modules\idna\idna_jumbo.cpp(17): fatal error C1010: unexpected end of file while looking for precompiled header. Did you forget to add '#include "core/pch_jumbo.h"' to your source?
11>c:\users\bryan\documents\github\prest\modules\history\history_jumbo.cpp(32): warning C4627: '#include "modules/history/src/LexSplayTree.cpp"': skipped when looking for precompiled header use
11>          Add directive to 'core/pch_jumbo.h' or rebuild precompiled header
11>c:\users\bryan\documents\github\prest\modules\dom\dom_jumbo.cpp(59): warning C4627: '#include "modules/dom/src/domcollectiontracker.cpp"': skipped when looking for precompiled header use
11>          Add directive to 'core/pch_jumbo.h' or rebuild precompiled header
11>c:\users\bryan\documents\github\prest\modules\hardcore\hardcore_jumbo.cpp(35): fatal error C1010: unexpected end of file while looking for precompiled header. Did you forget to add '#include "core/pch_jumbo.h"' to your source?
11>c:\users\bryan\documents\github\prest\modules\ecmascript\es_carakan_engine_jumbo.cpp(58): warning C4627: '#include "modules/ecmascript/carakan/src/util/es_formatter.cpp"': skipped when looking for precompiled header use
11>          Add directive to 'core/pch_jumbo.h' or rebuild precompiled header
11>c:\users\bryan\documents\github\prest\adjunct\quick\quick_jumbo.cpp(186): warning C4627: '#include "adjunct/quick/models/DesktopGroupModelItem.cpp"': skipped when looking for precompiled header use
11>          Add directive to 'core/pch_jumbo.h' or rebuild precompiled header
11>c:\users\bryan\documents\github\prest\modules\encodings\encodings_jumbo.cpp(52): warning C4627: '#include "modules/encodings/tablemanager/romtablemanager.cpp"': skipped when looking for precompiled header use
11>          Add directive to 'core/pch_jumbo.h' or rebuild precompiled header
11>c:\users\bryan\documents\github\prest\modules\img\img_jumbo.cpp(20): warning C4627: '#include "modules/img/src/decoderfactoryjpg.cpp"': skipped when looking for precompiled header use
11>          Add directive to 'core/pch_jumbo.h' or rebuild precompiled header
11>c:\users\bryan\documents\github\prest\modules\history\history_jumbo.cpp(33): fatal error C1010: unexpected end of file while looking for precompiled header. Did you forget to add '#include "core/pch_jumbo.h"' to your source?
11>c:\users\bryan\documents\github\prest\modules\dom\dom_jumbo.cpp(60): warning C4627: '#include "modules/dom/src/domcore/attr.cpp"': skipped when looking for precompiled header use
11>          Add directive to 'core/pch_jumbo.h' or rebuild precompiled header
11>c:\users\bryan\documents\github\prest\modules\ecmascript\es_carakan_engine_jumbo.cpp(59): warning C4627: '#include "modules/ecmascript/carakan/src/util/es_hash_table.cpp"': skipped when looking for precompiled header use
11>          Add directive to 'core/pch_jumbo.h' or rebuild precompiled header
11>c:\users\bryan\documents\github\prest\adjunct\quick\quick_jumbo.cpp(187): warning C4627: '#include "adjunct/quick/models/DesktopHistoryModel.cpp"': skipped when looking for precompiled header use
11>          Add directive to 'core/pch_jumbo.h' or rebuild precompiled header
11>c:\users\bryan\documents\github\prest\modules\encodings\encodings_jumbo.cpp(53): warning C4627: '#include "modules/encodings/tablemanager/tablemanager.cpp"': skipped when looking for precompiled header use
11>          Add directive to 'core/pch_jumbo.h' or rebuild precompiled header
11>c:\users\bryan\documents\github\prest\modules\img\img_jumbo.cpp(21): warning C4627: '#include "modules/img/src/decoderfactorypng.cpp"': skipped when looking for precompiled header use
11>          Add directive to 'core/pch_jumbo.h' or rebuild precompiled header
11>c:\users\bryan\documents\github\prest\modules\dom\dom_jumbo.cpp(61): warning C4627: '#include "modules/dom/src/domcore/cdatasection.cpp"': skipped when looking for precompiled header use
11>          Add directive to 'core/pch_jumbo.h' or rebuild precompiled header
11>  layout_jumbo.cpp
11>  libcrypto_jumbo.cpp
11>c:\users\bryan\documents\github\prest\modules\ecmascript\es_carakan_engine_jumbo.cpp(60): warning C4627: '#include "modules/ecmascript/carakan/src/object/es_class.cpp"': skipped when looking for precompiled header use
11>          Add directive to 'core/pch_jumbo.h' or rebuild precompiled header
11>  libgogi_jumbo.cpp
11>  liblcms_jumbo.cpp
11>c:\users\bryan\documents\github\prest\adjunct\quick\quick_jumbo.cpp(188): warning C4627: '#include "adjunct/quick/models/DesktopWindowCollection.cpp"': skipped when looking for precompiled header use
11>          Add directive to 'core/pch_jumbo.h' or rebuild precompiled header
11>c:\users\bryan\documents\github\prest\modules\encodings\encodings_jumbo.cpp(54): warning C4627: '#include "modules/encodings/tablemanager/table_decompressor.cpp"': skipped when looking for precompiled header use
11>          Add directive to 'core/pch_jumbo.h' or rebuild precompiled header
11>c:\users\bryan\documents\github\prest\modules\img\img_jumbo.cpp(22): warning C4627: '#include "modules/img/src/decoderfactorywbmp.cpp"': skipped when looking for precompiled header use
11>          Add directive to 'core/pch_jumbo.h' or rebuild precompiled header
11>c:\users\bryan\documents\github\prest\modules\dom\dom_jumbo.cpp(62): warning C4627: '#include "modules/dom/src/domcore/chardata.cpp"': skipped when looking for precompiled header use
11>          Add directive to 'core/pch_jumbo.h' or rebuild precompiled header
11>c:\users\bryan\documents\github\prest\modules\ecmascript\es_carakan_engine_jumbo.cpp(61): warning C4627: '#include "modules/ecmascript/carakan/src/object/es_clone_object.cpp"': skipped when looking for precompiled header use
11>          Add directive to 'core/pch_jumbo.h' or rebuild precompiled header
11>c:\users\bryan\documents\github\prest\modules\inputmanager\inputmanager_jumbo.cpp(18): warning C4627: '#include "modules/inputmanager/src/inputmanager.cpp"': skipped when looking for precompiled header use
11>          Add directive to 'core/pch_jumbo.h' or rebuild precompiled header
11>c:\users\bryan\documents\github\prest\modules\encodings\encodings_jumbo.cpp(55): warning C4627: '#include "modules/encodings/testsuite/charconv/chartest.cpp"': skipped when looking for precompiled header use
11>          Add directive to 'core/pch_jumbo.h' or rebuild precompiled header
11>c:\users\bryan\documents\github\prest\adjunct\quick\quick_jumbo.cpp(189): warning C4627: '#include "adjunct/quick/models/DesktopWindowCollectionItem.cpp"': skipped when looking for precompiled header use
11>          Add directive to 'core/pch_jumbo.h' or rebuild precompiled header
11>c:\users\bryan\documents\github\prest\modules\img\img_jumbo.cpp(23): warning C4627: '#include "modules/img/src/decoderfactorywebp.cpp"': skipped when looking for precompiled header use
11>          Add directive to 'core/pch_jumbo.h' or rebuild precompiled header
11>c:\users\bryan\documents\github\prest\modules\dom\dom_jumbo.cpp(63): warning C4627: '#include "modules/dom/src/domcore/comment.cpp"': skipped when looking for precompiled header use
11>          Add directive to 'core/pch_jumbo.h' or rebuild precompiled header
11>c:\users\bryan\documents\github\prest\modules\ecmascript\es_carakan_engine_jumbo.cpp(62): warning C4627: '#include "modules/ecmascript/carakan/src/object/es_array_object.cpp"': skipped when looking for precompiled header use
11>          Add directive to 'core/pch_jumbo.h' or rebuild precompiled header
11>c:\users\bryan\documents\github\prest\modules\inputmanager\inputmanager_jumbo.cpp(19): fatal error C1010: unexpected end of file while looking for precompiled header. Did you forget to add '#include "core/pch_jumbo.h"' to your source?
11>c:\users\bryan\documents\github\prest\modules\encodings\encodings_jumbo.cpp(56): warning C4627: '#include "modules/encodings/utility/charsetnames.cpp"': skipped when looking for precompiled header use
11>          Add directive to 'core/pch_jumbo.h' or rebuild precompiled header
11>c:\users\bryan\documents\github\prest\adjunct\quick\quick_jumbo.cpp(190): warning C4627: '#include "adjunct/quick/models/DesktopWindowModelItem.cpp"': skipped when looking for precompiled header use
11>          Add directive to 'core/pch_jumbo.h' or rebuild precompiled header
11>c:\users\bryan\documents\github\prest\modules\img\img_jumbo.cpp(24): warning C4627: '#include "modules/img/src/decoderfactoryxbm.cpp"': skipped when looking for precompiled header use
11>          Add directive to 'core/pch_jumbo.h' or rebuild precompiled header
11>c:\users\bryan\documents\github\prest\modules\ecmascript\es_carakan_engine_jumbo.cpp(63): warning C4627: '#include "modules/ecmascript/carakan/src/object/es_boolean_object.cpp"': skipped when looking for precompiled header use
11>          Add directive to 'core/pch_jumbo.h' or rebuild precompiled header
11>c:\users\bryan\documents\github\prest\modules\dom\dom_jumbo.cpp(64): warning C4627: '#include "modules/dom/src/domcore/docfrag.cpp"': skipped when looking for precompiled header use
11>          Add directive to 'core/pch_jumbo.h' or rebuild precompiled header
11>c:\users\bryan\documents\github\prest\modules\encodings\encodings_jumbo.cpp(57): warning C4627: '#include "modules/encodings/utility/createinputconverter.cpp"': skipped when looking for precompiled header use
11>          Add directive to 'core/pch_jumbo.h' or rebuild precompiled header
11>c:\users\bryan\documents\github\prest\modules\jaypeg\jaypeg_jumbo.cpp(15): warning C4627: '#include "modules/jaypeg/src/jayarithdecoder.cpp"': skipped when looking for precompiled header use
11>          Add directive to 'core/pch_jumbo.h' or rebuild precompiled header
11>c:\users\bryan\documents\github\prest\adjunct\quick\quick_jumbo.cpp(191): warning C4627: '#include "adjunct/quick/models/HistoryAutocompleteModel.cpp"': skipped when looking for precompiled header use
11>          Add directive to 'core/pch_jumbo.h' or rebuild precompiled header
11>c:\users\bryan\documents\github\prest\modules\img\img_jumbo.cpp(25): warning C4627: '#include "modules/img/src/imagecontent.cpp"': skipped when looking for precompiled header use
11>          Add directive to 'core/pch_jumbo.h' or rebuild precompiled header
11>c:\users\bryan\documents\github\prest\modules\ecmascript\es_carakan_engine_jumbo.cpp(64): warning C4627: '#include "modules/ecmascript/carakan/src/object/es_date_object.cpp"': skipped when looking for precompiled header use
11>          Add directive to 'core/pch_jumbo.h' or rebuild precompiled header
11>c:\users\bryan\documents\github\prest\modules\dom\dom_jumbo.cpp(65): warning C4627: '#include "modules/dom/src/domcore/doctype.cpp"': skipped when looking for precompiled header use
11>          Add directive to 'core/pch_jumbo.h' or rebuild precompiled header
11>  libssl_jumbo.cpp
11>c:\users\bryan\documents\github\prest\modules\encodings\encodings_jumbo.cpp(58): warning C4627: '#include "modules/encodings/utility/opstring-encodings.cpp"': skipped when looking for precompiled header use
11>          Add directive to 'core/pch_jumbo.h' or rebuild precompiled header
11>c:\users\bryan\documents\github\prest\modules\jaypeg\jaypeg_jumbo.cpp(16): warning C4627: '#include "modules/jaypeg/src/jaydecoder.cpp"': skipped when looking for precompiled header use
11>          Add directive to 'core/pch_jumbo.h' or rebuild precompiled header
11>c:\users\bryan\documents\github\prest\adjunct\quick\quick_jumbo.cpp(192): warning C4627: '#include "adjunct/quick/models/HistoryModelItem.cpp"': skipped when looking for precompiled header use
11>          Add directive to 'core/pch_jumbo.h' or rebuild precompiled header
11>c:\users\bryan\documents\github\prest\modules\img\img_jumbo.cpp(26): warning C4627: '#include "modules/img/src/imagedecoderasync.cpp"': skipped when looking for precompiled header use
11>          Add directive to 'core/pch_jumbo.h' or rebuild precompiled header
11>c:\users\bryan\documents\github\prest\modules\ecmascript\es_carakan_engine_jumbo.cpp(65): warning C4627: '#include "modules/ecmascript/carakan/src/object/es_error_object.cpp"': skipped when looking for precompiled header use
11>          Add directive to 'core/pch_jumbo.h' or rebuild precompiled header
11>c:\users\bryan\documents\github\prest\modules\dom\dom_jumbo.cpp(66): warning C4627: '#include "modules/dom/src/domcore/domconfiguration.cpp"': skipped when looking for precompiled header use
11>          Add directive to 'core/pch_jumbo.h' or rebuild precompiled header
11>c:\users\bryan\documents\github\prest\modules\encodings\encodings_jumbo.cpp(59): fatal error C1010: unexpected end of file while looking for precompiled header. Did you forget to add '#include "core/pch_jumbo.h"' to your source?
11>c:\users\bryan\documents\github\prest\modules\jaypeg\jaypeg_jumbo.cpp(17): warning C4627: '#include "modules/jaypeg/src/jayhuffdecoder.cpp"': skipped when looking for precompiled header use
11>          Add directive to 'core/pch_jumbo.h' or rebuild precompiled header
11>c:\users\bryan\documents\github\prest\adjunct\quick\quick_jumbo.cpp(193): warning C4627: '#include "adjunct/quick/models/LinksModel.cpp"': skipped when looking for precompiled header use
11>          Add directive to 'core/pch_jumbo.h' or rebuild precompiled header
11>c:\users\bryan\documents\github\prest\modules\img\img_jumbo.cpp(27): warning C4627: '#include "modules/img/src/imagedecoderbmp.cpp"': skipped when looking for precompiled header use
11>          Add directive to 'core/pch_jumbo.h' or rebuild precompiled header
11>c:\users\bryan\documents\github\prest\modules\libgogi\libgogi_jumbo.cpp(15): warning C4627: '#include "modules/libgogi/mde.cpp"': skipped when looking for precompiled header use
11>          Add directive to 'core/pch_jumbo.h' or rebuild precompiled header
11>c:\users\bryan\documents\github\prest\modules\ecmascript\es_carakan_engine_jumbo.cpp(66): warning C4627: '#include "modules/ecmascript/carakan/src/object/es_number_object.cpp"': skipped when looking for precompiled header use
11>          Add directive to 'core/pch_jumbo.h' or rebuild precompiled header
11>c:\users\bryan\documents\github\prest\modules\dom\dom_jumbo.cpp(67): warning C4627: '#include "modules/dom/src/domcore/domdoc.cpp"': skipped when looking for precompiled header use
11>          Add directive to 'core/pch_jumbo.h' or rebuild precompiled header
14>  plugin_component.cpp
13>  OpDataASCII.cpp
11>c:\users\bryan\documents\github\prest\modules\jaypeg\jaypeg_jumbo.cpp(18): warning C4627: '#include "modules/jaypeg/src/jayidct.cpp"': skipped when looking for precompiled header use
11>          Add directive to 'core/pch_jumbo.h' or rebuild precompiled header
11>c:\users\bryan\documents\github\prest\adjunct\quick\quick_jumbo.cpp(194): warning C4627: '#include "adjunct/quick/models/ServerWhiteList.cpp"': skipped when looking for precompiled header use
11>          Add directive to 'core/pch_jumbo.h' or rebuild precompiled header
11>c:\users\bryan\documents\github\prest\modules\img\img_jumbo.cpp(28): warning C4627: '#include "modules/img/src/imagedecodergif.cpp"': skipped when looking for precompiled header use
11>          Add directive to 'core/pch_jumbo.h' or rebuild precompiled header
11>c:\users\bryan\documents\github\prest\modules\libgogi\libgogi_jumbo.cpp(16): warning C4627: '#include "modules/libgogi/mde_blit.cpp"': skipped when looking for precompiled header use
11>          Add directive to 'core/pch_jumbo.h' or rebuild precompiled header
11>c:\users\bryan\documents\github\prest\modules\ecmascript\es_carakan_engine_jumbo.cpp(67): warning C4627: '#include "modules/ecmascript/carakan/src/object/es_regexp_object.cpp"': skipped when looking for precompiled header use
11>          Add directive to 'core/pch_jumbo.h' or rebuild precompiled header
11>c:\users\bryan\documents\github\prest\modules\jaypeg\jaypeg_jumbo.cpp(19): warning C4627: '#include "modules/jaypeg/src/jayjfifdecoder.cpp"': skipped when looking for precompiled header use
11>          Add directive to 'core/pch_jumbo.h' or rebuild precompiled header
11>c:\users\bryan\documents\github\prest\modules\dom\dom_jumbo.cpp(68): warning C4627: '#include "modules/dom/src/domcore/domerror.cpp"': skipped when looking for precompiled header use
11>          Add directive to 'core/pch_jumbo.h' or rebuild precompiled header
11>c:\users\bryan\documents\github\prest\adjunct\quick\quick_jumbo.cpp(195): warning C4627: '#include "adjunct/quick/models/SpeedDialSuggestions.cpp"': skipped when looking for precompiled header use
11>          Add directive to 'core/pch_jumbo.h' or rebuild precompiled header
11>  libvega_jumbo.cpp
11>c:\users\bryan\documents\github\prest\modules\img\img_jumbo.cpp(29): warning C4627: '#include "modules/img/src/imagedecoderico.cpp"': skipped when looking for precompiled header use
11>          Add directive to 'core/pch_jumbo.h' or rebuild precompiled header
11>c:\users\bryan\documents\github\prest\modules\libgogi\libgogi_jumbo.cpp(17): warning C4627: '#include "modules/libgogi/mde_mouse.cpp"': skipped when looking for precompiled header use
11>          Add directive to 'core/pch_jumbo.h' or rebuild precompiled header
11>c:\users\bryan\documents\github\prest\modules\jaypeg\jaypeg_jumbo.cpp(20): warning C4627: '#include "modules/jaypeg/src/jayjp2box.cpp"': skipped when looking for precompiled header use
11>          Add directive to 'core/pch_jumbo.h' or rebuild precompiled header
11>c:\users\bryan\documents\github\prest\modules\ecmascript\es_carakan_engine_jumbo.cpp(68): warning C4627: '#include "modules/ecmascript/carakan/src/object/es_string_object.cpp"': skipped when looking for precompiled header use
11>          Add directive to 'core/pch_jumbo.h' or rebuild precompiled header
11>c:\users\bryan\documents\github\prest\modules\libcrypto\libcrypto_jumbo.cpp(15): warning C4627: '#include "modules/libcrypto/src/CryptoBlob.cpp"': skipped when looking for precompiled header use
11>          Add directive to 'core/pch_jumbo.h' or rebuild precompiled header
11>c:\users\bryan\documents\github\prest\modules\dom\dom_jumbo.cpp(69): warning C4627: '#include "modules/dom/src/domcore/domexception.cpp"': skipped when looking for precompiled header use
11>          Add directive to 'core/pch_jumbo.h' or rebuild precompiled header
11>c:\users\bryan\documents\github\prest\adjunct\quick\quick_jumbo.cpp(196): warning C4627: '#include "adjunct/quick/models/Bookmark.cpp"': skipped when looking for precompiled header use
11>          Add directive to 'core/pch_jumbo.h' or rebuild precompiled header
11>c:\users\bryan\documents\github\prest\modules\img\img_jumbo.cpp(30): warning C4627: '#include "modules/img/src/imagedecoderjpg.cpp"': skipped when looking for precompiled header use
11>          Add directive to 'core/pch_jumbo.h' or rebuild precompiled header
11>c:\users\bryan\documents\github\prest\modules\jsplugins\jsplugins_jumbo.cpp(15): warning C4627: '#include "modules/jsplugins/src/js_plugin_context.cpp"': skipped when looking for precompiled header use
11>          Add directive to 'core/pch_jumbo.h' or rebuild precompiled header
11>c:\users\bryan\documents\github\prest\modules\libgogi\libgogi_jumbo.cpp(18): warning C4627: '#include "modules/libgogi/mde_touch.cpp"': skipped when looking for precompiled header use
11>          Add directive to 'core/pch_jumbo.h' or rebuild precompiled header
11>c:\users\bryan\documents\github\prest\modules\jaypeg\jaypeg_jumbo.cpp(21): warning C4627: '#include "modules/jaypeg/src/jayjp2decoder.cpp"': skipped when looking for precompiled header use
11>          Add directive to 'core/pch_jumbo.h' or rebuild precompiled header
11>c:\users\bryan\documents\github\prest\modules\ecmascript\es_carakan_engine_jumbo.cpp(69): warning C4627: '#include "modules/ecmascript/carakan/src/object/es_typedarray.cpp"': skipped when looking for precompiled header use
11>          Add directive to 'core/pch_jumbo.h' or rebuild precompiled header
11>c:\users\bryan\documents\github\prest\modules\libcrypto\libcrypto_jumbo.cpp(16): warning C4627: '#include "modules/libcrypto/src/CryptoHMAC.cpp"': skipped when looking for precompiled header use
11>          Add directive to 'core/pch_jumbo.h' or rebuild precompiled header
11>c:\users\bryan\documents\github\prest\modules\layout\layout_jumbo.cpp(15): warning C4627: '#include "modules/layout/box/box.cpp"': skipped when looking for precompiled header use
11>          Add directive to 'core/pch_jumbo.h' or rebuild precompiled header
11>c:\users\bryan\documents\github\prest\modules\dom\dom_jumbo.cpp(70): warning C4627: '#include "modules/dom/src/domcore/domlocator.cpp"': skipped when looking for precompiled header use
11>          Add directive to 'core/pch_jumbo.h' or rebuild precompiled header
11>c:\users\bryan\documents\github\prest\modules\liblcms\liblcms_jumbo.cpp(15): warning C4627: '#include "modules/liblcms/src/lcms_glue.cpp"': skipped when looking for precompiled header use
11>          Add directive to 'core/pch_jumbo.h' or rebuild precompiled header
11>c:\users\bryan\documents\github\prest\adjunct\quick\quick_jumbo.cpp(197): warning C4627: '#include "adjunct/quick/models/DesktopBookmark.cpp"': skipped when looking for precompiled header use
11>          Add directive to 'core/pch_jumbo.h' or rebuild precompiled header
11>c:\users\bryan\documents\github\prest\modules\img\img_jumbo.cpp(31): warning C4627: '#include "modules/img/src/imagedecoderpng.cpp"': skipped when looking for precompiled header use
11>          Add directive to 'core/pch_jumbo.h' or rebuild precompiled header
11>c:\users\bryan\documents\github\prest\modules\libssl\libssl_jumbo.cpp(15): warning C4627: '#include "modules/libssl/base/loadtemp.cpp"': skipped when looking for precompiled header use
11>          Add directive to 'core/pch_jumbo.h' or rebuild precompiled header
11>c:\users\bryan\documents\github\prest\modules\jsplugins\jsplugins_jumbo.cpp(16): warning C4627: '#include "modules/jsplugins/src/js_plugin_manager.cpp"': skipped when looking for precompiled header use
11>          Add directive to 'core/pch_jumbo.h' or rebuild precompiled header
11>c:\users\bryan\documents\github\prest\modules\jaypeg\jaypeg_jumbo.cpp(22): warning C4627: '#include "modules/jaypeg/src/jaystream.cpp"': skipped when looking for precompiled header use
11>          Add directive to 'core/pch_jumbo.h' or rebuild precompiled header
11>c:\users\bryan\documents\github\prest\modules\libgogi\libgogi_jumbo.cpp(19): warning C4627: '#include "modules/libgogi/mde_dnd.cpp"': skipped when looking for precompiled header use
11>          Add directive to 'core/pch_jumbo.h' or rebuild precompiled header
11>c:\users\bryan\documents\github\prest\modules\libcrypto\libcrypto_jumbo.cpp(17): warning C4627: '#include "modules/libcrypto/src/CryptoMasterPasswordEncryption.cpp"': skipped when looking for precompiled header use
11>          Add directive to 'core/pch_jumbo.h' or rebuild precompiled header
11>c:\users\bryan\documents\github\prest\modules\ecmascript\es_carakan_engine_jumbo.cpp(70): warning C4627: '#include "modules/ecmascript/carakan/src/object/es_object.cpp"': skipped when looking for precompiled header use
11>          Add directive to 'core/pch_jumbo.h' or rebuild precompiled header
11>c:\users\bryan\documents\github\prest\modules\dom\dom_jumbo.cpp(71): warning C4627: '#include "modules/dom/src/domcore/domstaticnodelist.cpp"': skipped when looking for precompiled header use
11>          Add directive to 'core/pch_jumbo.h' or rebuild precompiled header
11>c:\users\bryan\documents\github\prest\modules\liblcms\liblcms_jumbo.cpp(16): warning C4627: '#include "modules/liblcms/liblcms_module.cpp"': skipped when looking for precompiled header use
11>          Add directive to 'core/pch_jumbo.h' or rebuild precompiled header
11>c:\users\bryan\documents\github\prest\adjunct\quick\quick_jumbo.cpp(198): warning C4627: '#include "adjunct/quick/models/BookmarkFolder.cpp"': skipped when looking for precompiled header use
11>          Add directive to 'core/pch_jumbo.h' or rebuild precompiled header
11>c:\users\bryan\documents\github\prest\modules\libssl\libssl_jumbo.cpp(16): warning C4627: '#include "modules/libssl/base/loadwritelist.cpp"': skipped when looking for precompiled header use
11>          Add directive to 'core/pch_jumbo.h' or rebuild precompiled header
11>c:\users\bryan\documents\github\prest\modules\img\img_jumbo.cpp(32): warning C4627: '#include "modules/img/src/imagedecoderwbmp.cpp"': skipped when looking for precompiled header use
11>          Add directive to 'core/pch_jumbo.h' or rebuild precompiled header
11>c:\users\bryan\documents\github\prest\modules\jsplugins\jsplugins_jumbo.cpp(17): warning C4627: '#include "modules/jsplugins/src/js_plugin_object.cpp"': skipped when looking for precompiled header use
11>          Add directive to 'core/pch_jumbo.h' or rebuild precompiled header
11>c:\users\bryan\documents\github\prest\modules\libgogi\libgogi_jumbo.cpp(20): warning C4627: '#include "modules/libgogi/mde_view.cpp"': skipped when looking for precompiled header use
11>          Add directive to 'core/pch_jumbo.h' or rebuild precompiled header
11>c:\users\bryan\documents\github\prest\modules\jaypeg\jaypeg_jumbo.cpp(23): warning C4627: '#include "modules/jaypeg/src/encoder/jayencoder.cpp"': skipped when looking for precompiled header use
11>          Add directive to 'core/pch_jumbo.h' or rebuild precompiled header
11>c:\users\bryan\documents\github\prest\modules\libcrypto\libcrypto_jumbo.cpp(18): warning C4627: '#include "modules/libcrypto/src/CryptoMasterPasswordHandler.cpp"': skipped when looking for precompiled header use
11>          Add directive to 'core/pch_jumbo.h' or rebuild precompiled header
11>c:\users\bryan\documents\github\prest\modules\ecmascript\es_carakan_engine_jumbo.cpp(71): warning C4627: '#include "modules/ecmascript/carakan/src/object/es_host_object.cpp"': skipped when looking for precompiled header use
11>          Add directive to 'core/pch_jumbo.h' or rebuild precompiled header
11>c:\users\bryan\documents\github\prest\modules\dom\dom_jumbo.cpp(72): warning C4627: '#include "modules/dom/src/domcore/domstringlist.cpp"': skipped when looking for precompiled header use
11>          Add directive to 'core/pch_jumbo.h' or rebuild precompiled header
11>c:\users\bryan\documents\github\prest\modules\liblcms\liblcms_jumbo.cpp(17): fatal error C1010: unexpected end of file while looking for precompiled header. Did you forget to add '#include "core/pch_jumbo.h"' to your source?
11>c:\users\bryan\documents\github\prest\modules\libssl\libssl_jumbo.cpp(17): warning C4627: '#include "modules/libssl/base/loadwritelist_t.cpp"': skipped when looking for precompiled header use
11>          Add directive to 'core/pch_jumbo.h' or rebuild precompiled header
11>c:\users\bryan\documents\github\prest\adjunct\quick\quick_jumbo.cpp(199): warning C4627: '#include "adjunct/quick/models/BookmarkModel.cpp"': skipped when looking for precompiled header use
11>          Add directive to 'core/pch_jumbo.h' or rebuild precompiled header
11>c:\users\bryan\documents\github\prest\modules\img\img_jumbo.cpp(33): warning C4627: '#include "modules/img/src/imagedecoderwebp.cpp"': skipped when looking for precompiled header use
11>          Add directive to 'core/pch_jumbo.h' or rebuild precompiled header
11>c:\users\bryan\documents\github\prest\modules\jsplugins\jsplugins_jumbo.cpp(18): warning C4627: '#include "modules/jsplugins/src/jsplugins_selftest.cpp"': skipped when looking for precompiled header use
11>          Add directive to 'core/pch_jumbo.h' or rebuild precompiled header
11>c:\users\bryan\documents\github\prest\modules\libgogi\libgogi_jumbo.cpp(21): warning C4627: '#include "modules/libgogi/mde_gl.cpp"': skipped when looking for precompiled header use
11>          Add directive to 'core/pch_jumbo.h' or rebuild precompiled header
11>c:\users\bryan\documents\github\prest\modules\jaypeg\jaypeg_jumbo.cpp(24): warning C4627: '#include "modules/jaypeg/src/encoder/jayjfifencoder.cpp"': skipped when looking for precompiled header use
11>          Add directive to 'core/pch_jumbo.h' or rebuild precompiled header
11>c:\users\bryan\documents\github\prest\modules\libcrypto\libcrypto_jumbo.cpp(19): warning C4627: '#include "modules/libcrypto/src/CryptoStreamCipherSnow.cpp"': skipped when looking for precompiled header use
11>          Add directive to 'core/pch_jumbo.h' or rebuild precompiled header
11>c:\users\bryan\documents\github\prest\modules\ecmascript\es_carakan_engine_jumbo.cpp(72): warning C4627: '#include "modules/ecmascript/carakan/src/object/es_property.cpp"': skipped when looking for precompiled header use
11>          Add directive to 'core/pch_jumbo.h' or rebuild precompiled header
11>c:\users\bryan\documents\github\prest\modules\libssl\libssl_jumbo.cpp(18): warning C4627: '#include "modules/libssl/base/sslalert.cpp"': skipped when looking for precompiled header use
11>          Add directive to 'core/pch_jumbo.h' or rebuild precompiled header
11>c:\users\bryan\documents\github\prest\modules\dom\dom_jumbo.cpp(73): warning C4627: '#include "modules/dom/src/domcore/domstringmap.cpp"': skipped when looking for precompiled header use
11>          Add directive to 'core/pch_jumbo.h' or rebuild precompiled header
11>c:\users\bryan\documents\github\prest\adjunct\quick\quick_jumbo.cpp(200): warning C4627: '#include "adjunct/quick/models/ExtensionsModel.cpp"': skipped when looking for precompiled header use
11>          Add directive to 'core/pch_jumbo.h' or rebuild precompiled header
11>c:\users\bryan\documents\github\prest\modules\jsplugins\jsplugins_jumbo.cpp(19): fatal error C1010: unexpected end of file while looking for precompiled header. Did you forget to add '#include "core/pch_jumbo.h"' to your source?
11>c:\users\bryan\documents\github\prest\modules\img\img_jumbo.cpp(34): warning C4627: '#include "modules/img/src/imagedecoderxbm.cpp"': skipped when looking for precompiled header use
11>          Add directive to 'core/pch_jumbo.h' or rebuild precompiled header
11>c:\users\bryan\documents\github\prest\modules\jaypeg\jaypeg_jumbo.cpp(25): fatal error C1010: unexpected end of file while looking for precompiled header. Did you forget to add '#include "core/pch_jumbo.h"' to your source?
11>c:\users\bryan\documents\github\prest\modules\libgogi\libgogi_jumbo.cpp(22): warning C4627: '#include "modules/libgogi/mde_rotate.cpp"': skipped when looking for precompiled header use
11>          Add directive to 'core/pch_jumbo.h' or rebuild precompiled header
11>c:\users\bryan\documents\github\prest\modules\layout\layout_jumbo.cpp(16): warning C4627: '#include "modules/layout/box/flexitem.cpp"': skipped when looking for precompiled header use
11>          Add directive to 'core/pch_jumbo.h' or rebuild precompiled header
11>c:\users\bryan\documents\github\prest\modules\libcrypto\libcrypto_jumbo.cpp(20): warning C4627: '#include "modules/libcrypto/src/CryptoStreamEncryptionCBC.cpp"': skipped when looking for precompiled header use
11>          Add directive to 'core/pch_jumbo.h' or rebuild precompiled header
13>  OpDataFragment.cpp
13>  OpDataFragmentIterator.cpp
11>c:\users\bryan\documents\github\prest\modules\ecmascript\es_carakan_engine_jumbo.cpp(73): warning C4627: '#include "modules/ecmascript/carakan/src/object/es_property_table.cpp"': skipped when looking for precompiled header use
11>          Add directive to 'core/pch_jumbo.h' or rebuild precompiled header
11>c:\users\bryan\documents\github\prest\modules\libssl\libssl_jumbo.cpp(19): warning C4627: '#include "modules/libssl/base/sslciphspec.cpp"': skipped when looking for precompiled header use
11>          Add directive to 'core/pch_jumbo.h' or rebuild precompiled header
11>c:\users\bryan\documents\github\prest\modules\dom\dom_jumbo.cpp(74): warning C4627: '#include "modules/dom/src/domcore/element.cpp"': skipped when looking for precompiled header use
11>          Add directive to 'core/pch_jumbo.h' or rebuild precompiled header
11>c:\users\bryan\documents\github\prest\adjunct\quick\quick_jumbo.cpp(201): warning C4627: '#include "adjunct/quick/models/ExtensionsModelItem.cpp"': skipped when looking for precompiled header use
11>          Add directive to 'core/pch_jumbo.h' or rebuild precompiled header
11>c:\users\bryan\documents\github\prest\modules\img\img_jumbo.cpp(35): warning C4627: '#include "modules/img/src/imageloadernopremultiply.cpp"': skipped when looking for precompiled header use
11>          Add directive to 'core/pch_jumbo.h' or rebuild precompiled header
11>c:\users\bryan\documents\github\prest\modules\libgogi\libgogi_jumbo.cpp(23): warning C4627: '#include "modules/libgogi/mde_mmap.cpp"': skipped when looking for precompiled header use
11>          Add directive to 'core/pch_jumbo.h' or rebuild precompiled header
11>c:\users\bryan\documents\github\prest\modules\layout\layout_jumbo.cpp(17): warning C4627: '#include "modules/layout/content/content.cpp"': skipped when looking for precompiled header use
11>          Add directive to 'core/pch_jumbo.h' or rebuild precompiled header
11>c:\users\bryan\documents\github\prest\modules\libcrypto\libcrypto_jumbo.cpp(21): warning C4627: '#include "modules/libcrypto/src/CryptoStreamEncryptionCFB.cpp"': skipped when looking for precompiled header use
11>          Add directive to 'core/pch_jumbo.h' or rebuild precompiled header
11>c:\users\bryan\documents\github\prest\modules\libssl\libssl_jumbo.cpp(20): warning C4627: '#include "modules/libssl/base/sslenum.cpp"': skipped when looking for precompiled header use
11>          Add directive to 'core/pch_jumbo.h' or rebuild precompiled header
11>c:\users\bryan\documents\github\prest\modules\ecmascript\es_carakan_engine_jumbo.cpp(74): warning C4627: '#include "modules/ecmascript/carakan/src/object/es_function.cpp"': skipped when looking for precompiled header use
11>          Add directive to 'core/pch_jumbo.h' or rebuild precompiled header
11>c:\users\bryan\documents\github\prest\modules\dom\dom_jumbo.cpp(75): warning C4627: '#include "modules/dom/src/domcore/entity.cpp"': skipped when looking for precompiled header use
11>          Add directive to 'core/pch_jumbo.h' or rebuild precompiled header
11>  locale_jumbo.cpp
11>c:\users\bryan\documents\github\prest\adjunct\quick\quick_jumbo.cpp(202): warning C4627: '#include "adjunct/quick/models/BookmarkClipboard.cpp"': skipped when looking for precompiled header use
11>          Add directive to 'core/pch_jumbo.h' or rebuild precompiled header
11>c:\users\bryan\documents\github\prest\modules\img\img_jumbo.cpp(36): warning C4627: '#include "modules/img/src/imagemanagerimp.cpp"': skipped when looking for precompiled header use
11>          Add directive to 'core/pch_jumbo.h' or rebuild precompiled header
11>c:\users\bryan\documents\github\prest\modules\libgogi\libgogi_jumbo.cpp(24): warning C4627: '#include "modules/libgogi/libgogi_module.cpp"': skipped when looking for precompiled header use
11>          Add directive to 'core/pch_jumbo.h' or rebuild precompiled header
11>  logdoc_jumbo.cpp
11>c:\users\bryan\documents\github\prest\modules\layout\layout_jumbo.cpp(18): warning C4627: '#include "modules/layout/content/flexcontent.cpp"': skipped when looking for precompiled header use
11>          Add directive to 'core/pch_jumbo.h' or rebuild precompiled header
11>c:\users\bryan\documents\github\prest\modules\libssl\libssl_jumbo.cpp(21): warning C4627: '#include "modules/libssl/base/sslerr.cpp"': skipped when looking for precompiled header use
11>          Add directive to 'core/pch_jumbo.h' or rebuild precompiled header
11>c:\users\bryan\documents\github\prest\modules\libcrypto\libcrypto_jumbo.cpp(22): warning C4627: '#include "modules/libcrypto/src/CryptoUtility.cpp"': skipped when looking for precompiled header use
11>          Add directive to 'core/pch_jumbo.h' or rebuild precompiled header
11>c:\users\bryan\documents\github\prest\modules\ecmascript\es_carakan_engine_jumbo.cpp(75): warning C4627: '#include "modules/ecmascript/carakan/src/object/es_global_object.cpp"': skipped when looking for precompiled header use
11>          Add directive to 'core/pch_jumbo.h' or rebuild precompiled header
11>c:\users\bryan\documents\github\prest\modules\dom\dom_jumbo.cpp(76): warning C4627: '#include "modules/dom/src/domcore/implem.cpp"': skipped when looking for precompiled header use
11>          Add directive to 'core/pch_jumbo.h' or rebuild precompiled header
11>c:\users\bryan\documents\github\prest\adjunct\quick\quick_jumbo.cpp(203): warning C4627: '#include "adjunct/quick/models/BookmarkAdrStorage.cpp"': skipped when looking for precompiled header use
11>          Add directive to 'core/pch_jumbo.h' or rebuild precompiled header
11>c:\users\bryan\documents\github\prest\modules\img\img_jumbo.cpp(37): warning C4627: '#include "modules/img/src/imagecolormanager_lcms.cpp"': skipped when looking for precompiled header use
11>          Add directive to 'core/pch_jumbo.h' or rebuild precompiled header
11>c:\users\bryan\documents\github\prest\modules\layout\layout_jumbo.cpp(19): warning C4627: '#include "modules/layout/content/multicol.cpp"': skipped when looking for precompiled header use
11>          Add directive to 'core/pch_jumbo.h' or rebuild precompiled header
11>c:\users\bryan\documents\github\prest\modules\libssl\libssl_jumbo.cpp(22): warning C4627: '#include "modules/libssl/base/sslprotver.cpp"': skipped when looking for precompiled header use
11>          Add directive to 'core/pch_jumbo.h' or rebuild precompiled header
11>c:\users\bryan\documents\github\prest\modules\libgogi\libgogi_jumbo.cpp(25): warning C4627: '#include "modules/libgogi/pi_impl/mde_bitmap_window.cpp"': skipped when looking for precompiled header use
11>          Add directive to 'core/pch_jumbo.h' or rebuild precompiled header
11>c:\users\bryan\documents\github\prest\modules\libcrypto\libcrypto_jumbo.cpp(23): warning C4627: '#include "modules/libcrypto/src/CryptoVerifySignedTextFile.cpp"': skipped when looking for precompiled header use
11>          Add directive to 'core/pch_jumbo.h' or rebuild precompiled header
11>c:\users\bryan\documents\github\prest\modules\ecmascript\es_carakan_engine_jumbo.cpp(76): warning C4627: '#include "modules/ecmascript/carakan/src/object/es_indexed.cpp"': skipped when looking for precompiled header use
11>          Add directive to 'core/pch_jumbo.h' or rebuild precompiled header
11>c:\users\bryan\documents\github\prest\modules\dom\dom_jumbo.cpp(77): warning C4627: '#include "modules/dom/src/domcore/node.cpp"': skipped when looking for precompiled header use
11>          Add directive to 'core/pch_jumbo.h' or rebuild precompiled header
11>c:\users\bryan\documents\github\prest\adjunct\quick\quick_jumbo.cpp(204): warning C4627: '#include "adjunct/quick/models/NavigationItem.cpp"': skipped when looking for precompiled header use
11>          Add directive to 'core/pch_jumbo.h' or rebuild precompiled header
11>c:\users\bryan\documents\github\prest\modules\img\img_jumbo.cpp(38): warning C4627: '#include "modules/img/src/imagerep.cpp"': skipped when looking for precompiled header use
11>          Add directive to 'core/pch_jumbo.h' or rebuild precompiled header
11>c:\users\bryan\documents\github\prest\modules\libvega\libvega_jumbo.cpp(15): warning C4627: '#include "modules/libvega/src/vegapath.cpp"': skipped when looking for precompiled header use
11>          Add directive to 'core/pch_jumbo.h' or rebuild precompiled header
11>c:\users\bryan\documents\github\prest\modules\libssl\libssl_jumbo.cpp(23): warning C4627: '#include "modules/libssl/base/sslvar.cpp"': skipped when looking for precompiled header use
11>          Add directive to 'core/pch_jumbo.h' or rebuild precompiled header
11>c:\users\bryan\documents\github\prest\modules\layout\layout_jumbo.cpp(20): warning C4627: '#include "modules/layout/content/scrollable.cpp"': skipped when looking for precompiled header use
11>          Add directive to 'core/pch_jumbo.h' or rebuild precompiled header
11>c:\users\bryan\documents\github\prest\modules\libgogi\libgogi_jumbo.cpp(26): warning C4627: '#include "modules/libgogi/pi_impl/mde_dsmode.cpp"': skipped when looking for precompiled header use
11>          Add directive to 'core/pch_jumbo.h' or rebuild precompiled header
11>c:\users\bryan\documents\github\prest\modules\ecmascript\es_carakan_engine_jumbo.cpp(77): warning C4627: '#include "modules/ecmascript/carakan/src/object/es_special_property.cpp"': skipped when looking for precompiled header use
11>          Add directive to 'core/pch_jumbo.h' or rebuild precompiled header
11>c:\users\bryan\documents\github\prest\modules\libcrypto\libcrypto_jumbo.cpp(24): warning C4627: '#include "modules/libcrypto/src/CryptoXmlSignature.cpp"': skipped when looking for precompiled header use
11>          Add directive to 'core/pch_jumbo.h' or rebuild precompiled header
11>c:\users\bryan\documents\github\prest\modules\dom\dom_jumbo.cpp(78): warning C4627: '#include "modules/dom/src/domcore/nodemap.cpp"': skipped when looking for precompiled header use
11>          Add directive to 'core/pch_jumbo.h' or rebuild precompiled header
11>c:\users\bryan\documents\github\prest\adjunct\quick\quick_jumbo.cpp(205): warning C4627: '#include "adjunct/quick/models/NavigationModel.cpp"': skipped when looking for precompiled header use
11>          Add directive to 'core/pch_jumbo.h' or rebuild precompiled header
11>  mdefont_jumbo.cpp
11>c:\users\bryan\documents\github\prest\modules\img\img_jumbo.cpp(39): warning C4627: '#include "modules/img/src/img.cpp"': skipped when looking for precompiled header use
11>          Add directive to 'core/pch_jumbo.h' or rebuild precompiled header
11>c:\users\bryan\documents\github\prest\modules\libssl\libssl_jumbo.cpp(24): warning C4627: '#include "modules/libssl/base/streamtype.cpp"': skipped when looking for precompiled header use
11>          Add directive to 'core/pch_jumbo.h' or rebuild precompiled header
11>c:\users\bryan\documents\github\prest\modules\libvega\libvega_jumbo.cpp(16): warning C4627: '#include "modules/libvega/src/vegarenderer.cpp"': skipped when looking for precompiled header use
11>          Add directive to 'core/pch_jumbo.h' or rebuild precompiled header
11>c:\users\bryan\documents\github\prest\modules\layout\layout_jumbo.cpp(21): warning C4627: '#include "modules/layout/transitions/transitions.cpp"': skipped when looking for precompiled header use
11>          Add directive to 'core/pch_jumbo.h' or rebuild precompiled header
11>c:\users\bryan\documents\github\prest\modules\libgogi\libgogi_jumbo.cpp(27): warning C4627: '#include "modules/libgogi/pi_impl/mde_ime_manager.cpp"': skipped when looking for precompiled header use
11>          Add directive to 'core/pch_jumbo.h' or rebuild precompiled header
11>c:\users\bryan\documents\github\prest\modules\libcrypto\libcrypto_jumbo.cpp(25): warning C4627: '#include "modules/libcrypto/src/GadgetSignature.cpp"': skipped when looking for precompiled header use
11>          Add directive to 'core/pch_jumbo.h' or rebuild precompiled header
11>c:\users\bryan\documents\github\prest\modules\ecmascript\es_carakan_engine_jumbo.cpp(78): warning C4627: '#include "modules/ecmascript/carakan/src/object/es_arguments.cpp"': skipped when looking for precompiled header use
11>          Add directive to 'core/pch_jumbo.h' or rebuild precompiled header
11>c:\users\bryan\documents\github\prest\modules\dom\dom_jumbo.cpp(79): warning C4627: '#include "modules/dom/src/domcore/notation.cpp"': skipped when looking for precompiled header use
11>          Add directive to 'core/pch_jumbo.h' or rebuild precompiled header
11>c:\users\bryan\documents\github\prest\adjunct\quick\quick_jumbo.cpp(206): warning C4627: '#include "adjunct/quick/panels/HotlistPanel.cpp"': skipped when looking for precompiled header use
11>          Add directive to 'core/pch_jumbo.h' or rebuild precompiled header
11>c:\users\bryan\documents\github\prest\modules\libssl\libssl_jumbo.cpp(25): warning C4627: '#include "modules/libssl/certs/certbase.cpp"': skipped when looking for precompiled header use
11>          Add directive to 'core/pch_jumbo.h' or rebuild precompiled header
11>c:\users\bryan\documents\github\prest\modules\img\img_jumbo.cpp(40): warning C4627: '#include "modules/img/src/img_module.cpp"': skipped when looking for precompiled header use
11>          Add directive to 'core/pch_jumbo.h' or rebuild precompiled header
11>c:\users\bryan\documents\github\prest\modules\libvega\libvega_jumbo.cpp(17): warning C4627: '#include "modules/libvega/src/vegarendertargetimpl.cpp"': skipped when looking for precompiled header use
11>          Add directive to 'core/pch_jumbo.h' or rebuild precompiled header
11>c:\users\bryan\documents\github\prest\modules\layout\layout_jumbo.cpp(22): warning C4627: '#include "modules/layout/traverse/traverse.cpp"': skipped when looking for precompiled header use
11>          Add directive to 'core/pch_jumbo.h' or rebuild precompiled header
11>c:\users\bryan\documents\github\prest\modules\libgogi\libgogi_jumbo.cpp(28): warning C4627: '#include "modules/libgogi/pi_impl/mde_native_window.cpp"': skipped when looking for precompiled header use
11>          Add directive to 'core/pch_jumbo.h' or rebuild precompiled header
11>c:\users\bryan\documents\github\prest\modules\libcrypto\libcrypto_jumbo.cpp(26): warning C4627: '#include "modules/libcrypto/src/GadgetSignatureStorage.cpp"': skipped when looking for precompiled header use
11>          Add directive to 'core/pch_jumbo.h' or rebuild precompiled header
11>c:\users\bryan\documents\github\prest\modules\ecmascript\es_carakan_engine_jumbo.cpp(79): warning C4627: '#include "modules/ecmascript/carakan/src/util/es_bcdebugger.cpp"': skipped when looking for precompiled header use
11>          Add directive to 'core/pch_jumbo.h' or rebuild precompiled header
11>c:\users\bryan\documents\github\prest\modules\dom\dom_jumbo.cpp(80): warning C4627: '#include "modules/dom/src/domcore/procinst.cpp"': skipped when looking for precompiled header use
11>          Add directive to 'core/pch_jumbo.h' or rebuild precompiled header
11>c:\users\bryan\documents\github\prest\modules\libssl\libssl_jumbo.cpp(26): warning C4627: '#include "modules/libssl/certs/certexp.cpp"': skipped when looking for precompiled header use
11>          Add directive to 'core/pch_jumbo.h' or rebuild precompiled header
11>c:\users\bryan\documents\github\prest\adjunct\quick\quick_jumbo.cpp(207): warning C4627: '#include "adjunct/quick/panels/BookmarksPanel.cpp"': skipped when looking for precompiled header use
11>          Add directive to 'core/pch_jumbo.h' or rebuild precompiled header
11>c:\users\bryan\documents\github\prest\modules\img\img_jumbo.cpp(41): warning C4627: '#include "modules/img/src/ogifenc.cpp"': skipped when looking for precompiled header use
11>          Add directive to 'core/pch_jumbo.h' or rebuild precompiled header
11>c:\users\bryan\documents\github\prest\modules\libvega\libvega_jumbo.cpp(18): warning C4627: '#include "modules/libvega/src/vegatransform.cpp"': skipped when looking for precompiled header use
11>          Add directive to 'core/pch_jumbo.h' or rebuild precompiled header
11>c:\users\bryan\documents\github\prest\modules\layout\layout_jumbo.cpp(23): warning C4627: '#include "modules/layout/cascade.cpp"': skipped when looking for precompiled header use
11>          Add directive to 'core/pch_jumbo.h' or rebuild precompiled header
11>c:\users\bryan\documents\github\prest\modules\libgogi\libgogi_jumbo.cpp(29): warning C4627: '#include "modules/libgogi/pi_impl/mde_opbitmap.cpp"': skipped when looking for precompiled header use
11>          Add directive to 'core/pch_jumbo.h' or rebuild precompiled header
11>c:\users\bryan\documents\github\prest\modules\libcrypto\libcrypto_jumbo.cpp(27): warning C4627: '#include "modules/libcrypto/src/GadgetSignatureVerifier.cpp"': skipped when looking for precompiled header use
11>          Add directive to 'core/pch_jumbo.h' or rebuild precompiled header
13>  OpDataUTF8.cpp
13>  SegmentCollector.cpp
11>c:\users\bryan\documents\github\prest\modules\dom\dom_jumbo.cpp(81): warning C4627: '#include "modules/dom/src/domcore/text.cpp"': skipped when looking for precompiled header use
11>          Add directive to 'core/pch_jumbo.h' or rebuild precompiled header
11>c:\users\bryan\documents\github\prest\modules\libssl\libssl_jumbo.cpp(27): warning C4627: '#include "modules/libssl/certs/certinst.cpp"': skipped when looking for precompiled header use
11>          Add directive to 'core/pch_jumbo.h' or rebuild precompiled header
11>c:\users\bryan\documents\github\prest\modules\ecmascript\es_carakan_engine_jumbo.cpp(80): warning C4627: '#include "modules/ecmascript/carakan/src/util/es_bclogger.cpp"': skipped when looking for precompiled header use
11>          Add directive to 'core/pch_jumbo.h' or rebuild precompiled header
11>c:\users\bryan\documents\github\prest\adjunct\quick\quick_jumbo.cpp(208): warning C4627: '#include "adjunct/quick/panels/ContactsPanel.cpp"': skipped when looking for precompiled header use
11>          Add directive to 'core/pch_jumbo.h' or rebuild precompiled header
11>c:\users\bryan\documents\github\prest\modules\img\img_jumbo.cpp(42): warning C4627: '#include "modules/img/src/imagedump.cpp"': skipped when looking for precompiled header use
11>          Add directive to 'core/pch_jumbo.h' or rebuild precompiled header
11>c:\users\bryan\documents\github\prest\modules\libvega\libvega_jumbo.cpp(19): warning C4627: '#include "modules/libvega/src/vegatriangulate.cpp"': skipped when looking for precompiled header use
11>          Add directive to 'core/pch_jumbo.h' or rebuild precompiled header
11>c:\users\bryan\documents\github\prest\modules\layout\layout_jumbo.cpp(24): warning C4627: '#include "modules/layout/layout_module.cpp"': skipped when looking for precompiled header use
11>          Add directive to 'core/pch_jumbo.h' or rebuild precompiled header
11>c:\users\bryan\documents\github\prest\modules\libgogi\libgogi_jumbo.cpp(30): warning C4627: '#include "modules/libgogi/pi_impl/mde_opfont.cpp"': skipped when looking for precompiled header use
11>          Add directive to 'core/pch_jumbo.h' or rebuild precompiled header
11>c:\users\bryan\documents\github\prest\modules\libcrypto\libcrypto_jumbo.cpp(28): warning C4627: '#include "modules/libcrypto/src/libcrypto_module.cpp"': skipped when looking for precompiled header use
11>          Add directive to 'core/pch_jumbo.h' or rebuild precompiled header
11>c:\users\bryan\documents\github\prest\modules\libssl\libssl_jumbo.cpp(28): warning C4627: '#include "modules/libssl/certs/certitems.cpp"': skipped when looking for precompiled header use
11>          Add directive to 'core/pch_jumbo.h' or rebuild precompiled header
11>c:\users\bryan\documents\github\prest\modules\dom\dom_jumbo.cpp(82): warning C4627: '#include "modules/dom/src/domcore/domtokenlist.cpp"': skipped when looking for precompiled header use
11>          Add directive to 'core/pch_jumbo.h' or rebuild precompiled header
11>c:\users\bryan\documents\github\prest\adjunct\quick\quick_jumbo.cpp(209): warning C4627: '#include "adjunct/quick/panels/ExtensionsPanel.cpp"': skipped when looking for precompiled header use
11>          Add directive to 'core/pch_jumbo.h' or rebuild precompiled header
11>c:\users\bryan\documents\github\prest\modules\ecmascript\es_carakan_engine_jumbo.cpp(81): warning C4627: '#include "modules/ecmascript/carakan/src/util/es_codegenerator_ia32.cpp"': skipped when looking for precompiled header use
11>          Add directive to 'core/pch_jumbo.h' or rebuild precompiled header
11>c:\users\bryan\documents\github\prest\modules\img\img_jumbo.cpp(43): fatal error C1010: unexpected end of file while looking for precompiled header. Did you forget to add '#include "core/pch_jumbo.h"' to your source?
11>c:\users\bryan\documents\github\prest\modules\libvega\libvega_jumbo.cpp(20): warning C4627: '#include "modules/libvega/src/vegarasterizer.cpp"': skipped when looking for precompiled header use
11>          Add directive to 'core/pch_jumbo.h' or rebuild precompiled header
11>c:\users\bryan\documents\github\prest\modules\layout\layout_jumbo.cpp(25): warning C4627: '#include "modules/layout/layoutpool.cpp"': skipped when looking for precompiled header use
11>          Add directive to 'core/pch_jumbo.h' or rebuild precompiled header
11>c:\users\bryan\documents\github\prest\modules\libssl\libssl_jumbo.cpp(29): warning C4627: '#include "modules/libssl/certs/certlist.cpp"': skipped when looking for precompiled header use
11>          Add directive to 'core/pch_jumbo.h' or rebuild precompiled header
11>c:\users\bryan\documents\github\prest\modules\libcrypto\libcrypto_jumbo.cpp(29): warning C4627: '#include "modules/libcrypto/src/OCSPCertificateChainVerifier.cpp"': skipped when looking for precompiled header use
11>          Add directive to 'core/pch_jumbo.h' or rebuild precompiled header
11>c:\users\bryan\documents\github\prest\modules\libgogi\libgogi_jumbo.cpp(31): warning C4627: '#include "modules/libgogi/pi_impl/mde_opfontmanager.cpp"': skipped when looking for precompiled header use
11>          Add directive to 'core/pch_jumbo.h' or rebuild precompiled header
11>c:\users\bryan\documents\github\prest\modules\dom\dom_jumbo.cpp(83): warning C4627: '#include "modules/dom/src/domcore/domxmldocument.cpp"': skipped when looking for precompiled header use
11>          Add directive to 'core/pch_jumbo.h' or rebuild precompiled header
11>c:\users\bryan\documents\github\prest\modules\ecmascript\es_carakan_engine_jumbo.cpp(82): warning C4627: '#include "modules/ecmascript/carakan/src/util/es_codegenerator_arm.cpp"': skipped when looking for precompiled header use
11>          Add directive to 'core/pch_jumbo.h' or rebuild precompiled header
11>c:\users\bryan\documents\github\prest\modules\layout\layout_jumbo.cpp(26): warning C4627: '#include "modules/layout/layoutprops.cpp"': skipped when looking for precompiled header use
11>          Add directive to 'core/pch_jumbo.h' or rebuild precompiled header
11>c:\users\bryan\documents\github\prest\modules\libvega\libvega_jumbo.cpp(21): warning C4627: '#include "modules/libvega/src/vegabackend_sw.cpp"': skipped when looking for precompiled header use
11>          Add directive to 'core/pch_jumbo.h' or rebuild precompiled header
11>c:\users\bryan\documents\github\prest\modules\libssl\libssl_jumbo.cpp(30): warning C4627: '#include "modules/libssl/certs/crl_list.cpp"': skipped when looking for precompiled header use
11>          Add directive to 'core/pch_jumbo.h' or rebuild precompiled header
11>c:\users\bryan\documents\github\prest\modules\libgogi\libgogi_jumbo.cpp(32): warning C4627: '#include "modules/libgogi/pi_impl/mde_oppainter.cpp"': skipped when looking for precompiled header use
11>          Add directive to 'core/pch_jumbo.h' or rebuild precompiled header
11>c:\users\bryan\documents\github\prest\modules\libcrypto\libcrypto_jumbo.cpp(30): warning C4627: '#include "modules/libcrypto/src/OpCryptoKeyManager.cpp"': skipped when looking for precompiled header use
11>          Add directive to 'core/pch_jumbo.h' or rebuild precompiled header
11>c:\users\bryan\documents\github\prest\modules\mdefont\mdefont_jumbo.cpp(15): warning C4627: '#include "modules/mdefont/mdefont_module.cpp"': skipped when looking for precompiled header use
11>          Add directive to 'core/pch_jumbo.h' or rebuild precompiled header
11>c:\users\bryan\documents\github\prest\modules\libvega\libvega_jumbo.cpp(22): warning C4627: '#include "modules/libvega/src/vegabackend_hw2d.cpp"': skipped when looking for precompiled header use
11>          Add directive to 'core/pch_jumbo.h' or rebuild precompiled header
11>c:\users\bryan\documents\github\prest\modules\layout\layout_jumbo.cpp(27): warning C4627: '#include "modules/layout/numbers.cpp"': skipped when looking for precompiled header use
11>          Add directive to 'core/pch_jumbo.h' or rebuild precompiled header
11>c:\users\bryan\documents\github\prest\modules\dom\dom_jumbo.cpp(84): warning C4627: '#include "modules/dom/src/domcss/cssconditionalrule.cpp"': skipped when looking for precompiled header use
11>          Add directive to 'core/pch_jumbo.h' or rebuild precompiled header
11>c:\users\bryan\documents\github\prest\modules\libssl\libssl_jumbo.cpp(31): warning C4627: '#include "modules/libssl/certs/ssl_snlist.cpp"': skipped when looking for precompiled header use
11>          Add directive to 'core/pch_jumbo.h' or rebuild precompiled header
11>c:\users\bryan\documents\github\prest\modules\ecmascript\es_carakan_engine_jumbo.cpp(83): warning C4627: '#include "modules/ecmascript/carakan/src/util/es_codegenerator_mips.cpp"': skipped when looking for precompiled header use
11>          Add directive to 'core/pch_jumbo.h' or rebuild precompiled header
11>c:\users\bryan\documents\github\prest\modules\libgogi\libgogi_jumbo.cpp(33): warning C4627: '#include "modules/libgogi/pi_impl/mde_opscreeninfo.cpp"': skipped when looking for precompiled header use
11>          Add directive to 'core/pch_jumbo.h' or rebuild precompiled header
11>c:\users\bryan\documents\github\prest\modules\libcrypto\libcrypto_jumbo.cpp(31): warning C4627: '#include "modules/libcrypto/src/OpEncryptedFile.cpp"': skipped when looking for precompiled header use
11>          Add directive to 'core/pch_jumbo.h' or rebuild precompiled header
11>c:\users\bryan\documents\github\prest\modules\layout\layout_jumbo.cpp(28): warning C4627: '#include "modules/layout/content_generator.cpp"': skipped when looking for precompiled header use
11>          Add directive to 'core/pch_jumbo.h' or rebuild precompiled header
11>c:\users\bryan\documents\github\prest\modules\libvega\libvega_jumbo.cpp(23): warning C4627: '#include "modules/libvega/src/vegabackend_hw3d.cpp"': skipped when looking for precompiled header use
11>          Add directive to 'core/pch_jumbo.h' or rebuild precompiled header
11>  media_jumbo.cpp
11>c:\users\bryan\documents\github\prest\modules\mdefont\mdefont_jumbo.cpp(16): warning C4627: '#include "modules/mdefont/mdefont.cpp"': skipped when looking for precompiled header use
11>          Add directive to 'core/pch_jumbo.h' or rebuild precompiled header
11>c:\users\bryan\documents\github\prest\modules\dom\dom_jumbo.cpp(85): warning C4627: '#include "modules/dom/src/domcss/cssmediarule.cpp"': skipped when looking for precompiled header use
11>          Add directive to 'core/pch_jumbo.h' or rebuild precompiled header
11>c:\users\bryan\documents\github\prest\modules\libssl\libssl_jumbo.cpp(32): warning C4627: '#include "modules/libssl/data/decode_pem.cpp"': skipped when looking for precompiled header use
11>          Add directive to 'core/pch_jumbo.h' or rebuild precompiled header
11>c:\users\bryan\documents\github\prest\modules\ecmascript\es_carakan_engine_jumbo.cpp(84): warning C4627: '#include "modules/ecmascript/carakan/src/util/es_strtod.cpp"': skipped when looking for precompiled header use
11>          Add directive to 'core/pch_jumbo.h' or rebuild precompiled header
11>c:\users\bryan\documents\github\prest\modules\libgogi\libgogi_jumbo.cpp(34): warning C4627: '#include "modules/libgogi/pi_impl/mde_opview.cpp"': skipped when looking for precompiled header use
11>          Add directive to 'core/pch_jumbo.h' or rebuild precompiled header
11>c:\users\bryan\documents\github\prest\modules\layout\layout_jumbo.cpp(29): warning C4627: '#include "modules/layout/counters.cpp"': skipped when looking for precompiled header use
11>          Add directive to 'core/pch_jumbo.h' or rebuild precompiled header
11>c:\users\bryan\documents\github\prest\modules\libvega\libvega_jumbo.cpp(24): warning C4627: '#include "modules/libvega/src/vegagradient.cpp"': skipped when looking for precompiled header use
11>          Add directive to 'core/pch_jumbo.h' or rebuild precompiled header
11>c:\users\bryan\documents\github\prest\modules\libcrypto\libcrypto_jumbo.cpp(32): warning C4627: '#include "modules/libcrypto/src/openssl_impl/CryptoCertificateChain_impl.cpp"': skipped when looking for precompiled header use
11>          Add directive to 'core/pch_jumbo.h' or rebuild precompiled header
11>c:\users\bryan\documents\github\prest\modules\libssl\libssl_jumbo.cpp(33): warning C4627: '#include "modules/libssl/data/ev_oid_update.cpp"': skipped when looking for precompiled header use
11>          Add directive to 'core/pch_jumbo.h' or rebuild precompiled header
11>c:\users\bryan\documents\github\prest\modules\mdefont\mdefont_jumbo.cpp(17): warning C4627: '#include "modules/mdefont/mdf_cache.cpp"': skipped when looking for precompiled header use
11>          Add directive to 'core/pch_jumbo.h' or rebuild precompiled header
11>c:\users\bryan\documents\github\prest\modules\dom\dom_jumbo.cpp(86): warning C4627: '#include "modules/dom/src/domcss/csssupportsrule.cpp"': skipped when looking for precompiled header use
11>          Add directive to 'core/pch_jumbo.h' or rebuild precompiled header
11>c:\users\bryan\documents\github\prest\modules\ecmascript\es_carakan_engine_jumbo.cpp(85): warning C4627: '#include "modules/ecmascript/carakan/src/util/es_util.cpp"': skipped when looking for precompiled header use
11>          Add directive to 'core/pch_jumbo.h' or rebuild precompiled header
11>c:\users\bryan\documents\github\prest\modules\libvega\libvega_jumbo.cpp(25): warning C4627: '#include "modules/libvega/src/vegaimage.cpp"': skipped when looking for precompiled header use
11>          Add directive to 'core/pch_jumbo.h' or rebuild precompiled header
11>c:\users\bryan\documents\github\prest\modules\layout\layout_jumbo.cpp(30): warning C4627: '#include "modules/layout/layout_workplace.cpp"': skipped when looking for precompiled header use
11>          Add directive to 'core/pch_jumbo.h' or rebuild precompiled header
11>c:\users\bryan\documents\github\prest\modules\libgogi\libgogi_jumbo.cpp(35): warning C4627: '#include "modules/libgogi/pi_impl/mde_opwindow.cpp"': skipped when looking for precompiled header use
11>          Add directive to 'core/pch_jumbo.h' or rebuild precompiled header
11>c:\users\bryan\documents\github\prest\modules\libssl\libssl_jumbo.cpp(34): warning C4627: '#include "modules/libssl/data/root_auto_retrieve.cpp"': skipped when looking for precompiled header use
11>          Add directive to 'core/pch_jumbo.h' or rebuild precompiled header
11>c:\users\bryan\documents\github\prest\modules\libcrypto\libcrypto_jumbo.cpp(33): warning C4627: '#include "modules/libcrypto/src/openssl_impl/CryptoCertificate_impl.cpp"': skipped when looking for precompiled header use
11>          Add directive to 'core/pch_jumbo.h' or rebuild precompiled header
11>c:\users\bryan\documents\github\prest\modules\mdefont\mdefont_jumbo.cpp(18): warning C4627: '#include "modules/mdefont/mdf_agfa.cpp"': skipped when looking for precompiled header use
11>          Add directive to 'core/pch_jumbo.h' or rebuild precompiled header
11>c:\users\bryan\documents\github\prest\adjunct\quick\quick_jumbo.cpp(210): warning C4627: '#include "adjunct/quick/panels/GadgetsPanel.cpp"': skipped when looking for precompiled header use
11>          Add directive to 'core/pch_jumbo.h' or rebuild precompiled header
11>c:\users\bryan\documents\github\prest\modules\locale\locale_jumbo.cpp(15): warning C4627: '#include "modules/locale/src/locale-enum.cpp"': skipped when looking for precompiled header use
11>          Add directive to 'core/pch_jumbo.h' or rebuild precompiled header
11>c:\users\bryan\documents\github\prest\modules\libvega\libvega_jumbo.cpp(26): warning C4627: '#include "modules/libvega/src/vegafixpoint.cpp"': skipped when looking for precompiled header use
11>          Add directive to 'core/pch_jumbo.h' or rebuild precompiled header
11>c:\users\bryan\documents\github\prest\modules\layout\layout_jumbo.cpp(31): warning C4627: '#include "modules/layout/cssprops.cpp"': skipped when looking for precompiled header use
11>          Add directive to 'core/pch_jumbo.h' or rebuild precompiled header
11>c:\users\bryan\documents\github\prest\modules\ecmascript\es_carakan_engine_jumbo.cpp(86): warning C4627: '#include "modules/ecmascript/carakan/src/util/es_tempbuf.cpp"': skipped when looking for precompiled header use
11>          Add directive to 'core/pch_jumbo.h' or rebuild precompiled header
11>c:\users\bryan\documents\github\prest\modules\libgogi\libgogi_jumbo.cpp(36): warning C4627: '#include "modules/libgogi/pi_impl/mde_generic_screen.cpp"': skipped when looking for precompiled header use
11>          Add directive to 'core/pch_jumbo.h' or rebuild precompiled header
11>c:\users\bryan\documents\github\prest\modules\libssl\libssl_jumbo.cpp(35): warning C4627: '#include "modules/libssl/data/root_auto_update.cpp"': skipped when looking for precompiled header use
11>          Add directive to 'core/pch_jumbo.h' or rebuild precompiled header
13>  UniString.cpp
14>  plugin_component_helpers.cpp
13>  UniStringUTF8.cpp
11>c:\users\bryan\documents\github\prest\modules\dom\dom_jumbo.cpp(87): warning C4627: '#include "modules/dom/src/domcss/csskeyframesrule.cpp"': skipped when looking for precompiled header use
11>          Add directive to 'core/pch_jumbo.h' or rebuild precompiled header
11>c:\users\bryan\documents\github\prest\modules\mdefont\mdefont_jumbo.cpp(19): warning C4627: '#include "modules/mdefont/mdf_freetype.cpp"': skipped when looking for precompiled header use
11>          Add directive to 'core/pch_jumbo.h' or rebuild precompiled header
11>c:\users\bryan\documents\github\prest\modules\locale\locale_jumbo.cpp(16): warning C4627: '#include "modules/locale/src/locale_module.cpp"': skipped when looking for precompiled header use
11>          Add directive to 'core/pch_jumbo.h' or rebuild precompiled header
11>c:\users\bryan\documents\github\prest\modules\libvega\libvega_jumbo.cpp(27): warning C4627: '#include "modules/libvega/src/vegadispatchtable.cpp"': skipped when looking for precompiled header use
11>          Add directive to 'core/pch_jumbo.h' or rebuild precompiled header
11>c:\users\bryan\documents\github\prest\modules\layout\layout_jumbo.cpp(32): warning C4627: '#include "modules/layout/wordinfoiterator.cpp"': skipped when looking for precompiled header use
11>          Add directive to 'core/pch_jumbo.h' or rebuild precompiled header
11>c:\users\bryan\documents\github\prest\adjunct\quick\quick_jumbo.cpp(211): warning C4627: '#include "adjunct/quick/panels/UniteServicesPanel.cpp"': skipped when looking for precompiled header use
11>          Add directive to 'core/pch_jumbo.h' or rebuild precompiled header
11>c:\users\bryan\documents\github\prest\modules\ecmascript\es_carakan_engine_jumbo.cpp(87): warning C4627: '#include "modules/ecmascript/carakan/src/vm/es_allocation_context.cpp"': skipped when looking for precompiled header use
11>          Add directive to 'core/pch_jumbo.h' or rebuild precompiled header
11>c:\users\bryan\documents\github\prest\modules\libssl\libssl_jumbo.cpp(36): warning C4627: '#include "modules/libssl/data/ssl_xml_update.cpp"': skipped when looking for precompiled header use
11>          Add directive to 'core/pch_jumbo.h' or rebuild precompiled header
11>c:\users\bryan\documents\github\prest\modules\libgogi\libgogi_jumbo.cpp(37): warning C4627: '#include "modules/libgogi/pi_impl/mde_widget.cpp"': skipped when looking for precompiled header use
11>          Add directive to 'core/pch_jumbo.h' or rebuild precompiled header
11>c:\users\bryan\documents\github\prest\modules\dom\dom_jumbo.cpp(88): warning C4627: '#include "modules/dom/src/domcss/cssrule.cpp"': skipped when looking for precompiled header use
11>          Add directive to 'core/pch_jumbo.h' or rebuild precompiled header
11>c:\users\bryan\documents\github\prest\modules\layout\layout_jumbo.cpp(33): fatal error C1010: unexpected end of file while looking for precompiled header. Did you forget to add '#include "core/pch_jumbo.h"' to your source?
11>c:\users\bryan\documents\github\prest\modules\mdefont\mdefont_jumbo.cpp(20): warning C4627: '#include "modules/mdefont/mdf_ft_pcf_ext.cpp"': skipped when looking for precompiled header use
11>          Add directive to 'core/pch_jumbo.h' or rebuild precompiled header
11>c:\users\bryan\documents\github\prest\modules\locale\locale_jumbo.cpp(17): warning C4627: '#include "modules/locale/src/opbinaryfilelanguagemanager.cpp"': skipped when looking for precompiled header use
11>          Add directive to 'core/pch_jumbo.h' or rebuild precompiled header
11>c:\users\bryan\documents\github\prest\modules\libvega\libvega_jumbo.cpp(28): warning C4627: '#include "modules/libvega/src/vegainteger.cpp"': skipped when looking for precompiled header use
11>          Add directive to 'core/pch_jumbo.h' or rebuild precompiled header
11>c:\users\bryan\documents\github\prest\adjunct\quick\quick_jumbo.cpp(212): warning C4627: '#include "adjunct/quick/panels/HistoryPanel.cpp"': skipped when looking for precompiled header use
11>          Add directive to 'core/pch_jumbo.h' or rebuild precompiled header
11>c:\users\bryan\documents\github\prest\modules\libgogi\libgogi_jumbo.cpp(38): fatal error C1010: unexpected end of file while looking for precompiled header. Did you forget to add '#include "core/pch_jumbo.h"' to your source?
11>c:\users\bryan\documents\github\prest\modules\ecmascript\es_carakan_engine_jumbo.cpp(88): warning C4627: '#include "modules/ecmascript/carakan/src/vm/es_context.cpp"': skipped when looking for precompiled header use
11>          Add directive to 'core/pch_jumbo.h' or rebuild precompiled header
11>c:\users\bryan\documents\github\prest\modules\libssl\libssl_jumbo.cpp(37): warning C4627: '#include "modules/libssl/data/uint64.cpp"': skipped when looking for precompiled header use
11>          Add directive to 'core/pch_jumbo.h' or rebuild precompiled header
11>c:\users\bryan\documents\github\prest\modules\logdoc\logdoc_jumbo.cpp(15): warning C4627: '#include "modules/logdoc/src/helistelm.cpp"': skipped when looking for precompiled header use
11>          Add directive to 'core/pch_jumbo.h' or rebuild precompiled header
11>c:\users\bryan\documents\github\prest\modules\dom\dom_jumbo.cpp(89): warning C4627: '#include "modules/dom/src/domcss/cssrulelist.cpp"': skipped when looking for precompiled header use
11>          Add directive to 'core/pch_jumbo.h' or rebuild precompiled header
11>c:\users\bryan\documents\github\prest\modules\locale\locale_jumbo.cpp(18): warning C4627: '#include "modules/locale/src/opdummylanguagemanager.cpp"': skipped when looking for precompiled header use
11>          Add directive to 'core/pch_jumbo.h' or rebuild precompiled header
11>c:\users\bryan\documents\github\prest\modules\libvega\libvega_jumbo.cpp(29): warning C4627: '#include "modules/libvega/src/vegaswbuffer.cpp"': skipped when looking for precompiled header use
11>          Add directive to 'core/pch_jumbo.h' or rebuild precompiled header
11>c:\users\bryan\documents\github\prest\modules\mdefont\mdefont_jumbo.cpp(21): warning C4627: '#include "modules/mdefont/mdf_opentype.cpp"': skipped when looking for precompiled header use
11>          Add directive to 'core/pch_jumbo.h' or rebuild precompiled header
11>c:\users\bryan\documents\github\prest\adjunct\quick\quick_jumbo.cpp(213): warning C4627: '#include "adjunct/quick/panels/InfoPanel.cpp"': skipped when looking for precompiled header use
11>          Add directive to 'core/pch_jumbo.h' or rebuild precompiled header
11>c:\users\bryan\documents\github\prest\modules\ecmascript\es_carakan_engine_jumbo.cpp(89): warning C4627: '#include "modules/ecmascript/carakan/src/vm/es_engine.cpp"': skipped when looking for precompiled header use
11>          Add directive to 'core/pch_jumbo.h' or rebuild precompiled header
11>c:\users\bryan\documents\github\prest\modules\libssl\libssl_jumbo.cpp(38): warning C4627: '#include "modules/libssl/data/untrusted_auto_retrieve.cpp"': skipped when looking for precompiled header use
11>          Add directive to 'core/pch_jumbo.h' or rebuild precompiled header
11>  memory_jumbo.cpp
11>c:\users\bryan\documents\github\prest\modules\logdoc\logdoc_jumbo.cpp(16): warning C4627: '#include "modules/logdoc/src/imganimhandler.cpp"': skipped when looking for precompiled header use
11>          Add directive to 'core/pch_jumbo.h' or rebuild precompiled header
11>c:\users\bryan\documents\github\prest\modules\dom\dom_jumbo.cpp(90): warning C4627: '#include "modules/dom/src/domcss/cssstyledeclaration.cpp"': skipped when looking for precompiled header use
11>          Add directive to 'core/pch_jumbo.h' or rebuild precompiled header
11>c:\users\bryan\documents\github\prest\modules\locale\locale_jumbo.cpp(19): warning C4627: '#include "modules/locale/src/oplanguagemanager.cpp"': skipped when looking for precompiled header use
11>          Add directive to 'core/pch_jumbo.h' or rebuild precompiled header
11>c:\users\bryan\documents\github\prest\modules\libvega\libvega_jumbo.cpp(30): warning C4627: '#include "modules/libvega/src/vegaswbuffer_generic.cpp"': skipped when looking for precompiled header use
11>          Add directive to 'core/pch_jumbo.h' or rebuild precompiled header
11>c:\users\bryan\documents\github\prest\modules\libcrypto\libcrypto_jumbo.cpp(34): warning C4627: '#include "modules/libcrypto/src/openssl_impl/CryptoCertificateStorage_impl.cpp"': skipped when looking for precompiled header use
11>          Add directive to 'core/pch_jumbo.h' or rebuild precompiled header
11>c:\users\bryan\documents\github\prest\modules\mdefont\mdefont_jumbo.cpp(22): warning C4627: '#include "modules/mdefont/mdf_ot_indic.cpp"': skipped when looking for precompiled header use
11>          Add directive to 'core/pch_jumbo.h' or rebuild precompiled header
11>c:\users\bryan\documents\github\prest\adjunct\quick\quick_jumbo.cpp(214): warning C4627: '#include "adjunct/quick/panels/LinksPanel.cpp"': skipped when looking for precompiled header use
11>          Add directive to 'core/pch_jumbo.h' or rebuild precompiled header
11>c:\users\bryan\documents\github\prest\modules\libssl\libssl_jumbo.cpp(39): warning C4627: '#include "modules/libssl/data/updaters.cpp"': skipped when looking for precompiled header use
11>          Add directive to 'core/pch_jumbo.h' or rebuild precompiled header
11>c:\users\bryan\documents\github\prest\modules\ecmascript\es_carakan_engine_jumbo.cpp(90): warning C4627: '#include "modules/ecmascript/carakan/src/vm/es_execution_context.cpp"': skipped when looking for precompiled header use
11>          Add directive to 'core/pch_jumbo.h' or rebuild precompiled header
11>c:\users\bryan\documents\github\prest\modules\logdoc\logdoc_jumbo.cpp(17): warning C4627: '#include "modules/logdoc/src/savewithinline.cpp"': skipped when looking for precompiled header use
11>          Add directive to 'core/pch_jumbo.h' or rebuild precompiled header
11>c:\users\bryan\documents\github\prest\modules\libvega\libvega_jumbo.cpp(31): warning C4627: '#include "modules/libvega/src/vegaswbuffer_8888.cpp"': skipped when looking for precompiled header use
11>          Add directive to 'core/pch_jumbo.h' or rebuild precompiled header
11>  memtools_jumbo.cpp
11>c:\users\bryan\documents\github\prest\modules\dom\dom_jumbo.cpp(91): warning C4627: '#include "modules/dom/src/domcss/cssstylesheet.cpp"': skipped when looking for precompiled header use
11>          Add directive to 'core/pch_jumbo.h' or rebuild precompiled header
11>c:\users\bryan\documents\github\prest\modules\libcrypto\libcrypto_jumbo.cpp(35): warning C4627: '#include "modules/libcrypto/src/openssl_impl/CryptoHash_impl.cpp"': skipped when looking for precompiled header use
11>          Add directive to 'core/pch_jumbo.h' or rebuild precompiled header
11>c:\users\bryan\documents\github\prest\modules\locale\locale_jumbo.cpp(20): warning C4627: '#include "modules/locale/src/opprefsfilelanguagemanager.cpp"': skipped when looking for precompiled header use
11>          Add directive to 'core/pch_jumbo.h' or rebuild precompiled header
11>c:\users\bryan\documents\github\prest\modules\mdefont\mdefont_jumbo.cpp(23): warning C4627: '#include "modules/mdefont/processedstring.cpp"': skipped when looking for precompiled header use
11>          Add directive to 'core/pch_jumbo.h' or rebuild precompiled header
11>c:\users\bryan\documents\github\prest\adjunct\quick\quick_jumbo.cpp(215): warning C4627: '#include "adjunct/quick/panels/NotesPanel.cpp"': skipped when looking for precompiled header use
11>          Add directive to 'core/pch_jumbo.h' or rebuild precompiled header
11>c:\users\bryan\documents\github\prest\modules\libssl\libssl_jumbo.cpp(40): warning C4627: '#include "modules/libssl/debug/tstdump2.cpp"': skipped when looking for precompiled header use
11>          Add directive to 'core/pch_jumbo.h' or rebuild precompiled header
11>c:\users\bryan\documents\github\prest\modules\ecmascript\es_carakan_engine_jumbo.cpp(91): warning C4627: '#include "modules/ecmascript/carakan/src/vm/es_frame.cpp"': skipped when looking for precompiled header use
11>          Add directive to 'core/pch_jumbo.h' or rebuild precompiled header
11>c:\users\bryan\documents\github\prest\modules\logdoc\logdoc_jumbo.cpp(18): warning C4627: '#include "modules/logdoc/src/urlimgcontprov.cpp"': skipped when looking for precompiled header use
11>          Add directive to 'core/pch_jumbo.h' or rebuild precompiled header
11>c:\users\bryan\documents\github\prest\modules\libvega\libvega_jumbo.cpp(32): warning C4627: '#include "modules/libvega/src/vegaswbuffer_fmtconvert.cpp"': skipped when looking for precompiled header use
11>          Add directive to 'core/pch_jumbo.h' or rebuild precompiled header
11>c:\users\bryan\documents\github\prest\modules\dom\dom_jumbo.cpp(92): warning C4627: '#include "modules/dom/src/domcss/csstransformvalue.cpp"': skipped when looking for precompiled header use
11>          Add directive to 'core/pch_jumbo.h' or rebuild precompiled header
11>c:\users\bryan\documents\github\prest\modules\locale\locale_jumbo.cpp(21): fatal error C1010: unexpected end of file while looking for precompiled header. Did you forget to add '#include "core/pch_jumbo.h"' to your source?
11>c:\users\bryan\documents\github\prest\modules\mdefont\mdefont_jumbo.cpp(24): fatal error C1010: unexpected end of file while looking for precompiled header. Did you forget to add '#include "core/pch_jumbo.h"' to your source?
11>c:\users\bryan\documents\github\prest\modules\libcrypto\libcrypto_jumbo.cpp(36): warning C4627: '#include "modules/libcrypto/src/tlsclient_impl/CryptoHash_tlsclient_impl.cpp"': skipped when looking for precompiled header use
11>          Add directive to 'core/pch_jumbo.h' or rebuild precompiled header
11>c:\users\bryan\documents\github\prest\adjunct\quick\quick_jumbo.cpp(216): warning C4627: '#include "adjunct/quick/panels/SearchPanel.cpp"': skipped when looking for precompiled header use
11>          Add directive to 'core/pch_jumbo.h' or rebuild precompiled header
11>c:\users\bryan\documents\github\prest\modules\libssl\libssl_jumbo.cpp(41): warning C4627: '#include "modules/libssl/external/ext_digest/external_digest_man.cpp"': skipped when looking for precompiled header use
11>          Add directive to 'core/pch_jumbo.h' or rebuild precompiled header
11>c:\users\bryan\documents\github\prest\modules\ecmascript\es_carakan_engine_jumbo.cpp(92): warning C4627: '#include "modules/ecmascript/carakan/src/vm/es_instructionhandlers.cpp"': skipped when looking for precompiled header use
11>          Add directive to 'core/pch_jumbo.h' or rebuild precompiled header
11>c:\users\bryan\documents\github\prest\modules\logdoc\logdoc_jumbo.cpp(19): warning C4627: '#include "modules/logdoc/src/attribute.cpp"': skipped when looking for precompiled header use
11>          Add directive to 'core/pch_jumbo.h' or rebuild precompiled header
11>c:\users\bryan\documents\github\prest\modules\libvega\libvega_jumbo.cpp(33): warning C4627: '#include "modules/libvega/src/vegasweepline.cpp"': skipped when looking for precompiled header use
11>          Add directive to 'core/pch_jumbo.h' or rebuild precompiled header
11>c:\users\bryan\documents\github\prest\modules\dom\dom_jumbo.cpp(93): warning C4627: '#include "modules/dom/src/domdebugger/domdebugger.cpp"': skipped when looking for precompiled header use
11>          Add directive to 'core/pch_jumbo.h' or rebuild precompiled header
11>c:\users\bryan\documents\github\prest\modules\libcrypto\libcrypto_jumbo.cpp(37): warning C4627: '#include "modules/libcrypto/src/tlsclient_impl/CryptoSymmetricAlgorithm_tlsclient_impl.cpp"': skipped when looking for precompiled header use
11>          Add directive to 'core/pch_jumbo.h' or rebuild precompiled header
11>  mime_jumbo.cpp
11>c:\users\bryan\documents\github\prest\adjunct\quick\quick_jumbo.cpp(217): warning C4627: '#include "adjunct/quick/panels/StartPanel.cpp"': skipped when looking for precompiled header use
11>          Add directive to 'core/pch_jumbo.h' or rebuild precompiled header
11>c:\users\bryan\documents\github\prest\modules\libssl\libssl_jumbo.cpp(42): warning C4627: '#include "modules/libssl/external/ext_digest/external_digest_openssl.cpp"': skipped when looking for precompiled header use
11>          Add directive to 'core/pch_jumbo.h' or rebuild precompiled header
13>  g_protobuf_descriptors.cpp
13>  protobuf.cpp
11>  minpng_jumbo.cpp
11>c:\users\bryan\documents\github\prest\modules\ecmascript\es_carakan_engine_jumbo.cpp(93): warning C4627: '#include "modules/ecmascript/carakan/src/vm/es_register_blocks.cpp"': skipped when looking for precompiled header use
11>          Add directive to 'core/pch_jumbo.h' or rebuild precompiled header
11>c:\users\bryan\documents\github\prest\modules\libvega\libvega_jumbo.cpp(34): warning C4627: '#include "modules/libvega/src/vegasweepline_debug.cpp"': skipped when looking for precompiled header use
11>          Add directive to 'core/pch_jumbo.h' or rebuild precompiled header
11>c:\users\bryan\documents\github\prest\modules\logdoc\logdoc_jumbo.cpp(20): warning C4627: '#include "modules/logdoc/src/datasrcelm.cpp"': skipped when looking for precompiled header use
11>          Add directive to 'core/pch_jumbo.h' or rebuild precompiled header
11>c:\users\bryan\documents\github\prest\modules\dom\dom_jumbo.cpp(94): warning C4627: '#include "modules/dom/src/domenvironmentimpl.cpp"': skipped when looking for precompiled header use
11>          Add directive to 'core/pch_jumbo.h' or rebuild precompiled header
11>c:\users\bryan\documents\github\prest\modules\media\media_jumbo.cpp(15): warning C4627: '#include "modules/media/src/OpMediaSourceImpl.cpp"': skipped when looking for precompiled header use
11>          Add directive to 'core/pch_jumbo.h' or rebuild precompiled header
11>c:\users\bryan\documents\github\prest\modules\libcrypto\libcrypto_jumbo.cpp(38): warning C4627: '#include "modules/libcrypto/src/tlsclient_impl/CryptoSignature_tlsclient_impl.cpp"': skipped when looking for precompiled header use
11>          Add directive to 'core/pch_jumbo.h' or rebuild precompiled header
11>c:\users\bryan\documents\github\prest\adjunct\quick\quick_jumbo.cpp(218): warning C4627: '#include "adjunct/quick/panels/TransfersPanel.cpp"': skipped when looking for precompiled header use
11>          Add directive to 'core/pch_jumbo.h' or rebuild precompiled header
11>c:\users\bryan\documents\github\prest\modules\libssl\libssl_jumbo.cpp(43): warning C4627: '#include "modules/libssl/external/ext_digest/external_digest_openssl_api.cpp"': skipped when looking for precompiled header use
11>          Add directive to 'core/pch_jumbo.h' or rebuild precompiled header
11>c:\users\bryan\documents\github\prest\modules\ecmascript\es_carakan_engine_jumbo.cpp(94): warning C4627: '#include "modules/ecmascript/carakan/src/vm/es_suspended_call.cpp"': skipped when looking for precompiled header use
11>          Add directive to 'core/pch_jumbo.h' or rebuild precompiled header
11>c:\users\bryan\documents\github\prest\modules\libvega\libvega_jumbo.cpp(35): warning C4627: '#include "modules/libvega/src/vegafilter.cpp"': skipped when looking for precompiled header use
11>          Add directive to 'core/pch_jumbo.h' or rebuild precompiled header
11>c:\users\bryan\documents\github\prest\modules\dom\dom_jumbo.cpp(95): warning C4627: '#include "modules/dom/src/domevents.cpp"': skipped when looking for precompiled header use
11>          Add directive to 'core/pch_jumbo.h' or rebuild precompiled header
11>c:\users\bryan\documents\github\prest\modules\logdoc\logdoc_jumbo.cpp(21): warning C4627: '#include "modules/logdoc/src/dnsprefetcher.cpp"': skipped when looking for precompiled header use
11>          Add directive to 'core/pch_jumbo.h' or rebuild precompiled header
11>c:\users\bryan\documents\github\prest\modules\media\media_jumbo.cpp(16): warning C4627: '#include "modules/media/src/streammediaplayer.cpp"': skipped when looking for precompiled header use
11>          Add directive to 'core/pch_jumbo.h' or rebuild precompiled header
11>c:\users\bryan\documents\github\prest\modules\libssl\libssl_jumbo.cpp(44): warning C4627: '#include "modules/libssl/external/ext_digest/external_digest_tlsclient.cpp"': skipped when looking for precompiled header use
11>          Add directive to 'core/pch_jumbo.h' or rebuild precompiled header
11>c:\users\bryan\documents\github\prest\adjunct\quick\quick_jumbo.cpp(219): warning C4627: '#include "adjunct/quick/panels/WebPanel.cpp"': skipped when looking for precompiled header use
11>          Add directive to 'core/pch_jumbo.h' or rebuild precompiled header
11>c:\users\bryan\documents\github\prest\modules\libcrypto\libcrypto_jumbo.cpp(39): warning C4627: '#include "modules/libcrypto/src/tlsclient_impl/CryptoCertificateChain_tlsclient_impl.cpp"': skipped when looking for precompiled header use
11>          Add directive to 'core/pch_jumbo.h' or rebuild precompiled header
11>c:\users\bryan\documents\github\prest\modules\ecmascript\es_carakan_engine_jumbo.cpp(95): fatal error C1010: unexpected end of file while looking for precompiled header. Did you forget to add '#include "core/pch_jumbo.h"' to your source?
11>c:\users\bryan\documents\github\prest\modules\libvega\libvega_jumbo.cpp(36): warning C4627: '#include "modules/libvega/src/vegafiltermerge.cpp"': skipped when looking for precompiled header use
11>          Add directive to 'core/pch_jumbo.h' or rebuild precompiled header
11>c:\users\bryan\documents\github\prest\modules\dom\dom_jumbo.cpp(96): warning C4627: '#include "modules/dom/src/domevents/domevent.cpp"': skipped when looking for precompiled header use
11>          Add directive to 'core/pch_jumbo.h' or rebuild precompiled header
11>c:\users\bryan\documents\github\prest\modules\logdoc\logdoc_jumbo.cpp(22): warning C4627: '#include "modules/logdoc/src/doc_tree.cpp"': skipped when looking for precompiled header use
11>          Add directive to 'core/pch_jumbo.h' or rebuild precompiled header
11>c:\users\bryan\documents\github\prest\modules\libssl\libssl_jumbo.cpp(45): warning C4627: '#include "modules/libssl/external/ext_digest/external_digest_tlsclient_api.cpp"': skipped when looking for precompiled header use
11>          Add directive to 'core/pch_jumbo.h' or rebuild precompiled header
11>c:\users\bryan\documents\github\prest\modules\media\media_jumbo.cpp(17): warning C4627: '#include "modules/media/src/camerapreview.cpp"': skipped when looking for precompiled header use
11>          Add directive to 'core/pch_jumbo.h' or rebuild precompiled header
11>c:\users\bryan\documents\github\prest\adjunct\quick\quick_jumbo.cpp(220): warning C4627: '#include "adjunct/quick/panels/WindowsPanel.cpp"': skipped when looking for precompiled header use
11>          Add directive to 'core/pch_jumbo.h' or rebuild precompiled header
11>c:\users\bryan\documents\github\prest\modules\libcrypto\libcrypto_jumbo.cpp(40): warning C4627: '#include "modules/libcrypto/src/tlsclient_impl/CryptoCertificateStorage_tlsclient_impl.cpp"': skipped when looking for precompiled header use
11>          Add directive to 'core/pch_jumbo.h' or rebuild precompiled header
11>c:\users\bryan\documents\github\prest\modules\libvega\libvega_jumbo.cpp(37): warning C4627: '#include "modules/libvega/src/vegafiltergaussian.cpp"': skipped when looking for precompiled header use
11>          Add directive to 'core/pch_jumbo.h' or rebuild precompiled header
11>c:\users\bryan\documents\github\prest\modules\dom\dom_jumbo.cpp(97): warning C4627: '#include "modules/dom/src/domevents/domeventdata.cpp"': skipped when looking for precompiled header use
11>          Add directive to 'core/pch_jumbo.h' or rebuild precompiled header
11>c:\users\bryan\documents\github\prest\modules\logdoc\logdoc_jumbo.cpp(23): warning C4627: '#include "modules/logdoc/src/elementref.cpp"': skipped when looking for precompiled header use
11>          Add directive to 'core/pch_jumbo.h' or rebuild precompiled header
11>c:\users\bryan\documents\github\prest\modules\libssl\libssl_jumbo.cpp(46): warning C4627: '#include "modules/libssl/external/ext_digest/external_test.cpp"': skipped when looking for precompiled header use
11>          Add directive to 'core/pch_jumbo.h' or rebuild precompiled header
11>c:\users\bryan\documents\github\prest\modules\media\media_jumbo.cpp(18): warning C4627: '#include "modules/media/src/camerarecorder.cpp"': skipped when looking for precompiled header use
11>          Add directive to 'core/pch_jumbo.h' or rebuild precompiled header
11>c:\users\bryan\documents\github\prest\adjunct\quick\quick_jumbo.cpp(221): warning C4627: '#include "adjunct/quick/permissions/DesktopPermissionCallback.cpp"': skipped when looking for precompiled header use
11>          Add directive to 'core/pch_jumbo.h' or rebuild precompiled header
11>c:\users\bryan\documents\github\prest\modules\libvega\libvega_jumbo.cpp(38): warning C4627: '#include "modules/libvega/src/vegafilterconvolve.cpp"': skipped when looking for precompiled header use
11>          Add directive to 'core/pch_jumbo.h' or rebuild precompiled header
11>c:\users\bryan\documents\github\prest\modules\libcrypto\libcrypto_jumbo.cpp(41): warning C4627: '#include "modules/libcrypto/src/openssl_impl/CryptoSignature_impl.cpp"': skipped when looking for precompiled header use
11>          Add directive to 'core/pch_jumbo.h' or rebuild precompiled header
11>c:\users\bryan\documents\github\prest\modules\dom\dom_jumbo.cpp(98): warning C4627: '#include "modules/dom/src/domevents/domeventlistener.cpp"': skipped when looking for precompiled header use
11>          Add directive to 'core/pch_jumbo.h' or rebuild precompiled header
11>c:\users\bryan\documents\github\prest\modules\logdoc\logdoc_jumbo.cpp(24): warning C4627: '#include "modules/logdoc/src/htm_elm.cpp"': skipped when looking for precompiled header use
11>          Add directive to 'core/pch_jumbo.h' or rebuild precompiled header
11>c:\users\bryan\documents\github\prest\modules\libssl\libssl_jumbo.cpp(47): warning C4627: '#include "modules/libssl/external/openssl/asynchkeygenerator.cpp"': skipped when looking for precompiled header use
11>          Add directive to 'core/pch_jumbo.h' or rebuild precompiled header
11>c:\users\bryan\documents\github\prest\modules\media\media_jumbo.cpp(19): warning C4627: '#include "modules/media/src/controls/cameracontrols.cpp"': skipped when looking for precompiled header use
11>          Add directive to 'core/pch_jumbo.h' or rebuild precompiled header
11>  network_jumbo.cpp
11>c:\users\bryan\documents\github\prest\modules\libvega\libvega_jumbo.cpp(39): warning C4627: '#include "modules/libvega/src/vegafilterdisplace.cpp"': skipped when looking for precompiled header use
11>          Add directive to 'core/pch_jumbo.h' or rebuild precompiled header
11>c:\users\bryan\documents\github\prest\adjunct\quick\quick_jumbo.cpp(222): warning C4627: '#include "adjunct/quick/scrollmarker/OpScrollMarker.cpp"': skipped when looking for precompiled header use
11>          Add directive to 'core/pch_jumbo.h' or rebuild precompiled header
11>c:\users\bryan\documents\github\prest\modules\libcrypto\libcrypto_jumbo.cpp(42): warning C4627: '#include "modules/libcrypto/src/openssl_impl/CryptoStreamEncryptionRC4_impl.cpp"': skipped when looking for precompiled header use
11>          Add directive to 'core/pch_jumbo.h' or rebuild precompiled header
11>c:\users\bryan\documents\github\prest\modules\dom\dom_jumbo.cpp(99): warning C4627: '#include "modules/dom/src/domevents/domeventtarget.cpp"': skipped when looking for precompiled header use
11>          Add directive to 'core/pch_jumbo.h' or rebuild precompiled header
11>c:\users\bryan\documents\github\prest\modules\logdoc\logdoc_jumbo.cpp(25): warning C4627: '#include "modules/logdoc/src/htm_ldoc.cpp"': skipped when looking for precompiled header use
11>          Add directive to 'core/pch_jumbo.h' or rebuild precompiled header
11>c:\users\bryan\documents\github\prest\modules\libssl\libssl_jumbo.cpp(48): warning C4627: '#include "modules/libssl/external/openssl/certhand1.cpp"': skipped when looking for precompiled header use
11>          Add directive to 'core/pch_jumbo.h' or rebuild precompiled header
11>c:\users\bryan\documents\github\prest\modules\media\media_jumbo.cpp(20): warning C4627: '#include "modules/media/src/controls/mediacontrols.cpp"': skipped when looking for precompiled header use
11>          Add directive to 'core/pch_jumbo.h' or rebuild precompiled header
11>c:\users\bryan\documents\github\prest\modules\minpng\minpng_jumbo.cpp(15): warning C4627: '#include "modules/minpng/minpng.cpp"': skipped when looking for precompiled header use
11>          Add directive to 'core/pch_jumbo.h' or rebuild precompiled header
11>c:\users\bryan\documents\github\prest\modules\memory\memory_jumbo.cpp(15): warning C4627: '#include "modules/memory/src/memory_segment.cpp"': skipped when looking for precompiled header use
11>          Add directive to 'core/pch_jumbo.h' or rebuild precompiled header
11>c:\users\bryan\documents\github\prest\modules\memtools\memtools_jumbo.cpp(15): warning C4627: '#include "modules/memtools/happy-malloc.cpp"': skipped when looking for precompiled header use
11>          Add directive to 'core/pch_jumbo.h' or rebuild precompiled header
11>c:\users\bryan\documents\github\prest\modules\libcrypto\libcrypto_jumbo.cpp(43): warning C4627: '#include "modules/libcrypto/src/openssl_impl/CryptoSymmetricAlgorithm3DES.cpp"': skipped when looking for precompiled header use
11>          Add directive to 'core/pch_jumbo.h' or rebuild precompiled header
11>c:\users\bryan\documents\github\prest\adjunct\quick\quick_jumbo.cpp(223): warning C4627: '#include "adjunct/quick/speeddial/BitmapButton.cpp"': skipped when looking for precompiled header use
11>          Add directive to 'core/pch_jumbo.h' or rebuild precompiled header
11>c:\users\bryan\documents\github\prest\modules\dom\dom_jumbo.cpp(100): warning C4627: '#include "modules/dom/src/domevents/domeventthread.cpp"': skipped when looking for precompiled header use
11>          Add directive to 'core/pch_jumbo.h' or rebuild precompiled header
11>c:\users\bryan\documents\github\prest\modules\mime\mime_jumbo.cpp(15): warning C4627: '#include "modules/mime/mime_alternative.cpp"': skipped when looking for precompiled header use
11>          Add directive to 'core/pch_jumbo.h' or rebuild precompiled header
11>c:\users\bryan\documents\github\prest\modules\logdoc\logdoc_jumbo.cpp(26): warning C4627: '#include "modules/logdoc/src/inline_finder.cpp"': skipped when looking for precompiled header use
11>          Add directive to 'core/pch_jumbo.h' or rebuild precompiled header
11>c:\users\bryan\documents\github\prest\modules\media\media_jumbo.cpp(21): warning C4627: '#include "modules/media/src/controls/mediaduration.cpp"': skipped when looking for precompiled header use
11>          Add directive to 'core/pch_jumbo.h' or rebuild precompiled header
11>c:\users\bryan\documents\github\prest\modules\libssl\libssl_jumbo.cpp(49): warning C4627: '#include "modules/libssl/external/openssl/certinfo.cpp"': skipped when looking for precompiled header use
11>          Add directive to 'core/pch_jumbo.h' or rebuild precompiled header
11>c:\users\bryan\documents\github\prest\modules\minpng\minpng_jumbo.cpp(16): warning C4627: '#include "modules/minpng/buffer.cpp"': skipped when looking for precompiled header use
11>          Add directive to 'core/pch_jumbo.h' or rebuild precompiled header
11>c:\users\bryan\documents\github\prest\modules\memory\memory_jumbo.cpp(16): warning C4627: '#include "modules/memory/src/memory_pooling.cpp"': skipped when looking for precompiled header use
11>          Add directive to 'core/pch_jumbo.h' or rebuild precompiled header
11>c:\users\bryan\documents\github\prest\modules\memtools\memtools_jumbo.cpp(16): warning C4627: '#include "modules/memtools/stacktraceguard.cpp"': skipped when looking for precompiled header use
11>          Add directive to 'core/pch_jumbo.h' or rebuild precompiled header
11>c:\users\bryan\documents\github\prest\modules\libcrypto\libcrypto_jumbo.cpp(44): warning C4627: '#include "modules/libcrypto/src/openssl_impl/CryptoSymmetricAlgorithmAES.cpp"': skipped when looking for precompiled header use
11>          Add directive to 'core/pch_jumbo.h' or rebuild precompiled header
11>c:\users\bryan\documents\github\prest\adjunct\quick\quick_jumbo.cpp(224): warning C4627: '#include "adjunct/quick/speeddial/GenericUndo.cpp"': skipped when looking for precompiled header use
11>          Add directive to 'core/pch_jumbo.h' or rebuild precompiled header
11>c:\users\bryan\documents\github\prest\modules\dom\dom_jumbo.cpp(101): warning C4627: '#include "modules/dom/src/domevents/dommutationevent.cpp"': skipped when looking for precompiled header use
11>          Add directive to 'core/pch_jumbo.h' or rebuild precompiled header
11>c:\users\bryan\documents\github\prest\modules\logdoc\logdoc_jumbo.cpp(27): warning C4627: '#include "modules/logdoc/src/logdoc.cpp"': skipped when looking for precompiled header use
11>          Add directive to 'core/pch_jumbo.h' or rebuild precompiled header
13>  protobuf_data.cpp
14>  plugin_component_instance.cpp
13>  protobuf_input.cpp
11>c:\users\bryan\documents\github\prest\modules\media\media_jumbo.cpp(22): warning C4627: '#include "modules/media/src/controls/mediafader.cpp"': skipped when looking for precompiled header use
11>          Add directive to 'core/pch_jumbo.h' or rebuild precompiled header
11>c:\users\bryan\documents\github\prest\modules\mime\mime_jumbo.cpp(16): warning C4627: '#include "modules/mime/mime_base.cpp"': skipped when looking for precompiled header use
11>          Add directive to 'core/pch_jumbo.h' or rebuild precompiled header
11>c:\users\bryan\documents\github\prest\modules\libssl\libssl_jumbo.cpp(50): warning C4627: '#include "modules/libssl/external/openssl/exportcert.cpp"': skipped when looking for precompiled header use
11>          Add directive to 'core/pch_jumbo.h' or rebuild precompiled header
11>c:\users\bryan\documents\github\prest\modules\minpng\minpng_jumbo.cpp(17): warning C4627: '#include "modules/minpng/minpng_encoder.cpp"': skipped when looking for precompiled header use
11>          Add directive to 'core/pch_jumbo.h' or rebuild precompiled header
11>c:\users\bryan\documents\github\prest\modules\memory\memory_jumbo.cpp(17): warning C4627: '#include "modules/memory/src/memory_debug.cpp"': skipped when looking for precompiled header use
11>          Add directive to 'core/pch_jumbo.h' or rebuild precompiled header
11>c:\users\bryan\documents\github\prest\modules\memtools\memtools_jumbo.cpp(17): warning C4627: '#include "modules/memtools/mem_util.cpp"': skipped when looking for precompiled header use
11>          Add directive to 'core/pch_jumbo.h' or rebuild precompiled header
11>c:\users\bryan\documents\github\prest\modules\libcrypto\libcrypto_jumbo.cpp(45): warning C4627: '#include "modules/libcrypto/src/openssl_impl/OCSPRequest_impl.cpp"': skipped when looking for precompiled header use
11>          Add directive to 'core/pch_jumbo.h' or rebuild precompiled header
11>c:\users\bryan\documents\github\prest\modules\dom\dom_jumbo.cpp(102): warning C4627: '#include "modules/dom/src/domevents/domprogressevent.cpp"': skipped when looking for precompiled header use
11>          Add directive to 'core/pch_jumbo.h' or rebuild precompiled header
11>c:\users\bryan\documents\github\prest\adjunct\quick\quick_jumbo.cpp(225): warning C4627: '#include "adjunct/quick/speeddial/DesktopSpeedDial.cpp"': skipped when looking for precompiled header use
11>          Add directive to 'core/pch_jumbo.h' or rebuild precompiled header
11>c:\users\bryan\documents\github\prest\modules\logdoc\logdoc_jumbo.cpp(28): warning C4627: '#include "modules/logdoc/src/logdoc_module.cpp"': skipped when looking for precompiled header use
11>          Add directive to 'core/pch_jumbo.h' or rebuild precompiled header
11>c:\users\bryan\documents\github\prest\modules\media\media_jumbo.cpp(23): warning C4627: '#include "modules/media/src/controls/mediaslider.cpp"': skipped when looking for precompiled header use
11>          Add directive to 'core/pch_jumbo.h' or rebuild precompiled header
11>c:\users\bryan\documents\github\prest\modules\mime\mime_jumbo.cpp(17): warning C4627: '#include "modules/mime/mime_cs.cpp"': skipped when looking for precompiled header use
11>          Add directive to 'core/pch_jumbo.h' or rebuild precompiled header
11>c:\users\bryan\documents\github\prest\modules\minpng\minpng_jumbo.cpp(18): fatal error C1010: unexpected end of file while looking for precompiled header. Did you forget to add '#include "core/pch_jumbo.h"' to your source?
11>c:\users\bryan\documents\github\prest\modules\libssl\libssl_jumbo.cpp(51): warning C4627: '#include "modules/libssl/external/openssl/extract_certificate.cpp"': skipped when looking for precompiled header use
11>          Add directive to 'core/pch_jumbo.h' or rebuild precompiled header
11>c:\users\bryan\documents\github\prest\modules\memory\memory_jumbo.cpp(18): warning C4627: '#include "modules/memory/src/memory_memguard.cpp"': skipped when looking for precompiled header use
11>          Add directive to 'core/pch_jumbo.h' or rebuild precompiled header
11>c:\users\bryan\documents\github\prest\modules\memtools\memtools_jumbo.cpp(18): warning C4627: '#include "modules/memtools/src/memtools_module.cpp"': skipped when looking for precompiled header use
11>          Add directive to 'core/pch_jumbo.h' or rebuild precompiled header
11>c:\users\bryan\documents\github\prest\modules\libcrypto\libcrypto_jumbo.cpp(46): warning C4627: '#include "modules/libcrypto/src/openssl_impl/OCSPRequestProducer_impl.cpp"': skipped when looking for precompiled header use
11>          Add directive to 'core/pch_jumbo.h' or rebuild precompiled header
11>c:\users\bryan\documents\github\prest\adjunct\quick\quick_jumbo.cpp(226): warning C4627: '#include "adjunct/quick/speeddial/SpeedDialExtensionContent.cpp"': skipped when looking for precompiled header use
11>          Add directive to 'core/pch_jumbo.h' or rebuild precompiled header
11>c:\users\bryan\documents\github\prest\modules\dom\dom_jumbo.cpp(103): warning C4627: '#include "modules/dom/src/domevents/domeventsource.cpp"': skipped when looking for precompiled header use
11>          Add directive to 'core/pch_jumbo.h' or rebuild precompiled header
11>c:\users\bryan\documents\github\prest\modules\logdoc\logdoc_jumbo.cpp(29): warning C4627: '#include "modules/logdoc/src/logdoc_util.cpp"': skipped when looking for precompiled header use
11>          Add directive to 'core/pch_jumbo.h' or rebuild precompiled header
11>c:\users\bryan\documents\github\prest\modules\media\media_jumbo.cpp(24): warning C4627: '#include "modules/media/src/coremediaplayer.cpp"': skipped when looking for precompiled header use
11>          Add directive to 'core/pch_jumbo.h' or rebuild precompiled header
11>c:\users\bryan\documents\github\prest\modules\mime\mime_jumbo.cpp(18): warning C4627: '#include "modules/mime/mime_displayable.cpp"': skipped when looking for precompiled header use
11>          Add directive to 'core/pch_jumbo.h' or rebuild precompiled header
11>c:\users\bryan\documents\github\prest\modules\libssl\libssl_jumbo.cpp(52): warning C4627: '#include "modules/libssl/external/openssl/genciph.cpp"': skipped when looking for precompiled header use
11>          Add directive to 'core/pch_jumbo.h' or rebuild precompiled header
11>c:\users\bryan\documents\github\prest\modules\memory\memory_jumbo.cpp(19): warning C4627: '#include "modules/memory/src/memory_virtualalloc.cpp"': skipped when looking for precompiled header use
11>          Add directive to 'core/pch_jumbo.h' or rebuild precompiled header
11>c:\users\bryan\documents\github\prest\modules\memtools\memtools_jumbo.cpp(19): warning C4627: '#include "modules/memtools/src/memtools_codeloc.cpp"': skipped when looking for precompiled header use
11>          Add directive to 'core/pch_jumbo.h' or rebuild precompiled header
11>c:\users\bryan\documents\github\prest\modules\libcrypto\libcrypto_jumbo.cpp(47): warning C4627: '#include "modules/libcrypto/src/openssl_impl/OCSPResponseVerifier_impl.cpp"': skipped when looking for precompiled header use
11>          Add directive to 'core/pch_jumbo.h' or rebuild precompiled header
11>c:\users\bryan\documents\github\prest\adjunct\quick\quick_jumbo.cpp(227): warning C4627: '#include "adjunct/quick/speeddial/SpeedDialData.cpp"': skipped when looking for precompiled header use
11>          Add directive to 'core/pch_jumbo.h' or rebuild precompiled header
11>c:\users\bryan\documents\github\prest\modules\dom\dom_jumbo.cpp(104): warning C4627: '#include "modules/dom/src/domevents/domtransitionevent.cpp"': skipped when looking for precompiled header use
11>          Add directive to 'core/pch_jumbo.h' or rebuild precompiled header
11>c:\users\bryan\documents\github\prest\modules\logdoc\logdoc_jumbo.cpp(30): warning C4627: '#include "modules/logdoc/src/logdocxmltreeaccessor.cpp"': skipped when looking for precompiled header use
11>          Add directive to 'core/pch_jumbo.h' or rebuild precompiled header
11>c:\users\bryan\documents\github\prest\modules\media\media_jumbo.cpp(25): warning C4627: '#include "modules/media/src/jilmediaelement.cpp"': skipped when looking for precompiled header use
11>          Add directive to 'core/pch_jumbo.h' or rebuild precompiled header
11>c:\users\bryan\documents\github\prest\modules\mime\mime_jumbo.cpp(19): warning C4627: '#include "modules/mime/mime_external.cpp"': skipped when looking for precompiled header use
11>          Add directive to 'core/pch_jumbo.h' or rebuild precompiled header
11>c:\users\bryan\documents\github\prest\modules\libssl\libssl_jumbo.cpp(53): warning C4627: '#include "modules/libssl/external/openssl/pubkey.cpp"': skipped when looking for precompiled header use
11>          Add directive to 'core/pch_jumbo.h' or rebuild precompiled header
11>c:\users\bryan\documents\github\prest\modules\memory\memory_jumbo.cpp(20): warning C4627: '#include "modules/memory/src/memory_smo.cpp"': skipped when looking for precompiled header use
11>          Add directive to 'core/pch_jumbo.h' or rebuild precompiled header
11>c:\users\bryan\documents\github\prest\modules\memtools\memtools_jumbo.cpp(20): warning C4627: '#include "modules/memtools/src/memtools_codeloc_linux.cpp"': skipped when looking for precompiled header use
11>          Add directive to 'core/pch_jumbo.h' or rebuild precompiled header
11>c:\users\bryan\documents\github\prest\modules\libcrypto\libcrypto_jumbo.cpp(48): warning C4627: '#include "modules/libcrypto/src/openssl_impl/openssl_util.cpp"': skipped when looking for precompiled header use
11>          Add directive to 'core/pch_jumbo.h' or rebuild precompiled header
11>c:\users\bryan\documents\github\prest\adjunct\quick\quick_jumbo.cpp(228): warning C4627: '#include "adjunct/quick/speeddial/SpeedDialDragHandler.cpp"': skipped when looking for precompiled header use
11>          Add directive to 'core/pch_jumbo.h' or rebuild precompiled header
11>c:\users\bryan\documents\github\prest\modules\dom\dom_jumbo.cpp(105): warning C4627: '#include "modules/dom/src/domevents/domanimationevent.cpp"': skipped when looking for precompiled header use
11>          Add directive to 'core/pch_jumbo.h' or rebuild precompiled header
11>c:\users\bryan\documents\github\prest\modules\logdoc\logdoc_jumbo.cpp(31): warning C4627: '#include "modules/logdoc/src/htm_lex.cpp"': skipped when looking for precompiled header use
11>          Add directive to 'core/pch_jumbo.h' or rebuild precompiled header
11>c:\users\bryan\documents\github\prest\modules\media\media_jumbo.cpp(26): warning C4627: '#include "modules/media/src/media_module.cpp"': skipped when looking for precompiled header use
11>          Add directive to 'core/pch_jumbo.h' or rebuild precompiled header
11>c:\users\bryan\documents\github\prest\modules\mime\mime_jumbo.cpp(20): warning C4627: '#include "modules/mime/mime_formatted.cpp"': skipped when looking for precompiled header use
11>          Add directive to 'core/pch_jumbo.h' or rebuild precompiled header
11>c:\users\bryan\documents\github\prest\modules\libssl\libssl_jumbo.cpp(54): warning C4627: '#include "modules/libssl/external/openssl/sslhash.cpp"': skipped when looking for precompiled header use
11>          Add directive to 'core/pch_jumbo.h' or rebuild precompiled header
11>c:\users\bryan\documents\github\prest\modules\memory\memory_jumbo.cpp(21): warning C4627: '#include "modules/memory/src/memory_module.cpp"': skipped when looking for precompiled header use
11>          Add directive to 'core/pch_jumbo.h' or rebuild precompiled header
11>c:\users\bryan\documents\github\prest\modules\memtools\memtools_jumbo.cpp(21): warning C4627: '#include "modules/memtools/src/memtools_codeloc_dummy.cpp"': skipped when looking for precompiled header use
11>          Add directive to 'core/pch_jumbo.h' or rebuild precompiled header
11>c:\users\bryan\documents\github\prest\modules\libcrypto\libcrypto_jumbo.cpp(49): warning C4627: '#include "modules/libcrypto/src/openssl_impl/PEMX509Loader.cpp"': skipped when looking for precompiled header use
11>          Add directive to 'core/pch_jumbo.h' or rebuild precompiled header
11>c:\users\bryan\documents\github\prest\adjunct\quick\quick_jumbo.cpp(229): warning C4627: '#include "adjunct/quick/speeddial/SpeedDialGenericHandler.cpp"': skipped when looking for precompiled header use
11>          Add directive to 'core/pch_jumbo.h' or rebuild precompiled header
11>c:\users\bryan\documents\github\prest\modules\dom\dom_jumbo.cpp(106): warning C4627: '#include "modules/dom/src/domevents/domtouchevent.cpp"': skipped when looking for precompiled header use
11>          Add directive to 'core/pch_jumbo.h' or rebuild precompiled header
11>c:\users\bryan\documents\github\prest\modules\logdoc\logdoc_jumbo.cpp(32): warning C4627: '#include "modules/logdoc/src/link.cpp"': skipped when looking for precompiled header use
11>          Add directive to 'core/pch_jumbo.h' or rebuild precompiled header
11>c:\users\bryan\documents\github\prest\modules\media\media_jumbo.cpp(27): warning C4627: '#include "modules/media/src/mediaelement.cpp"': skipped when looking for precompiled header use
11>          Add directive to 'core/pch_jumbo.h' or rebuild precompiled header
11>c:\users\bryan\documents\github\prest\modules\network\network_jumbo.cpp(15): warning C4627: '#include "modules/network/src/network.cpp"': skipped when looking for precompiled header use
11>          Add directive to 'core/pch_jumbo.h' or rebuild precompiled header
11>c:\users\bryan\documents\github\prest\modules\libssl\libssl_jumbo.cpp(55): warning C4627: '#include "modules/libssl/external/openssl/sslrand.cpp"': skipped when looking for precompiled header use
11>          Add directive to 'core/pch_jumbo.h' or rebuild precompiled header
11>c:\users\bryan\documents\github\prest\modules\mime\mime_jumbo.cpp(21): warning C4627: '#include "modules/mime/mime_lib.cpp"': skipped when looking for precompiled header use
11>          Add directive to 'core/pch_jumbo.h' or rebuild precompiled header
11>c:\users\bryan\documents\github\prest\modules\memory\memory_jumbo.cpp(22): warning C4627: '#include "modules/memory/src/memory_opsrcsite.cpp"': skipped when looking for precompiled header use
11>          Add directive to 'core/pch_jumbo.h' or rebuild precompiled header
11>c:\users\bryan\documents\github\prest\modules\memtools\memtools_jumbo.cpp(22): warning C4627: '#include "modules/memtools/src/memtools_callstack.cpp"': skipped when looking for precompiled header use
11>          Add directive to 'core/pch_jumbo.h' or rebuild precompiled header
11>c:\users\bryan\documents\github\prest\modules\libcrypto\libcrypto_jumbo.cpp(50): warning C4627: '#include "modules/libcrypto/src/OpRandomGenerator.cpp"': skipped when looking for precompiled header use
11>          Add directive to 'core/pch_jumbo.h' or rebuild precompiled header
11>  network_selftest_jumbo.cpp
11>c:\users\bryan\documents\github\prest\adjunct\quick\quick_jumbo.cpp(230): warning C4627: '#include "adjunct/quick/speeddial/SpeedDialPageContent.cpp"': skipped when looking for precompiled header use
11>          Add directive to 'core/pch_jumbo.h' or rebuild precompiled header
11>c:\users\bryan\documents\github\prest\modules\dom\dom_jumbo.cpp(107): warning C4627: '#include "modules/dom/src/domfile/domblob.cpp"': skipped when looking for precompiled header use
11>          Add directive to 'core/pch_jumbo.h' or rebuild precompiled header
11>c:\users\bryan\documents\github\prest\modules\logdoc\logdoc_jumbo.cpp(33): warning C4627: '#include "modules/logdoc/src/namespace.cpp"': skipped when looking for precompiled header use
11>          Add directive to 'core/pch_jumbo.h' or rebuild precompiled header
11>c:\users\bryan\documents\github\prest\modules\media\media_jumbo.cpp(28): warning C4627: '#include "modules/media/src/mediasource.cpp"': skipped when looking for precompiled header use
11>          Add directive to 'core/pch_jumbo.h' or rebuild precompiled header
11>c:\users\bryan\documents\github\prest\modules\libvega\libvega_jumbo.cpp(40): warning C4627: '#include "modules/libvega/src/vegafilterlighting.cpp"': skipped when looking for precompiled header use
11>          Add directive to 'core/pch_jumbo.h' or rebuild precompiled header
11>c:\users\bryan\documents\github\prest\modules\network\network_jumbo.cpp(16): warning C4627: '#include "modules/network/src/op_batch_request.cpp"': skipped when looking for precompiled header use
11>          Add directive to 'core/pch_jumbo.h' or rebuild precompiled header
11>c:\users\bryan\documents\github\prest\modules\memory\memory_jumbo.cpp(23): warning C4627: '#include "modules/memory/src/memory_opallocinfo.cpp"': skipped when looking for precompiled header use
11>          Add directive to 'core/pch_jumbo.h' or rebuild precompiled header
13>  protobuf_input_common.cpp
11>c:\users\bryan\documents\github\prest\modules\libssl\libssl_jumbo.cpp(56): warning C4627: '#include "modules/libssl/external/openssl/vector_i2d.cpp"': skipped when looking for precompiled header use
11>          Add directive to 'core/pch_jumbo.h' or rebuild precompiled header
11>c:\users\bryan\documents\github\prest\modules\memtools\memtools_jumbo.cpp(23): fatal error C1010: unexpected end of file while looking for precompiled header. Did you forget to add '#include "core/pch_jumbo.h"' to your source?
11>c:\users\bryan\documents\github\prest\modules\mime\mime_jumbo.cpp(22): warning C4627: '#include "modules/mime/mime_module.cpp"': skipped when looking for precompiled header use
11>          Add directive to 'core/pch_jumbo.h' or rebuild precompiled header
11>c:\users\bryan\documents\github\prest\modules\libcrypto\libcrypto_jumbo.cpp(51): warning C4627: '#include "modules/libcrypto/src/PEMLoader.cpp"': skipped when looking for precompiled header use
11>          Add directive to 'core/pch_jumbo.h' or rebuild precompiled header
11>c:\users\bryan\documents\github\prest\adjunct\quick\quick_jumbo.cpp(231): warning C4627: '#include "adjunct/quick/speeddial/SpeedDialPlusContent.cpp"': skipped when looking for precompiled header use
11>          Add directive to 'core/pch_jumbo.h' or rebuild precompiled header
11>c:\users\bryan\documents\github\prest\modules\logdoc\logdoc_jumbo.cpp(34): warning C4627: '#include "modules/logdoc/src/opelementcallback.cpp"': skipped when looking for precompiled header use
11>          Add directive to 'core/pch_jumbo.h' or rebuild precompiled header
11>c:\users\bryan\documents\github\prest\modules\dom\dom_jumbo.cpp(108): warning C4627: '#include "modules/dom/src/domfile/dombloburl.cpp"': skipped when looking for precompiled header use
11>          Add directive to 'core/pch_jumbo.h' or rebuild precompiled header
11>c:\users\bryan\documents\github\prest\modules\media\media_jumbo.cpp(29): warning C4627: '#include "modules/media/src/mediasourceutil.cpp"': skipped when looking for precompiled header use
11>          Add directive to 'core/pch_jumbo.h' or rebuild precompiled header
11>c:\users\bryan\documents\github\prest\modules\libvega\libvega_jumbo.cpp(41): warning C4627: '#include "modules/libvega/src/vegafiltermorphology.cpp"': skipped when looking for precompiled header use
11>          Add directive to 'core/pch_jumbo.h' or rebuild precompiled header
11>c:\users\bryan\documents\github\prest\modules\memory\memory_jumbo.cpp(24): warning C4627: '#include "modules/memory/src/memory_events.cpp"': skipped when looking for precompiled header use
11>          Add directive to 'core/pch_jumbo.h' or rebuild precompiled header
11>c:\users\bryan\documents\github\prest\modules\network\network_jumbo.cpp(17): warning C4627: '#include "modules/network/src/op_url.cpp"': skipped when looking for precompiled header use
11>          Add directive to 'core/pch_jumbo.h' or rebuild precompiled header
11>c:\users\bryan\documents\github\prest\modules\libssl\libssl_jumbo.cpp(57): warning C4627: '#include "modules/libssl/external/tlsclient/tlsclient_hash.cpp"': skipped when looking for precompiled header use
11>          Add directive to 'core/pch_jumbo.h' or rebuild precompiled header
11>c:\users\bryan\documents\github\prest\modules\mime\mime_jumbo.cpp(23): warning C4627: '#include "modules/mime/mime_mulpart_base.cpp"': skipped when looking for precompiled header use
11>          Add directive to 'core/pch_jumbo.h' or rebuild precompiled header
11>c:\users\bryan\documents\github\prest\modules\libcrypto\libcrypto_jumbo.cpp(52): fatal error C1010: unexpected end of file while looking for precompiled header. Did you forget to add '#include "core/pch_jumbo.h"' to your source?
11>c:\users\bryan\documents\github\prest\adjunct\quick\quick_jumbo.cpp(232): warning C4627: '#include "adjunct/quick/speeddial/SpeedDialUndo.cpp"': skipped when looking for precompiled header use
11>          Add directive to 'core/pch_jumbo.h' or rebuild precompiled header
11>c:\users\bryan\documents\github\prest\modules\logdoc\logdoc_jumbo.cpp(35): warning C4627: '#include "modules/logdoc/src/optreecallback.cpp"': skipped when looking for precompiled header use
11>          Add directive to 'core/pch_jumbo.h' or rebuild precompiled header
11>c:\users\bryan\documents\github\prest\modules\dom\dom_jumbo.cpp(109): warning C4627: '#include "modules/dom/src/domfile/domfile.cpp"': skipped when looking for precompiled header use
11>          Add directive to 'core/pch_jumbo.h' or rebuild precompiled header
11>c:\users\bryan\documents\github\prest\modules\media\media_jumbo.cpp(30): warning C4627: '#include "modules/media/src/mediastate.cpp"': skipped when looking for precompiled header use
11>          Add directive to 'core/pch_jumbo.h' or rebuild precompiled header
11>c:\users\bryan\documents\github\prest\modules\libvega\libvega_jumbo.cpp(42): warning C4627: '#include "modules/libvega/src/vegafiltercolortransform.cpp"': skipped when looking for precompiled header use
11>          Add directive to 'core/pch_jumbo.h' or rebuild precompiled header
11>c:\users\bryan\documents\github\prest\modules\network\network_jumbo.cpp(18): warning C4627: '#include "modules/network/src/op_request.cpp"': skipped when looking for precompiled header use
11>          Add directive to 'core/pch_jumbo.h' or rebuild precompiled header
11>  ns4plugins_jumbo.cpp
11>c:\users\bryan\documents\github\prest\modules\libssl\libssl_jumbo.cpp(58): warning C4627: '#include "modules/libssl/external/tlsclient/tlsclient_cipher.cpp"': skipped when looking for precompiled header use
11>          Add directive to 'core/pch_jumbo.h' or rebuild precompiled header
11>c:\users\bryan\documents\github\prest\modules\mime\mime_jumbo.cpp(24): warning C4627: '#include "modules/mime/mime_payload.cpp"': skipped when looking for precompiled header use
11>          Add directive to 'core/pch_jumbo.h' or rebuild precompiled header
11>c:\users\bryan\documents\github\prest\modules\logdoc\logdoc_jumbo.cpp(36): warning C4627: '#include "modules/logdoc/src/picturlconverter.cpp"': skipped when looking for precompiled header use
11>          Add directive to 'core/pch_jumbo.h' or rebuild precompiled header
11>c:\users\bryan\documents\github\prest\adjunct\quick\quick_jumbo.cpp(233): warning C4627: '#include "adjunct/quick/speeddial/SpeedDialThumbnail.cpp"': skipped when looking for precompiled header use
11>          Add directive to 'core/pch_jumbo.h' or rebuild precompiled header
11>c:\users\bryan\documents\github\prest\modules\dom\dom_jumbo.cpp(110): warning C4627: '#include "modules/dom/src/domfile/domfileerror.cpp"': skipped when looking for precompiled header use
11>          Add directive to 'core/pch_jumbo.h' or rebuild precompiled header
11>c:\users\bryan\documents\github\prest\modules\libvega\libvega_jumbo.cpp(43): warning C4627: '#include "modules/libvega/src/3ddevice/vega3ddevice.cpp"': skipped when looking for precompiled header use
11>          Add directive to 'core/pch_jumbo.h' or rebuild precompiled header
11>c:\users\bryan\documents\github\prest\modules\media\media_jumbo.cpp(31): warning C4627: '#include "modules/media/src/mediathread.cpp"': skipped when looking for precompiled header use
11>          Add directive to 'core/pch_jumbo.h' or rebuild precompiled header
11>c:\users\bryan\documents\github\prest\modules\network\network_jumbo.cpp(19): warning C4627: '#include "modules/network/src/op_resource.cpp"': skipped when looking for precompiled header use
11>          Add directive to 'core/pch_jumbo.h' or rebuild precompiled header
11>c:\users\bryan\documents\github\prest\modules\libssl\libssl_jumbo.cpp(59): warning C4627: '#include "modules/libssl/external/tlsclient/tlsclient_rand.cpp"': skipped when looking for precompiled header use
11>          Add directive to 'core/pch_jumbo.h' or rebuild precompiled header
11>c:\users\bryan\documents\github\prest\modules\mime\mime_jumbo.cpp(25): warning C4627: '#include "modules/mime/mime_payload_mime.cpp"': skipped when looking for precompiled header use
11>          Add directive to 'core/pch_jumbo.h' or rebuild precompiled header
11>c:\users\bryan\documents\github\prest\modules\logdoc\logdoc_jumbo.cpp(37): warning C4627: '#include "modules/logdoc/src/search.cpp"': skipped when looking for precompiled header use
11>          Add directive to 'core/pch_jumbo.h' or rebuild precompiled header
11>c:\users\bryan\documents\github\prest\modules\dom\dom_jumbo.cpp(111): warning C4627: '#include "modules/dom/src/domfile/domfileexception.cpp"': skipped when looking for precompiled header use
11>          Add directive to 'core/pch_jumbo.h' or rebuild precompiled header
11>c:\users\bryan\documents\github\prest\adjunct\quick\quick_jumbo.cpp(234): warning C4627: '#include "adjunct/quick/spellcheck/SpellCheckContext.cpp"': skipped when looking for precompiled header use
11>          Add directive to 'core/pch_jumbo.h' or rebuild precompiled header
11>  obml_comm_jumbo.cpp
11>c:\users\bryan\documents\github\prest\modules\media\media_jumbo.cpp(32): warning C4627: '#include "modules/media/src/mediatimeranges.cpp"': skipped when looking for precompiled header use
11>          Add directive to 'core/pch_jumbo.h' or rebuild precompiled header
11>c:\users\bryan\documents\github\prest\modules\libvega\libvega_jumbo.cpp(44): warning C4627: '#include "modules/libvega/src/3ddevice/vegavertexbufferutils.cpp"': skipped when looking for precompiled header use
11>          Add directive to 'core/pch_jumbo.h' or rebuild precompiled header
11>c:\users\bryan\documents\github\prest\modules\libssl\libssl_jumbo.cpp(60): warning C4627: '#include "modules/libssl/external/tlsclient/tlsclient_cert.cpp"': skipped when looking for precompiled header use
11>          Add directive to 'core/pch_jumbo.h' or rebuild precompiled header
11>c:\users\bryan\documents\github\prest\modules\network\network_jumbo.cpp(20): warning C4627: '#include "modules/network/src/op_data_descriptor.cpp"': skipped when looking for precompiled header use
11>          Add directive to 'core/pch_jumbo.h' or rebuild precompiled header
11>c:\users\bryan\documents\github\prest\modules\mime\mime_jumbo.cpp(26): warning C4627: '#include "modules/mime/mime_related.cpp"': skipped when looking for precompiled header use
11>          Add directive to 'core/pch_jumbo.h' or rebuild precompiled header
11>c:\users\bryan\documents\github\prest\modules\logdoc\logdoc_jumbo.cpp(38): warning C4627: '#include "modules/logdoc/src/selection.cpp"': skipped when looking for precompiled header use
11>          Add directive to 'core/pch_jumbo.h' or rebuild precompiled header
11>c:\users\bryan\documents\github\prest\modules\dom\dom_jumbo.cpp(112): warning C4627: '#include "modules/dom/src/domfile/domfilelist.cpp"': skipped when looking for precompiled header use
11>          Add directive to 'core/pch_jumbo.h' or rebuild precompiled header
11>c:\users\bryan\documents\github\prest\modules\media\media_jumbo.cpp(33): warning C4627: '#include "modules/media/src/mediathrottler.cpp"': skipped when looking for precompiled header use
11>          Add directive to 'core/pch_jumbo.h' or rebuild precompiled header
11>c:\users\bryan\documents\github\prest\adjunct\quick\quick_jumbo.cpp(235): warning C4627: '#include "adjunct/quick/sync/SyncBookmarkItems.cpp"': skipped when looking for precompiled header use
11>          Add directive to 'core/pch_jumbo.h' or rebuild precompiled header
11>c:\users\bryan\documents\github\prest\modules\libvega\libvega_jumbo.cpp(45): warning C4627: '#include "modules/libvega/src/oppainter/vegaoppainter.cpp"': skipped when looking for precompiled header use
11>          Add directive to 'core/pch_jumbo.h' or rebuild precompiled header
11>c:\users\bryan\documents\github\prest\modules\network\network_jumbo.cpp(21): warning C4627: '#include "modules/network/src/op_request_impl.cpp"': skipped when looking for precompiled header use
11>          Add directive to 'core/pch_jumbo.h' or rebuild precompiled header
11>c:\users\bryan\documents\github\prest\modules\libssl\libssl_jumbo.cpp(61): warning C4627: '#include "modules/libssl/external/tlsclient/tlsclient_pubkey.cpp"': skipped when looking for precompiled header use
11>          Add directive to 'core/pch_jumbo.h' or rebuild precompiled header
11>c:\users\bryan\documents\github\prest\modules\mime\mime_jumbo.cpp(27): warning C4627: '#include "modules/mime/mime_text.cpp"': skipped when looking for precompiled header use
11>          Add directive to 'core/pch_jumbo.h' or rebuild precompiled header
11>c:\users\bryan\documents\github\prest\modules\logdoc\logdoc_jumbo.cpp(39): warning C4627: '#include "modules/logdoc/src/selectionpoint.cpp"': skipped when looking for precompiled header use
11>          Add directive to 'core/pch_jumbo.h' or rebuild precompiled header
11>c:\users\bryan\documents\github\prest\modules\dom\dom_jumbo.cpp(113): warning C4627: '#include "modules/dom/src/domfile/domfilereader.cpp"': skipped when looking for precompiled header use
11>          Add directive to 'core/pch_jumbo.h' or rebuild precompiled header
11>c:\users\bryan\documents\github\prest\modules\media\media_jumbo.cpp(34): warning C4627: '#include "modules/media/src/mediatrack.cpp"': skipped when looking for precompiled header use
11>          Add directive to 'core/pch_jumbo.h' or rebuild precompiled header
11>c:\users\bryan\documents\github\prest\adjunct\quick\quick_jumbo.cpp(236): warning C4627: '#include "adjunct/quick/sync/SyncNoteItems.cpp"': skipped when looking for precompiled header use
11>          Add directive to 'core/pch_jumbo.h' or rebuild precompiled header
11>c:\users\bryan\documents\github\prest\modules\libvega\libvega_jumbo.cpp(46): warning C4627: '#include "modules/libvega/src/oppainter/vegaopfont.cpp"': skipped when looking for precompiled header use
11>          Add directive to 'core/pch_jumbo.h' or rebuild precompiled header
11>c:\users\bryan\documents\github\prest\modules\network\network_jumbo.cpp(22): warning C4627: '#include "modules/network/src/op_response_impl.cpp"': skipped when looking for precompiled header use
11>          Add directive to 'core/pch_jumbo.h' or rebuild precompiled header
11>c:\users\bryan\documents\github\prest\modules\libssl\libssl_jumbo.cpp(62): warning C4627: '#include "modules/libssl/external/tlsclient/tlsclient_api.cpp"': skipped when looking for precompiled header use
11>          Add directive to 'core/pch_jumbo.h' or rebuild precompiled header
11>c:\users\bryan\documents\github\prest\modules\mime\mime_jumbo.cpp(28): warning C4627: '#include "modules/mime/mime_tools.cpp"': skipped when looking for precompiled header use
11>          Add directive to 'core/pch_jumbo.h' or rebuild precompiled header
11>c:\users\bryan\documents\github\prest\modules\logdoc\logdoc_jumbo.cpp(40): warning C4627: '#include "modules/logdoc/src/textdata.cpp"': skipped when looking for precompiled header use
11>          Add directive to 'core/pch_jumbo.h' or rebuild precompiled header
11>c:\users\bryan\documents\github\prest\modules\dom\dom_jumbo.cpp(114): warning C4627: '#include "modules/dom/src/domfile/domfilereadersync.cpp"': skipped when looking for precompiled header use
11>          Add directive to 'core/pch_jumbo.h' or rebuild precompiled header
11>c:\users\bryan\documents\github\prest\modules\media\media_jumbo.cpp(35): warning C4627: '#include "modules/media/src/trackdisplaystate.cpp"': skipped when looking for precompiled header use
11>          Add directive to 'core/pch_jumbo.h' or rebuild precompiled header
11>c:\users\bryan\documents\github\prest\adjunct\quick\quick_jumbo.cpp(237): warning C4627: '#include "adjunct/quick/sync/SyncSearchEntries.cpp"': skipped when looking for precompiled header use
11>          Add directive to 'core/pch_jumbo.h' or rebuild precompiled header
11>c:\users\bryan\documents\github\prest\modules\libvega\libvega_jumbo.cpp(47): warning C4627: '#include "modules/libvega/src/oppainter/vegamdefont.cpp"': skipped when looking for precompiled header use
11>          Add directive to 'core/pch_jumbo.h' or rebuild precompiled header
11>c:\users\bryan\documents\github\prest\modules\network\network_jumbo.cpp(23): warning C4627: '#include "modules/network/src/op_generated_response_impl.cpp"': skipped when looking for precompiled header use
11>          Add directive to 'core/pch_jumbo.h' or rebuild precompiled header
11>c:\users\bryan\documents\github\prest\modules\libssl\libssl_jumbo.cpp(63): warning C4627: '#include "modules/libssl/external/tlsclient/tlsclient_digest.cpp"': skipped when looking for precompiled header use
11>          Add directive to 'core/pch_jumbo.h' or rebuild precompiled header
11>c:\users\bryan\documents\github\prest\modules\mime\mime_jumbo.cpp(29): warning C4627: '#include "modules/mime/mime_unprocessed.cpp"': skipped when looking for precompiled header use
11>          Add directive to 'core/pch_jumbo.h' or rebuild precompiled header
13>  Generating Code...
11>c:\users\bryan\documents\github\prest\modules\logdoc\logdoc_jumbo.cpp(41): warning C4627: '#include "modules/logdoc/src/wml.cpp"': skipped when looking for precompiled header use
11>          Add directive to 'core/pch_jumbo.h' or rebuild precompiled header
11>c:\users\bryan\documents\github\prest\modules\dom\dom_jumbo.cpp(115): warning C4627: '#include "modules/dom/src/domglobaldata.cpp"': skipped when looking for precompiled header use
11>          Add directive to 'core/pch_jumbo.h' or rebuild precompiled header
11>c:\users\bryan\documents\github\prest\adjunct\quick\quick_jumbo.cpp(238): warning C4627: '#include "adjunct/quick/sync/SyncSpeedDialEntries.cpp"': skipped when looking for precompiled header use
11>          Add directive to 'core/pch_jumbo.h' or rebuild precompiled header
11>c:\users\bryan\documents\github\prest\modules\media\media_jumbo.cpp(36): warning C4627: '#include "modules/media/src/trackloader.cpp"': skipped when looking for precompiled header use
11>          Add directive to 'core/pch_jumbo.h' or rebuild precompiled header
11>c:\users\bryan\documents\github\prest\modules\libvega\libvega_jumbo.cpp(48): warning C4627: '#include "modules/libvega/src/oppainter/vegaopbitmap.cpp"': skipped when looking for precompiled header use
11>          Add directive to 'core/pch_jumbo.h' or rebuild precompiled header
11>c:\users\bryan\documents\github\prest\modules\network\network_jumbo.cpp(24): warning C4627: '#include "modules/network/src/op_resource_impl.cpp"': skipped when looking for precompiled header use
11>          Add directive to 'core/pch_jumbo.h' or rebuild precompiled header
11>c:\users\bryan\documents\github\prest\modules\libssl\libssl_jumbo.cpp(64): warning C4627: '#include "modules/libssl/external/tlsclient/tlsclient_certhandler.cpp"': skipped when looking for precompiled header use
11>          Add directive to 'core/pch_jumbo.h' or rebuild precompiled header
11>c:\users\bryan\documents\github\prest\modules\logdoc\logdoc_jumbo.cpp(42): warning C4627: '#include "modules/logdoc/src/xml.cpp"': skipped when looking for precompiled header use
11>          Add directive to 'core/pch_jumbo.h' or rebuild precompiled header
11>c:\users\bryan\documents\github\prest\modules\memory\memory_jumbo.cpp(25): warning C4627: '#include "modules/memory/src/memory_reporting.cpp"': skipped when looking for precompiled header use
11>          Add directive to 'core/pch_jumbo.h' or rebuild precompiled header
11>c:\users\bryan\documents\github\prest\modules\dom\dom_jumbo.cpp(116): warning C4627: '#include "modules/dom/src/domhtml/htmlcoll.cpp"': skipped when looking for precompiled header use
11>          Add directive to 'core/pch_jumbo.h' or rebuild precompiled header
11>c:\users\bryan\documents\github\prest\adjunct\quick\quick_jumbo.cpp(239): warning C4627: '#include "adjunct/quick/sync/controller/SyncSettingsContext.cpp"': skipped when looking for precompiled header use
11>          Add directive to 'core/pch_jumbo.h' or rebuild precompiled header
11>c:\users\bryan\documents\github\prest\modules\media\media_jumbo.cpp(37): warning C4627: '#include "modules/media/src/webvttparser.cpp"': skipped when looking for precompiled header use
11>          Add directive to 'core/pch_jumbo.h' or rebuild precompiled header
11>c:\users\bryan\documents\github\prest\modules\network_selftest\network_selftest_jumbo.cpp(15): warning C4627: '#include "modules/network_selftest/basic_wincom.cpp"': skipped when looking for precompiled header use
11>          Add directive to 'core/pch_jumbo.h' or rebuild precompiled header
11>c:\users\bryan\documents\github\prest\modules\libvega\libvega_jumbo.cpp(49): warning C4627: '#include "modules/libvega/src/oppainter/vegaopbitmap_tiled.cpp"': skipped when looking for precompiled header use
11>          Add directive to 'core/pch_jumbo.h' or rebuild precompiled header
11>c:\users\bryan\documents\github\prest\modules\network\network_jumbo.cpp(25): warning C4627: '#include "modules/network/src/op_batch_request_impl.cpp"': skipped when looking for precompiled header use
11>          Add directive to 'core/pch_jumbo.h' or rebuild precompiled header
11>c:\users\bryan\documents\github\prest\modules\libssl\libssl_jumbo.cpp(65): warning C4627: '#include "modules/libssl/external/tlsclient/tlsclient_pkcs12.cpp"': skipped when looking for precompiled header use
11>          Add directive to 'core/pch_jumbo.h' or rebuild precompiled header
11>c:\users\bryan\documents\github\prest\modules\memory\memory_jumbo.cpp(26): warning C4627: '#include "modules/memory/src/memory_upperten.cpp"': skipped when looking for precompiled header use
11>          Add directive to 'core/pch_jumbo.h' or rebuild precompiled header
11>c:\users\bryan\documents\github\prest\modules\logdoc\logdoc_jumbo.cpp(43): warning C4627: '#include "modules/logdoc/src/xmlevents.cpp"': skipped when looking for precompiled header use
11>          Add directive to 'core/pch_jumbo.h' or rebuild precompiled header
11>c:\users\bryan\documents\github\prest\adjunct\quick\quick_jumbo.cpp(240): warning C4627: '#include "adjunct/quick/sync/controller/SyncWidgetStateModifier.cpp"': skipped when looking for precompiled header use
11>          Add directive to 'core/pch_jumbo.h' or rebuild precompiled header
11>c:\users\bryan\documents\github\prest\modules\media\media_jumbo.cpp(38): fatal error C1010: unexpected end of file while looking for precompiled header. Did you forget to add '#include "core/pch_jumbo.h"' to your source?
11>c:\users\bryan\documents\github\prest\modules\dom\dom_jumbo.cpp(117): warning C4627: '#include "modules/dom/src/domhtml/htmlmicrodata.cpp"': skipped when looking for precompiled header use
11>          Add directive to 'core/pch_jumbo.h' or rebuild precompiled header
11>c:\users\bryan\documents\github\prest\modules\network_selftest\network_selftest_jumbo.cpp(16): warning C4627: '#include "modules/network_selftest/justload.cpp"': skipped when looking for precompiled header use
11>          Add directive to 'core/pch_jumbo.h' or rebuild precompiled header
11>c:\users\bryan\documents\github\prest\modules\libvega\libvega_jumbo.cpp(50): warning C4627: '#include "modules/libvega/src/oppainter/vegamdestubs.cpp"': skipped when looking for precompiled header use
11>          Add directive to 'core/pch_jumbo.h' or rebuild precompiled header
11>c:\users\bryan\documents\github\prest\modules\network\network_jumbo.cpp(26): fatal error C1010: unexpected end of file while looking for precompiled header. Did you forget to add '#include "core/pch_jumbo.h"' to your source?
11>c:\users\bryan\documents\github\prest\modules\memory\memory_jumbo.cpp(27): warning C4627: '#include "modules/memory/src/memory_state.cpp"': skipped when looking for precompiled header use
11>          Add directive to 'core/pch_jumbo.h' or rebuild precompiled header
11>c:\users\bryan\documents\github\prest\modules\libssl\libssl_jumbo.cpp(66): warning C4627: '#include "modules/libssl/external/tlsclient/tlsclient_keygenerator.cpp"': skipped when looking for precompiled header use
11>          Add directive to 'core/pch_jumbo.h' or rebuild precompiled header
11>c:\users\bryan\documents\github\prest\modules\logdoc\logdoc_jumbo.cpp(44): warning C4627: '#include "modules/logdoc/src/xmlsupport.cpp"': skipped when looking for precompiled header use
11>          Add directive to 'core/pch_jumbo.h' or rebuild precompiled header
11>c:\users\bryan\documents\github\prest\adjunct\quick\quick_jumbo.cpp(241): warning C4627: '#include "adjunct/quick/sync/view/SyncSetupWizard.cpp"': skipped when looking for precompiled header use
11>          Add directive to 'core/pch_jumbo.h' or rebuild precompiled header
11>c:\users\bryan\documents\github\prest\modules\dom\dom_jumbo.cpp(118): warning C4627: '#include "modules/dom/src/domhtml/htmldoc.cpp"': skipped when looking for precompiled header use
11>          Add directive to 'core/pch_jumbo.h' or rebuild precompiled header
11>c:\users\bryan\documents\github\prest\modules\network_selftest\network_selftest_jumbo.cpp(17): warning C4627: '#include "modules/network_selftest/matchurl.cpp"': skipped when looking for precompiled header use
11>          Add directive to 'core/pch_jumbo.h' or rebuild precompiled header
11>c:\users\bryan\documents\github\prest\modules\libvega\libvega_jumbo.cpp(51): warning C4627: '#include "modules/libvega/src/postscript/postscriptdictionary.cpp"': skipped when looking for precompiled header use
11>          Add directive to 'core/pch_jumbo.h' or rebuild precompiled header
11>c:\users\bryan\documents\github\prest\modules\memory\memory_jumbo.cpp(28): warning C4627: '#include "modules/memory/src/memory_group.cpp"': skipped when looking for precompiled header use
11>          Add directive to 'core/pch_jumbo.h' or rebuild precompiled header
11>c:\users\bryan\documents\github\prest\modules\libssl\libssl_jumbo.cpp(67): warning C4627: '#include "modules/libssl/external/tlsclient/tlsclient_ocsp.cpp"': skipped when looking for precompiled header use
11>          Add directive to 'core/pch_jumbo.h' or rebuild precompiled header
11>c:\users\bryan\documents\github\prest\adjunct\quick\quick_jumbo.cpp(242): warning C4627: '#include "adjunct/quick/sync/view/SyncStatusDialog.cpp"': skipped when looking for precompiled header use
11>          Add directive to 'core/pch_jumbo.h' or rebuild precompiled header
11>c:\users\bryan\documents\github\prest\modules\logdoc\logdoc_jumbo.cpp(45): warning C4627: '#include "modules/logdoc/src/xsltsupport.cpp"': skipped when looking for precompiled header use
11>          Add directive to 'core/pch_jumbo.h' or rebuild precompiled header
11>c:\users\bryan\documents\github\prest\modules\dom\dom_jumbo.cpp(119): warning C4627: '#include "modules/dom/src/domhtml/htmlelem.cpp"': skipped when looking for precompiled header use
11>          Add directive to 'core/pch_jumbo.h' or rebuild precompiled header
11>c:\users\bryan\documents\github\prest\modules\ns4plugins\ns4plugins_jumbo.cpp(15): warning C4627: '#include "modules/ns4plugins/src/ns4plugins_module.cpp"': skipped when looking for precompiled header use
11>          Add directive to 'core/pch_jumbo.h' or rebuild precompiled header
11>c:\users\bryan\documents\github\prest\modules\network_selftest\network_selftest_jumbo.cpp(18): warning C4627: '#include "modules/network_selftest/prefs_replace.cpp"': skipped when looking for precompiled header use
11>          Add directive to 'core/pch_jumbo.h' or rebuild precompiled header
11>c:\users\bryan\documents\github\prest\modules\memory\memory_jumbo.cpp(29): warning C4627: '#include "modules/memory/src/memory_mmap.cpp"': skipped when looking for precompiled header use
11>          Add directive to 'core/pch_jumbo.h' or rebuild precompiled header
11>c:\users\bryan\documents\github\prest\modules\libssl\libssl_jumbo.cpp(68): warning C4627: '#include "modules/libssl/handshake/asn1certlist.cpp"': skipped when looking for precompiled header use
11>          Add directive to 'core/pch_jumbo.h' or rebuild precompiled header
11>c:\users\bryan\documents\github\prest\modules\libvega\libvega_jumbo.cpp(52): warning C4627: '#include "modules/libvega/src/postscript/postscriptcommandbuffer.cpp"': skipped when looking for precompiled header use
11>          Add directive to 'core/pch_jumbo.h' or rebuild precompiled header
11>  olddebug_jumbo.cpp
11>  opera_auth_jumbo.cpp
11>c:\users\bryan\documents\github\prest\adjunct\quick\quick_jumbo.cpp(243): warning C4627: '#include "adjunct/quick/sync/view/SyncPasswordImprovementDialog.cpp"': skipped when looking for precompiled header use
11>          Add directive to 'core/pch_jumbo.h' or rebuild precompiled header
11>c:\users\bryan\documents\github\prest\modules\logdoc\logdoc_jumbo.cpp(46): warning C4627: '#include "modules/logdoc/src/dropzone_attribute.cpp"': skipped when looking for precompiled header use
11>          Add directive to 'core/pch_jumbo.h' or rebuild precompiled header
11>c:\users\bryan\documents\github\prest\modules\dom\dom_jumbo.cpp(120): warning C4627: '#include "modules/dom/src/domhtml/htmlelem2.cpp"': skipped when looking for precompiled header use
11>          Add directive to 'core/pch_jumbo.h' or rebuild precompiled header
11>c:\users\bryan\documents\github\prest\modules\obml_comm\obml_comm_jumbo.cpp(15): warning C4627: '#include "modules/obml_comm/obml_comm_module.cpp"': skipped when looking for precompiled header use
11>          Add directive to 'core/pch_jumbo.h' or rebuild precompiled header
11>c:\users\bryan\documents\github\prest\modules\network_selftest\network_selftest_jumbo.cpp(19): warning C4627: '#include "modules/network_selftest/proxy_replace.cpp"': skipped when looking for precompiled header use
11>          Add directive to 'core/pch_jumbo.h' or rebuild precompiled header
11>c:\users\bryan\documents\github\prest\modules\ns4plugins\ns4plugins_jumbo.cpp(16): warning C4627: '#include "modules/ns4plugins/src/opns4pluginhandler.cpp"': skipped when looking for precompiled header use
11>          Add directive to 'core/pch_jumbo.h' or rebuild precompiled header
11>c:\users\bryan\documents\github\prest\modules\libssl\libssl_jumbo.cpp(69): warning C4627: '#include "modules/libssl/handshake/cert_message.cpp"': skipped when looking for precompiled header use
11>          Add directive to 'core/pch_jumbo.h' or rebuild precompiled header
11>c:\users\bryan\documents\github\prest\modules\libvega\libvega_jumbo.cpp(53): warning C4627: '#include "modules/libvega/src/postscript/postscriptprolog.cpp"': skipped when looking for precompiled header use
11>          Add directive to 'core/pch_jumbo.h' or rebuild precompiled header
11>c:\users\bryan\documents\github\prest\modules\memory\memory_jumbo.cpp(30): warning C4627: '#include "modules/memory/src/memory_heap.cpp"': skipped when looking for precompiled header use
11>          Add directive to 'core/pch_jumbo.h' or rebuild precompiled header
11>c:\users\bryan\documents\github\prest\adjunct\quick\quick_jumbo.cpp(244): warning C4627: '#include "adjunct/quick/sync/view/SyncPasswordDeletionWarningDialog.cpp"': skipped when looking for precompiled header use
11>          Add directive to 'core/pch_jumbo.h' or rebuild precompiled header
11>c:\users\bryan\documents\github\prest\modules\logdoc\logdoc_jumbo.cpp(47): warning C4627: '#include "modules/logdoc/src/wbxml/wbxml.cpp"': skipped when looking for precompiled header use
11>          Add directive to 'core/pch_jumbo.h' or rebuild precompiled header
11>c:\users\bryan\documents\github\prest\modules\dom\dom_jumbo.cpp(121): warning C4627: '#include "modules/dom/src/domhtml/htmlimplem.cpp"': skipped when looking for precompiled header use
11>          Add directive to 'core/pch_jumbo.h' or rebuild precompiled header
11>c:\users\bryan\documents\github\prest\modules\obml_comm\obml_comm_jumbo.cpp(16): warning C4627: '#include "modules/obml_comm/obml_config.cpp"': skipped when looking for precompiled header use
11>          Add directive to 'core/pch_jumbo.h' or rebuild precompiled header
11>c:\users\bryan\documents\github\prest\modules\ns4plugins\ns4plugins_jumbo.cpp(17): warning C4627: '#include "modules/ns4plugins/src/plugin.cpp"': skipped when looking for precompiled header use
11>          Add directive to 'core/pch_jumbo.h' or rebuild precompiled header
11>c:\users\bryan\documents\github\prest\modules\network_selftest\network_selftest_jumbo.cpp(20): warning C4627: '#include "modules/network_selftest/scan_pass.cpp"': skipped when looking for precompiled header use
11>          Add directive to 'core/pch_jumbo.h' or rebuild precompiled header
11>c:\users\bryan\documents\github\prest\modules\mime\mime_jumbo.cpp(30): warning C4627: '#include "modules/mime/mimespec.cpp"': skipped when looking for precompiled header use
11>          Add directive to 'core/pch_jumbo.h' or rebuild precompiled header
11>c:\users\bryan\documents\github\prest\modules\libssl\libssl_jumbo.cpp(70): warning C4627: '#include "modules/libssl/handshake/certreq.cpp"': skipped when looking for precompiled header use
11>          Add directive to 'core/pch_jumbo.h' or rebuild precompiled header
11>c:\users\bryan\documents\github\prest\modules\libvega\libvega_jumbo.cpp(54): warning C4627: '#include "modules/libvega/src/postscript/postscriptbody.cpp"': skipped when looking for precompiled header use
11>          Add directive to 'core/pch_jumbo.h' or rebuild precompiled header
11>c:\users\bryan\documents\github\prest\modules\memory\memory_jumbo.cpp(31): warning C4627: '#include "modules/memory/src/memory_manager.cpp"': skipped when looking for precompiled header use
11>          Add directive to 'core/pch_jumbo.h' or rebuild precompiled header
14>  g_message_ns4plugins_messages.cpp
11>c:\users\bryan\documents\github\prest\modules\logdoc\logdoc_jumbo.cpp(48): warning C4627: '#include "modules/logdoc/src/wbxml/wbxml_decoder.cpp"': skipped when looking for precompiled header use
11>          Add directive to 'core/pch_jumbo.h' or rebuild precompiled header
11>c:\users\bryan\documents\github\prest\modules\dom\dom_jumbo.cpp(122): warning C4627: '#include "modules/dom/src/domhtml/htmlproperties.cpp"': skipped when looking for precompiled header use
11>          Add directive to 'core/pch_jumbo.h' or rebuild precompiled header
11>c:\users\bryan\documents\github\prest\adjunct\quick\quick_jumbo.cpp(245): warning C4627: '#include "adjunct/quick/sync/view/SyncOldPasswordMissing.cpp"': skipped when looking for precompiled header use
11>          Add directive to 'core/pch_jumbo.h' or rebuild precompiled header
11>c:\users\bryan\documents\github\prest\modules\ns4plugins\ns4plugins_jumbo.cpp(18): warning C4627: '#include "modules/ns4plugins/src/pluginglobals.cpp"': skipped when looking for precompiled header use
11>          Add directive to 'core/pch_jumbo.h' or rebuild precompiled header
11>c:\users\bryan\documents\github\prest\modules\network_selftest\network_selftest_jumbo.cpp(21): warning C4627: '#include "modules/network_selftest/serverpush_doctest_man.cpp"': skipped when looking for precompiled header use
11>          Add directive to 'core/pch_jumbo.h' or rebuild precompiled header
11>c:\users\bryan\documents\github\prest\modules\libssl\libssl_jumbo.cpp(71): warning C4627: '#include "modules/libssl/handshake/chcipher.cpp"': skipped when looking for precompiled header use
11>          Add directive to 'core/pch_jumbo.h' or rebuild precompiled header
11>c:\users\bryan\documents\github\prest\modules\mime\mime_jumbo.cpp(31): warning C4627: '#include "modules/mime/mimesec.cpp"': skipped when looking for precompiled header use
11>          Add directive to 'core/pch_jumbo.h' or rebuild precompiled header
11>c:\users\bryan\documents\github\prest\modules\memory\memory_jumbo.cpp(32): warning C4627: '#include "modules/memory/src/memory_pilayer.cpp"': skipped when looking for precompiled header use
11>          Add directive to 'core/pch_jumbo.h' or rebuild precompiled header
11>c:\users\bryan\documents\github\prest\modules\libvega\libvega_jumbo.cpp(55): warning C4627: '#include "modules/libvega/src/postscript/postscriptimage.cpp"': skipped when looking for precompiled header use
11>          Add directive to 'core/pch_jumbo.h' or rebuild precompiled header
11>c:\users\bryan\documents\github\prest\modules\logdoc\logdoc_jumbo.cpp(49): warning C4627: '#include "modules/logdoc/src/html5/html5attrcopy.cpp"': skipped when looking for precompiled header use
11>          Add directive to 'core/pch_jumbo.h' or rebuild precompiled header
11>c:\users\bryan\documents\github\prest\adjunct\quick\quick_jumbo.cpp(246): warning C4627: '#include "adjunct/quick/thumbnails/GenericThumbnail.cpp"': skipped when looking for precompiled header use
11>          Add directive to 'core/pch_jumbo.h' or rebuild precompiled header
11>c:\users\bryan\documents\github\prest\modules\dom\dom_jumbo.cpp(123): warning C4627: '#include "modules/dom/src/domlibrary.cpp"': skipped when looking for precompiled header use
11>          Add directive to 'core/pch_jumbo.h' or rebuild precompiled header
11>c:\users\bryan\documents\github\prest\modules\ns4plugins\ns4plugins_jumbo.cpp(19): warning C4627: '#include "modules/ns4plugins/src/pluginhandler.cpp"': skipped when looking for precompiled header use
11>          Add directive to 'core/pch_jumbo.h' or rebuild precompiled header
11>c:\users\bryan\documents\github\prest\modules\network_selftest\network_selftest_jumbo.cpp(22): warning C4627: '#include "modules/network_selftest/serverpush_doctest_man1.cpp"': skipped when looking for precompiled header use
11>          Add directive to 'core/pch_jumbo.h' or rebuild precompiled header
11>c:\users\bryan\documents\github\prest\modules\libssl\libssl_jumbo.cpp(72): warning C4627: '#include "modules/libssl/handshake/cipherid.cpp"': skipped when looking for precompiled header use
11>          Add directive to 'core/pch_jumbo.h' or rebuild precompiled header
11>c:\users\bryan\documents\github\prest\modules\mime\mime_jumbo.cpp(32): warning C4627: '#include "modules/mime/mimetnef.cpp"': skipped when looking for precompiled header use
11>          Add directive to 'core/pch_jumbo.h' or rebuild precompiled header
11>c:\users\bryan\documents\github\prest\modules\libvega\libvega_jumbo.cpp(56): warning C4627: '#include "modules/libvega/src/postscript/truetypeconverter.cpp"': skipped when looking for precompiled header use
11>          Add directive to 'core/pch_jumbo.h' or rebuild precompiled header
11>c:\users\bryan\documents\github\prest\modules\memory\memory_jumbo.cpp(33): warning C4627: '#include "modules/memory/src/memory_executable.cpp"': skipped when looking for precompiled header use
11>          Add directive to 'core/pch_jumbo.h' or rebuild precompiled header
11>c:\users\bryan\documents\github\prest\modules\opera_auth\opera_auth_jumbo.cpp(15): warning C4627: '#include "modules/opera_auth/src/opera_auth_base.cpp"': skipped when looking for precompiled header use
11>          Add directive to 'core/pch_jumbo.h' or rebuild precompiled header
11>c:\users\bryan\documents\github\prest\modules\logdoc\logdoc_jumbo.cpp(50): warning C4627: '#include "modules/logdoc/src/html5/html5buffer.cpp"': skipped when looking for precompiled header use
11>          Add directive to 'core/pch_jumbo.h' or rebuild precompiled header
11>c:\users\bryan\documents\github\prest\adjunct\quick\quick_jumbo.cpp(247): warning C4627: '#include "adjunct/quick/thumbnails/CollectionThumbnailGenerator.cpp"': skipped when looking for precompiled header use
11>          Add directive to 'core/pch_jumbo.h' or rebuild precompiled header
11>c:\users\bryan\documents\github\prest\modules\dom\dom_jumbo.cpp(124): warning C4627: '#include "modules/dom/src/domload/domparser.cpp"': skipped when looking for precompiled header use
11>          Add directive to 'core/pch_jumbo.h' or rebuild precompiled header
11>c:\users\bryan\documents\github\prest\modules\ns4plugins\ns4plugins_jumbo.cpp(20): warning C4627: '#include "modules/ns4plugins/src/pluginlib.cpp"': skipped when looking for precompiled header use
11>          Add directive to 'core/pch_jumbo.h' or rebuild precompiled header
11>c:\users\bryan\documents\github\prest\modules\network_selftest\network_selftest_jumbo.cpp(23): warning C4627: '#include "modules/network_selftest/ssl_wincom.cpp"': skipped when looking for precompiled header use
11>          Add directive to 'core/pch_jumbo.h' or rebuild precompiled header
11>c:\users\bryan\documents\github\prest\modules\mime\mime_jumbo.cpp(33): warning C4627: '#include "modules/mime/mul_par_cs.cpp"': skipped when looking for precompiled header use
11>          Add directive to 'core/pch_jumbo.h' or rebuild precompiled header
11>c:\users\bryan\documents\github\prest\modules\libssl\libssl_jumbo.cpp(73): warning C4627: '#include "modules/libssl/handshake/dhparam.cpp"': skipped when looking for precompiled header use
11>          Add directive to 'core/pch_jumbo.h' or rebuild precompiled header
11>c:\users\bryan\documents\github\prest\modules\memory\memory_jumbo.cpp(34): fatal error C1010: unexpected end of file while looking for precompiled header. Did you forget to add '#include "core/pch_jumbo.h"' to your source?
11>c:\users\bryan\documents\github\prest\modules\libvega\libvega_jumbo.cpp(57): warning C4627: '#include "modules/libvega/src/postscript/postscriptvegaprinterlistener.cpp"': skipped when looking for precompiled header use
11>          Add directive to 'core/pch_jumbo.h' or rebuild precompiled header
11>c:\users\bryan\documents\github\prest\modules\logdoc\logdoc_jumbo.cpp(51): warning C4627: '#include "modules/logdoc/src/html5/html5entities.cpp"': skipped when looking for precompiled header use
11>          Add directive to 'core/pch_jumbo.h' or rebuild precompiled header
11>c:\users\bryan\documents\github\prest\modules\opera_auth\opera_auth_jumbo.cpp(16): warning C4627: '#include "modules/opera_auth/src/opera_auth_myopera.cpp"': skipped when looking for precompiled header use
11>          Add directive to 'core/pch_jumbo.h' or rebuild precompiled header
11>c:\users\bryan\documents\github\prest\adjunct\quick\quick_jumbo.cpp(248): warning C4627: '#include "adjunct/quick/thumbnails/TabThumbnailContent.cpp"': skipped when looking for precompiled header use
11>          Add directive to 'core/pch_jumbo.h' or rebuild precompiled header
11>c:\users\bryan\documents\github\prest\modules\ns4plugins\ns4plugins_jumbo.cpp(21): warning C4627: '#include "modules/ns4plugins/src/pluginlibhandler.cpp"': skipped when looking for precompiled header use
11>          Add directive to 'core/pch_jumbo.h' or rebuild precompiled header
11>c:\users\bryan\documents\github\prest\modules\dom\dom_jumbo.cpp(125): warning C4627: '#include "modules/dom/src/domload/lscontenthandler.cpp"': skipped when looking for precompiled header use
11>          Add directive to 'core/pch_jumbo.h' or rebuild precompiled header
11>c:\users\bryan\documents\github\prest\modules\network_selftest\network_selftest_jumbo.cpp(24): warning C4627: '#include "modules/network_selftest/url_doctestman.cpp"': skipped when looking for precompiled header use
11>          Add directive to 'core/pch_jumbo.h' or rebuild precompiled header
11>c:\users\bryan\documents\github\prest\modules\mime\mime_jumbo.cpp(34): warning C4627: '#include "modules/mime/mul_parse.cpp"': skipped when looking for precompiled header use
11>          Add directive to 'core/pch_jumbo.h' or rebuild precompiled header
11>c:\users\bryan\documents\github\prest\modules\libssl\libssl_jumbo.cpp(74): warning C4627: '#include "modules/libssl/handshake/fin_message.cpp"': skipped when looking for precompiled header use
11>          Add directive to 'core/pch_jumbo.h' or rebuild precompiled header
11>c:\users\bryan\documents\github\prest\modules\libvega\libvega_jumbo.cpp(58): warning C4627: '#include "modules/libvega/src/postscript/vegaopprintercontroller.cpp"': skipped when looking for precompiled header use
11>          Add directive to 'core/pch_jumbo.h' or rebuild precompiled header
11>c:\users\bryan\documents\github\prest\modules\opera_auth\opera_auth_jumbo.cpp(17): warning C4627: '#include "modules/opera_auth/src/opera_auth_module.cpp"': skipped when looking for precompiled header use
11>          Add directive to 'core/pch_jumbo.h' or rebuild precompiled header
11>c:\users\bryan\documents\github\prest\modules\logdoc\logdoc_jumbo.cpp(52): warning C4627: '#include "modules/logdoc/src/html5/html5namemapper.cpp"': skipped when looking for precompiled header use
11>          Add directive to 'core/pch_jumbo.h' or rebuild precompiled header
11>c:\users\bryan\documents\github\prest\adjunct\quick\quick_jumbo.cpp(249): warning C4627: '#include "adjunct/quick/tips/TipsConfig.cpp"': skipped when looking for precompiled header use
11>          Add directive to 'core/pch_jumbo.h' or rebuild precompiled header
11>c:\users\bryan\documents\github\prest\modules\dom\dom_jumbo.cpp(126): warning C4627: '#include "modules/dom/src/domload/lsevents.cpp"': skipped when looking for precompiled header use
11>          Add directive to 'core/pch_jumbo.h' or rebuild precompiled header
11>c:\users\bryan\documents\github\prest\modules\network_selftest\network_selftest_jumbo.cpp(25): warning C4627: '#include "modules/network_selftest/remote_framework.cpp"': skipped when looking for precompiled header use
11>          Add directive to 'core/pch_jumbo.h' or rebuild precompiled header
11>c:\users\bryan\documents\github\prest\modules\ns4plugins\ns4plugins_jumbo.cpp(22): warning C4627: '#include "modules/ns4plugins/src/pluginmemoryhandler.cpp"': skipped when looking for precompiled header use
11>          Add directive to 'core/pch_jumbo.h' or rebuild precompiled header
11>c:\users\bryan\documents\github\prest\modules\mime\mime_jumbo.cpp(35): warning C4627: '#include "modules/mime/multipart_parser/abstract_mpp.cpp"': skipped when looking for precompiled header use
11>          Add directive to 'core/pch_jumbo.h' or rebuild precompiled header
11>c:\users\bryan\documents\github\prest\modules\libssl\libssl_jumbo.cpp(75): warning C4627: '#include "modules/libssl/handshake/hello_client.cpp"': skipped when looking for precompiled header use
11>          Add directive to 'core/pch_jumbo.h' or rebuild precompiled header
11>c:\users\bryan\documents\github\prest\modules\olddebug\olddebug_jumbo.cpp(15): warning C4627: '#include "modules/olddebug/olddebug_module.cpp"': skipped when looking for precompiled header use
11>          Add directive to 'core/pch_jumbo.h' or rebuild precompiled header
11>c:\users\bryan\documents\github\prest\modules\libvega\libvega_jumbo.cpp(59): warning C4627: '#include "modules/libvega/src/canvas/canvas.cpp"': skipped when looking for precompiled header use
11>          Add directive to 'core/pch_jumbo.h' or rebuild precompiled header
11>c:\users\bryan\documents\github\prest\modules\logdoc\logdoc_jumbo.cpp(53): warning C4627: '#include "modules/logdoc/src/html5/html5parser.cpp"': skipped when looking for precompiled header use
11>          Add directive to 'core/pch_jumbo.h' or rebuild precompiled header
11>c:\users\bryan\documents\github\prest\modules\opera_auth\opera_auth_jumbo.cpp(18): warning C4627: '#include "modules/opera_auth/src/opera_account_manager.cpp"': skipped when looking for precompiled header use
11>          Add directive to 'core/pch_jumbo.h' or rebuild precompiled header
11>c:\users\bryan\documents\github\prest\adjunct\quick\quick_jumbo.cpp(250): warning C4627: '#include "adjunct/quick/turbo/OperaTurboWidgetStateModifier.cpp"': skipped when looking for precompiled header use
11>          Add directive to 'core/pch_jumbo.h' or rebuild precompiled header
11>c:\users\bryan\documents\github\prest\modules\network_selftest\network_selftest_jumbo.cpp(26): fatal error C1010: unexpected end of file while looking for precompiled header. Did you forget to add '#include "core/pch_jumbo.h"' to your source?
11>c:\users\bryan\documents\github\prest\modules\dom\dom_jumbo.cpp(127): warning C4627: '#include "modules/dom/src/domload/lsexception.cpp"': skipped when looking for precompiled header use
11>          Add directive to 'core/pch_jumbo.h' or rebuild precompiled header
11>c:\users\bryan\documents\github\prest\modules\ns4plugins\ns4plugins_jumbo.cpp(23): warning C4627: '#include "modules/ns4plugins/src/pluginnativewindow.cpp"': skipped when looking for precompiled header use
11>          Add directive to 'core/pch_jumbo.h' or rebuild precompiled header
11>  pi_jumbo.cpp
11>c:\users\bryan\documents\github\prest\modules\libssl\libssl_jumbo.cpp(76): warning C4627: '#include "modules/libssl/handshake/hello_done.cpp"': skipped when looking for precompiled header use
11>          Add directive to 'core/pch_jumbo.h' or rebuild precompiled header
11>c:\users\bryan\documents\github\prest\modules\mime\mime_jumbo.cpp(36): warning C4627: '#include "modules/mime/multipart_parser/text_mpp.cpp"': skipped when looking for precompiled header use
11>          Add directive to 'core/pch_jumbo.h' or rebuild precompiled header
11>c:\users\bryan\documents\github\prest\modules\libvega\libvega_jumbo.cpp(60): warning C4627: '#include "modules/libvega/src/canvas/canvascontext2d.cpp"': skipped when looking for precompiled header use
11>          Add directive to 'core/pch_jumbo.h' or rebuild precompiled header
11>c:\users\bryan\documents\github\prest\modules\olddebug\olddebug_jumbo.cpp(16): warning C4627: '#include "modules/olddebug/tstdump.cpp"': skipped when looking for precompiled header use
11>          Add directive to 'core/pch_jumbo.h' or rebuild precompiled header
11>c:\users\bryan\documents\github\prest\modules\opera_auth\opera_auth_jumbo.cpp(19): warning C4627: '#include "modules/opera_auth/src/opera_auth_oauth_impl.cpp"': skipped when looking for precompiled header use
11>          Add directive to 'core/pch_jumbo.h' or rebuild precompiled header
11>c:\users\bryan\documents\github\prest\modules\logdoc\logdoc_jumbo.cpp(54): warning C4627: '#include "modules/logdoc/src/html5/html5speculativeparser.cpp"': skipped when looking for precompiled header use
11>          Add directive to 'core/pch_jumbo.h' or rebuild precompiled header
11>c:\users\bryan\documents\github\prest\adjunct\quick\quick_jumbo.cpp(251): warning C4627: '#include "adjunct/quick/usagereport/UsageReport.cpp"': skipped when looking for precompiled header use
11>          Add directive to 'core/pch_jumbo.h' or rebuild precompiled header
11>c:\users\bryan\documents\github\prest\modules\dom\dom_jumbo.cpp(128): warning C4627: '#include "modules/dom/src/domload/lsinput.cpp"': skipped when looking for precompiled header use
11>          Add directive to 'core/pch_jumbo.h' or rebuild precompiled header
11>c:\users\bryan\documents\github\prest\modules\ns4plugins\ns4plugins_jumbo.cpp(24): warning C4627: '#include "modules/ns4plugins/src/pluginscript.cpp"': skipped when looking for precompiled header use
11>          Add directive to 'core/pch_jumbo.h' or rebuild precompiled header
11>c:\users\bryan\documents\github\prest\modules\libssl\libssl_jumbo.cpp(77): warning C4627: '#include "modules/libssl/handshake/hello_server.cpp"': skipped when looking for precompiled header use
11>          Add directive to 'core/pch_jumbo.h' or rebuild precompiled header
11>c:\users\bryan\documents\github\prest\modules\mime\mime_jumbo.cpp(37): warning C4627: '#include "modules/mime/multipart_parser/binary_mpp.cpp"': skipped when looking for precompiled header use
11>          Add directive to 'core/pch_jumbo.h' or rebuild precompiled header
11>c:\users\bryan\documents\github\prest\modules\olddebug\olddebug_jumbo.cpp(17): fatal error C1010: unexpected end of file while looking for precompiled header. Did you forget to add '#include "core/pch_jumbo.h"' to your source?
11>c:\users\bryan\documents\github\prest\modules\opera_auth\opera_auth_jumbo.cpp(20): fatal error C1010: unexpected end of file while looking for precompiled header. Did you forget to add '#include "core/pch_jumbo.h"' to your source?
11>c:\users\bryan\documents\github\prest\modules\libvega\libvega_jumbo.cpp(61): warning C4627: '#include "modules/libvega/src/canvas/canvascontext2d_text.cpp"': skipped when looking for precompiled header use
11>          Add directive to 'core/pch_jumbo.h' or rebuild precompiled header
11>c:\users\bryan\documents\github\prest\modules\logdoc\logdoc_jumbo.cpp(55): warning C4627: '#include "modules/logdoc/src/html5/html5tokenbuffer.cpp"': skipped when looking for precompiled header use
11>          Add directive to 'core/pch_jumbo.h' or rebuild precompiled header
11>c:\users\bryan\documents\github\prest\adjunct\quick\quick_jumbo.cpp(252): warning C4627: '#include "adjunct/quick/view/FeatureLicenseDialog.cpp"': skipped when looking for precompiled header use
11>          Add directive to 'core/pch_jumbo.h' or rebuild precompiled header
11>c:\users\bryan\documents\github\prest\modules\obml_comm\obml_comm_jumbo.cpp(17): warning C4627: '#include "modules/obml_comm/obml_id_manager.cpp"': skipped when looking for precompiled header use
11>          Add directive to 'core/pch_jumbo.h' or rebuild precompiled header
11>c:\users\bryan\documents\github\prest\modules\dom\dom_jumbo.cpp(129): warning C4627: '#include "modules/dom/src/domload/lsloader.cpp"': skipped when looking for precompiled header use
11>          Add directive to 'core/pch_jumbo.h' or rebuild precompiled header
11>c:\users\bryan\documents\github\prest\modules\ns4plugins\ns4plugins_jumbo.cpp(25): warning C4627: '#include "modules/ns4plugins/src/pluginstream.cpp"': skipped when looking for precompiled header use
11>          Add directive to 'core/pch_jumbo.h' or rebuild precompiled header
11>c:\users\bryan\documents\github\prest\modules\libssl\libssl_jumbo.cpp(78): warning C4627: '#include "modules/libssl/handshake/keyex_client.cpp"': skipped when looking for precompiled header use
11>          Add directive to 'core/pch_jumbo.h' or rebuild precompiled header
11>c:\users\bryan\documents\github\prest\modules\mime\mime_jumbo.cpp(38): fatal error C1010: unexpected end of file while looking for precompiled header. Did you forget to add '#include "core/pch_jumbo.h"' to your source?
11>c:\users\bryan\documents\github\prest\modules\libvega\libvega_jumbo.cpp(62): warning C4627: '#include "modules/libvega/src/canvas/canvascontextwebgl.cpp"': skipped when looking for precompiled header use
11>          Add directive to 'core/pch_jumbo.h' or rebuild precompiled header
11>c:\users\bryan\documents\github\prest\modules\logdoc\logdoc_jumbo.cpp(56): warning C4627: '#include "modules/logdoc/src/html5/html5token.cpp"': skipped when looking for precompiled header use
11>          Add directive to 'core/pch_jumbo.h' or rebuild precompiled header
11>c:\users\bryan\documents\github\prest\modules\obml_comm\obml_comm_jumbo.cpp(18): fatal error C1010: unexpected end of file while looking for precompiled header. Did you forget to add '#include "core/pch_jumbo.h"' to your source?
11>c:\users\bryan\documents\github\prest\adjunct\quick\quick_jumbo.cpp(253): warning C4627: '#include "adjunct/quick/view/FeatureSetupWizard.cpp"': skipped when looking for precompiled header use
11>          Add directive to 'core/pch_jumbo.h' or rebuild precompiled header
11>c:\users\bryan\documents\github\prest\modules\dom\dom_jumbo.cpp(130): warning C4627: '#include "modules/dom/src/domload/lsparser.cpp"': skipped when looking for precompiled header use
11>          Add directive to 'core/pch_jumbo.h' or rebuild precompiled header
11>  prefs_jumbo.cpp
11>c:\users\bryan\documents\github\prest\modules\ns4plugins\ns4plugins_jumbo.cpp(26): warning C4627: '#include "modules/ns4plugins/src/staticplugin.cpp"': skipped when looking for precompiled header use
11>          Add directive to 'core/pch_jumbo.h' or rebuild precompiled header
11>c:\users\bryan\documents\github\prest\modules\libssl\libssl_jumbo.cpp(79): warning C4627: '#include "modules/libssl/handshake/keyex_server.cpp"': skipped when looking for precompiled header use
11>          Add directive to 'core/pch_jumbo.h' or rebuild precompiled header
11>  prefsfile_jumbo.cpp
11>  prefsloader_jumbo.cpp
11>  probetools_jumbo.cpp
11>c:\users\bryan\documents\github\prest\modules\libvega\libvega_jumbo.cpp(63): warning C4627: '#include "modules/libvega/src/canvas/canvaswebglbuffer.cpp"': skipped when looking for precompiled header use
11>          Add directive to 'core/pch_jumbo.h' or rebuild precompiled header
11>c:\users\bryan\documents\github\prest\adjunct\quick\quick_jumbo.cpp(254): warning C4627: '#include "adjunct/quick/webserver/controller/WebServerSettingsContext.cpp"': skipped when looking for precompiled header use
11>          Add directive to 'core/pch_jumbo.h' or rebuild precompiled header
11>c:\users\bryan\documents\github\prest\modules\dom\dom_jumbo.cpp(131): warning C4627: '#include "modules/dom/src/domload/lsthreads.cpp"': skipped when looking for precompiled header use
11>          Add directive to 'core/pch_jumbo.h' or rebuild precompiled header
11>c:\users\bryan\documents\github\prest\modules\ns4plugins\ns4plugins_jumbo.cpp(27): warning C4627: '#include "modules/ns4plugins/src/pluginfunctions.cpp"': skipped when looking for precompiled header use
11>          Add directive to 'core/pch_jumbo.h' or rebuild precompiled header
11>c:\users\bryan\documents\github\prest\modules\libssl\libssl_jumbo.cpp(80): warning C4627: '#include "modules/libssl/handshake/premaster.cpp"': skipped when looking for precompiled header use
11>          Add directive to 'core/pch_jumbo.h' or rebuild precompiled header
11>c:\users\bryan\documents\github\prest\modules\libvega\libvega_jumbo.cpp(64): warning C4627: '#include "modules/libvega/src/canvas/canvaswebglframebuffer.cpp"': skipped when looking for precompiled header use
11>          Add directive to 'core/pch_jumbo.h' or rebuild precompiled header
11>c:\users\bryan\documents\github\prest\adjunct\quick\quick_jumbo.cpp(255): warning C4627: '#include "adjunct/quick/webserver/controller/WebServerServiceController.cpp"': skipped when looking for precompiled header use
11>          Add directive to 'core/pch_jumbo.h' or rebuild precompiled header
11>c:\users\bryan\documents\github\prest\modules\dom\dom_jumbo.cpp(132): warning C4627: '#include "modules/dom/src/domobj.cpp"': skipped when looking for precompiled header use
11>          Add directive to 'core/pch_jumbo.h' or rebuild precompiled header
11>c:\users\bryan\documents\github\prest\modules\ns4plugins\ns4plugins_jumbo.cpp(28): warning C4627: '#include "modules/ns4plugins/src/plugininstance.cpp"': skipped when looking for precompiled header use
11>          Add directive to 'core/pch_jumbo.h' or rebuild precompiled header
11>c:\users\bryan\documents\github\prest\modules\libssl\libssl_jumbo.cpp(81): warning C4627: '#include "modules/libssl/handshake/randfield.cpp"': skipped when looking for precompiled header use
11>          Add directive to 'core/pch_jumbo.h' or rebuild precompiled header
11>c:\users\bryan\documents\github\prest\modules\libvega\libvega_jumbo.cpp(65): warning C4627: '#include "modules/libvega/src/canvas/canvaswebglprogram.cpp"': skipped when looking for precompiled header use
11>          Add directive to 'core/pch_jumbo.h' or rebuild precompiled header
11>c:\users\bryan\documents\github\prest\adjunct\quick\quick_jumbo.cpp(256): warning C4627: '#include "adjunct/quick/webserver/controller/WebServerServiceDownloadContext.cpp"': skipped when looking for precompiled header use
11>          Add directive to 'core/pch_jumbo.h' or rebuild precompiled header
11>c:\users\bryan\documents\github\prest\modules\dom\dom_jumbo.cpp(133): warning C4627: '#include "modules/dom/src/domperformance/domperformance.cpp"': skipped when looking for precompiled header use
11>          Add directive to 'core/pch_jumbo.h' or rebuild precompiled header
11>c:\users\bryan\documents\github\prest\modules\ns4plugins\ns4plugins_jumbo.cpp(29): warning C4627: '#include "modules/ns4plugins/src/proxyoppluginwindow.cpp"': skipped when looking for precompiled header use
11>          Add directive to 'core/pch_jumbo.h' or rebuild precompiled header
11>  protobuf_jumbo.cpp
11>c:\users\bryan\documents\github\prest\modules\libssl\libssl_jumbo.cpp(82): warning C4627: '#include "modules/libssl/handshake/rsaparam.cpp"': skipped when looking for precompiled header use
11>          Add directive to 'core/pch_jumbo.h' or rebuild precompiled header
11>c:\users\bryan\documents\github\prest\modules\libvega\libvega_jumbo.cpp(66): warning C4627: '#include "modules/libvega/src/canvas/canvaswebglrenderbuffer.cpp"': skipped when looking for precompiled header use
11>          Add directive to 'core/pch_jumbo.h' or rebuild precompiled header
11>c:\users\bryan\documents\github\prest\adjunct\quick\quick_jumbo.cpp(257): warning C4627: '#include "adjunct/quick/webserver/controller/WebServerServiceSettingsContext.cpp"': skipped when looking for precompiled header use
11>          Add directive to 'core/pch_jumbo.h' or rebuild precompiled header
11>c:\users\bryan\documents\github\prest\modules\dom\dom_jumbo.cpp(134): warning C4627: '#include "modules/dom/src/dompropertystorage.cpp"': skipped when looking for precompiled header use
11>          Add directive to 'core/pch_jumbo.h' or rebuild precompiled header
11>c:\users\bryan\documents\github\prest\modules\ns4plugins\ns4plugins_jumbo.cpp(30): fatal error C1010: unexpected end of file while looking for precompiled header. Did you forget to add '#include "core/pch_jumbo.h"' to your source?
11>c:\users\bryan\documents\github\prest\modules\libssl\libssl_jumbo.cpp(83): warning C4627: '#include "modules/libssl/handshake/sslhand3.cpp"': skipped when looking for precompiled header use
11>          Add directive to 'core/pch_jumbo.h' or rebuild precompiled header
11>c:\users\bryan\documents\github\prest\modules\libvega\libvega_jumbo.cpp(67): warning C4627: '#include "modules/libvega/src/canvas/canvaswebglshader.cpp"': skipped when looking for precompiled header use
11>          Add directive to 'core/pch_jumbo.h' or rebuild precompiled header
11>c:\users\bryan\documents\github\prest\adjunct\quick\quick_jumbo.cpp(258): warning C4627: '#include "adjunct/quick/webserver/controller/WebServerWidgetStateModifier.cpp"': skipped when looking for precompiled header use
11>          Add directive to 'core/pch_jumbo.h' or rebuild precompiled header
11>c:\users\bryan\documents\github\prest\modules\dom\dom_jumbo.cpp(135): warning C4627: '#include "modules/dom/src/domprototypes.cpp"': skipped when looking for precompiled header use
11>          Add directive to 'core/pch_jumbo.h' or rebuild precompiled header
11>c:\users\bryan\documents\github\prest\modules\libssl\libssl_jumbo.cpp(84): warning C4627: '#include "modules/libssl/handshake/sslsig.cpp"': skipped when looking for precompiled header use
11>          Add directive to 'core/pch_jumbo.h' or rebuild precompiled header
11>c:\users\bryan\documents\github\prest\adjunct\quick\quick_jumbo.cpp(259): warning C4627: '#include "adjunct/quick/webserver/view/WebServerAdvancedSettingsDialog.cpp"': skipped when looking for precompiled header use
11>          Add directive to 'core/pch_jumbo.h' or rebuild precompiled header
11>c:\users\bryan\documents\github\prest\modules\dom\dom_jumbo.cpp(136): warning C4627: '#include "modules/dom/src/domrange/range.cpp"': skipped when looking for precompiled header use
11>          Add directive to 'core/pch_jumbo.h' or rebuild precompiled header
11>c:\users\bryan\documents\github\prest\modules\libvega\libvega_jumbo.cpp(68): warning C4627: '#include "modules/libvega/src/canvas/canvaswebgltexture.cpp"': skipped when looking for precompiled header use
11>          Add directive to 'core/pch_jumbo.h' or rebuild precompiled header
11>c:\users\bryan\documents\github\prest\modules\libssl\libssl_jumbo.cpp(85): warning C4627: '#include "modules/libssl/handshake/tls_ext.cpp"': skipped when looking for precompiled header use
11>          Add directive to 'core/pch_jumbo.h' or rebuild precompiled header
11>c:\users\bryan\documents\github\prest\adjunct\quick\quick_jumbo.cpp(260): warning C4627: '#include "adjunct/quick/webserver/view/WebServerErrorDescr.cpp"': skipped when looking for precompiled header use
11>          Add directive to 'core/pch_jumbo.h' or rebuild precompiled header
11>c:\users\bryan\documents\github\prest\modules\pi\pi_jumbo.cpp(15): warning C4627: '#include "modules/pi/pi_module.cpp"': skipped when looking for precompiled header use
11>          Add directive to 'core/pch_jumbo.h' or rebuild precompiled header
11>c:\users\bryan\documents\github\prest\modules\dom\dom_jumbo.cpp(137): warning C4627: '#include "modules/dom/src/domruntime.cpp"': skipped when looking for precompiled header use
11>          Add directive to 'core/pch_jumbo.h' or rebuild precompiled header
11>c:\users\bryan\documents\github\prest\modules\libssl\libssl_jumbo.cpp(86): warning C4627: '#include "modules/libssl/handshake/tlssighash.cpp"': skipped when looking for precompiled header use
11>          Add directive to 'core/pch_jumbo.h' or rebuild precompiled header
11>c:\users\bryan\documents\github\prest\modules\libvega\libvega_jumbo.cpp(69): warning C4627: '#include "modules/libvega/src/x86/vegaasmapi_x86.cpp"': skipped when looking for precompiled header use
11>          Add directive to 'core/pch_jumbo.h' or rebuild precompiled header
11>c:\users\bryan\documents\github\prest\adjunct\quick\quick_jumbo.cpp(261): warning C4627: '#include "adjunct/quick/webserver/view/WebServerServiceSettingsDialog.cpp"': skipped when looking for precompiled header use
11>          Add directive to 'core/pch_jumbo.h' or rebuild precompiled header
11>c:\users\bryan\documents\github\prest\modules\logdoc\logdoc_jumbo.cpp(57): warning C4627: '#include "modules/logdoc/src/html5/html5tokenizer.cpp"': skipped when looking for precompiled header use
11>          Add directive to 'core/pch_jumbo.h' or rebuild precompiled header
11>  protobuf_protobuf_jumbo.cpp
11>c:\users\bryan\documents\github\prest\modules\prefsfile\prefsfile_jumbo.cpp(15): warning C4627: '#include "modules/prefsfile/accessors/ini.cpp"': skipped when looking for precompiled header use
11>          Add directive to 'core/pch_jumbo.h' or rebuild precompiled header
11>c:\users\bryan\documents\github\prest\modules\prefsloader\prefsloader_jumbo.cpp(15): warning C4627: '#include "modules/prefsloader/src/ploader.cpp"': skipped when looking for precompiled header use
11>          Add directive to 'core/pch_jumbo.h' or rebuild precompiled header
11>c:\users\bryan\documents\github\prest\modules\probetools\probetools_jumbo.cpp(15): warning C4627: '#include "modules/probetools/probetools_module.cpp"': skipped when looking for precompiled header use
11>          Add directive to 'core/pch_jumbo.h' or rebuild precompiled header
11>c:\users\bryan\documents\github\prest\modules\protobuf\protobuf_jumbo.cpp(15): warning C4627: '#include "modules/protobuf/src/protobuf_module.cpp"': skipped when looking for precompiled header use
11>          Add directive to 'core/pch_jumbo.h' or rebuild precompiled header
11>c:\users\bryan\documents\github\prest\modules\pi\pi_jumbo.cpp(16): warning C4627: '#include "modules/pi/device_api/OpAddressBookItem.cpp"': skipped when looking for precompiled header use
11>          Add directive to 'core/pch_jumbo.h' or rebuild precompiled header
11>c:\users\bryan\documents\github\prest\modules\dom\dom_jumbo.cpp(138): warning C4627: '#include "modules/dom/src/domsave/lsserializer.cpp"': skipped when looking for precompiled header use
11>          Add directive to 'core/pch_jumbo.h' or rebuild precompiled header
11>c:\users\bryan\documents\github\prest\modules\libssl\libssl_jumbo.cpp(87): warning C4627: '#include "modules/libssl/handshake/vectormess.cpp"': skipped when looking for precompiled header use
11>          Add directive to 'core/pch_jumbo.h' or rebuild precompiled header
11>c:\users\bryan\documents\github\prest\modules\libvega\libvega_jumbo.cpp(70): warning C4627: '#include "modules/libvega/src/arm/vegaasmapi_arm.cpp"': skipped when looking for precompiled header use
11>          Add directive to 'core/pch_jumbo.h' or rebuild precompiled header
11>c:\users\bryan\documents\github\prest\adjunct\quick\quick_jumbo.cpp(262): warning C4627: '#include "adjunct/quick/webserver/view/WebServerSetupWizard.cpp"': skipped when looking for precompiled header use
11>          Add directive to 'core/pch_jumbo.h' or rebuild precompiled header
11>c:\users\bryan\documents\github\prest\modules\logdoc\logdoc_jumbo.cpp(58): warning C4627: '#include "modules/logdoc/src/html5/html5tokenwrapper.cpp"': skipped when looking for precompiled header use
11>          Add directive to 'core/pch_jumbo.h' or rebuild precompiled header
11>c:\users\bryan\documents\github\prest\modules\prefsfile\prefsfile_jumbo.cpp(16): warning C4627: '#include "modules/prefsfile/accessors/lng.cpp"': skipped when looking for precompiled header use
11>          Add directive to 'core/pch_jumbo.h' or rebuild precompiled header
11>c:\users\bryan\documents\github\prest\modules\prefsloader\prefsloader_jumbo.cpp(16): warning C4627: '#include "modules/prefsloader/src/prefsfileloader.cpp"': skipped when looking for precompiled header use
11>          Add directive to 'core/pch_jumbo.h' or rebuild precompiled header
11>c:\users\bryan\documents\github\prest\modules\probetools\probetools_jumbo.cpp(16): warning C4627: '#include "modules/probetools/src/probe.cpp"': skipped when looking for precompiled header use
11>          Add directive to 'core/pch_jumbo.h' or rebuild precompiled header
11>c:\users\bryan\documents\github\prest\modules\pi\pi_jumbo.cpp(17): warning C4627: '#include "modules/pi/device_api/OpMessagingAttachment.cpp"': skipped when looking for precompiled header use
11>          Add directive to 'core/pch_jumbo.h' or rebuild precompiled header
11>c:\users\bryan\documents\github\prest\modules\protobuf\protobuf_jumbo.cpp(16): warning C4627: '#include "modules/protobuf/src/protobuf_ecmascript.cpp"': skipped when looking for precompiled header use
11>          Add directive to 'core/pch_jumbo.h' or rebuild precompiled header
11>c:\users\bryan\documents\github\prest\modules\dom\dom_jumbo.cpp(139): warning C4627: '#include "modules/dom/src/domsave/lsoutput.cpp"': skipped when looking for precompiled header use
11>          Add directive to 'core/pch_jumbo.h' or rebuild precompiled header
11>c:\users\bryan\documents\github\prest\modules\libssl\libssl_jumbo.cpp(88): warning C4627: '#include "modules/libssl/handshake/verify_message.cpp"': skipped when looking for precompiled header use
11>          Add directive to 'core/pch_jumbo.h' or rebuild precompiled header
11>c:\users\bryan\documents\github\prest\modules\libvega\libvega_jumbo.cpp(71): fatal error C1010: unexpected end of file while looking for precompiled header. Did you forget to add '#include "core/pch_jumbo.h"' to your source?
11>c:\users\bryan\documents\github\prest\adjunct\quick\quick_jumbo.cpp(263): warning C4627: '#include "adjunct/quick/webserver/view/WebServerStatusDialog.cpp"': skipped when looking for precompiled header use
11>          Add directive to 'core/pch_jumbo.h' or rebuild precompiled header
11>c:\users\bryan\documents\github\prest\modules\logdoc\logdoc_jumbo.cpp(59): warning C4627: '#include "modules/logdoc/src/html5/html5treebuilder.cpp"': skipped when looking for precompiled header use
11>          Add directive to 'core/pch_jumbo.h' or rebuild precompiled header
11>c:\users\bryan\documents\github\prest\modules\prefsfile\prefsfile_jumbo.cpp(17): warning C4627: '#include "modules/prefsfile/accessors/lnglight.cpp"': skipped when looking for precompiled header use
11>          Add directive to 'core/pch_jumbo.h' or rebuild precompiled header
11>c:\users\bryan\documents\github\prest\modules\prefsloader\prefsloader_jumbo.cpp(17): warning C4627: '#include "modules/prefsloader/src/prefsloader.cpp"': skipped when looking for precompiled header use
11>          Add directive to 'core/pch_jumbo.h' or rebuild precompiled header
11>c:\users\bryan\documents\github\prest\modules\pi\pi_jumbo.cpp(18): warning C4627: '#include "modules/pi/device_api/OpMessagingMessage.cpp"': skipped when looking for precompiled header use
11>          Add directive to 'core/pch_jumbo.h' or rebuild precompiled header
11>c:\users\bryan\documents\github\prest\modules\probetools\probetools_jumbo.cpp(17): warning C4627: '#include "modules/probetools/src/probetimeline.cpp"': skipped when looking for precompiled header use
11>          Add directive to 'core/pch_jumbo.h' or rebuild precompiled header
11>c:\users\bryan\documents\github\prest\modules\protobuf\protobuf_protobuf_jumbo.cpp(15): warning C4627: '#include "modules/protobuf/src/generated/g_proto_protobuf_strings.cpp"': skipped when looking for precompiled header use
11>          Add directive to 'core/pch_jumbo.h' or rebuild precompiled header
11>c:\users\bryan\documents\github\prest\modules\dom\dom_jumbo.cpp(140): warning C4627: '#include "modules/dom/src/domsave/xmlserializer.cpp"': skipped when looking for precompiled header use
11>          Add directive to 'core/pch_jumbo.h' or rebuild precompiled header
11>c:\users\bryan\documents\github\prest\modules\protobuf\protobuf_jumbo.cpp(17): warning C4627: '#include "modules/protobuf/src/json_tools.cpp"': skipped when looking for precompiled header use
11>          Add directive to 'core/pch_jumbo.h' or rebuild precompiled header
11>c:\users\bryan\documents\github\prest\modules\libssl\libssl_jumbo.cpp(89): warning C4627: '#include "modules/libssl/handshake/next_protocol.cpp"': skipped when looking for precompiled header use
11>          Add directive to 'core/pch_jumbo.h' or rebuild precompiled header
11>c:\users\bryan\documents\github\prest\adjunct\quick\quick_jumbo.cpp(264): warning C4627: '#include "adjunct/quick/widgets/DesktopFileChooserEdit.cpp"': skipped when looking for precompiled header use
11>          Add directive to 'core/pch_jumbo.h' or rebuild precompiled header
11>c:\users\bryan\documents\github\prest\modules\logdoc\logdoc_jumbo.cpp(60): fatal error C1010: unexpected end of file while looking for precompiled header. Did you forget to add '#include "core/pch_jumbo.h"' to your source?
11>c:\users\bryan\documents\github\prest\modules\prefsfile\prefsfile_jumbo.cpp(18): warning C4627: '#include "modules/prefsfile/accessors/xmlaccessor.cpp"': skipped when looking for precompiled header use
11>          Add directive to 'core/pch_jumbo.h' or rebuild precompiled header
11>c:\users\bryan\documents\github\prest\modules\pi\pi_jumbo.cpp(19): warning C4627: '#include "modules/pi/device_api/OpPowerStatus.cpp"': skipped when looking for precompiled header use
11>          Add directive to 'core/pch_jumbo.h' or rebuild precompiled header
11>c:\users\bryan\documents\github\prest\modules\prefsloader\prefsloader_jumbo.cpp(18): warning C4627: '#include "modules/prefsloader/src/prefsloadmanager.cpp"': skipped when looking for precompiled header use
11>          Add directive to 'core/pch_jumbo.h' or rebuild precompiled header
11>c:\users\bryan\documents\github\prest\modules\protobuf\protobuf_protobuf_jumbo.cpp(16): warning C4627: '#include "modules/protobuf/src/generated/g_proto_descriptor_protobuf_strings.cpp"': skipped when looking for precompiled header use
11>          Add directive to 'core/pch_jumbo.h' or rebuild precompiled header
11>c:\users\bryan\documents\github\prest\modules\probetools\probetools_jumbo.cpp(18): warning C4627: '#include "modules/probetools/src/probetimer.cpp"': skipped when looking for precompiled header use
11>          Add directive to 'core/pch_jumbo.h' or rebuild precompiled header
11>  pubsuffix_jumbo.cpp
11>c:\users\bryan\documents\github\prest\modules\protobuf\protobuf_jumbo.cpp(18): warning C4627: '#include "modules/protobuf/src/protobuf_utils.cpp"': skipped when looking for precompiled header use
11>          Add directive to 'core/pch_jumbo.h' or rebuild precompiled header
11>c:\users\bryan\documents\github\prest\modules\dom\dom_jumbo.cpp(141): warning C4627: '#include "modules/dom/src/domsecurepropertyobject.cpp"': skipped when looking for precompiled header use
11>          Add directive to 'core/pch_jumbo.h' or rebuild precompiled header
11>c:\users\bryan\documents\github\prest\modules\libssl\libssl_jumbo.cpp(90): warning C4627: '#include "modules/libssl/keyex/certverify.cpp"': skipped when looking for precompiled header use
11>          Add directive to 'core/pch_jumbo.h' or rebuild precompiled header
11>c:\users\bryan\documents\github\prest\adjunct\quick\quick_jumbo.cpp(265): warning C4627: '#include "adjunct/quick/widgets/DownloadExtensionBar.cpp"': skipped when looking for precompiled header use
11>          Add directive to 'core/pch_jumbo.h' or rebuild precompiled header
11>c:\users\bryan\documents\github\prest\modules\pi\pi_jumbo.cpp(20): warning C4627: '#include "modules/pi/device_api/OpTelephony.cpp"': skipped when looking for precompiled header use
11>          Add directive to 'core/pch_jumbo.h' or rebuild precompiled header
11>c:\users\bryan\documents\github\prest\modules\prefsfile\prefsfile_jumbo.cpp(19): warning C4627: '#include "modules/prefsfile/impl/backend/prefsentryinternal.cpp"': skipped when looking for precompiled header use
11>          Add directive to 'core/pch_jumbo.h' or rebuild precompiled header
11>c:\users\bryan\documents\github\prest\modules\prefsloader\prefsloader_jumbo.cpp(19): warning C4627: '#include "modules/prefsloader/src/prefsloader_module.cpp"': skipped when looking for precompiled header use
11>          Add directive to 'core/pch_jumbo.h' or rebuild precompiled header
11>c:\users\bryan\documents\github\prest\modules\probetools\probetools_jumbo.cpp(19): warning C4627: '#include "modules/probetools/src/probehelper.cpp"': skipped when looking for precompiled header use
11>          Add directive to 'core/pch_jumbo.h' or rebuild precompiled header
11>c:\users\bryan\documents\github\prest\modules\protobuf\protobuf_protobuf_jumbo.cpp(17): warning C4627: '#include "modules/protobuf/src/generated/g_proto_protobuf_order.cpp"': skipped when looking for precompiled header use
11>          Add directive to 'core/pch_jumbo.h' or rebuild precompiled header
11>c:\users\bryan\documents\github\prest\modules\protobuf\protobuf_jumbo.cpp(19): fatal error C1010: unexpected end of file while looking for precompiled header. Did you forget to add '#include "core/pch_jumbo.h"' to your source?
11>c:\users\bryan\documents\github\prest\modules\dom\dom_jumbo.cpp(142): warning C4627: '#include "modules/dom/src/domselectors/domselector.cpp"': skipped when looking for precompiled header use
11>          Add directive to 'core/pch_jumbo.h' or rebuild precompiled header
11>c:\users\bryan\documents\github\prest\modules\libssl\libssl_jumbo.cpp(91): warning C4627: '#include "modules/libssl/keyex/certverify_check.cpp"': skipped when looking for precompiled header use
11>          Add directive to 'core/pch_jumbo.h' or rebuild precompiled header
11>c:\users\bryan\documents\github\prest\modules\pi\pi_jumbo.cpp(21): warning C4627: '#include "modules/pi/device_api/OpCalendarEvent.cpp"': skipped when looking for precompiled header use
11>          Add directive to 'core/pch_jumbo.h' or rebuild precompiled header
11>  regexp_jumbo.cpp
11>c:\users\bryan\documents\github\prest\modules\prefsloader\prefsloader_jumbo.cpp(20): fatal error C1010: unexpected end of file while looking for precompiled header. Did you forget to add '#include "core/pch_jumbo.h"' to your source?
11>c:\users\bryan\documents\github\prest\adjunct\quick\quick_jumbo.cpp(266): warning C4627: '#include "adjunct/quick/widgets/DocumentView.cpp"': skipped when looking for precompiled header use
11>          Add directive to 'core/pch_jumbo.h' or rebuild precompiled header
11>c:\users\bryan\documents\github\prest\modules\prefsfile\prefsfile_jumbo.cpp(20): warning C4627: '#include "modules/prefsfile/impl/backend/prefshashfunctions.cpp"': skipped when looking for precompiled header use
11>          Add directive to 'core/pch_jumbo.h' or rebuild precompiled header
11>c:\users\bryan\documents\github\prest\modules\prefs\prefs_jumbo.cpp(15): warning C4627: '#include "modules/prefs/prefsmanager/collections/pc_app.cpp"': skipped when looking for precompiled header use
11>          Add directive to 'core/pch_jumbo.h' or rebuild precompiled header
11>c:\users\bryan\documents\github\prest\modules\protobuf\protobuf_protobuf_jumbo.cpp(18): warning C4627: '#include "modules/protobuf/src/generated/g_proto_descriptor_protobuf_order.cpp"': skipped when looking for precompiled header use
11>          Add directive to 'core/pch_jumbo.h' or rebuild precompiled header
11>c:\users\bryan\documents\github\prest\modules\pi\pi_jumbo.cpp(22): warning C4627: '#include "modules/pi/selftest/helpers/AddressBookSelftestHelper.cpp"': skipped when looking for precompiled header use
11>          Add directive to 'core/pch_jumbo.h' or rebuild precompiled header
11>c:\users\bryan\documents\github\prest\modules\dom\dom_jumbo.cpp(143): warning C4627: '#include "modules/dom/src/domstylesheets/medialist.cpp"': skipped when looking for precompiled header use
11>          Add directive to 'core/pch_jumbo.h' or rebuild precompiled header
11>c:\users\bryan\documents\github\prest\modules\libssl\libssl_jumbo.cpp(92): warning C4627: '#include "modules/libssl/keyex/certverify_extract.cpp"': skipped when looking for precompiled header use
11>          Add directive to 'core/pch_jumbo.h' or rebuild precompiled header
11>c:\users\bryan\documents\github\prest\modules\pubsuffix\pubsuffix_jumbo.cpp(15): warning C4627: '#include "modules/pubsuffix/pubsuffix_module.cpp"': skipped when looking for precompiled header use
11>          Add directive to 'core/pch_jumbo.h' or rebuild precompiled header
11>c:\users\bryan\documents\github\prest\adjunct\quick\quick_jumbo.cpp(267): warning C4627: '#include "adjunct/quick/widgets/FavoritesCompositeListener.cpp"': skipped when looking for precompiled header use
11>          Add directive to 'core/pch_jumbo.h' or rebuild precompiled header
11>c:\users\bryan\documents\github\prest\modules\prefsfile\prefsfile_jumbo.cpp(21): warning C4627: '#include "modules/prefsfile/impl/backend/prefsmap.cpp"': skipped when looking for precompiled header use
11>          Add directive to 'core/pch_jumbo.h' or rebuild precompiled header
11>c:\users\bryan\documents\github\prest\modules\protobuf\protobuf_protobuf_jumbo.cpp(19): warning C4627: '#include "modules/protobuf/src/generated/g_message_protobuf_order.cpp"': skipped when looking for precompiled header use
11>          Add directive to 'core/pch_jumbo.h' or rebuild precompiled header
11>c:\users\bryan\documents\github\prest\modules\pi\pi_jumbo.cpp(23): warning C4627: '#include "modules/pi/selftest/OpMemory.cpp"': skipped when looking for precompiled header use
11>          Add directive to 'core/pch_jumbo.h' or rebuild precompiled header
11>c:\users\bryan\documents\github\prest\modules\prefs\prefs_jumbo.cpp(16): warning C4627: '#include "modules/prefs/prefsmanager/collections/pc_core.cpp"': skipped when looking for precompiled header use
11>          Add directive to 'core/pch_jumbo.h' or rebuild precompiled header
11>c:\users\bryan\documents\github\prest\modules\dom\dom_jumbo.cpp(144): warning C4627: '#include "modules/dom/src/domstylesheets/mediaquerylist.cpp"': skipped when looking for precompiled header use
11>          Add directive to 'core/pch_jumbo.h' or rebuild precompiled header
11>c:\users\bryan\documents\github\prest\modules\libssl\libssl_jumbo.cpp(93): warning C4627: '#include "modules/libssl/keyex/certverify_prep.cpp"': skipped when looking for precompiled header use
11>          Add directive to 'core/pch_jumbo.h' or rebuild precompiled header
14>  g_proto_descriptor_ns4plugins_messages.cpp
11>c:\users\bryan\documents\github\prest\modules\pubsuffix\pubsuffix_jumbo.cpp(16): warning C4627: '#include "modules/pubsuffix/src/dns_regchk.cpp"': skipped when looking for precompiled header use
11>          Add directive to 'core/pch_jumbo.h' or rebuild precompiled header
11>c:\users\bryan\documents\github\prest\modules\regexp\regexp_jumbo.cpp(15): warning C4627: '#include "modules/regexp/src/regexp_advanced_api.cpp"': skipped when looking for precompiled header use
11>          Add directive to 'core/pch_jumbo.h' or rebuild precompiled header
11>c:\users\bryan\documents\github\prest\adjunct\quick\quick_jumbo.cpp(268): warning C4627: '#include "adjunct/quick/widgets/InstallPersonabar.cpp"': skipped when looking for precompiled header use
11>          Add directive to 'core/pch_jumbo.h' or rebuild precompiled header
11>c:\users\bryan\documents\github\prest\modules\pi\pi_jumbo.cpp(24): fatal error C1010: unexpected end of file while looking for precompiled header. Did you forget to add '#include "core/pch_jumbo.h"' to your source?
11>c:\users\bryan\documents\github\prest\modules\protobuf\protobuf_protobuf_jumbo.cpp(20): warning C4627: '#include "modules/protobuf/src/generated/g_proto_protobuf_bytes.cpp"': skipped when looking for precompiled header use
11>          Add directive to 'core/pch_jumbo.h' or rebuild precompiled header
11>c:\users\bryan\documents\github\prest\modules\prefsfile\prefsfile_jumbo.cpp(22): warning C4627: '#include "modules/prefsfile/impl/backend/prefssectioninternal.cpp"': skipped when looking for precompiled header use
11>          Add directive to 'core/pch_jumbo.h' or rebuild precompiled header
11>c:\users\bryan\documents\github\prest\modules\dom\dom_jumbo.cpp(145): warning C4627: '#include "modules/dom/src/domstylesheets/stylesheet.cpp"': skipped when looking for precompiled header use
11>          Add directive to 'core/pch_jumbo.h' or rebuild precompiled header
11>c:\users\bryan\documents\github\prest\modules\prefs\prefs_jumbo.cpp(17): warning C4627: '#include "modules/prefs/prefsmanager/collections/pc_display.cpp"': skipped when looking for precompiled header use
11>          Add directive to 'core/pch_jumbo.h' or rebuild precompiled header
11>c:\users\bryan\documents\github\prest\modules\libssl\libssl_jumbo.cpp(94): warning C4627: '#include "modules/libssl/keyex/keyex_gen.cpp"': skipped when looking for precompiled header use
11>          Add directive to 'core/pch_jumbo.h' or rebuild precompiled header
11>c:\users\bryan\documents\github\prest\modules\regexp\regexp_jumbo.cpp(16): warning C4627: '#include "modules/regexp/src/regexp_api.cpp"': skipped when looking for precompiled header use
11>          Add directive to 'core/pch_jumbo.h' or rebuild precompiled header
11>c:\users\bryan\documents\github\prest\modules\pubsuffix\pubsuffix_jumbo.cpp(17): warning C4627: '#include "modules/pubsuffix/src/pubsuffix.cpp"': skipped when looking for precompiled header use
11>          Add directive to 'core/pch_jumbo.h' or rebuild precompiled header
11>c:\users\bryan\documents\github\prest\adjunct\quick\quick_jumbo.cpp(269): warning C4627: '#include "adjunct/quick/widgets/OpAccountDropDown.cpp"': skipped when looking for precompiled header use
11>          Add directive to 'core/pch_jumbo.h' or rebuild precompiled header
11>c:\users\bryan\documents\github\prest\modules\protobuf\protobuf_protobuf_jumbo.cpp(21): warning C4627: '#include "modules/protobuf/src/generated/g_proto_descriptor_protobuf_bytes.cpp"': skipped when looking for precompiled header use
11>          Add directive to 'core/pch_jumbo.h' or rebuild precompiled header
11>c:\users\bryan\documents\github\prest\modules\prefsfile\prefsfile_jumbo.cpp(23): warning C4627: '#include "modules/prefsfile/impl/prefsfile.cpp"': skipped when looking for precompiled header use
11>          Add directive to 'core/pch_jumbo.h' or rebuild precompiled header
11>c:\users\bryan\documents\github\prest\modules\prefs\prefs_jumbo.cpp(18): warning C4627: '#include "modules/prefs/prefsmanager/collections/pc_doc.cpp"': skipped when looking for precompiled header use
11>          Add directive to 'core/pch_jumbo.h' or rebuild precompiled header
11>c:\users\bryan\documents\github\prest\modules\dom\dom_jumbo.cpp(146): warning C4627: '#include "modules/dom/src/domstylesheets/stylesheetlist.cpp"': skipped when looking for precompiled header use
11>          Add directive to 'core/pch_jumbo.h' or rebuild precompiled header
11>c:\users\bryan\documents\github\prest\modules\regexp\regexp_jumbo.cpp(17): warning C4627: '#include "modules/regexp/src/regexp_engine.cpp"': skipped when looking for precompiled header use
11>          Add directive to 'core/pch_jumbo.h' or rebuild precompiled header
11>c:\users\bryan\documents\github\prest\modules\pubsuffix\pubsuffix_jumbo.cpp(18): fatal error C1010: unexpected end of file while looking for precompiled header. Did you forget to add '#include "core/pch_jumbo.h"' to your source?
11>c:\users\bryan\documents\github\prest\modules\libssl\libssl_jumbo.cpp(95): warning C4627: '#include "modules/libssl/keyex/revokelist.cpp"': skipped when looking for precompiled header use
11>          Add directive to 'core/pch_jumbo.h' or rebuild precompiled header
11>c:\users\bryan\documents\github\prest\modules\protobuf\protobuf_protobuf_jumbo.cpp(22): fatal error C1010: unexpected end of file while looking for precompiled header. Did you forget to add '#include "core/pch_jumbo.h"' to your source?
11>c:\users\bryan\documents\github\prest\adjunct\quick\quick_jumbo.cpp(270): warning C4627: '#include "adjunct/quick/widgets/OpAddressDropDown.cpp"': skipped when looking for precompiled header use
11>          Add directive to 'core/pch_jumbo.h' or rebuild precompiled header
11>c:\users\bryan\documents\github\prest\modules\regexp\regexp_jumbo.cpp(18): warning C4627: '#include "modules/regexp/src/tiny_regexp.cpp"': skipped when looking for precompiled header use
11>          Add directive to 'core/pch_jumbo.h' or rebuild precompiled header
11>c:\users\bryan\documents\github\prest\modules\dom\dom_jumbo.cpp(147): warning C4627: '#include "modules/dom/src/domsvg/domsvgelement.cpp"': skipped when looking for precompiled header use
11>          Add directive to 'core/pch_jumbo.h' or rebuild precompiled header
11>c:\users\bryan\documents\github\prest\modules\prefsfile\prefsfile_jumbo.cpp(24): warning C4627: '#include "modules/prefsfile/init/prefsfile_module.cpp"': skipped when looking for precompiled header use
11>          Add directive to 'core/pch_jumbo.h' or rebuild precompiled header
11>c:\users\bryan\documents\github\prest\modules\prefs\prefs_jumbo.cpp(19): warning C4627: '#include "modules/prefs/prefsmanager/collections/pc_files.cpp"': skipped when looking for precompiled header use
11>          Add directive to 'core/pch_jumbo.h' or rebuild precompiled header
11>c:\users\bryan\documents\github\prest\modules\libssl\libssl_jumbo.cpp(96): warning C4627: '#include "modules/libssl/keyex/sslkedh.cpp"': skipped when looking for precompiled header use
11>          Add directive to 'core/pch_jumbo.h' or rebuild precompiled header
11>c:\users\bryan\documents\github\prest\modules\regexp\regexp_jumbo.cpp(19): warning C4627: '#include "modules/regexp/src/re_class.cpp"': skipped when looking for precompiled header use
11>          Add directive to 'core/pch_jumbo.h' or rebuild precompiled header
11>c:\users\bryan\documents\github\prest\adjunct\quick\quick_jumbo.cpp(271): warning C4627: '#include "adjunct/quick/widgets/OpBookmarkView.cpp"': skipped when looking for precompiled header use
11>          Add directive to 'core/pch_jumbo.h' or rebuild precompiled header
11>c:\users\bryan\documents\github\prest\modules\prefsfile\prefsfile_jumbo.cpp(25): fatal error C1010: unexpected end of file while looking for precompiled header. Did you forget to add '#include "core/pch_jumbo.h"' to your source?
11>c:\users\bryan\documents\github\prest\modules\dom\dom_jumbo.cpp(148): warning C4627: '#include "modules/dom/src/domsvg/domsvgdoc.cpp"': skipped when looking for precompiled header use
11>          Add directive to 'core/pch_jumbo.h' or rebuild precompiled header
11>c:\users\bryan\documents\github\prest\modules\regexp\regexp_jumbo.cpp(20): warning C4627: '#include "modules/regexp/src/re_compiler.cpp"': skipped when looking for precompiled header use
11>          Add directive to 'core/pch_jumbo.h' or rebuild precompiled header
11>c:\users\bryan\documents\github\prest\modules\prefs\prefs_jumbo.cpp(20): warning C4627: '#include "modules/prefs/prefsmanager/collections/pc_fontcolor.cpp"': skipped when looking for precompiled header use
11>          Add directive to 'core/pch_jumbo.h' or rebuild precompiled header
11>c:\users\bryan\documents\github\prest\modules\libssl\libssl_jumbo.cpp(97): warning C4627: '#include "modules/libssl/keyex/sslkersa.cpp"': skipped when looking for precompiled header use
11>          Add directive to 'core/pch_jumbo.h' or rebuild precompiled header
11>c:\users\bryan\documents\github\prest\adjunct\quick\quick_jumbo.cpp(272): warning C4627: '#include "adjunct/quick/widgets/OpCollectionView.cpp"': skipped when looking for precompiled header use
11>          Add directive to 'core/pch_jumbo.h' or rebuild precompiled header
11>c:\users\bryan\documents\github\prest\modules\regexp\regexp_jumbo.cpp(21): warning C4627: '#include "modules/regexp/src/re_matcher.cpp"': skipped when looking for precompiled header use
11>          Add directive to 'core/pch_jumbo.h' or rebuild precompiled header
11>c:\users\bryan\documents\github\prest\modules\dom\dom_jumbo.cpp(149): warning C4627: '#include "modules/dom/src/domsvg/domsvgobject.cpp"': skipped when looking for precompiled header use
11>          Add directive to 'core/pch_jumbo.h' or rebuild precompiled header
11>c:\users\bryan\documents\github\prest\modules\prefs\prefs_jumbo.cpp(21): warning C4627: '#include "modules/prefs/prefsmanager/collections/pc_geoloc.cpp"': skipped when looking for precompiled header use
11>          Add directive to 'core/pch_jumbo.h' or rebuild precompiled header
11>c:\users\bryan\documents\github\prest\modules\libssl\libssl_jumbo.cpp(98): warning C4627: '#include "modules/libssl/keyex/sslkeyex.cpp"': skipped when looking for precompiled header use
11>          Add directive to 'core/pch_jumbo.h' or rebuild precompiled header
11>c:\users\bryan\documents\github\prest\modules\regexp\regexp_jumbo.cpp(22): warning C4627: '#include "modules/regexp/src/re_object.cpp"': skipped when looking for precompiled header use
11>          Add directive to 'core/pch_jumbo.h' or rebuild precompiled header
11>c:\users\bryan\documents\github\prest\modules\dom\dom_jumbo.cpp(150): warning C4627: '#include "modules/dom/src/domsvg/domsvglist.cpp"': skipped when looking for precompiled header use
11>          Add directive to 'core/pch_jumbo.h' or rebuild precompiled header
11>c:\users\bryan\documents\github\prest\adjunct\quick\quick_jumbo.cpp(273): warning C4627: '#include "adjunct/quick/widgets/OpDragScrollbar.cpp"': skipped when looking for precompiled header use
11>          Add directive to 'core/pch_jumbo.h' or rebuild precompiled header
11>c:\users\bryan\documents\github\prest\modules\regexp\regexp_jumbo.cpp(23): warning C4627: '#include "modules/regexp/src/re_searcher.cpp"': skipped when looking for precompiled header use
11>          Add directive to 'core/pch_jumbo.h' or rebuild precompiled header
11>c:\users\bryan\documents\github\prest\modules\libssl\libssl_jumbo.cpp(99): warning C4627: '#include "modules/libssl/keyex/verifyload.cpp"': skipped when looking for precompiled header use
11>          Add directive to 'core/pch_jumbo.h' or rebuild precompiled header
11>c:\users\bryan\documents\github\prest\modules\prefs\prefs_jumbo.cpp(22): warning C4627: '#include "modules/prefs/prefsmanager/collections/pc_js.cpp"': skipped when looking for precompiled header use
11>          Add directive to 'core/pch_jumbo.h' or rebuild precompiled header
11>c:\users\bryan\documents\github\prest\modules\regexp\regexp_jumbo.cpp(24): warning C4627: '#include "modules/regexp/src/re_native.cpp"': skipped when looking for precompiled header use
11>          Add directive to 'core/pch_jumbo.h' or rebuild precompiled header
11>c:\users\bryan\documents\github\prest\adjunct\quick\quick_jumbo.cpp(274): warning C4627: '#include "adjunct/quick/widgets/OpExtensionButton.cpp"': skipped when looking for precompiled header use
11>          Add directive to 'core/pch_jumbo.h' or rebuild precompiled header
11>c:\users\bryan\documents\github\prest\modules\dom\dom_jumbo.cpp(151): warning C4627: '#include "modules/dom/src/domsvg/domsvgobjectstore.cpp"': skipped when looking for precompiled header use
11>          Add directive to 'core/pch_jumbo.h' or rebuild precompiled header
11>c:\users\bryan\documents\github\prest\modules\regexp\regexp_jumbo.cpp(25): warning C4627: '#include "modules/regexp/src/re_native_ia32.cpp"': skipped when looking for precompiled header use
11>          Add directive to 'core/pch_jumbo.h' or rebuild precompiled header
11>c:\users\bryan\documents\github\prest\modules\libssl\libssl_jumbo.cpp(100): warning C4627: '#include "modules/libssl/keyex/verifyocsp.cpp"': skipped when looking for precompiled header use
11>          Add directive to 'core/pch_jumbo.h' or rebuild precompiled header
11>c:\users\bryan\documents\github\prest\modules\prefs\prefs_jumbo.cpp(23): warning C4627: '#include "modules/prefs/prefsmanager/collections/pc_network.cpp"': skipped when looking for precompiled header use
11>          Add directive to 'core/pch_jumbo.h' or rebuild precompiled header
11>c:\users\bryan\documents\github\prest\adjunct\quick\quick_jumbo.cpp(275): warning C4627: '#include "adjunct/quick/widgets/OpExtensionSet.cpp"': skipped when looking for precompiled header use
11>          Add directive to 'core/pch_jumbo.h' or rebuild precompiled header
11>c:\users\bryan\documents\github\prest\modules\regexp\regexp_jumbo.cpp(26): warning C4627: '#include "modules/regexp/src/re_native_arm.cpp"': skipped when looking for precompiled header use
11>          Add directive to 'core/pch_jumbo.h' or rebuild precompiled header
11>c:\users\bryan\documents\github\prest\modules\dom\dom_jumbo.cpp(152): warning C4627: '#include "modules/dom/src/domsvg/domsvgexception.cpp"': skipped when looking for precompiled header use
11>          Add directive to 'core/pch_jumbo.h' or rebuild precompiled header
11>c:\users\bryan\documents\github\prest\modules\prefs\prefs_jumbo.cpp(24): warning C4627: '#include "modules/prefs/prefsmanager/collections/pc_parsing.cpp"': skipped when looking for precompiled header use
11>          Add directive to 'core/pch_jumbo.h' or rebuild precompiled header
11>c:\users\bryan\documents\github\prest\modules\libssl\libssl_jumbo.cpp(101): warning C4627: '#include "modules/libssl/keyex/verifyui.cpp"': skipped when looking for precompiled header use
11>          Add directive to 'core/pch_jumbo.h' or rebuild precompiled header
11>c:\users\bryan\documents\github\prest\adjunct\quick\quick_jumbo.cpp(276): warning C4627: '#include "adjunct/quick/widgets/OpExtensionsDevToolsToolbar.cpp"': skipped when looking for precompiled header use
11>          Add directive to 'core/pch_jumbo.h' or rebuild precompiled header
11>c:\users\bryan\documents\github\prest\modules\regexp\regexp_jumbo.cpp(27): warning C4627: '#include "modules/regexp/src/re_native_mips.cpp"': skipped when looking for precompiled header use
11>          Add directive to 'core/pch_jumbo.h' or rebuild precompiled header
11>c:\users\bryan\documents\github\prest\modules\dom\dom_jumbo.cpp(153): warning C4627: '#include "modules/dom/src/domsvg/domsvgelementinstance.cpp"': skipped when looking for precompiled header use
11>          Add directive to 'core/pch_jumbo.h' or rebuild precompiled header
11>c:\users\bryan\documents\github\prest\modules\prefs\prefs_jumbo.cpp(25): warning C4627: '#include "modules/prefs/prefsmanager/collections/pc_print.cpp"': skipped when looking for precompiled header use
11>          Add directive to 'core/pch_jumbo.h' or rebuild precompiled header
11>c:\users\bryan\documents\github\prest\modules\regexp\regexp_jumbo.cpp(28): fatal error C1010: unexpected end of file while looking for precompiled header. Did you forget to add '#include "core/pch_jumbo.h"' to your source?
11>c:\users\bryan\documents\github\prest\modules\libssl\libssl_jumbo.cpp(102): warning C4627: '#include "modules/libssl/libssl_module.cpp"': skipped when looking for precompiled header use
11>          Add directive to 'core/pch_jumbo.h' or rebuild precompiled header
13>  Compiling...
14>  g_proto_ns4plugins_messages.cpp
13>  protobuf_message.cpp
11>c:\users\bryan\documents\github\prest\adjunct\quick\quick_jumbo.cpp(277): warning C4627: '#include "adjunct/quick/widgets/OpHistoryView.cpp"': skipped when looking for precompiled header use
11>          Add directive to 'core/pch_jumbo.h' or rebuild precompiled header
11>c:\users\bryan\documents\github\prest\modules\dom\dom_jumbo.cpp(154): warning C4627: '#include "modules/dom/src/domsvg/domsvglocation.cpp"': skipped when looking for precompiled header use
11>          Add directive to 'core/pch_jumbo.h' or rebuild precompiled header
11>c:\users\bryan\documents\github\prest\modules\prefs\prefs_jumbo.cpp(26): warning C4627: '#include "modules/prefs/prefsmanager/collections/pc_sync.cpp"': skipped when looking for precompiled header use
11>          Add directive to 'core/pch_jumbo.h' or rebuild precompiled header
11>c:\users\bryan\documents\github\prest\modules\libssl\libssl_jumbo.cpp(103): warning C4627: '#include "modules/libssl/methods/sslcipher.cpp"': skipped when looking for precompiled header use
11>          Add directive to 'core/pch_jumbo.h' or rebuild precompiled header
11>c:\users\bryan\documents\github\prest\adjunct\quick\quick_jumbo.cpp(278): warning C4627: '#include "adjunct/quick/widgets/OpHotlistView.cpp"': skipped when looking for precompiled header use
11>          Add directive to 'core/pch_jumbo.h' or rebuild precompiled header
11>c:\users\bryan\documents\github\prest\modules\dom\dom_jumbo.cpp(155): warning C4627: '#include "modules/dom/src/domsvg/domsvgtraitaccess.cpp"': skipped when looking for precompiled header use
11>          Add directive to 'core/pch_jumbo.h' or rebuild precompiled header
11>c:\users\bryan\documents\github\prest\modules\prefs\prefs_jumbo.cpp(27): warning C4627: '#include "modules/prefs/prefsmanager/collections/pc_tools.cpp"': skipped when looking for precompiled header use
11>          Add directive to 'core/pch_jumbo.h' or rebuild precompiled header
11>c:\users\bryan\documents\github\prest\modules\libssl\libssl_jumbo.cpp(104): warning C4627: '#include "modules/libssl/methods/sslghash.cpp"': skipped when looking for precompiled header use
11>          Add directive to 'core/pch_jumbo.h' or rebuild precompiled header
11>c:\users\bryan\documents\github\prest\adjunct\quick\quick_jumbo.cpp(279): warning C4627: '#include "adjunct/quick/widgets/OpHotlistTreeView.cpp"': skipped when looking for precompiled header use
11>          Add directive to 'core/pch_jumbo.h' or rebuild precompiled header
11>c:\users\bryan\documents\github\prest\modules\dom\dom_jumbo.cpp(156): warning C4627: '#include "modules/dom/src/domsvg/domsvgtimeevent.cpp"': skipped when looking for precompiled header use
11>          Add directive to 'core/pch_jumbo.h' or rebuild precompiled header
11>c:\users\bryan\documents\github\prest\modules\prefs\prefs_jumbo.cpp(28): warning C4627: '#include "modules/prefs/prefsmanager/collections/pc_unix.cpp"': skipped when looking for precompiled header use
11>          Add directive to 'core/pch_jumbo.h' or rebuild precompiled header
11>c:\users\bryan\documents\github\prest\adjunct\quick\quick_jumbo.cpp(280): warning C4627: '#include "adjunct/quick/widgets/OpIdentifyField.cpp"': skipped when looking for precompiled header use
11>          Add directive to 'core/pch_jumbo.h' or rebuild precompiled header
11>c:\users\bryan\documents\github\prest\modules\libssl\libssl_jumbo.cpp(105): warning C4627: '#include "modules/libssl/methods/sslmd5sha.cpp"': skipped when looking for precompiled header use
11>          Add directive to 'core/pch_jumbo.h' or rebuild precompiled header
11>c:\users\bryan\documents\github\prest\modules\prefs\prefs_jumbo.cpp(29): warning C4627: '#include "modules/prefs/prefsmanager/collections/pc_webserver.cpp"': skipped when looking for precompiled header use
11>          Add directive to 'core/pch_jumbo.h' or rebuild precompiled header
11>c:\users\bryan\documents\github\prest\modules\dom\dom_jumbo.cpp(157): warning C4627: '#include "modules/dom/src/domtraversal/nodefilter.cpp"': skipped when looking for precompiled header use
11>          Add directive to 'core/pch_jumbo.h' or rebuild precompiled header
11>c:\users\bryan\documents\github\prest\modules\libssl\libssl_jumbo.cpp(106): warning C4627: '#include "modules/libssl/methods/sslnullcrypt.cpp"': skipped when looking for precompiled header use
11>          Add directive to 'core/pch_jumbo.h' or rebuild precompiled header
11>c:\users\bryan\documents\github\prest\modules\prefs\prefs_jumbo.cpp(30): warning C4627: '#include "modules/prefs/prefsmanager/collections/pc_opera_account.cpp"': skipped when looking for precompiled header use
11>          Add directive to 'core/pch_jumbo.h' or rebuild precompiled header
11>c:\users\bryan\documents\github\prest\adjunct\quick\quick_jumbo.cpp(281): warning C4627: '#include "adjunct/quick/widgets/OpIndicatorButton.cpp"': skipped when looking for precompiled header use
11>          Add directive to 'core/pch_jumbo.h' or rebuild precompiled header
11>c:\users\bryan\documents\github\prest\modules\dom\dom_jumbo.cpp(158): warning C4627: '#include "modules/dom/src/domtraversal/nodeiterator.cpp"': skipped when looking for precompiled header use
11>          Add directive to 'core/pch_jumbo.h' or rebuild precompiled header
11>c:\users\bryan\documents\github\prest\modules\libssl\libssl_jumbo.cpp(107): warning C4627: '#include "modules/libssl/methods/sslnullhash.cpp"': skipped when looking for precompiled header use
11>          Add directive to 'core/pch_jumbo.h' or rebuild precompiled header
11>c:\users\bryan\documents\github\prest\modules\prefs\prefs_jumbo.cpp(31): warning C4627: '#include "modules/prefs/prefsmanager/collections/pc_jil.cpp"': skipped when looking for precompiled header use
11>          Add directive to 'core/pch_jumbo.h' or rebuild precompiled header
11>c:\users\bryan\documents\github\prest\adjunct\quick\quick_jumbo.cpp(282): warning C4627: '#include "adjunct/quick/widgets/OpInfobar.cpp"': skipped when looking for precompiled header use
11>          Add directive to 'core/pch_jumbo.h' or rebuild precompiled header
11>c:\users\bryan\documents\github\prest\modules\dom\dom_jumbo.cpp(159): warning C4627: '#include "modules/dom/src/domtraversal/traversal.cpp"': skipped when looking for precompiled header use
11>          Add directive to 'core/pch_jumbo.h' or rebuild precompiled header
11>c:\users\bryan\documents\github\prest\modules\libssl\libssl_jumbo.cpp(108): warning C4627: '#include "modules/libssl/methods/sslphash.cpp"': skipped when looking for precompiled header use
11>          Add directive to 'core/pch_jumbo.h' or rebuild precompiled header
11>c:\users\bryan\documents\github\prest\adjunct\quick\quick_jumbo.cpp(283): warning C4627: '#include "adjunct/quick/widgets/OpLinksView.cpp"': skipped when looking for precompiled header use
11>          Add directive to 'core/pch_jumbo.h' or rebuild precompiled header
11>c:\users\bryan\documents\github\prest\modules\prefs\prefs_jumbo.cpp(32): warning C4627: '#include "modules/prefs/prefsmanager/hostoverride.cpp"': skipped when looking for precompiled header use
11>          Add directive to 'core/pch_jumbo.h' or rebuild precompiled header
11>c:\users\bryan\documents\github\prest\modules\dom\dom_jumbo.cpp(160): warning C4627: '#include "modules/dom/src/domtraversal/treewalker.cpp"': skipped when looking for precompiled header use
11>          Add directive to 'core/pch_jumbo.h' or rebuild precompiled header
11>c:\users\bryan\documents\github\prest\modules\libssl\libssl_jumbo.cpp(109): warning C4627: '#include "modules/libssl/methods/sslpubkey.cpp"': skipped when looking for precompiled header use
11>          Add directive to 'core/pch_jumbo.h' or rebuild precompiled header
11>c:\users\bryan\documents\github\prest\modules\dom\dom_jumbo.cpp(161): warning C4627: '#include "modules/dom/src/domutils.cpp"': skipped when looking for precompiled header use
11>          Add directive to 'core/pch_jumbo.h' or rebuild precompiled header
11>c:\users\bryan\documents\github\prest\adjunct\quick\quick_jumbo.cpp(284): warning C4627: '#include "adjunct/quick/widgets/OpLocalStorageBar.cpp"': skipped when looking for precompiled header use
11>          Add directive to 'core/pch_jumbo.h' or rebuild precompiled header
11>c:\users\bryan\documents\github\prest\modules\prefs\prefs_jumbo.cpp(33): warning C4627: '#include "modules/prefs/prefsmanager/opprefscollection.cpp"': skipped when looking for precompiled header use
11>          Add directive to 'core/pch_jumbo.h' or rebuild precompiled header
11>c:\users\bryan\documents\github\prest\modules\libssl\libssl_jumbo.cpp(110): warning C4627: '#include "modules/libssl/options/certstore.cpp"': skipped when looking for precompiled header use
11>          Add directive to 'core/pch_jumbo.h' or rebuild precompiled header
11>c:\users\bryan\documents\github\prest\modules\prefs\prefs_jumbo.cpp(34): warning C4627: '#include "modules/prefs/prefsmanager/opprefscollection_default.cpp"': skipped when looking for precompiled header use
11>          Add directive to 'core/pch_jumbo.h' or rebuild precompiled header
11>c:\users\bryan\documents\github\prest\adjunct\quick\quick_jumbo.cpp(285): warning C4627: '#include "adjunct/quick/widgets/OpMinimizedUpdateDialogButton.cpp"': skipped when looking for precompiled header use
11>          Add directive to 'core/pch_jumbo.h' or rebuild precompiled header
11>c:\users\bryan\documents\github\prest\modules\libssl\libssl_jumbo.cpp(111): warning C4627: '#include "modules/libssl/options/ciphers.cpp"': skipped when looking for precompiled header use
11>          Add directive to 'core/pch_jumbo.h' or rebuild precompiled header
11>c:\users\bryan\documents\github\prest\modules\prefs\prefs_jumbo.cpp(35): warning C4627: '#include "modules/prefs/prefsmanager/opprefscollection_override.cpp"': skipped when looking for precompiled header use
11>          Add directive to 'core/pch_jumbo.h' or rebuild precompiled header
11>c:\users\bryan\documents\github\prest\modules\libssl\libssl_jumbo.cpp(112): warning C4627: '#include "modules/libssl/options/keygen_tracker.cpp"': skipped when looking for precompiled header use
11>          Add directive to 'core/pch_jumbo.h' or rebuild precompiled header
11>c:\users\bryan\documents\github\prest\modules\prefs\prefs_jumbo.cpp(36): warning C4627: '#include "modules/prefs/prefsmanager/prefsmanager.cpp"': skipped when looking for precompiled header use
11>          Add directive to 'core/pch_jumbo.h' or rebuild precompiled header
11>c:\users\bryan\documents\github\prest\modules\libssl\libssl_jumbo.cpp(113): warning C4627: '#include "modules/libssl/options/keyitem.cpp"': skipped when looking for precompiled header use
11>          Add directive to 'core/pch_jumbo.h' or rebuild precompiled header
11>c:\users\bryan\documents\github\prest\modules\prefs\prefs_jumbo.cpp(37): warning C4627: '#include "modules/prefs/prefsmanager/prefsnotifier.cpp"': skipped when looking for precompiled header use
11>          Add directive to 'core/pch_jumbo.h' or rebuild precompiled header
11>c:\users\bryan\documents\github\prest\modules\libssl\libssl_jumbo.cpp(114): warning C4627: '#include "modules/libssl/options/sslbcert.cpp"': skipped when looking for precompiled header use
11>          Add directive to 'core/pch_jumbo.h' or rebuild precompiled header
11>c:\users\bryan\documents\github\prest\modules\prefs\prefs_jumbo.cpp(38): warning C4627: '#include "modules/prefs/util/operaconfig.cpp"': skipped when looking for precompiled header use
11>          Add directive to 'core/pch_jumbo.h' or rebuild precompiled header
11>c:\users\bryan\documents\github\prest\modules\libssl\libssl_jumbo.cpp(115): warning C4627: '#include "modules/libssl/options/sslopt.cpp"': skipped when looking for precompiled header use
11>          Add directive to 'core/pch_jumbo.h' or rebuild precompiled header
11>c:\users\bryan\documents\github\prest\modules\prefs\prefs_jumbo.cpp(39): warning C4627: '#include "modules/prefs/util/upgrade.cpp"': skipped when looking for precompiled header use
11>          Add directive to 'core/pch_jumbo.h' or rebuild precompiled header
11>c:\users\bryan\documents\github\prest\modules\libssl\libssl_jumbo.cpp(116): warning C4627: '#include "modules/libssl/options/sslopt_init.cpp"': skipped when looking for precompiled header use
11>          Add directive to 'core/pch_jumbo.h' or rebuild precompiled header
11>c:\users\bryan\documents\github\prest\modules\prefs\prefs_jumbo.cpp(40): warning C4627: '#include "modules/prefs/init/delayed_init.cpp"': skipped when looking for precompiled header use
11>          Add directive to 'core/pch_jumbo.h' or rebuild precompiled header
11>c:\users\bryan\documents\github\prest\modules\libssl\libssl_jumbo.cpp(117): warning C4627: '#include "modules/libssl/options/sslopt_obfuse.cpp"': skipped when looking for precompiled header use
11>          Add directive to 'core/pch_jumbo.h' or rebuild precompiled header
11>c:\users\bryan\documents\github\prest\modules\prefs\prefs_jumbo.cpp(41): warning C4627: '#include "modules/prefs/init/prefs_module.cpp"': skipped when looking for precompiled header use
11>          Add directive to 'core/pch_jumbo.h' or rebuild precompiled header
11>c:\users\bryan\documents\github\prest\modules\prefs\prefs_jumbo.cpp(42): fatal error C1010: unexpected end of file while looking for precompiled header. Did you forget to add '#include "core/pch_jumbo.h"' to your source?
11>c:\users\bryan\documents\github\prest\modules\libssl\libssl_jumbo.cpp(118): warning C4627: '#include "modules/libssl/options/sslopt_read.cpp"': skipped when looking for precompiled header use
11>          Add directive to 'core/pch_jumbo.h' or rebuild precompiled header
11>c:\users\bryan\documents\github\prest\modules\libssl\libssl_jumbo.cpp(119): warning C4627: '#include "modules/libssl/options/sslopt_save.cpp"': skipped when looking for precompiled header use
11>          Add directive to 'core/pch_jumbo.h' or rebuild precompiled header
11>c:\users\bryan\documents\github\prest\modules\probetools\probetools_jumbo.cpp(20): warning C4627: '#include "modules/probetools/src/probegraph.cpp"': skipped when looking for precompiled header use
11>          Add directive to 'core/pch_jumbo.h' or rebuild precompiled header
11>c:\users\bryan\documents\github\prest\modules\libssl\libssl_jumbo.cpp(120): warning C4627: '#include "modules/libssl/options/sslopt_update.cpp"': skipped when looking for precompiled header use
11>          Add directive to 'core/pch_jumbo.h' or rebuild precompiled header
11>c:\users\bryan\documents\github\prest\modules\libssl\libssl_jumbo.cpp(121): warning C4627: '#include "modules/libssl/options/sslpasswd.cpp"': skipped when looking for precompiled header use
11>          Add directive to 'core/pch_jumbo.h' or rebuild precompiled header
11>c:\users\bryan\documents\github\prest\modules\libssl\libssl_jumbo.cpp(122): warning C4627: '#include "modules/libssl/options/sslstore.cpp"': skipped when looking for precompiled header use
11>          Add directive to 'core/pch_jumbo.h' or rebuild precompiled header
11>c:\users\bryan\documents\github\prest\modules\libssl\libssl_jumbo.cpp(123): warning C4627: '#include "modules/libssl/protocol/ssl_connsess.cpp"': skipped when looking for precompiled header use
11>          Add directive to 'core/pch_jumbo.h' or rebuild precompiled header
11>  rootstore_jumbo.cpp
11>  protobuf_scope_jumbo.cpp
11>  scope_jumbo.cpp
11>  search_engine_jumbo.cpp
11>  searchmanager_jumbo.cpp
11>  security_manager_jumbo.cpp
11>c:\users\bryan\documents\github\prest\modules\libssl\libssl_jumbo.cpp(124): warning C4627: '#include "modules/libssl/protocol/ssl_false_start_manager.cpp"': skipped when looking for precompiled header use
11>          Add directive to 'core/pch_jumbo.h' or rebuild precompiled header
11>c:\users\bryan\documents\github\prest\modules\libssl\libssl_jumbo.cpp(125): warning C4627: '#include "modules/libssl/protocol/ssl_portsess.cpp"': skipped when looking for precompiled header use
11>          Add directive to 'core/pch_jumbo.h' or rebuild precompiled header
11>c:\users\bryan\documents\github\prest\modules\libssl\libssl_jumbo.cpp(126): warning C4627: '#include "modules/libssl/protocol/ssl_sess.cpp"': skipped when looking for precompiled header use
11>          Add directive to 'core/pch_jumbo.h' or rebuild precompiled header
11>c:\users\bryan\documents\github\prest\modules\libssl\libssl_jumbo.cpp(127): warning C4627: '#include "modules/libssl/protocol/ssl_sessinfo.cpp"': skipped when looking for precompiled header use
11>          Add directive to 'core/pch_jumbo.h' or rebuild precompiled header
11>c:\users\bryan\documents\github\prest\modules\libssl\libssl_jumbo.cpp(128): warning C4627: '#include "modules/libssl/protocol/ssl_sn.cpp"': skipped when looking for precompiled header use
11>          Add directive to 'core/pch_jumbo.h' or rebuild precompiled header
13>  protobuf_output.cpp
11>c:\users\bryan\documents\github\prest\modules\libssl\libssl_jumbo.cpp(129): warning C4627: '#include "modules/libssl/protocol/sslbaserec.cpp"': skipped when looking for precompiled header use
11>          Add directive to 'core/pch_jumbo.h' or rebuild precompiled header
11>c:\users\bryan\documents\github\prest\modules\libssl\libssl_jumbo.cpp(130): warning C4627: '#include "modules/libssl/protocol/sslcipherrec.cpp"': skipped when looking for precompiled header use
11>          Add directive to 'core/pch_jumbo.h' or rebuild precompiled header
11>c:\users\bryan\documents\github\prest\modules\libssl\libssl_jumbo.cpp(131): warning C4627: '#include "modules/libssl/protocol/sslconn.cpp"': skipped when looking for precompiled header use
11>          Add directive to 'core/pch_jumbo.h' or rebuild precompiled header
11>c:\users\bryan\documents\github\prest\modules\libssl\libssl_jumbo.cpp(132): warning C4627: '#include "modules/libssl/protocol/sslenc.cpp"': skipped when looking for precompiled header use
11>          Add directive to 'core/pch_jumbo.h' or rebuild precompiled header
11>c:\users\bryan\documents\github\prest\modules\libssl\libssl_jumbo.cpp(133): warning C4627: '#include "modules/libssl/protocol/sslmac.cpp"': skipped when looking for precompiled header use
11>          Add directive to 'core/pch_jumbo.h' or rebuild precompiled header
11>  selftest_jumbo_about.cpp
11>c:\users\bryan\documents\github\prest\modules\libssl\libssl_jumbo.cpp(134): warning C4627: '#include "modules/libssl/protocol/sslplainrec.cpp"': skipped when looking for precompiled header use
11>          Add directive to 'core/pch_jumbo.h' or rebuild precompiled header
11>  selftest_jumbo_accessibility.cpp
11>c:\users\bryan\documents\github\prest\modules\libssl\libssl_jumbo.cpp(135): warning C4627: '#include "modules/libssl/protocol/sslrec.cpp"': skipped when looking for precompiled header use
11>          Add directive to 'core/pch_jumbo.h' or rebuild precompiled header
11>c:\users\bryan\documents\github\prest\modules\scope\scope_jumbo.cpp(15): warning C4627: '#include "modules/scope/src/scope_module.cpp"': skipped when looking for precompiled header use
11>          Add directive to 'core/pch_jumbo.h' or rebuild precompiled header
11>c:\users\bryan\documents\github\prest\modules\scope\scope_jumbo.cpp(16): warning C4627: '#include "modules/scope/src/scope_dom_inspector.cpp"': skipped when looking for precompiled header use
11>          Add directive to 'core/pch_jumbo.h' or rebuild precompiled header
11>c:\users\bryan\documents\github\prest\modules\scope\scope_jumbo.cpp(17): warning C4627: '#include "modules/scope/src/scope_manager.cpp"': skipped when looking for precompiled header use
11>          Add directive to 'core/pch_jumbo.h' or rebuild precompiled header
11>c:\users\bryan\documents\github\prest\modules\scope\scope_jumbo.cpp(18): warning C4627: '#include "modules/scope/src/scope_service.cpp"': skipped when looking for precompiled header use
11>          Add directive to 'core/pch_jumbo.h' or rebuild precompiled header
11>c:\users\bryan\documents\github\prest\modules\scope\scope_jumbo.cpp(19): warning C4627: '#include "modules/scope/src/scope_network.cpp"': skipped when looking for precompiled header use
11>          Add directive to 'core/pch_jumbo.h' or rebuild precompiled header
11>c:\users\bryan\documents\github\prest\modules\scope\scope_jumbo.cpp(20): warning C4627: '#include "modules/scope/src/scope_console_logger.cpp"': skipped when looking for precompiled header use
11>          Add directive to 'core/pch_jumbo.h' or rebuild precompiled header
11>c:\users\bryan\documents\github\prest\modules\scope\scope_jumbo.cpp(21): warning C4627: '#include "modules/scope/src/scope_connection_manager.cpp"': skipped when looking for precompiled header use
11>          Add directive to 'core/pch_jumbo.h' or rebuild precompiled header
11>c:\users\bryan\documents\github\prest\modules\scope\scope_jumbo.cpp(22): warning C4627: '#include "modules/scope/src/scope_cookie_manager.cpp"': skipped when looking for precompiled header use
11>          Add directive to 'core/pch_jumbo.h' or rebuild precompiled header
11>c:\users\bryan\documents\github\prest\modules\rootstore\rootstore_jumbo.cpp(15): warning C4627: '#include "modules/rootstore/defcert.cpp"': skipped when looking for precompiled header use
11>          Add directive to 'core/pch_jumbo.h' or rebuild precompiled header
11>c:\users\bryan\documents\github\prest\modules\scope\scope_jumbo.cpp(23): warning C4627: '#include "modules/scope/src/scope_core.cpp"': skipped when looking for precompiled header use
11>          Add directive to 'core/pch_jumbo.h' or rebuild precompiled header
11>c:\users\bryan\documents\github\prest\modules\scope\protobuf_scope_jumbo.cpp(15): warning C4627: '#include "modules/scope/src/generated/g_scope_protocol_service_interface.cpp"': skipped when looking for precompiled header use
11>          Add directive to 'core/pch_jumbo.h' or rebuild precompiled header
11>c:\users\bryan\documents\github\prest\modules\libssl\libssl_jumbo.cpp(136): warning C4627: '#include "modules/libssl/protocol/sslstat1.cpp"': skipped when looking for precompiled header use
11>          Add directive to 'core/pch_jumbo.h' or rebuild precompiled header
11>c:\users\bryan\documents\github\prest\modules\rootstore\rootstore_jumbo.cpp(16): warning C4627: '#include "modules/rootstore/rootstore_module.cpp"': skipped when looking for precompiled header use
11>          Add directive to 'core/pch_jumbo.h' or rebuild precompiled header
11>c:\users\bryan\documents\github\prest\modules\scope\scope_jumbo.cpp(24): warning C4627: '#include "modules/scope/src/scope_ecmascript.cpp"': skipped when looking for precompiled header use
11>          Add directive to 'core/pch_jumbo.h' or rebuild precompiled header
11>c:\users\bryan\documents\github\prest\modules\scope\protobuf_scope_jumbo.cpp(16): warning C4627: '#include "modules/scope/src/generated/g_scope_prefs_interface.cpp"': skipped when looking for precompiled header use
11>          Add directive to 'core/pch_jumbo.h' or rebuild precompiled header
11>c:\users\bryan\documents\github\prest\modules\rootstore\rootstore_jumbo.cpp(17): fatal error C1010: unexpected end of file while looking for precompiled header. Did you forget to add '#include "core/pch_jumbo.h"' to your source?
11>c:\users\bryan\documents\github\prest\modules\libssl\libssl_jumbo.cpp(137): warning C4627: '#include "modules/libssl/protocol/sslstat3.cpp"': skipped when looking for precompiled header use
11>          Add directive to 'core/pch_jumbo.h' or rebuild precompiled header
11>c:\users\bryan\documents\github\prest\modules\scope\scope_jumbo.cpp(25): warning C4627: '#include "modules/scope/src/scope_display_listener.cpp"': skipped when looking for precompiled header use
11>          Add directive to 'core/pch_jumbo.h' or rebuild precompiled header
11>c:\users\bryan\documents\github\prest\modules\scope\protobuf_scope_jumbo.cpp(17): warning C4627: '#include "modules/scope/src/generated/g_scope_core_interface.cpp"': skipped when looking for precompiled header use
11>          Add directive to 'core/pch_jumbo.h' or rebuild precompiled header
11>c:\users\bryan\documents\github\prest\modules\security_manager\security_manager_jumbo.cpp(15): warning C4627: '#include "modules/security_manager/src/security_cross_origin.cpp"': skipped when looking for precompiled header use
11>          Add directive to 'core/pch_jumbo.h' or rebuild precompiled header
11>c:\users\bryan\documents\github\prest\modules\scope\scope_jumbo.cpp(26): warning C4627: '#include "modules/scope/src/scope_document_listener.cpp"': skipped when looking for precompiled header use
11>          Add directive to 'core/pch_jumbo.h' or rebuild precompiled header
11>  selftest_jumbo_applicationcache.cpp
11>c:\users\bryan\documents\github\prest\modules\scope\protobuf_scope_jumbo.cpp(18): warning C4627: '#include "modules/scope/src/generated/g_scope_overlay_interface.cpp"': skipped when looking for precompiled header use
11>          Add directive to 'core/pch_jumbo.h' or rebuild precompiled header
11>c:\users\bryan\documents\github\prest\modules\security_manager\security_manager_jumbo.cpp(16): warning C4627: '#include "modules/security_manager/src/security_doc.cpp"': skipped when looking for precompiled header use
11>          Add directive to 'core/pch_jumbo.h' or rebuild precompiled header
11>c:\users\bryan\documents\github\prest\modules\scope\scope_jumbo.cpp(27): warning C4627: '#include "modules/scope/src/scope_document_manager.cpp"': skipped when looking for precompiled header use
11>          Add directive to 'core/pch_jumbo.h' or rebuild precompiled header
11>c:\users\bryan\documents\github\prest\modules\scope\protobuf_scope_jumbo.cpp(19): warning C4627: '#include "modules/scope/src/generated/g_scope_test_service_interface.cpp"': skipped when looking for precompiled header use
11>          Add directive to 'core/pch_jumbo.h' or rebuild precompiled header
11>c:\users\bryan\documents\github\prest\modules\security_manager\security_manager_jumbo.cpp(17): warning C4627: '#include "modules/security_manager/src/security_docman.cpp"': skipped when looking for precompiled header use
11>          Add directive to 'core/pch_jumbo.h' or rebuild precompiled header
11>c:\users\bryan\documents\github\prest\modules\scope\scope_jumbo.cpp(28): warning C4627: '#include "modules/scope/src/scope_ecmascript_debugger.cpp"': skipped when looking for precompiled header use
11>          Add directive to 'core/pch_jumbo.h' or rebuild precompiled header
11>c:\users\bryan\documents\github\prest\modules\scope\protobuf_scope_jumbo.cpp(20): warning C4627: '#include "modules/scope/src/generated/g_scope_resource_manager_interface.cpp"': skipped when looking for precompiled header use
11>          Add directive to 'core/pch_jumbo.h' or rebuild precompiled header
11>c:\users\bryan\documents\github\prest\modules\security_manager\security_manager_jumbo.cpp(18): warning C4627: '#include "modules/security_manager/src/security_dom.cpp"': skipped when looking for precompiled header use
11>          Add directive to 'core/pch_jumbo.h' or rebuild precompiled header
11>c:\users\bryan\documents\github\prest\modules\scope\scope_jumbo.cpp(29): warning C4627: '#include "modules/scope/src/scope_element_inspector.cpp"': skipped when looking for precompiled header use
11>          Add directive to 'core/pch_jumbo.h' or rebuild precompiled header
11>c:\users\bryan\documents\github\prest\modules\scope\protobuf_scope_jumbo.cpp(21): warning C4627: '#include "modules/scope/src/generated/g_scope_cookie_manager_interface.cpp"': skipped when looking for precompiled header use
11>          Add directive to 'core/pch_jumbo.h' or rebuild precompiled header
11>c:\users\bryan\documents\github\prest\modules\scope\scope_jumbo.cpp(30): warning C4627: '#include "modules/scope/src/scope_http_logger.cpp"': skipped when looking for precompiled header use
11>          Add directive to 'core/pch_jumbo.h' or rebuild precompiled header
11>c:\users\bryan\documents\github\prest\modules\security_manager\security_manager_jumbo.cpp(19): warning C4627: '#include "modules/security_manager/src/security_dom_object.cpp"': skipped when looking for precompiled header use
11>          Add directive to 'core/pch_jumbo.h' or rebuild precompiled header
11>c:\users\bryan\documents\github\prest\modules\scope\protobuf_scope_jumbo.cpp(22): warning C4627: '#include "modules/scope/src/generated/g_urlplayer_command_interface.cpp"': skipped when looking for precompiled header use
11>          Add directive to 'core/pch_jumbo.h' or rebuild precompiled header
11>c:\users\bryan\documents\github\prest\modules\scope\scope_jumbo.cpp(31): warning C4627: '#include "modules/scope/src/scope_i18n.cpp"': skipped when looking for precompiled header use
11>          Add directive to 'core/pch_jumbo.h' or rebuild precompiled header
11>c:\users\bryan\documents\github\prest\modules\security_manager\security_manager_jumbo.cpp(20): warning C4627: '#include "modules/security_manager/src/security_gadget.cpp"': skipped when looking for precompiled header use
11>          Add directive to 'core/pch_jumbo.h' or rebuild precompiled header
11>c:\users\bryan\documents\github\prest\modules\scope\scope_jumbo.cpp(32): warning C4627: '#include "modules/scope/src/scope_jsconsole_listener.cpp"': skipped when looking for precompiled header use
11>          Add directive to 'core/pch_jumbo.h' or rebuild precompiled header
11>c:\users\bryan\documents\github\prest\modules\scope\protobuf_scope_jumbo.cpp(23): warning C4627: '#include "modules/scope/src/generated/g_scope_document_manager_interface.cpp"': skipped when looking for precompiled header use
11>          Add directive to 'core/pch_jumbo.h' or rebuild precompiled header
11>c:\users\bryan\documents\github\prest\modules\security_manager\security_manager_jumbo.cpp(21): warning C4627: '#include "modules/security_manager/src/security_gadget_parsers.cpp"': skipped when looking for precompiled header use
11>          Add directive to 'core/pch_jumbo.h' or rebuild precompiled header
11>c:\users\bryan\documents\github\prest\modules\scope\protobuf_scope_jumbo.cpp(24): warning C4627: '#include "modules/scope/src/generated/g_scope_widget_manager_interface.cpp"': skipped when looking for precompiled header use
11>          Add directive to 'core/pch_jumbo.h' or rebuild precompiled header
11>c:\users\bryan\documents\github\prest\modules\scope\scope_jumbo.cpp(33): warning C4627: '#include "modules/scope/src/scope_network_listener.cpp"': skipped when looking for precompiled header use
11>          Add directive to 'core/pch_jumbo.h' or rebuild precompiled header
11>c:\users\bryan\documents\github\prest\modules\security_manager\security_manager_jumbo.cpp(22): warning C4627: '#include "modules/security_manager/src/security_manager.cpp"': skipped when looking for precompiled header use
11>          Add directive to 'core/pch_jumbo.h' or rebuild precompiled header
11>c:\users\bryan\documents\github\prest\modules\scope\protobuf_scope_jumbo.cpp(25): warning C4627: '#include "modules/scope/src/generated/g_scope_http_logger_interface.cpp"': skipped when looking for precompiled header use
11>          Add directive to 'core/pch_jumbo.h' or rebuild precompiled header
11>c:\users\bryan\documents\github\prest\modules\scope\scope_jumbo.cpp(34): warning C4627: '#include "modules/scope/src/scope_overlay.cpp"': skipped when looking for precompiled header use
11>          Add directive to 'core/pch_jumbo.h' or rebuild precompiled header
11>c:\users\bryan\documents\github\prest\modules\security_manager\security_manager_jumbo.cpp(23): warning C4627: '#include "modules/security_manager/src/security_origin.cpp"': skipped when looking for precompiled header use
11>          Add directive to 'core/pch_jumbo.h' or rebuild precompiled header
11>c:\users\bryan\documents\github\prest\modules\scope\protobuf_scope_jumbo.cpp(26): warning C4627: '#include "modules/scope/src/generated/g_scope_service_interface.cpp"': skipped when looking for precompiled header use
11>          Add directive to 'core/pch_jumbo.h' or rebuild precompiled header
11>c:\users\bryan\documents\github\prest\modules\security_manager\security_manager_jumbo.cpp(24): warning C4627: '#include "modules/security_manager/src/security_persistence.cpp"': skipped when looking for precompiled header use
11>          Add directive to 'core/pch_jumbo.h' or rebuild precompiled header
11>c:\users\bryan\documents\github\prest\modules\scope\scope_jumbo.cpp(35): warning C4627: '#include "modules/scope/src/scope_profiler.cpp"': skipped when looking for precompiled header use
11>          Add directive to 'core/pch_jumbo.h' or rebuild precompiled header
11>c:\users\bryan\documents\github\prest\modules\scope\protobuf_scope_jumbo.cpp(27): warning C4627: '#include "modules/scope/src/generated/g_scope_exec_interface.cpp"': skipped when looking for precompiled header use
11>          Add directive to 'core/pch_jumbo.h' or rebuild precompiled header
11>c:\users\bryan\documents\github\prest\modules\security_manager\security_manager_jumbo.cpp(25): warning C4627: '#include "modules/security_manager/src/security_plugin.cpp"': skipped when looking for precompiled header use
11>          Add directive to 'core/pch_jumbo.h' or rebuild precompiled header
11>c:\users\bryan\documents\github\prest\modules\scope\scope_jumbo.cpp(36): warning C4627: '#include "modules/scope/src/scope_prefs.cpp"': skipped when looking for precompiled header use
11>          Add directive to 'core/pch_jumbo.h' or rebuild precompiled header
11>c:\users\bryan\documents\github\prest\modules\scope\protobuf_scope_jumbo.cpp(28): warning C4627: '#include "modules/scope/src/generated/g_scope_console_logger_interface.cpp"': skipped when looking for precompiled header use
11>          Add directive to 'core/pch_jumbo.h' or rebuild precompiled header
11>c:\users\bryan\documents\github\prest\modules\security_manager\security_manager_jumbo.cpp(26): warning C4627: '#include "modules/security_manager/src/security_unite.cpp"': skipped when looking for precompiled header use
11>          Add directive to 'core/pch_jumbo.h' or rebuild precompiled header
11>c:\users\bryan\documents\github\prest\modules\scope\scope_jumbo.cpp(37): warning C4627: '#include "modules/scope/src/scope_property_filter.cpp"': skipped when looking for precompiled header use
11>          Add directive to 'core/pch_jumbo.h' or rebuild precompiled header
11>c:\users\bryan\documents\github\prest\modules\scope\protobuf_scope_jumbo.cpp(29): warning C4627: '#include "modules/scope/src/generated/g_scope_window_manager_interface.cpp"': skipped when looking for precompiled header use
11>          Add directive to 'core/pch_jumbo.h' or rebuild precompiled header
11>c:\users\bryan\documents\github\prest\modules\security_manager\security_manager_jumbo.cpp(27): warning C4627: '#include "modules/security_manager/src/security_userconsent.cpp"': skipped when looking for precompiled header use
11>          Add directive to 'core/pch_jumbo.h' or rebuild precompiled header
11>c:\users\bryan\documents\github\prest\modules\scope\scope_jumbo.cpp(38): warning C4627: '#include "modules/scope/src/scope_proxy.cpp"': skipped when looking for precompiled header use
11>          Add directive to 'core/pch_jumbo.h' or rebuild precompiled header
11>c:\users\bryan\documents\github\prest\modules\scope\protobuf_scope_jumbo.cpp(30): warning C4627: '#include "modules/scope/src/generated/g_scope_i18n_interface.cpp"': skipped when looking for precompiled header use
11>          Add directive to 'core/pch_jumbo.h' or rebuild precompiled header
11>c:\users\bryan\documents\github\prest\modules\selftest\generated\selftest_jumbo_accessibility.cpp(15): warning C4627: '#include "modules/selftest/generated/accessibility/selftest/ot_accessibility_selftest_check_test.cpp"': skipped when looking for precompiled header use
11>          Add directive to 'core/pch_jumbo.h' or rebuild precompiled header
11>c:\users\bryan\documents\github\prest\modules\security_manager\security_manager_jumbo.cpp(28): warning C4627: '#include "modules/security_manager/src/security_utilities.cpp"': skipped when looking for precompiled header use
11>          Add directive to 'core/pch_jumbo.h' or rebuild precompiled header
11>c:\users\bryan\documents\github\prest\modules\scope\protobuf_scope_jumbo.cpp(31): warning C4627: '#include "modules/scope/src/generated/g_scope_ecmascript_interface.cpp"': skipped when looking for precompiled header use
11>          Add directive to 'core/pch_jumbo.h' or rebuild precompiled header
11>c:\users\bryan\documents\github\prest\modules\scope\scope_jumbo.cpp(39): warning C4627: '#include "modules/scope/src/scope_readystate_listener.cpp"': skipped when looking for precompiled header use
11>          Add directive to 'core/pch_jumbo.h' or rebuild precompiled header
11>c:\users\bryan\documents\github\prest\modules\selftest\generated\selftest_jumbo_accessibility.cpp(16): warning C4627: '#include "modules/selftest/generated/accessibility/selftest/ot_accessibility_selftest_doc_test.cpp"': skipped when looking for precompiled header use
11>          Add directive to 'core/pch_jumbo.h' or rebuild precompiled header
11>c:\users\bryan\documents\github\prest\modules\security_manager\security_manager_jumbo.cpp(29): warning C4627: '#include "modules/security_manager/src/security_xslt.cpp"': skipped when looking for precompiled header use
11>          Add directive to 'core/pch_jumbo.h' or rebuild precompiled header
11>c:\users\bryan\documents\github\prest\modules\scope\protobuf_scope_jumbo.cpp(32): warning C4627: '#include "modules/scope/src/generated/g_scope_selftest_interface.cpp"': skipped when looking for precompiled header use
11>          Add directive to 'core/pch_jumbo.h' or rebuild precompiled header
11>c:\users\bryan\documents\github\prest\modules\scope\scope_jumbo.cpp(40): warning C4627: '#include "modules/scope/src/scope_resource_manager.cpp"': skipped when looking for precompiled header use
11>          Add directive to 'core/pch_jumbo.h' or rebuild precompiled header
11>c:\users\bryan\documents\github\prest\modules\selftest\generated\selftest_jumbo_accessibility.cpp(17): warning C4627: '#include "modules/selftest/generated/accessibility/selftest/ot_accessibility_selftest_radio_test.cpp"': skipped when looking for precompiled header use
11>          Add directive to 'core/pch_jumbo.h' or rebuild precompiled header
11>c:\users\bryan\documents\github\prest\modules\security_manager\security_manager_jumbo.cpp(30): warning C4627: '#include "modules/security_manager/src/publicdomainlist.cpp"': skipped when looking for precompiled header use
11>          Add directive to 'core/pch_jumbo.h' or rebuild precompiled header
11>c:\users\bryan\documents\github\prest\modules\selftest\generated\selftest_jumbo_accessibility.cpp(18): fatal error C1010: unexpected end of file while looking for precompiled header. Did you forget to add '#include "core/pch_jumbo.h"' to your source?
11>c:\users\bryan\documents\github\prest\modules\scope\protobuf_scope_jumbo.cpp(33): warning C4627: '#include "modules/scope/src/generated/g_scope_ecmascript_debugger_interface.cpp"': skipped when looking for precompiled header use
11>          Add directive to 'core/pch_jumbo.h' or rebuild precompiled header
11>c:\users\bryan\documents\github\prest\modules\scope\scope_jumbo.cpp(41): warning C4627: '#include "modules/scope/src/scope_exec.cpp"': skipped when looking for precompiled header use
11>          Add directive to 'core/pch_jumbo.h' or rebuild precompiled header
11>c:\users\bryan\documents\github\prest\modules\scope\protobuf_scope_jumbo.cpp(34): warning C4627: '#include "modules/scope/src/generated/g_scope_profiler_interface.cpp"': skipped when looking for precompiled header use
11>          Add directive to 'core/pch_jumbo.h' or rebuild precompiled header
11>c:\users\bryan\documents\github\prest\modules\security_manager\security_manager_jumbo.cpp(31): warning C4627: '#include "modules/security_manager/src/cors/cors_loader.cpp"': skipped when looking for precompiled header use
11>          Add directive to 'core/pch_jumbo.h' or rebuild precompiled header
11>c:\users\bryan\documents\github\prest\modules\scope\scope_jumbo.cpp(42): warning C4627: '#include "modules/scope/src/scope_selftest.cpp"': skipped when looking for precompiled header use
11>          Add directive to 'core/pch_jumbo.h' or rebuild precompiled header
11>c:\users\bryan\documents\github\prest\modules\scope\protobuf_scope_jumbo.cpp(35): warning C4627: '#include "modules/scope/src/generated/g_scope_manager.cpp"': skipped when looking for precompiled header use
11>          Add directive to 'core/pch_jumbo.h' or rebuild precompiled header
11>c:\users\bryan\documents\github\prest\modules\security_manager\security_manager_jumbo.cpp(32): warning C4627: '#include "modules/security_manager/src/cors/cors_manager.cpp"': skipped when looking for precompiled header use
11>          Add directive to 'core/pch_jumbo.h' or rebuild precompiled header
11>c:\users\bryan\documents\github\prest\modules\scope\scope_jumbo.cpp(43): warning C4627: '#include "modules/scope/src/scope_selftest_listener.cpp"': skipped when looking for precompiled header use
11>          Add directive to 'core/pch_jumbo.h' or rebuild precompiled header
11>c:\users\bryan\documents\github\prest\modules\scope\protobuf_scope_jumbo.cpp(36): fatal error C1010: unexpected end of file while looking for precompiled header. Did you forget to add '#include "core/pch_jumbo.h"' to your source?
11>c:\users\bryan\documents\github\prest\modules\security_manager\security_manager_jumbo.cpp(33): warning C4627: '#include "modules/security_manager/src/cors/cors_request.cpp"': skipped when looking for precompiled header use
11>          Add directive to 'core/pch_jumbo.h' or rebuild precompiled header
11>c:\users\bryan\documents\github\prest\modules\scope\scope_jumbo.cpp(44): warning C4627: '#include "modules/scope/src/scope_test_service.cpp"': skipped when looking for precompiled header use
11>          Add directive to 'core/pch_jumbo.h' or rebuild precompiled header
11>c:\users\bryan\documents\github\prest\modules\security_manager\security_manager_jumbo.cpp(34): warning C4627: '#include "modules/security_manager/src/cors/cors_preflight.cpp"': skipped when looking for precompiled header use
11>          Add directive to 'core/pch_jumbo.h' or rebuild precompiled header
11>  selftest_jumbo_auth.cpp
11>c:\users\bryan\documents\github\prest\modules\security_manager\security_manager_jumbo.cpp(35): warning C4627: '#include "modules/security_manager/src/cors/cors_utilities.cpp"': skipped when looking for precompiled header use
11>          Add directive to 'core/pch_jumbo.h' or rebuild precompiled header
11>c:\users\bryan\documents\github\prest\modules\scope\scope_jumbo.cpp(45): warning C4627: '#include "modules/scope/src/scope_window_listener.cpp"': skipped when looking for precompiled header use
11>          Add directive to 'core/pch_jumbo.h' or rebuild precompiled header
11>c:\users\bryan\documents\github\prest\modules\security_manager\security_manager_jumbo.cpp(36): fatal error C1010: unexpected end of file while looking for precompiled header. Did you forget to add '#include "core/pch_jumbo.h"' to your source?
11>c:\users\bryan\documents\github\prest\modules\scope\scope_jumbo.cpp(46): warning C4627: '#include "modules/scope/src/scope_window_manager.cpp"': skipped when looking for precompiled header use
11>          Add directive to 'core/pch_jumbo.h' or rebuild precompiled header
11>c:\users\bryan\documents\github\prest\modules\scope\scope_jumbo.cpp(47): warning C4627: '#include "modules/scope/src/scope_widget_manager.cpp"': skipped when looking for precompiled header use
11>          Add directive to 'core/pch_jumbo.h' or rebuild precompiled header
11>c:\users\bryan\documents\github\prest\modules\scope\scope_jumbo.cpp(48): warning C4627: '#include "modules/scope/src/urlplayer_command.cpp"': skipped when looking for precompiled header use
11>          Add directive to 'core/pch_jumbo.h' or rebuild precompiled header
11>c:\users\bryan\documents\github\prest\modules\scope\scope_jumbo.cpp(49): warning C4627: '#include "modules/scope/src/scope_tp_message.cpp"': skipped when looking for precompiled header use
11>          Add directive to 'core/pch_jumbo.h' or rebuild precompiled header
11>c:\users\bryan\documents\github\prest\modules\libssl\libssl_jumbo.cpp(138): warning C4627: '#include "modules/libssl/protocol/sslstate.cpp"': skipped when looking for precompiled header use
11>          Add directive to 'core/pch_jumbo.h' or rebuild precompiled header
11>c:\users\bryan\documents\github\prest\modules\scope\scope_jumbo.cpp(50): warning C4627: '#include "modules/scope/src/scope_tp_writer.cpp"': skipped when looking for precompiled header use
11>          Add directive to 'core/pch_jumbo.h' or rebuild precompiled header
11>c:\users\bryan\documents\github\prest\modules\libssl\libssl_jumbo.cpp(139): warning C4627: '#include "modules/libssl/protocol/sslver.cpp"': skipped when looking for precompiled header use
11>          Add directive to 'core/pch_jumbo.h' or rebuild precompiled header
11>c:\users\bryan\documents\github\prest\modules\scope\scope_jumbo.cpp(51): warning C4627: '#include "modules/scope/src/scope_tp_reader.cpp"': skipped when looking for precompiled header use
11>          Add directive to 'core/pch_jumbo.h' or rebuild precompiled header
11>c:\users\bryan\documents\github\prest\modules\libssl\libssl_jumbo.cpp(140): warning C4627: '#include "modules/libssl/protocol/sslver30.cpp"': skipped when looking for precompiled header use
11>          Add directive to 'core/pch_jumbo.h' or rebuild precompiled header
11>c:\users\bryan\documents\github\prest\modules\scope\scope_jumbo.cpp(52): warning C4627: '#include "modules/scope/src/scope_transport.cpp"': skipped when looking for precompiled header use
11>          Add directive to 'core/pch_jumbo.h' or rebuild precompiled header
11>c:\users\bryan\documents\github\prest\modules\libssl\libssl_jumbo.cpp(141): warning C4627: '#include "modules/libssl/protocol/tlsver.cpp"': skipped when looking for precompiled header use
11>          Add directive to 'core/pch_jumbo.h' or rebuild precompiled header
11>c:\users\bryan\documents\github\prest\modules\scope\scope_jumbo.cpp(53): warning C4627: '#include "modules/scope/src/scope_protocol_service.cpp"': skipped when looking for precompiled header use
11>          Add directive to 'core/pch_jumbo.h' or rebuild precompiled header
11>c:\users\bryan\documents\github\prest\modules\libssl\libssl_jumbo.cpp(142): warning C4627: '#include "modules/libssl/protocol/tlsver10.cpp"': skipped when looking for precompiled header use
11>          Add directive to 'core/pch_jumbo.h' or rebuild precompiled header
11>c:\users\bryan\documents\github\prest\modules\scope\scope_jumbo.cpp(54): warning C4627: '#include "modules/scope/src/scope_default_message.cpp"': skipped when looking for precompiled header use
11>          Add directive to 'core/pch_jumbo.h' or rebuild precompiled header
11>c:\users\bryan\documents\github\prest\modules\libssl\libssl_jumbo.cpp(143): warning C4627: '#include "modules/libssl/protocol/tlsver12.cpp"': skipped when looking for precompiled header use
11>          Add directive to 'core/pch_jumbo.h' or rebuild precompiled header
11>c:\users\bryan\documents\github\prest\modules\scope\scope_jumbo.cpp(55): warning C4627: '#include "modules/scope/src/scope_transcoder.cpp"': skipped when looking for precompiled header use
11>          Add directive to 'core/pch_jumbo.h' or rebuild precompiled header
11>c:\users\bryan\documents\github\prest\modules\libssl\libssl_jumbo.cpp(144): warning C4627: '#include "modules/libssl/smartcard/smc_man.cpp"': skipped when looking for precompiled header use
11>          Add directive to 'core/pch_jumbo.h' or rebuild precompiled header
11>c:\users\bryan\documents\github\prest\modules\scope\scope_jumbo.cpp(56): warning C4627: '#include "modules/scope/src/scope_utils.cpp"': skipped when looking for precompiled header use
11>          Add directive to 'core/pch_jumbo.h' or rebuild precompiled header
11>c:\users\bryan\documents\github\prest\modules\libssl\libssl_jumbo.cpp(145): warning C4627: '#include "modules/libssl/smartcard/smc_sess.cpp"': skipped when looking for precompiled header use
11>          Add directive to 'core/pch_jumbo.h' or rebuild precompiled header
11>c:\users\bryan\documents\github\prest\modules\scope\scope_jumbo.cpp(57): fatal error C1010: unexpected end of file while looking for precompiled header. Did you forget to add '#include "core/pch_jumbo.h"' to your source?
11>c:\users\bryan\documents\github\prest\modules\selftest\generated\selftest_jumbo_applicationcache.cpp(15): warning C4627: '#include "modules/selftest/generated/applicationcache/selftest/cache_tests/ot_applicationcache_selftest_cache_tests_application_cache_server.cpp"': skipped when looking for precompiled header use
11>          Add directive to 'core/pch_jumbo.h' or rebuild precompiled header
11>c:\users\bryan\documents\github\prest\modules\libssl\libssl_jumbo.cpp(146): warning C4627: '#include "modules/libssl/ssl_api.cpp"': skipped when looking for precompiled header use
11>          Add directive to 'core/pch_jumbo.h' or rebuild precompiled header
11>c:\users\bryan\documents\github\prest\modules\selftest\generated\selftest_jumbo_applicationcache.cpp(16): warning C4627: '#include "modules/selftest/generated/applicationcache/selftest/manifest/ot_applicationcache_selftest_manifest_manifest.cpp"': skipped when looking for precompiled header use
11>          Add directive to 'core/pch_jumbo.h' or rebuild precompiled header
11>c:\users\bryan\documents\github\prest\modules\libssl\libssl_jumbo.cpp(147): warning C4627: '#include "modules/libssl/sslinit1.cpp"': skipped when looking for precompiled header use
11>          Add directive to 'core/pch_jumbo.h' or rebuild precompiled header
11>c:\users\bryan\documents\github\prest\modules\selftest\generated\selftest_jumbo_applicationcache.cpp(17): warning C4627: '#include "modules/selftest/generated/applicationcache/selftest/manifest/ot_applicationcache_selftest_manifest_manifest_parser.cpp"': skipped when looking for precompiled header use
11>          Add directive to 'core/pch_jumbo.h' or rebuild precompiled header
11>c:\users\bryan\documents\github\prest\modules\libssl\libssl_jumbo.cpp(148): warning C4627: '#include "modules/libssl/tools/helpers.cpp"': skipped when looking for precompiled header use
11>          Add directive to 'core/pch_jumbo.h' or rebuild precompiled header
13>  protobuf_output_common.cpp
14>  DebugViewFormatter.cpp
14>  NeedleFinder.cpp
13>  stdlib_double_format.cpp
11>c:\users\bryan\documents\github\prest\modules\selftest\generated\selftest_jumbo_applicationcache.cpp(18): fatal error C1010: unexpected end of file while looking for precompiled header. Did you forget to add '#include "core/pch_jumbo.h"' to your source?
11>c:\users\bryan\documents\github\prest\modules\libssl\libssl_jumbo.cpp(149): warning C4627: '#include "modules/libssl/ui/askpasswd.cpp"': skipped when looking for precompiled header use
11>          Add directive to 'core/pch_jumbo.h' or rebuild precompiled header
11>c:\users\bryan\documents\github\prest\modules\selftest\generated\selftest_jumbo_auth.cpp(15): warning C4627: '#include "modules/selftest/generated/auth/selftest/ot_auth_selftest_auth_cancel.cpp"': skipped when looking for precompiled header use
11>          Add directive to 'core/pch_jumbo.h' or rebuild precompiled header
11>c:\users\bryan\documents\github\prest\modules\searchmanager\searchmanager_jumbo.cpp(15): warning C4627: '#include "modules/searchmanager/src/searchmanager_searchmanager.cpp"': skipped when looking for precompiled header use
11>          Add directive to 'core/pch_jumbo.h' or rebuild precompiled header
11>c:\users\bryan\documents\github\prest\modules\libssl\libssl_jumbo.cpp(150): warning C4627: '#include "modules/libssl/ui/certinst_ask.cpp"': skipped when looking for precompiled header use
11>          Add directive to 'core/pch_jumbo.h' or rebuild precompiled header
11>c:\users\bryan\documents\github\prest\modules\selftest\generated\selftest_jumbo_auth.cpp(16): warning C4627: '#include "modules/selftest/generated/auth/selftest/ot_auth_selftest_auth_ftp_simple.cpp"': skipped when looking for precompiled header use
11>          Add directive to 'core/pch_jumbo.h' or rebuild precompiled header
11>  selftest_jumbo_autoproxy.cpp
11>c:\users\bryan\documents\github\prest\modules\probetools\probetools_jumbo.cpp(21): warning C4627: '#include "modules/probetools/src/probethreadlocalstorage.cpp"': skipped when looking for precompiled header use
11>          Add directive to 'core/pch_jumbo.h' or rebuild precompiled header
11>c:\users\bryan\documents\github\prest\modules\searchmanager\searchmanager_jumbo.cpp(16): warning C4627: '#include "modules/searchmanager/src/searchmanager_module.cpp"': skipped when looking for precompiled header use
11>          Add directive to 'core/pch_jumbo.h' or rebuild precompiled header
11>c:\users\bryan\documents\github\prest\modules\libssl\libssl_jumbo.cpp(151): warning C4627: '#include "modules/libssl/ui/sslcctx.cpp"': skipped when looking for precompiled header use
11>          Add directive to 'core/pch_jumbo.h' or rebuild precompiled header
11>c:\users\bryan\documents\github\prest\modules\probetools\probetools_jumbo.cpp(22): warning C4627: '#include "modules/probetools/src/probesnapshot.cpp"': skipped when looking for precompiled header use
11>          Add directive to 'core/pch_jumbo.h' or rebuild precompiled header
11>c:\users\bryan\documents\github\prest\modules\selftest\generated\selftest_jumbo_auth.cpp(17): warning C4627: '#include "modules/selftest/generated/auth/selftest/ot_auth_selftest_auth_multiple.cpp"': skipped when looking for precompiled header use
11>          Add directive to 'core/pch_jumbo.h' or rebuild precompiled header
11>c:\users\bryan\documents\github\prest\modules\dom\dom_jumbo.cpp(162): warning C4627: '#include "modules/dom/src/domwebserver/domwebserver.cpp"': skipped when looking for precompiled header use
11>          Add directive to 'core/pch_jumbo.h' or rebuild precompiled header
11>c:\users\bryan\documents\github\prest\modules\searchmanager\searchmanager_jumbo.cpp(17): warning C4627: '#include "modules/searchmanager/src/searchmanager_opensearch.cpp"': skipped when looking for precompiled header use
11>          Add directive to 'core/pch_jumbo.h' or rebuild precompiled header
11>c:\users\bryan\documents\github\prest\modules\libssl\libssl_jumbo.cpp(152): warning C4627: '#include "modules/libssl/ui/sslui.cpp"': skipped when looking for precompiled header use
11>          Add directive to 'core/pch_jumbo.h' or rebuild precompiled header
11>c:\users\bryan\documents\github\prest\modules\probetools\probetools_jumbo.cpp(23): warning C4627: '#include "modules/probetools/src/probereportwriter.cpp"': skipped when looking for precompiled header use
11>          Add directive to 'core/pch_jumbo.h' or rebuild precompiled header
11>c:\users\bryan\documents\github\prest\adjunct\quick\quick_jumbo.cpp(286): warning C4627: '#include "adjunct/quick/widgets/OpPagebar.cpp"': skipped when looking for precompiled header use
11>          Add directive to 'core/pch_jumbo.h' or rebuild precompiled header
11>c:\users\bryan\documents\github\prest\modules\selftest\generated\selftest_jumbo_auth.cpp(18): warning C4627: '#include "modules/selftest/generated/auth/selftest/ot_auth_selftest_auth_retry.cpp"': skipped when looking for precompiled header use
11>          Add directive to 'core/pch_jumbo.h' or rebuild precompiled header
11>c:\users\bryan\documents\github\prest\modules\searchmanager\searchmanager_jumbo.cpp(18): fatal error C1010: unexpected end of file while looking for precompiled header. Did you forget to add '#include "core/pch_jumbo.h"' to your source?
11>c:\users\bryan\documents\github\prest\modules\libssl\libssl_jumbo.cpp(153): fatal error C1010: unexpected end of file while looking for precompiled header. Did you forget to add '#include "core/pch_jumbo.h"' to your source?
11>c:\users\bryan\documents\github\prest\modules\dom\dom_jumbo.cpp(163): warning C4627: '#include "modules/dom/src/domwebserver/domupnp.cpp"': skipped when looking for precompiled header use
11>          Add directive to 'core/pch_jumbo.h' or rebuild precompiled header
11>c:\users\bryan\documents\github\prest\modules\probetools\probetools_jumbo.cpp(24): warning C4627: '#include "modules/probetools/src/probenamemapper.cpp"': skipped when looking for precompiled header use
11>          Add directive to 'core/pch_jumbo.h' or rebuild precompiled header
11>c:\users\bryan\documents\github\prest\adjunct\quick\quick_jumbo.cpp(287): warning C4627: '#include "adjunct/quick/widgets/OpPersonalbar.cpp"': skipped when looking for precompiled header use
11>          Add directive to 'core/pch_jumbo.h' or rebuild precompiled header
11>c:\users\bryan\documents\github\prest\modules\selftest\generated\selftest_jumbo_auth.cpp(19): warning C4627: '#include "modules/selftest/generated/auth/selftest/ot_auth_selftest_auth_simple.cpp"': skipped when looking for precompiled header use
11>          Add directive to 'core/pch_jumbo.h' or rebuild precompiled header
11>c:\users\bryan\documents\github\prest\modules\dom\dom_jumbo.cpp(164): warning C4627: '#include "modules/dom/src/domwebworkers/domcrossmessage.cpp"': skipped when looking for precompiled header use
11>          Add directive to 'core/pch_jumbo.h' or rebuild precompiled header
11>c:\users\bryan\documents\github\prest\modules\probetools\probetools_jumbo.cpp(25): fatal error C1010: unexpected end of file while looking for precompiled header. Did you forget to add '#include "core/pch_jumbo.h"' to your source?
11>c:\users\bryan\documents\github\prest\adjunct\quick\quick_jumbo.cpp(288): warning C4627: '#include "adjunct/quick/widgets/OpPluginCrashedBar.cpp"': skipped when looking for precompiled header use
11>          Add directive to 'core/pch_jumbo.h' or rebuild precompiled header
11>c:\users\bryan\documents\github\prest\modules\selftest\generated\selftest_jumbo_auth.cpp(20): warning C4627: '#include "modules/selftest/generated/auth/selftest/ot_auth_selftest_auth_xmlhttprequest.cpp"': skipped when looking for precompiled header use
11>          Add directive to 'core/pch_jumbo.h' or rebuild precompiled header
11>c:\users\bryan\documents\github\prest\modules\dom\dom_jumbo.cpp(165): warning C4627: '#include "modules/dom/src/domwebworkers/domcrossutils.cpp"': skipped when looking for precompiled header use
11>          Add directive to 'core/pch_jumbo.h' or rebuild precompiled header
11>c:\users\bryan\documents\github\prest\adjunct\quick\quick_jumbo.cpp(289): warning C4627: '#include "adjunct/quick/widgets/OpPluginMissingBar.cpp"': skipped when looking for precompiled header use
11>          Add directive to 'core/pch_jumbo.h' or rebuild precompiled header
11>c:\users\bryan\documents\github\prest\modules\selftest\generated\selftest_jumbo_auth.cpp(21): fatal error C1010: unexpected end of file while looking for precompiled header. Did you forget to add '#include "core/pch_jumbo.h"' to your source?
11>c:\users\bryan\documents\github\prest\modules\dom\dom_jumbo.cpp(166): warning C4627: '#include "modules/dom/src/domwebworkers/domwwbase.cpp"': skipped when looking for precompiled header use
11>          Add directive to 'core/pch_jumbo.h' or rebuild precompiled header
11>c:\users\bryan\documents\github\prest\adjunct\quick\quick_jumbo.cpp(290): warning C4627: '#include "adjunct/quick/widgets/OpProgressField.cpp"': skipped when looking for precompiled header use
11>          Add directive to 'core/pch_jumbo.h' or rebuild precompiled header
11>c:\users\bryan\documents\github\prest\modules\dom\dom_jumbo.cpp(167): warning C4627: '#include "modules/dom/src/domwebworkers/domwwcontroller.cpp"': skipped when looking for precompiled header use
11>          Add directive to 'core/pch_jumbo.h' or rebuild precompiled header
11>c:\users\bryan\documents\github\prest\adjunct\quick\quick_jumbo.cpp(291): warning C4627: '#include "adjunct/quick/widgets/OpProtocolButton.cpp"': skipped when looking for precompiled header use
11>          Add directive to 'core/pch_jumbo.h' or rebuild precompiled header
11>c:\users\bryan\documents\github\prest\modules\dom\dom_jumbo.cpp(168): warning C4627: '#include "modules/dom/src/domwebworkers/domwwdomain.cpp"': skipped when looking for precompiled header use
11>          Add directive to 'core/pch_jumbo.h' or rebuild precompiled header
11>c:\users\bryan\documents\github\prest\adjunct\quick\quick_jumbo.cpp(292): warning C4627: '#include "adjunct/quick/widgets/OpResizeSearchDropDown.cpp"': skipped when looking for precompiled header use
11>          Add directive to 'core/pch_jumbo.h' or rebuild precompiled header
11>c:\users\bryan\documents\github\prest\modules\dom\dom_jumbo.cpp(169): warning C4627: '#include "modules/dom/src/domwebworkers/domwweventqueue.cpp"': skipped when looking for precompiled header use
11>          Add directive to 'core/pch_jumbo.h' or rebuild precompiled header
11>c:\users\bryan\documents\github\prest\modules\dom\dom_jumbo.cpp(170): warning C4627: '#include "modules/dom/src/domwebworkers/domwwloader.cpp"': skipped when looking for precompiled header use
11>          Add directive to 'core/pch_jumbo.h' or rebuild precompiled header
11>c:\users\bryan\documents\github\prest\adjunct\quick\quick_jumbo.cpp(293): warning C4627: '#include "adjunct/quick/widgets/OpSearchDropDown.cpp"': skipped when looking for precompiled header use
11>          Add directive to 'core/pch_jumbo.h' or rebuild precompiled header
11>c:\users\bryan\documents\github\prest\adjunct\quick\quick_jumbo.cpp(294): warning C4627: '#include "adjunct/quick/widgets/OpSearchEdit.cpp"': skipped when looking for precompiled header use
11>          Add directive to 'core/pch_jumbo.h' or rebuild precompiled header
11>c:\users\bryan\documents\github\prest\adjunct\quick\quick_jumbo.cpp(295): warning C4627: '#include "adjunct/quick/widgets/OpSpeedDialView.cpp"': skipped when looking for precompiled header use
11>          Add directive to 'core/pch_jumbo.h' or rebuild precompiled header
11>c:\users\bryan\documents\github\prest\adjunct\quick\quick_jumbo.cpp(296): warning C4627: '#include "adjunct/quick/widgets/OpSpeedDialSearchWidget.cpp"': skipped when looking for precompiled header use
11>          Add directive to 'core/pch_jumbo.h' or rebuild precompiled header
11>c:\users\bryan\documents\github\prest\adjunct\quick\quick_jumbo.cpp(297): warning C4627: '#include "adjunct/quick/widgets/OpStatusbar.cpp"': skipped when looking for precompiled header use
11>          Add directive to 'core/pch_jumbo.h' or rebuild precompiled header
11>c:\users\bryan\documents\github\prest\adjunct\quick\quick_jumbo.cpp(298): warning C4627: '#include "adjunct/quick/widgets/OpStatusField.cpp"': skipped when looking for precompiled header use
11>          Add directive to 'core/pch_jumbo.h' or rebuild precompiled header
11>c:\users\bryan\documents\github\prest\adjunct\quick\quick_jumbo.cpp(299): warning C4627: '#include "adjunct/quick/widgets/OpTabGroupButton.cpp"': skipped when looking for precompiled header use
11>          Add directive to 'core/pch_jumbo.h' or rebuild precompiled header
11>c:\users\bryan\documents\github\prest\modules\dom\dom_jumbo.cpp(171): warning C4627: '#include "modules/dom/src/domwebworkers/domwwobject.cpp"': skipped when looking for precompiled header use
11>          Add directive to 'core/pch_jumbo.h' or rebuild precompiled header
11>c:\users\bryan\documents\github\prest\adjunct\quick\quick_jumbo.cpp(300): warning C4627: '#include "adjunct/quick/widgets/OpThumbnailPagebar.cpp"': skipped when looking for precompiled header use
11>          Add directive to 'core/pch_jumbo.h' or rebuild precompiled header
11>c:\users\bryan\documents\github\prest\modules\dom\dom_jumbo.cpp(172): warning C4627: '#include "modules/dom/src/domwebworkers/domwworker.cpp"': skipped when looking for precompiled header use
11>          Add directive to 'core/pch_jumbo.h' or rebuild precompiled header
11>c:\users\bryan\documents\github\prest\adjunct\quick\quick_jumbo.cpp(301): warning C4627: '#include "adjunct/quick/widgets/OpToolbarMenuButton.cpp"': skipped when looking for precompiled header use
11>          Add directive to 'core/pch_jumbo.h' or rebuild precompiled header
11>c:\users\bryan\documents\github\prest\modules\dom\dom_jumbo.cpp(173): warning C4627: '#include "modules/dom/src/domwebworkers/domwworkers.cpp"': skipped when looking for precompiled header use
11>          Add directive to 'core/pch_jumbo.h' or rebuild precompiled header
11>c:\users\bryan\documents\github\prest\modules\selftest\generated\selftest_jumbo_autoproxy.cpp(15): warning C4627: '#include "modules/selftest/generated/autoproxy/testsuite/ot_autoproxy_testsuite_autoproxy.cpp"': skipped when looking for precompiled header use
11>          Add directive to 'core/pch_jumbo.h' or rebuild precompiled header
11>c:\users\bryan\documents\github\prest\adjunct\quick\quick_jumbo.cpp(302): warning C4627: '#include "adjunct/quick/widgets/OpTrustAndSecurityButton.cpp"': skipped when looking for precompiled header use
11>          Add directive to 'core/pch_jumbo.h' or rebuild precompiled header
11>c:\users\bryan\documents\github\prest\modules\dom\dom_jumbo.cpp(174): warning C4627: '#include "modules/dom/src/domwebworkers/domwwutils.cpp"': skipped when looking for precompiled header use
11>          Add directive to 'core/pch_jumbo.h' or rebuild precompiled header
11>c:\users\bryan\documents\github\prest\modules\selftest\generated\selftest_jumbo_autoproxy.cpp(16): warning C4627: '#include "modules/selftest/generated/autoproxy/testsuite/ot_autoproxy_testsuite_autoproxy_async.cpp"': skipped when looking for precompiled header use
11>          Add directive to 'core/pch_jumbo.h' or rebuild precompiled header
11>c:\users\bryan\documents\github\prest\modules\dom\dom_jumbo.cpp(175): warning C4627: '#include "modules/dom/src/domxpath/xpathevaluator.cpp"': skipped when looking for precompiled header use
11>          Add directive to 'core/pch_jumbo.h' or rebuild precompiled header
11>c:\users\bryan\documents\github\prest\modules\selftest\generated\selftest_jumbo_autoproxy.cpp(17): warning C4627: '#include "modules/selftest/generated/autoproxy/testsuite/ot_autoproxy_testsuite_autoproxy_nohang.cpp"': skipped when looking for precompiled header use
11>          Add directive to 'core/pch_jumbo.h' or rebuild precompiled header
11>c:\users\bryan\documents\github\prest\modules\selftest\generated\selftest_jumbo_autoproxy.cpp(18): fatal error C1010: unexpected end of file while looking for precompiled header. Did you forget to add '#include "core/pch_jumbo.h"' to your source?
11>c:\users\bryan\documents\github\prest\adjunct\quick\quick_jumbo.cpp(303): warning C4627: '#include "adjunct/quick/widgets/OpWidgetBitmap.cpp"': skipped when looking for precompiled header use
11>          Add directive to 'core/pch_jumbo.h' or rebuild precompiled header
13>  stdlib_float.cpp
14>  OpData.cpp
13>  stdlib_integer.cpp
13>  stdlib_math.cpp
11>c:\users\bryan\documents\github\prest\modules\dom\dom_jumbo.cpp(176): warning C4627: '#include "modules/dom/src/domxpath/xpathexception.cpp"': skipped when looking for precompiled header use
11>          Add directive to 'core/pch_jumbo.h' or rebuild precompiled header
11>c:\users\bryan\documents\github\prest\modules\dom\dom_jumbo.cpp(177): warning C4627: '#include "modules/dom/src/domxpath/xpathexpression.cpp"': skipped when looking for precompiled header use
11>          Add directive to 'core/pch_jumbo.h' or rebuild precompiled header
11>  selftest_jumbo_autoupdate.cpp
11>c:\users\bryan\documents\github\prest\adjunct\quick\quick_jumbo.cpp(304): warning C4627: '#include "adjunct/quick/widgets/OpWindowList.cpp"': skipped when looking for precompiled header use
11>          Add directive to 'core/pch_jumbo.h' or rebuild precompiled header
11>c:\users\bryan\documents\github\prest\modules\dom\dom_jumbo.cpp(178): warning C4627: '#include "modules/dom/src/domxpath/xpathnamespace.cpp"': skipped when looking for precompiled header use
11>          Add directive to 'core/pch_jumbo.h' or rebuild precompiled header
11>c:\users\bryan\documents\github\prest\adjunct\quick\quick_jumbo.cpp(305): warning C4627: '#include "adjunct/quick/widgets/OpZoomDropDown.cpp"': skipped when looking for precompiled header use
11>          Add directive to 'core/pch_jumbo.h' or rebuild precompiled header
11>c:\users\bryan\documents\github\prest\modules\dom\dom_jumbo.cpp(179): warning C4627: '#include "modules/dom/src/domxpath/xpathnsresolver.cpp"': skipped when looking for precompiled header use
11>          Add directive to 'core/pch_jumbo.h' or rebuild precompiled header
11>c:\users\bryan\documents\github\prest\adjunct\quick\quick_jumbo.cpp(306): warning C4627: '#include "adjunct/quick/widgets/OpComposeEdit.cpp"': skipped when looking for precompiled header use
11>          Add directive to 'core/pch_jumbo.h' or rebuild precompiled header
11>c:\users\bryan\documents\github\prest\modules\dom\dom_jumbo.cpp(180): warning C4627: '#include "modules/dom/src/domxpath/xpathresult.cpp"': skipped when looking for precompiled header use
11>          Add directive to 'core/pch_jumbo.h' or rebuild precompiled header
11>c:\users\bryan\documents\github\prest\adjunct\quick\quick_jumbo.cpp(307): warning C4627: '#include "adjunct/quick/widgets/OpFindTextBar.cpp"': skipped when looking for precompiled header use
11>          Add directive to 'core/pch_jumbo.h' or rebuild precompiled header
11>c:\users\bryan\documents\github\prest\modules\dom\dom_jumbo.cpp(181): warning C4627: '#include "modules/dom/src/domxpath/xpathrefimpl.cpp"': skipped when looking for precompiled header use
11>          Add directive to 'core/pch_jumbo.h' or rebuild precompiled header
11>c:\users\bryan\documents\github\prest\adjunct\quick\quick_jumbo.cpp(308): warning C4627: '#include "adjunct/quick/widgets/OpNewPageButton.cpp"': skipped when looking for precompiled header use
11>          Add directive to 'core/pch_jumbo.h' or rebuild precompiled header
11>c:\users\bryan\documents\github\prest\modules\dom\dom_jumbo.cpp(182): warning C4627: '#include "modules/dom/src/feeds/domwebfeeds.cpp"': skipped when looking for precompiled header use
11>          Add directive to 'core/pch_jumbo.h' or rebuild precompiled header
11>c:\users\bryan\documents\github\prest\adjunct\quick\quick_jumbo.cpp(309): warning C4627: '#include "adjunct/quick/widgets/OpWandStoreBar.cpp"': skipped when looking for precompiled header use
11>          Add directive to 'core/pch_jumbo.h' or rebuild precompiled header
11>c:\users\bryan\documents\github\prest\adjunct\quick\quick_jumbo.cpp(310): warning C4627: '#include "adjunct/quick/widgets/OpGoToIntranetBar.cpp"': skipped when looking for precompiled header use
11>          Add directive to 'core/pch_jumbo.h' or rebuild precompiled header
11>c:\users\bryan\documents\github\prest\modules\dom\dom_jumbo.cpp(183): warning C4627: '#include "modules/dom/src/feeds/domfeed.cpp"': skipped when looking for precompiled header use
11>          Add directive to 'core/pch_jumbo.h' or rebuild precompiled header
11>c:\users\bryan\documents\github\prest\adjunct\quick\quick_jumbo.cpp(311): warning C4627: '#include "adjunct/quick/widgets/PagebarButton.cpp"': skipped when looking for precompiled header use
11>          Add directive to 'core/pch_jumbo.h' or rebuild precompiled header
11>c:\users\bryan\documents\github\prest\modules\dom\dom_jumbo.cpp(184): warning C4627: '#include "modules/dom/src/feeds/domfeedentry.cpp"': skipped when looking for precompiled header use
11>          Add directive to 'core/pch_jumbo.h' or rebuild precompiled header
11>c:\users\bryan\documents\github\prest\adjunct\quick\quick_jumbo.cpp(312): warning C4627: '#include "adjunct/quick/widgets/QuickChromeHandler.cpp"': skipped when looking for precompiled header use
11>          Add directive to 'core/pch_jumbo.h' or rebuild precompiled header
11>c:\users\bryan\documents\github\prest\modules\dom\dom_jumbo.cpp(185): warning C4627: '#include "modules/dom/src/feeds/domfeedcontent.cpp"': skipped when looking for precompiled header use
11>          Add directive to 'core/pch_jumbo.h' or rebuild precompiled header
11>c:\users\bryan\documents\github\prest\adjunct\quick\quick_jumbo.cpp(313): warning C4627: '#include "adjunct/quick/widgets/QuickGhostInputView.cpp"': skipped when looking for precompiled header use
11>          Add directive to 'core/pch_jumbo.h' or rebuild precompiled header
11>c:\users\bryan\documents\github\prest\modules\dom\dom_jumbo.cpp(186): warning C4627: '#include "modules/dom/src/feeds/domfeedreader.cpp"': skipped when looking for precompiled header use
11>          Add directive to 'core/pch_jumbo.h' or rebuild precompiled header
11>c:\users\bryan\documents\github\prest\modules\dom\dom_jumbo.cpp(187): warning C4627: '#include "modules/dom/src/js/dombase64.cpp"': skipped when looking for precompiled header use
11>          Add directive to 'core/pch_jumbo.h' or rebuild precompiled header
11>c:\users\bryan\documents\github\prest\adjunct\quick\quick_jumbo.cpp(314): warning C4627: '#include "adjunct/quick/widgets/OpOverlayWindow.cpp"': skipped when looking for precompiled header use
11>          Add directive to 'core/pch_jumbo.h' or rebuild precompiled header
11>c:\users\bryan\documents\github\prest\modules\dom\dom_jumbo.cpp(188): warning C4627: '#include "modules/dom/src/js/geoloc.cpp"': skipped when looking for precompiled header use
11>          Add directive to 'core/pch_jumbo.h' or rebuild precompiled header
11>c:\users\bryan\documents\github\prest\adjunct\quick\quick_jumbo.cpp(315): warning C4627: '#include "adjunct/quick/widgets/OpTrashBinButton.cpp"': skipped when looking for precompiled header use
11>          Add directive to 'core/pch_jumbo.h' or rebuild precompiled header
11>c:\users\bryan\documents\github\prest\modules\dom\dom_jumbo.cpp(189): warning C4627: '#include "modules/dom/src/js/history.cpp"': skipped when looking for precompiled header use
11>          Add directive to 'core/pch_jumbo.h' or rebuild precompiled header
11>c:\users\bryan\documents\github\prest\adjunct\quick\quick_jumbo.cpp(316): warning C4627: '#include "adjunct/quick/widgets/OpWidgetNotifier.cpp"': skipped when looking for precompiled header use
11>          Add directive to 'core/pch_jumbo.h' or rebuild precompiled header
11>  selftest_jumbo_bookmarks.cpp
11>c:\users\bryan\documents\github\prest\modules\dom\dom_jumbo.cpp(190): warning C4627: '#include "modules/dom/src/js/js_console.cpp"': skipped when looking for precompiled header use
11>          Add directive to 'core/pch_jumbo.h' or rebuild precompiled header
11>  selftest_jumbo_cache.cpp
11>  selftest_jumbo_console.cpp
11>c:\users\bryan\documents\github\prest\adjunct\quick\quick_jumbo.cpp(317): warning C4627: '#include "adjunct/quick/widgets/TipsNotificationBar.cpp"': skipped when looking for precompiled header use
11>          Add directive to 'core/pch_jumbo.h' or rebuild precompiled header
11>c:\users\bryan\documents\github\prest\modules\dom\dom_jumbo.cpp(191): warning C4627: '#include "modules/dom/src/js/js_plugin.cpp"': skipped when looking for precompiled header use
11>          Add directive to 'core/pch_jumbo.h' or rebuild precompiled header
11>  selftest_jumbo_content_filter.cpp
11>c:\users\bryan\documents\github\prest\modules\selftest\generated\selftest_jumbo_autoupdate.cpp(15): warning C4627: '#include "modules/selftest/generated/autoupdate/selftest/ot_autoupdate_selftest_auchecksum.cpp"': skipped when looking for precompiled header use
11>          Add directive to 'core/pch_jumbo.h' or rebuild precompiled header
11>  selftest_jumbo_cookies.cpp
11>c:\users\bryan\documents\github\prest\modules\selftest\generated\selftest_jumbo_autoupdate.cpp(16): warning C4627: '#include "modules/selftest/generated/autoupdate/selftest/ot_autoupdate_selftest_aufileutils.cpp"': skipped when looking for precompiled header use
11>          Add directive to 'core/pch_jumbo.h' or rebuild precompiled header
11>c:\users\bryan\documents\github\prest\modules\selftest\generated\selftest_jumbo_autoupdate.cpp(17): warning C4627: '#include "modules/selftest/generated/autoupdate/selftest/ot_autoupdate_selftest_auinstaller.cpp"': skipped when looking for precompiled header use
11>          Add directive to 'core/pch_jumbo.h' or rebuild precompiled header
11>c:\users\bryan\documents\github\prest\modules\selftest\generated\selftest_jumbo_autoupdate.cpp(18): warning C4627: '#include "modules/selftest/generated/autoupdate/selftest/ot_autoupdate_selftest_autoupdate.cpp"': skipped when looking for precompiled header use
11>          Add directive to 'core/pch_jumbo.h' or rebuild precompiled header
11>c:\users\bryan\documents\github\prest\modules\selftest\generated\selftest_jumbo_autoupdate.cpp(19): fatal error C1010: unexpected end of file while looking for precompiled header. Did you forget to add '#include "core/pch_jumbo.h"' to your source?
11>c:\users\bryan\documents\github\prest\adjunct\quick\quick_jumbo.cpp(318): warning C4627: '#include "adjunct/quick/widgets/URLFavMenuButton.cpp"': skipped when looking for precompiled header use
11>          Add directive to 'core/pch_jumbo.h' or rebuild precompiled header
11>c:\users\bryan\documents\github\prest\modules\dom\dom_jumbo.cpp(192): warning C4627: '#include "modules/dom/src/js/location.cpp"': skipped when looking for precompiled header use
11>          Add directive to 'core/pch_jumbo.h' or rebuild precompiled header
11>c:\users\bryan\documents\github\prest\adjunct\quick\quick_jumbo.cpp(319): warning C4627: '#include "adjunct/quick/widgets/WebhandlerBar.cpp"': skipped when looking for precompiled header use
11>          Add directive to 'core/pch_jumbo.h' or rebuild precompiled header
11>  selftest_jumbo_database.cpp
11>  selftest_jumbo_datastream.cpp
11>c:\users\bryan\documents\github\prest\adjunct\quick\quick_jumbo.cpp(320): warning C4627: '#include "adjunct/quick/widgets/CollectionNavigationPane.cpp"': skipped when looking for precompiled header use
11>          Add directive to 'core/pch_jumbo.h' or rebuild precompiled header
11>c:\users\bryan\documents\github\prest\modules\dom\dom_jumbo.cpp(193): warning C4627: '#include "modules/dom/src/js/mimetype.cpp"': skipped when looking for precompiled header use
11>          Add directive to 'core/pch_jumbo.h' or rebuild precompiled header
11>  selftest_jumbo_debug.cpp
11>c:\users\bryan\documents\github\prest\adjunct\quick\quick_jumbo.cpp(321): warning C4627: '#include "adjunct/quick/widgets/CollectionViewPane.cpp"': skipped when looking for precompiled header use
11>          Add directive to 'core/pch_jumbo.h' or rebuild precompiled header
11>c:\users\bryan\documents\github\prest\modules\dom\dom_jumbo.cpp(194): warning C4627: '#include "modules/dom/src/js/navigat.cpp"': skipped when looking for precompiled header use
11>          Add directive to 'core/pch_jumbo.h' or rebuild precompiled header
11>c:\users\bryan\documents\github\prest\adjunct\quick\quick_jumbo.cpp(322): warning C4627: '#include "adjunct/quick/widgets/DocumentViewGenerator.cpp"': skipped when looking for precompiled header use
11>          Add directive to 'core/pch_jumbo.h' or rebuild precompiled header
11>c:\users\bryan\documents\github\prest\modules\dom\dom_jumbo.cpp(195): warning C4627: '#include "modules/dom/src/js/screen.cpp"': skipped when looking for precompiled header use
11>          Add directive to 'core/pch_jumbo.h' or rebuild precompiled header
11>c:\users\bryan\documents\github\prest\modules\selftest\generated\selftest_jumbo_bookmarks.cpp(15): warning C4627: '#include "modules/selftest/generated/bookmarks/selftest/ot_bookmarks_selftest_bookmarks.cpp"': skipped when looking for precompiled header use
11>          Add directive to 'core/pch_jumbo.h' or rebuild precompiled header
11>c:\users\bryan\documents\github\prest\modules\dom\dom_jumbo.cpp(196): warning C4627: '#include "modules/dom/src/js/searchsuggestionsevent.cpp"': skipped when looking for precompiled header use
11>          Add directive to 'core/pch_jumbo.h' or rebuild precompiled header
11>c:\users\bryan\documents\github\prest\adjunct\quick\quick_jumbo.cpp(323): warning C4627: '#include "adjunct/quick/windows/BrowserDesktopWindow.cpp"': skipped when looking for precompiled header use
11>          Add directive to 'core/pch_jumbo.h' or rebuild precompiled header
11>c:\users\bryan\documents\github\prest\modules\selftest\generated\selftest_jumbo_console.cpp(15): warning C4627: '#include "modules/selftest/generated/console/testsuite/ot_console_testsuite_console_module.cpp"': skipped when looking for precompiled header use
11>          Add directive to 'core/pch_jumbo.h' or rebuild precompiled header
11>c:\users\bryan\documents\github\prest\modules\selftest\generated\selftest_jumbo_bookmarks.cpp(16): warning C4627: '#include "modules/selftest/generated/bookmarks/selftest/ot_bookmarks_selftest_loading.cpp"': skipped when looking for precompiled header use
11>          Add directive to 'core/pch_jumbo.h' or rebuild precompiled header
11>c:\users\bryan\documents\github\prest\modules\dom\dom_jumbo.cpp(197): warning C4627: '#include "modules/dom/src/js/window.cpp"': skipped when looking for precompiled header use
11>          Add directive to 'core/pch_jumbo.h' or rebuild precompiled header
11>c:\users\bryan\documents\github\prest\adjunct\quick\quick_jumbo.cpp(324): warning C4627: '#include "adjunct/quick/windows/DesktopGadget.cpp"': skipped when looking for precompiled header use
11>          Add directive to 'core/pch_jumbo.h' or rebuild precompiled header
11>c:\users\bryan\documents\github\prest\modules\selftest\generated\selftest_jumbo_bookmarks.cpp(17): warning C4627: '#include "modules/selftest/generated/bookmarks/selftest/ot_bookmarks_selftest_speeddial.cpp"': skipped when looking for precompiled header use
11>          Add directive to 'core/pch_jumbo.h' or rebuild precompiled header
11>c:\users\bryan\documents\github\prest\modules\selftest\generated\selftest_jumbo_console.cpp(16): warning C4627: '#include "modules/selftest/generated/console/testsuite/ot_console_testsuite_opconsoleengine.cpp"': skipped when looking for precompiled header use
11>          Add directive to 'core/pch_jumbo.h' or rebuild precompiled header
11>c:\users\bryan\documents\github\prest\modules\dom\dom_jumbo.cpp(198): warning C4627: '#include "modules/dom/src/opatom.cpp"': skipped when looking for precompiled header use
11>          Add directive to 'core/pch_jumbo.h' or rebuild precompiled header
11>c:\users\bryan\documents\github\prest\modules\selftest\generated\selftest_jumbo_bookmarks.cpp(18): fatal error C1010: unexpected end of file while looking for precompiled header. Did you forget to add '#include "core/pch_jumbo.h"' to your source?
11>c:\users\bryan\documents\github\prest\adjunct\quick\quick_jumbo.cpp(325): warning C4627: '#include "adjunct/quick/windows/DesktopTab.cpp"': skipped when looking for precompiled header use
11>          Add directive to 'core/pch_jumbo.h' or rebuild precompiled header
11>c:\users\bryan\documents\github\prest\modules\selftest\generated\selftest_jumbo_console.cpp(17): warning C4627: '#include "modules/selftest/generated/console/testsuite/ot_console_testsuite_opconsolefilter.cpp"': skipped when looking for precompiled header use
11>          Add directive to 'core/pch_jumbo.h' or rebuild precompiled header
11>c:\users\bryan\documents\github\prest\modules\dom\dom_jumbo.cpp(199): warning C4627: '#include "modules/dom/src/opera/dombytearray.cpp"': skipped when looking for precompiled header use
11>          Add directive to 'core/pch_jumbo.h' or rebuild precompiled header
11>c:\users\bryan\documents\github\prest\modules\selftest\generated\selftest_jumbo_cache.cpp(15): warning C4627: '#include "modules/selftest/generated/cache/selftest/ot_cache_selftest_AssocFiles.cpp"': skipped when looking for precompiled header use
11>          Add directive to 'core/pch_jumbo.h' or rebuild precompiled header
13>  stdlib_memory.cpp
14>  OpDataASCII.cpp
14>  OpDataFragment.cpp
13>  stdlib_printf.cpp
13>  stdlib_string.cpp
11>c:\users\bryan\documents\github\prest\modules\selftest\generated\selftest_jumbo_cookies.cpp(15): warning C4627: '#include "modules/selftest/generated/cookies/selftest/ot_cookies_selftest_buildcookielist.cpp"': skipped when looking for precompiled header use
11>          Add directive to 'core/pch_jumbo.h' or rebuild precompiled header
11>c:\users\bryan\documents\github\prest\modules\selftest\generated\selftest_jumbo_content_filter.cpp(15): warning C4627: '#include "modules/selftest/generated/content_filter/tests/ot_content_filter_tests_contentfilter.cpp"': skipped when looking for precompiled header use
11>          Add directive to 'core/pch_jumbo.h' or rebuild precompiled header
11>c:\users\bryan\documents\github\prest\adjunct\quick\quick_jumbo.cpp(326): warning C4627: '#include "adjunct/quick/windows/DevToolsDesktopWindow.cpp"': skipped when looking for precompiled header use
11>          Add directive to 'core/pch_jumbo.h' or rebuild precompiled header
11>c:\users\bryan\documents\github\prest\modules\selftest\generated\selftest_jumbo_datastream.cpp(15): warning C4627: '#include "modules/selftest/generated/datastream/selftest/ot_datastream_selftest_bitarray.cpp"': skipped when looking for precompiled header use
11>          Add directive to 'core/pch_jumbo.h' or rebuild precompiled header
11>c:\users\bryan\documents\github\prest\modules\selftest\generated\selftest_jumbo_console.cpp(18): warning C4627: '#include "modules/selftest/generated/console/testsuite/ot_console_testsuite_opconsolelistener.cpp"': skipped when looking for precompiled header use
11>          Add directive to 'core/pch_jumbo.h' or rebuild precompiled header
11>c:\users\bryan\documents\github\prest\modules\dom\dom_jumbo.cpp(200): warning C4627: '#include "modules/dom/src/opera/domextscriptloader.cpp"': skipped when looking for precompiled header use
11>          Add directive to 'core/pch_jumbo.h' or rebuild precompiled header
11>c:\users\bryan\documents\github\prest\modules\selftest\generated\selftest_jumbo_cache.cpp(16): warning C4627: '#include "modules/selftest/generated/cache/selftest/ot_cache_selftest_cache_basic.cpp"': skipped when looking for precompiled header use
11>          Add directive to 'core/pch_jumbo.h' or rebuild precompiled header
11>c:\users\bryan\documents\github\prest\modules\selftest\generated\selftest_jumbo_cookies.cpp(16): warning C4627: '#include "modules/selftest/generated/cookies/selftest/ot_cookies_selftest_cookietest.cpp"': skipped when looking for precompiled header use
11>          Add directive to 'core/pch_jumbo.h' or rebuild precompiled header
11>c:\users\bryan\documents\github\prest\modules\selftest\generated\selftest_jumbo_content_filter.cpp(16): warning C4627: '#include "modules/selftest/generated/content_filter/tests/ot_content_filter_tests_contentfilter_extensions.cpp"': skipped when looking for precompiled header use
11>          Add directive to 'core/pch_jumbo.h' or rebuild precompiled header
11>c:\users\bryan\documents\github\prest\adjunct\quick\quick_jumbo.cpp(327): warning C4627: '#include "adjunct/quick/windows/DocumentDesktopWindow.cpp"': skipped when looking for precompiled header use
11>          Add directive to 'core/pch_jumbo.h' or rebuild precompiled header
11>c:\users\bryan\documents\github\prest\modules\selftest\generated\selftest_jumbo_datastream.cpp(16): warning C4627: '#include "modules/selftest/generated/datastream/selftest/ot_datastream_selftest_bytearray.cpp"': skipped when looking for precompiled header use
11>          Add directive to 'core/pch_jumbo.h' or rebuild precompiled header
11>c:\users\bryan\documents\github\prest\modules\selftest\generated\selftest_jumbo_console.cpp(19): warning C4627: '#include "modules/selftest/generated/console/testsuite/ot_console_testsuite_opconsolelogger.cpp"': skipped when looking for precompiled header use
11>          Add directive to 'core/pch_jumbo.h' or rebuild precompiled header
11>c:\users\bryan\documents\github\prest\modules\selftest\generated\selftest_jumbo_cache.cpp(17): warning C4627: '#include "modules/selftest/generated/cache/selftest/ot_cache_selftest_cache_bench.cpp"': skipped when looking for precompiled header use
11>          Add directive to 'core/pch_jumbo.h' or rebuild precompiled header
11>c:\users\bryan\documents\github\prest\modules\dom\dom_jumbo.cpp(201): warning C4627: '#include "modules/dom/src/opera/domformdata.cpp"': skipped when looking for precompiled header use
11>          Add directive to 'core/pch_jumbo.h' or rebuild precompiled header
11>c:\users\bryan\documents\github\prest\modules\selftest\generated\selftest_jumbo_database.cpp(15): warning C4627: '#include "modules/selftest/generated/database/selftest/ot_database_selftest_filestorage.cpp"': skipped when looking for precompiled header use
11>          Add directive to 'core/pch_jumbo.h' or rebuild precompiled header
11>c:\users\bryan\documents\github\prest\modules\selftest\generated\selftest_jumbo_content_filter.cpp(17): warning C4627: '#include "modules/selftest/generated/content_filter/tests/ot_content_filter_tests_contentfilter_sync.cpp"': skipped when looking for precompiled header use
11>          Add directive to 'core/pch_jumbo.h' or rebuild precompiled header
11>c:\users\bryan\documents\github\prest\modules\selftest\generated\selftest_jumbo_datastream.cpp(17): warning C4627: '#include "modules/selftest/generated/datastream/selftest/ot_datastream_selftest_deflate.cpp"': skipped when looking for precompiled header use
11>          Add directive to 'core/pch_jumbo.h' or rebuild precompiled header
11>c:\users\bryan\documents\github\prest\adjunct\quick\quick_jumbo.cpp(328): warning C4627: '#include "adjunct/quick/windows/SourceDesktopWindow.cpp"': skipped when looking for precompiled header use
11>          Add directive to 'core/pch_jumbo.h' or rebuild precompiled header
11>c:\users\bryan\documents\github\prest\modules\selftest\generated\selftest_jumbo_cookies.cpp(17): warning C4627: '#include "modules/selftest/generated/cookies/selftest/ot_cookies_selftest_cookietest2.cpp"': skipped when looking for precompiled header use
11>          Add directive to 'core/pch_jumbo.h' or rebuild precompiled header
11>c:\users\bryan\documents\github\prest\modules\selftest\generated\selftest_jumbo_cache.cpp(18): warning C4627: '#include "modules/selftest/generated/cache/selftest/ot_cache_selftest_cache_chain.cpp"': skipped when looking for precompiled header use
11>          Add directive to 'core/pch_jumbo.h' or rebuild precompiled header
11>c:\users\bryan\documents\github\prest\modules\dom\dom_jumbo.cpp(202): warning C4627: '#include "modules/dom/src/opera/domgadgetfile.cpp"': skipped when looking for precompiled header use
11>          Add directive to 'core/pch_jumbo.h' or rebuild precompiled header
11>c:\users\bryan\documents\github\prest\modules\selftest\generated\selftest_jumbo_console.cpp(20): warning C4627: '#include "modules/selftest/generated/console/testsuite/ot_console_testsuite_opconsoleprefshelper.cpp"': skipped when looking for precompiled header use
11>          Add directive to 'core/pch_jumbo.h' or rebuild precompiled header
11>  selftest_jumbo_desktop_pi.cpp
11>c:\users\bryan\documents\github\prest\modules\selftest\generated\selftest_jumbo_database.cpp(16): warning C4627: '#include "modules/selftest/generated/database/selftest/ot_database_selftest_opdatabase-async.cpp"': skipped when looking for precompiled header use
11>          Add directive to 'core/pch_jumbo.h' or rebuild precompiled header
11>c:\users\bryan\documents\github\prest\modules\selftest\generated\selftest_jumbo_content_filter.cpp(18): warning C4627: '#include "modules/selftest/generated/content_filter/tests/ot_content_filter_tests_contentfilter_tweaks_1.cpp"': skipped when looking for precompiled header use
11>          Add directive to 'core/pch_jumbo.h' or rebuild precompiled header
11>c:\users\bryan\documents\github\prest\modules\selftest\generated\selftest_jumbo_datastream.cpp(18): warning C4627: '#include "modules/selftest/generated/datastream/selftest/ot_datastream_selftest_sizes.cpp"': skipped when looking for precompiled header use
11>          Add directive to 'core/pch_jumbo.h' or rebuild precompiled header
11>c:\users\bryan\documents\github\prest\adjunct\quick\quick_jumbo.cpp(329): warning C4627: '#include "adjunct/quick/windows/HotlistDesktopWindow.cpp"': skipped when looking for precompiled header use
11>          Add directive to 'core/pch_jumbo.h' or rebuild precompiled header
11>c:\users\bryan\documents\github\prest\modules\selftest\generated\selftest_jumbo_cookies.cpp(18): warning C4627: '#include "modules/selftest/generated/cookies/selftest/ot_cookies_selftest_cookietest3.cpp"': skipped when looking for precompiled header use
11>          Add directive to 'core/pch_jumbo.h' or rebuild precompiled header
11>c:\users\bryan\documents\github\prest\modules\selftest\generated\selftest_jumbo_cache.cpp(19): warning C4627: '#include "modules/selftest/generated/cache/selftest/ot_cache_selftest_cache_containers.cpp"': skipped when looking for precompiled header use
11>          Add directive to 'core/pch_jumbo.h' or rebuild precompiled header
11>c:\users\bryan\documents\github\prest\modules\dom\dom_jumbo.cpp(203): warning C4627: '#include "modules/dom/src/opera/domio.cpp"': skipped when looking for precompiled header use
11>          Add directive to 'core/pch_jumbo.h' or rebuild precompiled header
11>c:\users\bryan\documents\github\prest\modules\selftest\generated\selftest_jumbo_console.cpp(21): warning C4627: '#include "modules/selftest/generated/console/testsuite/ot_console_testsuite_opconsoleview.cpp"': skipped when looking for precompiled header use
11>          Add directive to 'core/pch_jumbo.h' or rebuild precompiled header
11>c:\users\bryan\documents\github\prest\modules\selftest\generated\selftest_jumbo_datastream.cpp(19): fatal error C1010: unexpected end of file while looking for precompiled header. Did you forget to add '#include "core/pch_jumbo.h"' to your source?
11>c:\users\bryan\documents\github\prest\modules\selftest\generated\selftest_jumbo_content_filter.cpp(19): warning C4627: '#include "modules/selftest/generated/content_filter/tests/ot_content_filter_tests_contentfilter_tweaks_2.cpp"': skipped when looking for precompiled header use
11>          Add directive to 'core/pch_jumbo.h' or rebuild precompiled header
11>c:\users\bryan\documents\github\prest\modules\selftest\generated\selftest_jumbo_database.cpp(17): warning C4627: '#include "modules/selftest/generated/database/selftest/ot_database_selftest_opdatabase-quotas.cpp"': skipped when looking for precompiled header use
11>          Add directive to 'core/pch_jumbo.h' or rebuild precompiled header
11>c:\users\bryan\documents\github\prest\modules\selftest\generated\selftest_jumbo_debug.cpp(15): warning C4627: '#include "modules/selftest/generated/debug/selftest/ot_debug_selftest_debug.cpp"': skipped when looking for precompiled header use
11>          Add directive to 'core/pch_jumbo.h' or rebuild precompiled header
11>c:\users\bryan\documents\github\prest\adjunct\quick\quick_jumbo.cpp(330): warning C4627: '#include "adjunct/quick/windows/OpRichMenuWindow.cpp"': skipped when looking for precompiled header use
11>          Add directive to 'core/pch_jumbo.h' or rebuild precompiled header
11>c:\users\bryan\documents\github\prest\modules\selftest\generated\selftest_jumbo_cache.cpp(20): warning C4627: '#include "modules/selftest/generated/cache/selftest/ot_cache_selftest_cache_context.cpp"': skipped when looking for precompiled header use
11>          Add directive to 'core/pch_jumbo.h' or rebuild precompiled header
11>c:\users\bryan\documents\github\prest\modules\selftest\generated\selftest_jumbo_cookies.cpp(19): warning C4627: '#include "modules/selftest/generated/cookies/selftest/ot_cookies_selftest_cookietest_ctxenable.cpp"': skipped when looking for precompiled header use
11>          Add directive to 'core/pch_jumbo.h' or rebuild precompiled header
11>c:\users\bryan\documents\github\prest\modules\selftest\generated\selftest_jumbo_console.cpp(22): fatal error C1010: unexpected end of file while looking for precompiled header. Did you forget to add '#include "core/pch_jumbo.h"' to your source?
11>c:\users\bryan\documents\github\prest\modules\selftest\generated\selftest_jumbo_content_filter.cpp(20): warning C4627: '#include "modules/selftest/generated/content_filter/tests/ot_content_filter_tests_contentfilter_url.cpp"': skipped when looking for precompiled header use
11>          Add directive to 'core/pch_jumbo.h' or rebuild precompiled header
11>c:\users\bryan\documents\github\prest\modules\dom\dom_jumbo.cpp(204): warning C4627: '#include "modules/dom/src/opera/domhttp.cpp"': skipped when looking for precompiled header use
11>          Add directive to 'core/pch_jumbo.h' or rebuild precompiled header
11>c:\users\bryan\documents\github\prest\modules\selftest\generated\selftest_jumbo_database.cpp(18): warning C4627: '#include "modules/selftest/generated/database/selftest/ot_database_selftest_opdatabase-sqlvalidator.cpp"': skipped when looking for precompiled header use
11>          Add directive to 'core/pch_jumbo.h' or rebuild precompiled header
11>c:\users\bryan\documents\github\prest\modules\selftest\generated\selftest_jumbo_debug.cpp(16): warning C4627: '#include "modules/selftest/generated/debug/selftest/ot_debug_selftest_debug_printf.cpp"': skipped when looking for precompiled header use
11>          Add directive to 'core/pch_jumbo.h' or rebuild precompiled header
11>c:\users\bryan\documents\github\prest\adjunct\quick\quick_jumbo.cpp(331): warning C4627: '#include "adjunct/quick/windows/PanelDesktopWindow.cpp"': skipped when looking for precompiled header use
11>          Add directive to 'core/pch_jumbo.h' or rebuild precompiled header
11>c:\users\bryan\documents\github\prest\modules\selftest\generated\selftest_jumbo_cache.cpp(21): warning C4627: '#include "modules/selftest/generated/cache/selftest/ot_cache_selftest_cache_context_out_of_disk.cpp"': skipped when looking for precompiled header use
11>          Add directive to 'core/pch_jumbo.h' or rebuild precompiled header
11>c:\users\bryan\documents\github\prest\modules\selftest\generated\selftest_jumbo_cookies.cpp(20): fatal error C1010: unexpected end of file while looking for precompiled header. Did you forget to add '#include "core/pch_jumbo.h"' to your source?
11>c:\users\bryan\documents\github\prest\modules\selftest\generated\selftest_jumbo_content_filter.cpp(21): fatal error C1010: unexpected end of file while looking for precompiled header. Did you forget to add '#include "core/pch_jumbo.h"' to your source?
11>c:\users\bryan\documents\github\prest\modules\selftest\generated\selftest_jumbo_debug.cpp(17): fatal error C1010: unexpected end of file while looking for precompiled header. Did you forget to add '#include "core/pch_jumbo.h"' to your source?
11>c:\users\bryan\documents\github\prest\modules\search_engine\search_engine_jumbo.cpp(15): warning C4627: '#include "modules/search_engine/BinCompressor.cpp"': skipped when looking for precompiled header use
11>          Add directive to 'core/pch_jumbo.h' or rebuild precompiled header
11>c:\users\bryan\documents\github\prest\modules\selftest\generated\selftest_jumbo_database.cpp(19): warning C4627: '#include "modules/selftest/generated/database/selftest/ot_database_selftest_opdatabase-timeout.cpp"': skipped when looking for precompiled header use
11>          Add directive to 'core/pch_jumbo.h' or rebuild precompiled header
11>c:\users\bryan\documents\github\prest\modules\dom\dom_jumbo.cpp(205): warning C4627: '#include "modules/dom/src/opera/domprofilersupport.cpp"': skipped when looking for precompiled header use
11>          Add directive to 'core/pch_jumbo.h' or rebuild precompiled header
11>c:\users\bryan\documents\github\prest\adjunct\quick\quick_jumbo.cpp(332): fatal error C1010: unexpected end of file while looking for precompiled header. Did you forget to add '#include "core/pch_jumbo.h"' to your source?
11>c:\users\bryan\documents\github\prest\modules\selftest\generated\selftest_jumbo_cache.cpp(22): warning C4627: '#include "modules/selftest/generated/cache/selftest/ot_cache_selftest_cache_context_size.cpp"': skipped when looking for precompiled header use
11>          Add directive to 'core/pch_jumbo.h' or rebuild precompiled header
11>c:\users\bryan\documents\github\prest\modules\search_engine\search_engine_jumbo.cpp(16): warning C4627: '#include "modules/search_engine/BlockStorage.cpp"': skipped when looking for precompiled header use
11>          Add directive to 'core/pch_jumbo.h' or rebuild precompiled header
14>  OpDataFragmentIterator.cpp
13>  stdlib_unicode.cpp
13>  stdlib_dtoa_dmg.cpp
13>  stdlib_dtoa_floitsch.cpp
14>  OpDataUTF8.cpp
14>  SegmentCollector.cpp
11>c:\users\bryan\documents\github\prest\modules\selftest\generated\selftest_jumbo_database.cpp(20): warning C4627: '#include "modules/selftest/generated/database/selftest/ot_database_selftest_opdatabase.cpp"': skipped when looking for precompiled header use
11>          Add directive to 'core/pch_jumbo.h' or rebuild precompiled header
11>c:\users\bryan\documents\github\prest\modules\dom\dom_jumbo.cpp(206): warning C4627: '#include "modules/dom/src/opera/domscopeclient.cpp"': skipped when looking for precompiled header use
11>          Add directive to 'core/pch_jumbo.h' or rebuild precompiled header
11>c:\users\bryan\documents\github\prest\modules\selftest\generated\selftest_jumbo_cache.cpp(23): warning C4627: '#include "modules/selftest/generated/cache/selftest/ot_cache_selftest_cache_delete.cpp"': skipped when looking for precompiled header use
11>          Add directive to 'core/pch_jumbo.h' or rebuild precompiled header
11>c:\users\bryan\documents\github\prest\modules\search_engine\search_engine_jumbo.cpp(17): warning C4627: '#include "modules/search_engine/FileWrapper.cpp"': skipped when looking for precompiled header use
11>          Add directive to 'core/pch_jumbo.h' or rebuild precompiled header
11>c:\users\bryan\documents\github\prest\modules\selftest\generated\selftest_jumbo_database.cpp(21): warning C4627: '#include "modules/selftest/generated/database/selftest/ot_database_selftest_opdatabasemanager.cpp"': skipped when looking for precompiled header use
11>          Add directive to 'core/pch_jumbo.h' or rebuild precompiled header
11>c:\users\bryan\documents\github\prest\modules\selftest\generated\selftest_jumbo_cache.cpp(24): warning C4627: '#include "modules/selftest/generated/cache/selftest/ot_cache_selftest_cache_disk.cpp"': skipped when looking for precompiled header use
11>          Add directive to 'core/pch_jumbo.h' or rebuild precompiled header
11>c:\users\bryan\documents\github\prest\modules\dom\dom_jumbo.cpp(207): warning C4627: '#include "modules/dom/src/opera/domselection.cpp"': skipped when looking for precompiled header use
11>          Add directive to 'core/pch_jumbo.h' or rebuild precompiled header
11>c:\users\bryan\documents\github\prest\modules\selftest\generated\selftest_jumbo_cache.cpp(25): warning C4627: '#include "modules/selftest/generated/cache/selftest/ot_cache_selftest_cache_download_multimedia.cpp"': skipped when looking for precompiled header use
11>          Add directive to 'core/pch_jumbo.h' or rebuild precompiled header
11>c:\users\bryan\documents\github\prest\modules\selftest\generated\selftest_jumbo_database.cpp(22): warning C4627: '#include "modules/selftest/generated/database/selftest/ot_database_selftest_opstorage-events.cpp"': skipped when looking for precompiled header use
11>          Add directive to 'core/pch_jumbo.h' or rebuild precompiled header
11>c:\users\bryan\documents\github\prest\modules\search_engine\search_engine_jumbo.cpp(18): warning C4627: '#include "modules/search_engine/BufferedLowLevelFile.cpp"': skipped when looking for precompiled header use
11>          Add directive to 'core/pch_jumbo.h' or rebuild precompiled header
11>c:\users\bryan\documents\github\prest\modules\dom\dom_jumbo.cpp(208): warning C4627: '#include "modules/dom/src/opera/domwidget.cpp"': skipped when looking for precompiled header use
11>          Add directive to 'core/pch_jumbo.h' or rebuild precompiled header
11>c:\users\bryan\documents\github\prest\modules\selftest\generated\selftest_jumbo_cache.cpp(26): warning C4627: '#include "modules/selftest/generated/cache/selftest/ot_cache_selftest_cache_dyn_att.cpp"': skipped when looking for precompiled header use
11>          Add directive to 'core/pch_jumbo.h' or rebuild precompiled header
11>c:\users\bryan\documents\github\prest\modules\selftest\generated\selftest_jumbo_database.cpp(23): warning C4627: '#include "modules/selftest/generated/database/selftest/ot_database_selftest_opstorage-manager.cpp"': skipped when looking for precompiled header use
11>          Add directive to 'core/pch_jumbo.h' or rebuild precompiled header
11>c:\users\bryan\documents\github\prest\modules\search_engine\search_engine_jumbo.cpp(19): warning C4627: '#include "modules/search_engine/ExponentialGrowthFile.cpp"': skipped when looking for precompiled header use
11>          Add directive to 'core/pch_jumbo.h' or rebuild precompiled header
11>c:\users\bryan\documents\github\prest\modules\selftest\generated\selftest_jumbo_cache.cpp(27): warning C4627: '#include "modules/selftest/generated/cache/selftest/ot_cache_selftest_cache_free_unused.cpp"': skipped when looking for precompiled header use
11>          Add directive to 'core/pch_jumbo.h' or rebuild precompiled header
11>c:\users\bryan\documents\github\prest\modules\dom\dom_jumbo.cpp(209): warning C4627: '#include "modules/dom/src/opera/domwidgetmanager.cpp"': skipped when looking for precompiled header use
11>          Add directive to 'core/pch_jumbo.h' or rebuild precompiled header
11>c:\users\bryan\documents\github\prest\modules\selftest\generated\selftest_jumbo_database.cpp(24): warning C4627: '#include "modules/selftest/generated/database/selftest/ot_database_selftest_webstoragebackend-simple-quota.cpp"': skipped when looking for precompiled header use
11>          Add directive to 'core/pch_jumbo.h' or rebuild precompiled header
11>c:\users\bryan\documents\github\prest\modules\search_engine\search_engine_jumbo.cpp(20): warning C4627: '#include "modules/search_engine/BSCache.cpp"': skipped when looking for precompiled header use
11>          Add directive to 'core/pch_jumbo.h' or rebuild precompiled header
11>c:\users\bryan\documents\github\prest\modules\selftest\generated\selftest_jumbo_cache.cpp(28): warning C4627: '#include "modules/selftest/generated/cache/selftest/ot_cache_selftest_cache_multi.cpp"': skipped when looking for precompiled header use
11>          Add directive to 'core/pch_jumbo.h' or rebuild precompiled header
11>c:\users\bryan\documents\github\prest\modules\dom\dom_jumbo.cpp(210): warning C4627: '#include "modules/dom/src/opera/domwidgetwindow.cpp"': skipped when looking for precompiled header use
11>          Add directive to 'core/pch_jumbo.h' or rebuild precompiled header
11>c:\users\bryan\documents\github\prest\modules\selftest\generated\selftest_jumbo_database.cpp(25): warning C4627: '#include "modules/selftest/generated/database/selftest/ot_database_selftest_webstoragebackend.cpp"': skipped when looking for precompiled header use
11>          Add directive to 'core/pch_jumbo.h' or rebuild precompiled header
11>c:\users\bryan\documents\github\prest\modules\search_engine\search_engine_jumbo.cpp(21): warning C4627: '#include "modules/search_engine/Cursor.cpp"': skipped when looking for precompiled header use
11>          Add directive to 'core/pch_jumbo.h' or rebuild precompiled header
11>c:\users\bryan\documents\github\prest\modules\selftest\generated\selftest_jumbo_cache.cpp(29): warning C4627: '#include "modules/selftest/generated/cache/selftest/ot_cache_selftest_cache_multimedia.cpp"': skipped when looking for precompiled header use
11>          Add directive to 'core/pch_jumbo.h' or rebuild precompiled header
11>c:\users\bryan\documents\github\prest\modules\selftest\generated\selftest_jumbo_database.cpp(26): fatal error C1010: unexpected end of file while looking for precompiled header. Did you forget to add '#include "core/pch_jumbo.h"' to your source?
11>c:\users\bryan\documents\github\prest\modules\dom\dom_jumbo.cpp(211): warning C4627: '#include "modules/dom/src/opera/domoperaaccountmanager.cpp"': skipped when looking for precompiled header use
11>          Add directive to 'core/pch_jumbo.h' or rebuild precompiled header
11>c:\users\bryan\documents\github\prest\modules\search_engine\search_engine_jumbo.cpp(22): warning C4627: '#include "modules/search_engine/ACT.cpp"': skipped when looking for precompiled header use
11>          Add directive to 'core/pch_jumbo.h' or rebuild precompiled header
11>c:\users\bryan\documents\github\prest\modules\selftest\generated\selftest_jumbo_cache.cpp(30): warning C4627: '#include "modules/selftest/generated/cache/selftest/ot_cache_selftest_cache_oem.cpp"': skipped when looking for precompiled header use
11>          Add directive to 'core/pch_jumbo.h' or rebuild precompiled header
11>c:\users\bryan\documents\github\prest\modules\dom\dom_jumbo.cpp(212): warning C4627: '#include "modules/dom/src/opera/domunitedevicemanager.cpp"': skipped when looking for precompiled header use
11>          Add directive to 'core/pch_jumbo.h' or rebuild precompiled header
11>c:\users\bryan\documents\github\prest\modules\selftest\generated\selftest_jumbo_cache.cpp(31): warning C4627: '#include "modules/selftest/generated/cache/selftest/ot_cache_selftest_cache_simple_stream.cpp"': skipped when looking for precompiled header use
11>          Add directive to 'core/pch_jumbo.h' or rebuild precompiled header
11>c:\users\bryan\documents\github\prest\modules\search_engine\search_engine_jumbo.cpp(23): warning C4627: '#include "modules/search_engine/ACTCase.cpp"': skipped when looking for precompiled header use
11>          Add directive to 'core/pch_jumbo.h' or rebuild precompiled header
11>c:\users\bryan\documents\github\prest\modules\selftest\generated\selftest_jumbo_cache.cpp(32): warning C4627: '#include "modules/selftest/generated/cache/selftest/ot_cache_selftest_cache_size.cpp"': skipped when looking for precompiled header use
11>          Add directive to 'core/pch_jumbo.h' or rebuild precompiled header
11>c:\users\bryan\documents\github\prest\modules\dom\dom_jumbo.cpp(213): warning C4627: '#include "modules/dom/src/opera/domxslt.cpp"': skipped when looking for precompiled header use
11>          Add directive to 'core/pch_jumbo.h' or rebuild precompiled header
11>c:\users\bryan\documents\github\prest\modules\selftest\generated\selftest_jumbo_cache.cpp(33): warning C4627: '#include "modules/selftest/generated/cache/selftest/ot_cache_selftest_cache_stream.cpp"': skipped when looking for precompiled header use
11>          Add directive to 'core/pch_jumbo.h' or rebuild precompiled header
11>c:\users\bryan\documents\github\prest\modules\search_engine\search_engine_jumbo.cpp(24): warning C4627: '#include "modules/search_engine/ACTUtil.cpp"': skipped when looking for precompiled header use
11>          Add directive to 'core/pch_jumbo.h' or rebuild precompiled header
11>c:\users\bryan\documents\github\prest\modules\selftest\generated\selftest_jumbo_cache.cpp(34): fatal error C1010: unexpected end of file while looking for precompiled header. Did you forget to add '#include "core/pch_jumbo.h"' to your source?
11>c:\users\bryan\documents\github\prest\modules\dom\dom_jumbo.cpp(214): warning C4627: '#include "modules/dom/src/opera/jsopera.cpp"': skipped when looking for precompiled header use
11>          Add directive to 'core/pch_jumbo.h' or rebuild precompiled header
11>c:\users\bryan\documents\github\prest\modules\search_engine\search_engine_jumbo.cpp(25): warning C4627: '#include "modules/search_engine/StringTable.cpp"': skipped when looking for precompiled header use
11>          Add directive to 'core/pch_jumbo.h' or rebuild precompiled header
11>c:\users\bryan\documents\github\prest\modules\dom\dom_jumbo.cpp(215): warning C4627: '#include "modules/dom/src/opera/jshwa.cpp"': skipped when looking for precompiled header use
11>          Add directive to 'core/pch_jumbo.h' or rebuild precompiled header
11>c:\users\bryan\documents\github\prest\modules\search_engine\search_engine_jumbo.cpp(26): warning C4627: '#include "modules/search_engine/VisitedSearch.cpp"': skipped when looking for precompiled header use
11>          Add directive to 'core/pch_jumbo.h' or rebuild precompiled header
11>c:\users\bryan\documents\github\prest\modules\dom\dom_jumbo.cpp(216): warning C4627: '#include "modules/dom/src/media/dommediaerror.cpp"': skipped when looking for precompiled header use
11>          Add directive to 'core/pch_jumbo.h' or rebuild precompiled header
11>c:\users\bryan\documents\github\prest\modules\search_engine\search_engine_jumbo.cpp(27): warning C4627: '#include "modules/search_engine/VSIterator.cpp"': skipped when looking for precompiled header use
11>          Add directive to 'core/pch_jumbo.h' or rebuild precompiled header
11>c:\users\bryan\documents\github\prest\modules\dom\dom_jumbo.cpp(217): warning C4627: '#include "modules/dom/src/media/domstream.cpp"': skipped when looking for precompiled header use
11>          Add directive to 'core/pch_jumbo.h' or rebuild precompiled header
11>c:\users\bryan\documents\github\prest\modules\search_engine\search_engine_jumbo.cpp(28): warning C4627: '#include "modules/search_engine/VSUtil.cpp"': skipped when looking for precompiled header use
11>          Add directive to 'core/pch_jumbo.h' or rebuild precompiled header
11>c:\users\bryan\documents\github\prest\modules\dom\dom_jumbo.cpp(218): warning C4627: '#include "modules/dom/src/media/domtexttrack.cpp"': skipped when looking for precompiled header use
11>          Add directive to 'core/pch_jumbo.h' or rebuild precompiled header
11>c:\users\bryan\documents\github\prest\modules\search_engine\search_engine_jumbo.cpp(29): warning C4627: '#include "modules/search_engine/RankIndex.cpp"': skipped when looking for precompiled header use
11>          Add directive to 'core/pch_jumbo.h' or rebuild precompiled header
11>c:\users\bryan\documents\github\prest\modules\dom\dom_jumbo.cpp(219): warning C4627: '#include "modules/dom/src/media/domtimeranges.cpp"': skipped when looking for precompiled header use
11>          Add directive to 'core/pch_jumbo.h' or rebuild precompiled header
11>c:\users\bryan\documents\github\prest\modules\search_engine\search_engine_jumbo.cpp(30): warning C4627: '#include "modules/search_engine/WordSegmenter.cpp"': skipped when looking for precompiled header use
11>          Add directive to 'core/pch_jumbo.h' or rebuild precompiled header
11>c:\users\bryan\documents\github\prest\modules\search_engine\search_engine_jumbo.cpp(31): warning C4627: '#include "modules/search_engine/VectorBase.cpp"': skipped when looking for precompiled header use
11>          Add directive to 'core/pch_jumbo.h' or rebuild precompiled header
11>c:\users\bryan\documents\github\prest\modules\dom\dom_jumbo.cpp(220): warning C4627: '#include "modules/dom/src/storage/database.cpp"': skipped when looking for precompiled header use
11>          Add directive to 'core/pch_jumbo.h' or rebuild precompiled header
11>c:\users\bryan\documents\github\prest\modules\search_engine\search_engine_jumbo.cpp(32): warning C4627: '#include "modules/search_engine/BTreeBase.cpp"': skipped when looking for precompiled header use
11>          Add directive to 'core/pch_jumbo.h' or rebuild precompiled header
11>c:\users\bryan\documents\github\prest\modules\dom\dom_jumbo.cpp(221): warning C4627: '#include "modules/dom/src/storage/sqlresult.cpp"': skipped when looking for precompiled header use
11>          Add directive to 'core/pch_jumbo.h' or rebuild precompiled header
11>c:\users\bryan\documents\github\prest\modules\dom\dom_jumbo.cpp(222): warning C4627: '#include "modules/dom/src/storage/sqltransaction.cpp"': skipped when looking for precompiled header use
11>          Add directive to 'core/pch_jumbo.h' or rebuild precompiled header
11>c:\users\bryan\documents\github\prest\modules\search_engine\search_engine_jumbo.cpp(33): warning C4627: '#include "modules/search_engine/search_engine_module.cpp"': skipped when looking for precompiled header use
11>          Add directive to 'core/pch_jumbo.h' or rebuild precompiled header
11>c:\users\bryan\documents\github\prest\modules\dom\dom_jumbo.cpp(223): warning C4627: '#include "modules/dom/src/storage/storage.cpp"': skipped when looking for precompiled header use
11>          Add directive to 'core/pch_jumbo.h' or rebuild precompiled header
11>c:\users\bryan\documents\github\prest\modules\search_engine\search_engine_jumbo.cpp(34): warning C4627: '#include "modules/search_engine/UniCompressor.cpp"': skipped when looking for precompiled header use
11>          Add directive to 'core/pch_jumbo.h' or rebuild precompiled header
11>c:\users\bryan\documents\github\prest\modules\dom\dom_jumbo.cpp(224): warning C4627: '#include "modules/dom/src/storage/storageutils.cpp"': skipped when looking for precompiled header use
11>          Add directive to 'core/pch_jumbo.h' or rebuild precompiled header
14>  UniString.cpp
11>c:\users\bryan\documents\github\prest\modules\search_engine\search_engine_jumbo.cpp(35): warning C4627: '#include "modules/search_engine/PhraseSearch.cpp"': skipped when looking for precompiled header use
11>          Add directive to 'core/pch_jumbo.h' or rebuild precompiled header
11>c:\users\bryan\documents\github\prest\modules\dom\dom_jumbo.cpp(225): warning C4627: '#include "modules/dom/src/storage/storageevent.cpp"': skipped when looking for precompiled header use
11>          Add directive to 'core/pch_jumbo.h' or rebuild precompiled header
11>c:\users\bryan\documents\github\prest\modules\search_engine\search_engine_jumbo.cpp(36): warning C4627: '#include "modules/search_engine/tests/test_util.cpp"': skipped when looking for precompiled header use
11>          Add directive to 'core/pch_jumbo.h' or rebuild precompiled header
11>c:\users\bryan\documents\github\prest\modules\dom\dom_jumbo.cpp(226): warning C4627: '#include "modules/dom/src/userjs/userjsevent.cpp"': skipped when looking for precompiled header use
11>          Add directive to 'core/pch_jumbo.h' or rebuild precompiled header
11>  selftest_jumbo_desktop_util.cpp
11>c:\users\bryan\documents\github\prest\modules\search_engine\search_engine_jumbo.cpp(37): warning C4627: '#include "modules/search_engine/tests/LogPlayer.cpp"': skipped when looking for precompiled header use
11>          Add directive to 'core/pch_jumbo.h' or rebuild precompiled header
11>  selftest_jumbo_device_api.cpp
11>c:\users\bryan\documents\github\prest\modules\dom\dom_jumbo.cpp(227): warning C4627: '#include "modules/dom/src/userjs/userjsmagic.cpp"': skipped when looking for precompiled header use
11>          Add directive to 'core/pch_jumbo.h' or rebuild precompiled header
11>c:\users\bryan\documents\github\prest\modules\selftest\generated\selftest_jumbo_desktop_pi.cpp(15): warning C4627: '#include "modules/selftest/generated/desktop_pi/selftest/ot_desktop_pi_selftest_desktopthreads.cpp"': skipped when looking for precompiled header use
11>          Add directive to 'core/pch_jumbo.h' or rebuild precompiled header
11>  selftest_jumbo_display.cpp
11>c:\users\bryan\documents\github\prest\modules\search_engine\search_engine_jumbo.cpp(38): warning C4627: '#include "modules/search_engine/tests/MockLowLevelFile.cpp"': skipped when looking for precompiled header use
11>          Add directive to 'core/pch_jumbo.h' or rebuild precompiled header
11>c:\users\bryan\documents\github\prest\modules\dom\dom_jumbo.cpp(228): warning C4627: '#include "modules/dom/src/userjs/userjsmanager.cpp"': skipped when looking for precompiled header use
11>          Add directive to 'core/pch_jumbo.h' or rebuild precompiled header
11>  selftest_jumbo_doc.cpp
11>c:\users\bryan\documents\github\prest\modules\selftest\generated\selftest_jumbo_desktop_pi.cpp(16): fatal error C1010: unexpected end of file while looking for precompiled header. Did you forget to add '#include "core/pch_jumbo.h"' to your source?
11>  selftest_jumbo_dochand.cpp
11>c:\users\bryan\documents\github\prest\modules\search_engine\search_engine_jumbo.cpp(39): warning C4627: '#include "modules/search_engine/log/Log.cpp"': skipped when looking for precompiled header use
11>          Add directive to 'core/pch_jumbo.h' or rebuild precompiled header
11>c:\users\bryan\documents\github\prest\modules\dom\dom_jumbo.cpp(229): warning C4627: '#include "modules/dom/src/webforms2/validitystate.cpp"': skipped when looking for precompiled header use
11>          Add directive to 'core/pch_jumbo.h' or rebuild precompiled header
11>  selftest_jumbo_documentedit.cpp
11>c:\users\bryan\documents\github\prest\modules\dom\dom_jumbo.cpp(230): warning C4627: '#include "modules/dom/src/webforms2/webforms2dom.cpp"': skipped when looking for precompiled header use
11>          Add directive to 'core/pch_jumbo.h' or rebuild precompiled header
11>c:\users\bryan\documents\github\prest\modules\search_engine\search_engine_jumbo.cpp(40): warning C4627: '#include "modules/search_engine/log/FileLogger.cpp"': skipped when looking for precompiled header use
11>          Add directive to 'core/pch_jumbo.h' or rebuild precompiled header
11>c:\users\bryan\documents\github\prest\modules\search_engine\search_engine_jumbo.cpp(41): fatal error C1010: unexpected end of file while looking for precompiled header. Did you forget to add '#include "core/pch_jumbo.h"' to your source?
11>c:\users\bryan\documents\github\prest\modules\dom\dom_jumbo.cpp(231): warning C4627: '#include "modules/dom/src/websockets/domwebsocket.cpp"': skipped when looking for precompiled header use
11>          Add directive to 'core/pch_jumbo.h' or rebuild precompiled header
11>  selftest_jumbo_dom.cpp
11>  selftest_jumbo_dragdrop.cpp
11>c:\users\bryan\documents\github\prest\modules\selftest\generated\selftest_jumbo_device_api.cpp(15): warning C4627: '#include "modules/selftest/generated/device_api/selftest/directory_entry/ot_device_api_selftest_directory_entry_opdirectoryentry.cpp"': skipped when looking for precompiled header use
11>          Add directive to 'core/pch_jumbo.h' or rebuild precompiled header
11>  selftest_jumbo_ecmascript.cpp
11>  selftest_jumbo_ecmascript_utils.cpp
11>c:\users\bryan\documents\github\prest\modules\selftest\generated\selftest_jumbo_display.cpp(15): warning C4627: '#include "modules/selftest/generated/display/selftest/ot_display_selftest_color.cpp"': skipped when looking for precompiled header use
11>          Add directive to 'core/pch_jumbo.h' or rebuild precompiled header
11>c:\users\bryan\documents\github\prest\modules\selftest\generated\selftest_jumbo_device_api.cpp(16): warning C4627: '#include "modules/selftest/generated/device_api/selftest/directory_entry/ot_device_api_selftest_directory_entry_opstringhashmultimap.cpp"': skipped when looking for precompiled header use
11>          Add directive to 'core/pch_jumbo.h' or rebuild precompiled header
11>c:\users\bryan\documents\github\prest\modules\selftest\generated\selftest_jumbo_dochand.cpp(15): warning C4627: '#include "modules/selftest/generated/dochand/selftest/ot_dochand_selftest_aitparser.cpp"': skipped when looking for precompiled header use
11>          Add directive to 'core/pch_jumbo.h' or rebuild precompiled header
11>c:\users\bryan\documents\github\prest\modules\selftest\generated\selftest_jumbo_documentedit.cpp(15): warning C4627: '#include "modules/selftest/generated/documentedit/ot_documentedit_documentedit.cpp"': skipped when looking for precompiled header use
11>          Add directive to 'core/pch_jumbo.h' or rebuild precompiled header
11>c:\users\bryan\documents\github\prest\modules\selftest\generated\selftest_jumbo_display.cpp(16): warning C4627: '#include "modules/selftest/generated/display/selftest/ot_display_selftest_display.cpp"': skipped when looking for precompiled header use
11>          Add directive to 'core/pch_jumbo.h' or rebuild precompiled header
11>c:\users\bryan\documents\github\prest\modules\selftest\generated\selftest_jumbo_device_api.cpp(17): warning C4627: '#include "modules/selftest/generated/device_api/selftest/directory_entry/ot_device_api_selftest_directory_entry_opvcardentry.cpp"': skipped when looking for precompiled header use
11>          Add directive to 'core/pch_jumbo.h' or rebuild precompiled header
11>c:\users\bryan\documents\github\prest\modules\selftest\generated\selftest_jumbo_dochand.cpp(16): warning C4627: '#include "modules/selftest/generated/dochand/selftest/ot_dochand_selftest_dochand.cpp"': skipped when looking for precompiled header use
11>          Add directive to 'core/pch_jumbo.h' or rebuild precompiled header
11>c:\users\bryan\documents\github\prest\modules\selftest\generated\selftest_jumbo_documentedit.cpp(16): warning C4627: '#include "modules/selftest/generated/documentedit/ot_documentedit_documentedit_selections.cpp"': skipped when looking for precompiled header use
11>          Add directive to 'core/pch_jumbo.h' or rebuild precompiled header
11>c:\users\bryan\documents\github\prest\modules\selftest\generated\selftest_jumbo_display.cpp(17): warning C4627: '#include "modules/selftest/generated/display/selftest/ot_display_selftest_opscreenpropertiescache.cpp"': skipped when looking for precompiled header use
11>          Add directive to 'core/pch_jumbo.h' or rebuild precompiled header
11>c:\users\bryan\documents\github\prest\modules\selftest\generated\selftest_jumbo_device_api.cpp(18): warning C4627: '#include "modules/selftest/generated/device_api/selftest/jil/ot_device_api_selftest_jil_JILAddressBook.cpp"': skipped when looking for precompiled header use
11>          Add directive to 'core/pch_jumbo.h' or rebuild precompiled header
11>c:\users\bryan\documents\github\prest\modules\selftest\generated\selftest_jumbo_dochand.cpp(17): warning C4627: '#include "modules/selftest/generated/dochand/selftest/ot_dochand_selftest_dochand_save.cpp"': skipped when looking for precompiled header use
11>          Add directive to 'core/pch_jumbo.h' or rebuild precompiled header
11>c:\users\bryan\documents\github\prest\modules\selftest\generated\selftest_jumbo_documentedit.cpp(17): fatal error C1010: unexpected end of file while looking for precompiled header. Did you forget to add '#include "core/pch_jumbo.h"' to your source?
11>c:\users\bryan\documents\github\prest\modules\selftest\generated\selftest_jumbo_display.cpp(18): warning C4627: '#include "modules/selftest/generated/display/selftest/ot_display_selftest_pixelscaler.cpp"': skipped when looking for precompiled header use
11>          Add directive to 'core/pch_jumbo.h' or rebuild precompiled header
11>c:\users\bryan\documents\github\prest\modules\selftest\generated\selftest_jumbo_desktop_util.cpp(15): warning C4627: '#include "modules/selftest/generated/desktop_util/file_utils/selftest/ot_desktop_util_file_utils_selftest_folder_recurse.cpp"': skipped when looking for precompiled header use
11>          Add directive to 'core/pch_jumbo.h' or rebuild precompiled header
11>c:\users\bryan\documents\github\prest\modules\selftest\generated\selftest_jumbo_dochand.cpp(18): warning C4627: '#include "modules/selftest/generated/dochand/selftest/ot_dochand_selftest_lockdisplay.cpp"': skipped when looking for precompiled header use
11>          Add directive to 'core/pch_jumbo.h' or rebuild precompiled header
11>c:\users\bryan\documents\github\prest\modules\selftest\generated\selftest_jumbo_display.cpp(19): warning C4627: '#include "modules/selftest/generated/display/selftest/ot_display_selftest_sfnt.cpp"': skipped when looking for precompiled header use
11>          Add directive to 'core/pch_jumbo.h' or rebuild precompiled header
11>c:\users\bryan\documents\github\prest\modules\selftest\generated\selftest_jumbo_dochand.cpp(19): fatal error C1010: unexpected end of file while looking for precompiled header. Did you forget to add '#include "core/pch_jumbo.h"' to your source?
11>c:\users\bryan\documents\github\prest\modules\selftest\generated\selftest_jumbo_display.cpp(20): warning C4627: '#include "modules/selftest/generated/display/selftest/ot_display_selftest_stylemanager.cpp"': skipped when looking for precompiled header use
11>          Add directive to 'core/pch_jumbo.h' or rebuild precompiled header
11>c:\users\bryan\documents\github\prest\modules\selftest\generated\selftest_jumbo_display.cpp(21): warning C4627: '#include "modules/selftest/generated/display/selftest/ot_display_selftest_textshaper.cpp"': skipped when looking for precompiled header use
11>          Add directive to 'core/pch_jumbo.h' or rebuild precompiled header
11>c:\users\bryan\documents\github\prest\modules\selftest\generated\selftest_jumbo_display.cpp(22): warning C4627: '#include "modules/selftest/generated/display/selftest/ot_display_selftest_transformtext.cpp"': skipped when looking for precompiled header use
11>          Add directive to 'core/pch_jumbo.h' or rebuild precompiled header
11>c:\users\bryan\documents\github\prest\modules\selftest\generated\selftest_jumbo_desktop_util.cpp(16): warning C4627: '#include "modules/selftest/generated/desktop_util/opfile/selftest/ot_desktop_util_opfile_selftest_desktop_opfile.cpp"': skipped when looking for precompiled header use
11>          Add directive to 'core/pch_jumbo.h' or rebuild precompiled header
11>c:\users\bryan\documents\github\prest\modules\selftest\generated\selftest_jumbo_device_api.cpp(19): warning C4627: '#include "modules/selftest/generated/device_api/selftest/jil/ot_device_api_selftest_jil_JILCalendarItem.cpp"': skipped when looking for precompiled header use
11>          Add directive to 'core/pch_jumbo.h' or rebuild precompiled header
11>c:\users\bryan\documents\github\prest\modules\selftest\generated\selftest_jumbo_display.cpp(23): warning C4627: '#include "modules/selftest/generated/display/selftest/ot_display_selftest_tvmanager.cpp"': skipped when looking for precompiled header use
11>          Add directive to 'core/pch_jumbo.h' or rebuild precompiled header
11>c:\users\bryan\documents\github\prest\modules\selftest\generated\selftest_jumbo_desktop_util.cpp(17): warning C4627: '#include "modules/selftest/generated/desktop_util/resources/selftest/ot_desktop_util_resources_selftest_resourcefolders.cpp"': skipped when looking for precompiled header use
11>          Add directive to 'core/pch_jumbo.h' or rebuild precompiled header
11>c:\users\bryan\documents\github\prest\modules\selftest\generated\selftest_jumbo_device_api.cpp(20): warning C4627: '#include "modules/selftest/generated/device_api/selftest/jil/ot_device_api_selftest_jil_jil_feature_check.cpp"': skipped when looking for precompiled header use
11>          Add directive to 'core/pch_jumbo.h' or rebuild precompiled header
11>c:\users\bryan\documents\github\prest\modules\selftest\generated\selftest_jumbo_display.cpp(24): warning C4627: '#include "modules/selftest/generated/display/selftest/ot_display_selftest_visible_rect.cpp"': skipped when looking for precompiled header use
11>          Add directive to 'core/pch_jumbo.h' or rebuild precompiled header
11>c:\users\bryan\documents\github\prest\modules\selftest\generated\selftest_jumbo_desktop_util.cpp(18): warning C4627: '#include "modules/selftest/generated/desktop_util/selftest/ot_desktop_util_selftest_AsyncQueue.cpp"': skipped when looking for precompiled header use
11>          Add directive to 'core/pch_jumbo.h' or rebuild precompiled header
11>c:\users\bryan\documents\github\prest\modules\selftest\generated\selftest_jumbo_device_api.cpp(21): warning C4627: '#include "modules/selftest/generated/device_api/selftest/jil/ot_device_api_selftest_jil_jil_filesystem.cpp"': skipped when looking for precompiled header use
11>          Add directive to 'core/pch_jumbo.h' or rebuild precompiled header
11>c:\users\bryan\documents\github\prest\modules\selftest\generated\selftest_jumbo_desktop_util.cpp(19): warning C4627: '#include "modules/selftest/generated/desktop_util/selftest/ot_desktop_util_selftest_ZlibStream.cpp"': skipped when looking for precompiled header use
11>          Add directive to 'core/pch_jumbo.h' or rebuild precompiled header
11>c:\users\bryan\documents\github\prest\modules\selftest\generated\selftest_jumbo_display.cpp(25): warning C4627: '#include "modules/selftest/generated/display/selftest/ot_display_selftest_webfonts.cpp"': skipped when looking for precompiled header use
11>          Add directive to 'core/pch_jumbo.h' or rebuild precompiled header
11>c:\users\bryan\documents\github\prest\modules\selftest\generated\selftest_jumbo_device_api.cpp(22): warning C4627: '#include "modules/selftest/generated/device_api/selftest/jil/ot_device_api_selftest_jil_jilnetworkresources.cpp"': skipped when looking for precompiled header use
11>          Add directive to 'core/pch_jumbo.h' or rebuild precompiled header
11>c:\users\bryan\documents\github\prest\modules\selftest\generated\selftest_jumbo_desktop_util.cpp(20): warning C4627: '#include "modules/selftest/generated/desktop_util/selftest/ot_desktop_util_selftest_action_utils.cpp"': skipped when looking for precompiled header use
11>          Add directive to 'core/pch_jumbo.h' or rebuild precompiled header
11>c:\users\bryan\documents\github\prest\modules\selftest\generated\selftest_jumbo_display.cpp(26): warning C4627: '#include "modules/selftest/generated/display/selftest/ot_display_selftest_woff.cpp"': skipped when looking for precompiled header use
11>          Add directive to 'core/pch_jumbo.h' or rebuild precompiled header
11>c:\users\bryan\documents\github\prest\modules\selftest\generated\selftest_jumbo_device_api.cpp(23): warning C4627: '#include "modules/selftest/generated/device_api/selftest/orientation/ot_device_api_selftest_orientation_OrientationManager.cpp"': skipped when looking for precompiled header use
11>          Add directive to 'core/pch_jumbo.h' or rebuild precompiled header
13>  uni_printf.cpp
14>  UniStringUTF8.cpp
14>  Generating Code...
13>  uni_scanf.cpp
13>  opbitvector.cpp
11>c:\users\bryan\documents\github\prest\modules\selftest\generated\selftest_jumbo_display.cpp(27): warning C4627: '#include "modules/selftest/generated/display/selftest/ot_display_selftest_writingsystemheuristics.cpp"': skipped when looking for precompiled header use
11>          Add directive to 'core/pch_jumbo.h' or rebuild precompiled header
11>c:\users\bryan\documents\github\prest\modules\selftest\generated\selftest_jumbo_desktop_util.cpp(21): warning C4627: '#include "modules/selftest/generated/desktop_util/selftest/ot_desktop_util_selftest_bindablefunction.cpp"': skipped when looking for precompiled header use
11>          Add directive to 'core/pch_jumbo.h' or rebuild precompiled header
11>c:\users\bryan\documents\github\prest\modules\selftest\generated\selftest_jumbo_device_api.cpp(24): warning C4627: '#include "modules/selftest/generated/device_api/selftest/ot_device_api_selftest_OpListenable.cpp"': skipped when looking for precompiled header use
11>          Add directive to 'core/pch_jumbo.h' or rebuild precompiled header
11>c:\users\bryan\documents\github\prest\modules\selftest\generated\selftest_jumbo_display.cpp(28): fatal error C1010: unexpected end of file while looking for precompiled header. Did you forget to add '#include "core/pch_jumbo.h"' to your source?
11>c:\users\bryan\documents\github\prest\modules\selftest\generated\selftest_jumbo_ecmascript.cpp(15): warning C4627: '#include "modules/selftest/generated/ecmascript/carakan/selftest/kernel/ot_ecmascript_carakan_selftest_kernel_value.cpp"': skipped when looking for precompiled header use
11>          Add directive to 'core/pch_jumbo.h' or rebuild precompiled header
11>c:\users\bryan\documents\github\prest\modules\selftest\generated\selftest_jumbo_device_api.cpp(25): warning C4627: '#include "modules/selftest/generated/device_api/selftest/ot_device_api_selftest_wildcard_cmp.cpp"': skipped when looking for precompiled header use
11>          Add directive to 'core/pch_jumbo.h' or rebuild precompiled header
11>c:\users\bryan\documents\github\prest\modules\selftest\generated\selftest_jumbo_ecmascript_utils.cpp(15): warning C4627: '#include "modules/selftest/generated/ecmascript_utils/selftest/ot_ecmascript_utils_selftest_esasyncif.cpp"': skipped when looking for precompiled header use
11>          Add directive to 'core/pch_jumbo.h' or rebuild precompiled header
11>c:\users\bryan\documents\github\prest\modules\selftest\generated\selftest_jumbo_doc.cpp(15): warning C4627: '#include "modules/selftest/generated/doc/selftest/ot_doc_selftest_createsearchurl.cpp"': skipped when looking for precompiled header use
11>          Add directive to 'core/pch_jumbo.h' or rebuild precompiled header
11>c:\users\bryan\documents\github\prest\modules\selftest\generated\selftest_jumbo_ecmascript.cpp(16): warning C4627: '#include "modules/selftest/generated/ecmascript/carakan/selftest/object/ot_ecmascript_carakan_selftest_object_class.cpp"': skipped when looking for precompiled header use
11>          Add directive to 'core/pch_jumbo.h' or rebuild precompiled header
11>c:\users\bryan\documents\github\prest\modules\selftest\generated\selftest_jumbo_desktop_util.cpp(22): warning C4627: '#include "modules/selftest/generated/desktop_util/selftest/ot_desktop_util_selftest_boot.cpp"': skipped when looking for precompiled header use
11>          Add directive to 'core/pch_jumbo.h' or rebuild precompiled header
11>c:\users\bryan\documents\github\prest\modules\selftest\generated\selftest_jumbo_device_api.cpp(26): fatal error C1010: unexpected end of file while looking for precompiled header. Did you forget to add '#include "core/pch_jumbo.h"' to your source?
11>c:\users\bryan\documents\github\prest\modules\selftest\generated\selftest_jumbo_ecmascript_utils.cpp(16): warning C4627: '#include "modules/selftest/generated/ecmascript_utils/selftest/ot_ecmascript_utils_selftest_esdebugger.cpp"': skipped when looking for precompiled header use
11>          Add directive to 'core/pch_jumbo.h' or rebuild precompiled header
11>c:\users\bryan\documents\github\prest\modules\selftest\generated\selftest_jumbo_ecmascript.cpp(17): warning C4627: '#include "modules/selftest/generated/ecmascript/carakan/selftest/object/ot_ecmascript_carakan_selftest_object_object.cpp"': skipped when looking for precompiled header use
11>          Add directive to 'core/pch_jumbo.h' or rebuild precompiled header
11>c:\users\bryan\documents\github\prest\modules\selftest\generated\selftest_jumbo_doc.cpp(16): warning C4627: '#include "modules/selftest/generated/doc/selftest/ot_doc_selftest_doc.cpp"': skipped when looking for precompiled header use
11>          Add directive to 'core/pch_jumbo.h' or rebuild precompiled header
11>c:\users\bryan\documents\github\prest\modules\selftest\generated\selftest_jumbo_desktop_util.cpp(23): warning C4627: '#include "modules/selftest/generated/desktop_util/selftest/ot_desktop_util_selftest_createfileoperation.cpp"': skipped when looking for precompiled header use
11>          Add directive to 'core/pch_jumbo.h' or rebuild precompiled header
11>c:\users\bryan\documents\github\prest\modules\selftest\generated\selftest_jumbo_ecmascript_utils.cpp(17): warning C4627: '#include "modules/selftest/generated/ecmascript_utils/selftest/ot_ecmascript_utils_selftest_esloadman.cpp"': skipped when looking for precompiled header use
11>          Add directive to 'core/pch_jumbo.h' or rebuild precompiled header
11>c:\users\bryan\documents\github\prest\modules\selftest\generated\selftest_jumbo_ecmascript.cpp(18): warning C4627: '#include "modules/selftest/generated/ecmascript/carakan/selftest/ot_ecmascript_carakan_selftest_Math_atan2.cpp"': skipped when looking for precompiled header use
11>          Add directive to 'core/pch_jumbo.h' or rebuild precompiled header
11>c:\users\bryan\documents\github\prest\modules\selftest\generated\selftest_jumbo_doc.cpp(17): warning C4627: '#include "modules/selftest/generated/doc/selftest/ot_doc_selftest_documentstate.cpp"': skipped when looking for precompiled header use
11>          Add directive to 'core/pch_jumbo.h' or rebuild precompiled header
11>c:\users\bryan\documents\github\prest\modules\selftest\generated\selftest_jumbo_ecmascript_utils.cpp(18): warning C4627: '#include "modules/selftest/generated/ecmascript_utils/selftest/ot_ecmascript_utils_selftest_esobjman.cpp"': skipped when looking for precompiled header use
11>          Add directive to 'core/pch_jumbo.h' or rebuild precompiled header
11>c:\users\bryan\documents\github\prest\modules\selftest\generated\selftest_jumbo_desktop_util.cpp(24): warning C4627: '#include "modules/selftest/generated/desktop_util/selftest/ot_desktop_util_selftest_extractzipoperation.cpp"': skipped when looking for precompiled header use
11>          Add directive to 'core/pch_jumbo.h' or rebuild precompiled header
11>c:\users\bryan\documents\github\prest\modules\selftest\generated\selftest_jumbo_ecmascript.cpp(19): warning C4627: '#include "modules/selftest/generated/ecmascript/carakan/selftest/ot_ecmascript_carakan_selftest_PutIndex.cpp"': skipped when looking for precompiled header use
11>          Add directive to 'core/pch_jumbo.h' or rebuild precompiled header
11>c:\users\bryan\documents\github\prest\modules\selftest\generated\selftest_jumbo_ecmascript_utils.cpp(19): warning C4627: '#include "modules/selftest/generated/ecmascript_utils/selftest/ot_ecmascript_utils_selftest_essched.cpp"': skipped when looking for precompiled header use
11>          Add directive to 'core/pch_jumbo.h' or rebuild precompiled header
11>c:\users\bryan\documents\github\prest\modules\selftest\generated\selftest_jumbo_doc.cpp(18): warning C4627: '#include "modules/selftest/generated/doc/selftest/ot_doc_selftest_javascripturls.cpp"': skipped when looking for precompiled header use
11>          Add directive to 'core/pch_jumbo.h' or rebuild precompiled header
11>c:\users\bryan\documents\github\prest\modules\selftest\generated\selftest_jumbo_ecmascript.cpp(20): warning C4627: '#include "modules/selftest/generated/ecmascript/carakan/selftest/ot_ecmascript_carakan_selftest_PutName.cpp"': skipped when looking for precompiled header use
11>          Add directive to 'core/pch_jumbo.h' or rebuild precompiled header
11>c:\users\bryan\documents\github\prest\modules\selftest\generated\selftest_jumbo_ecmascript_utils.cpp(20): warning C4627: '#include "modules/selftest/generated/ecmascript_utils/selftest/ot_ecmascript_utils_selftest_essyncif.cpp"': skipped when looking for precompiled header use
11>          Add directive to 'core/pch_jumbo.h' or rebuild precompiled header
11>c:\users\bryan\documents\github\prest\modules\selftest\generated\selftest_jumbo_doc.cpp(19): warning C4627: '#include "modules/selftest/generated/doc/selftest/ot_doc_selftest_loading.cpp"': skipped when looking for precompiled header use
11>          Add directive to 'core/pch_jumbo.h' or rebuild precompiled header
11>c:\users\bryan\documents\github\prest\modules\selftest\generated\selftest_jumbo_ecmascript.cpp(21): warning C4627: '#include "modules/selftest/generated/ecmascript/carakan/selftest/ot_ecmascript_carakan_selftest_alternatives.cpp"': skipped when looking for precompiled header use
11>          Add directive to 'core/pch_jumbo.h' or rebuild precompiled header
11>c:\users\bryan\documents\github\prest\modules\selftest\generated\selftest_jumbo_ecmascript_utils.cpp(21): warning C4627: '#include "modules/selftest/generated/ecmascript_utils/selftest/ot_ecmascript_utils_selftest_essyncifdirect.cpp"': skipped when looking for precompiled header use
11>          Add directive to 'core/pch_jumbo.h' or rebuild precompiled header
11>c:\users\bryan\documents\github\prest\modules\selftest\generated\selftest_jumbo_doc.cpp(20): warning C4627: '#include "modules/selftest/generated/doc/selftest/ot_doc_selftest_mouseactions.cpp"': skipped when looking for precompiled header use
11>          Add directive to 'core/pch_jumbo.h' or rebuild precompiled header
11>c:\users\bryan\documents\github\prest\modules\selftest\generated\selftest_jumbo_ecmascript_utils.cpp(22): warning C4627: '#include "modules/selftest/generated/ecmascript_utils/selftest/ot_ecmascript_utils_selftest_esthread.cpp"': skipped when looking for precompiled header use
11>          Add directive to 'core/pch_jumbo.h' or rebuild precompiled header
11>c:\users\bryan\documents\github\prest\modules\selftest\generated\selftest_jumbo_ecmascript.cpp(22): warning C4627: '#include "modules/selftest/generated/ecmascript/carakan/selftest/ot_ecmascript_carakan_selftest_array.cpp"': skipped when looking for precompiled header use
11>          Add directive to 'core/pch_jumbo.h' or rebuild precompiled header
11>c:\users\bryan\documents\github\prest\modules\selftest\generated\selftest_jumbo_desktop_util.cpp(25): warning C4627: '#include "modules/selftest/generated/desktop_util/selftest/ot_desktop_util_selftest_fileutils.cpp"': skipped when looking for precompiled header use
11>          Add directive to 'core/pch_jumbo.h' or rebuild precompiled header
11>c:\users\bryan\documents\github\prest\modules\selftest\generated\selftest_jumbo_ecmascript_utils.cpp(23): warning C4627: '#include "modules/selftest/generated/ecmascript_utils/selftest/ot_ecmascript_utils_selftest_estimer.cpp"': skipped when looking for precompiled header use
11>          Add directive to 'core/pch_jumbo.h' or rebuild precompiled header
11>c:\users\bryan\documents\github\prest\modules\selftest\generated\selftest_jumbo_ecmascript_utils.cpp(24): fatal error C1010: unexpected end of file while looking for precompiled header. Did you forget to add '#include "core/pch_jumbo.h"' to your source?
11>c:\users\bryan\documents\github\prest\modules\selftest\generated\selftest_jumbo_ecmascript.cpp(23): warning C4627: '#include "modules/selftest/generated/ecmascript/carakan/selftest/ot_ecmascript_carakan_selftest_dictionary.cpp"': skipped when looking for precompiled header use
11>          Add directive to 'core/pch_jumbo.h' or rebuild precompiled header
11>c:\users\bryan\documents\github\prest\modules\selftest\generated\selftest_jumbo_doc.cpp(21): warning C4627: '#include "modules/selftest/generated/doc/selftest/ot_doc_selftest_nearby_interactive_item_detection.cpp"': skipped when looking for precompiled header use
11>          Add directive to 'core/pch_jumbo.h' or rebuild precompiled header
11>c:\users\bryan\documents\github\prest\modules\selftest\generated\selftest_jumbo_ecmascript.cpp(24): warning C4627: '#include "modules/selftest/generated/ecmascript/carakan/selftest/ot_ecmascript_carakan_selftest_json.cpp"': skipped when looking for precompiled header use
11>          Add directive to 'core/pch_jumbo.h' or rebuild precompiled header
11>c:\users\bryan\documents\github\prest\modules\selftest\generated\selftest_jumbo_doc.cpp(22): warning C4627: '#include "modules/selftest/generated/doc/selftest/ot_doc_selftest_paged.cpp"': skipped when looking for precompiled header use
11>          Add directive to 'core/pch_jumbo.h' or rebuild precompiled header
11>c:\users\bryan\documents\github\prest\modules\selftest\generated\selftest_jumbo_ecmascript.cpp(25): warning C4627: '#include "modules/selftest/generated/ecmascript/carakan/selftest/ot_ecmascript_carakan_selftest_persistent.cpp"': skipped when looking for precompiled header use
11>          Add directive to 'core/pch_jumbo.h' or rebuild precompiled header
11>c:\users\bryan\documents\github\prest\modules\selftest\generated\selftest_jumbo_doc.cpp(23): warning C4627: '#include "modules/selftest/generated/doc/selftest/ot_doc_selftest_printing.cpp"': skipped when looking for precompiled header use
11>          Add directive to 'core/pch_jumbo.h' or rebuild precompiled header
11>c:\users\bryan\documents\github\prest\modules\selftest\generated\selftest_jumbo_ecmascript.cpp(26): warning C4627: '#include "modules/selftest/generated/ecmascript/carakan/selftest/ot_ecmascript_carakan_selftest_primitive.cpp"': skipped when looking for precompiled header use
11>          Add directive to 'core/pch_jumbo.h' or rebuild precompiled header
11>c:\users\bryan\documents\github\prest\modules\selftest\generated\selftest_jumbo_about.cpp(15): warning C4627: '#include "modules/selftest/generated/about/testsuite/ot_about_testsuite_generateddocuments-cpp.cpp"': skipped when looking for precompiled header use
11>          Add directive to 'core/pch_jumbo.h' or rebuild precompiled header
11>c:\users\bryan\documents\github\prest\modules\selftest\generated\selftest_jumbo_desktop_util.cpp(26): warning C4627: '#include "modules/selftest/generated/desktop_util/selftest/ot_desktop_util_selftest_finalizer.cpp"': skipped when looking for precompiled header use
11>          Add directive to 'core/pch_jumbo.h' or rebuild precompiled header
11>c:\users\bryan\documents\github\prest\modules\selftest\generated\selftest_jumbo_ecmascript.cpp(27): warning C4627: '#include "modules/selftest/generated/ecmascript/carakan/selftest/ot_ecmascript_carakan_selftest_structured.cpp"': skipped when looking for precompiled header use
11>          Add directive to 'core/pch_jumbo.h' or rebuild precompiled header
11>c:\users\bryan\documents\github\prest\modules\selftest\generated\selftest_jumbo_doc.cpp(24): warning C4627: '#include "modules/selftest/generated/doc/selftest/ot_doc_selftest_scrolltosavedelement.cpp"': skipped when looking for precompiled header use
11>          Add directive to 'core/pch_jumbo.h' or rebuild precompiled header
11>c:\users\bryan\documents\github\prest\modules\selftest\generated\selftest_jumbo_desktop_util.cpp(27): warning C4627: '#include "modules/selftest/generated/desktop_util/selftest/ot_desktop_util_selftest_hash.cpp"': skipped when looking for precompiled header use
11>          Add directive to 'core/pch_jumbo.h' or rebuild precompiled header
11>c:\users\bryan\documents\github\prest\modules\selftest\generated\selftest_jumbo_dom.cpp(15): warning C4627: '#include "modules/selftest/generated/dom/selftest/canvas/ot_dom_selftest_canvas_context2d.cpp"': skipped when looking for precompiled header use
11>          Add directive to 'core/pch_jumbo.h' or rebuild precompiled header
11>c:\users\bryan\documents\github\prest\modules\selftest\generated\selftest_jumbo_about.cpp(16): warning C4627: '#include "modules/selftest/generated/about/testsuite/ot_about_testsuite_generateddocuments.cpp"': skipped when looking for precompiled header use
11>          Add directive to 'core/pch_jumbo.h' or rebuild precompiled header
11>c:\users\bryan\documents\github\prest\modules\selftest\generated\selftest_jumbo_ecmascript.cpp(28): warning C4627: '#include "modules/selftest/generated/ecmascript/selftest/ot_ecmascript_selftest_ecmascriptmanager.cpp"': skipped when looking for precompiled header use
11>          Add directive to 'core/pch_jumbo.h' or rebuild precompiled header
13>  unicode_case.cpp
13>  unicode_properties.cpp
11>c:\users\bryan\documents\github\prest\modules\selftest\generated\selftest_jumbo_desktop_util.cpp(28): warning C4627: '#include "modules/selftest/generated/desktop_util/selftest/ot_desktop_util_selftest_htmlify.cpp"': skipped when looking for precompiled header use
11>          Add directive to 'core/pch_jumbo.h' or rebuild precompiled header
11>c:\users\bryan\documents\github\prest\modules\selftest\generated\selftest_jumbo_doc.cpp(25): warning C4627: '#include "modules/selftest/generated/doc/selftest/ot_doc_selftest_selection.cpp"': skipped when looking for precompiled header use
11>          Add directive to 'core/pch_jumbo.h' or rebuild precompiled header
11>c:\users\bryan\documents\github\prest\modules\selftest\generated\selftest_jumbo_dom.cpp(16): warning C4627: '#include "modules/selftest/generated/dom/selftest/core/ot_dom_selftest_core_attribute_children.cpp"': skipped when looking for precompiled header use
11>          Add directive to 'core/pch_jumbo.h' or rebuild precompiled header
11>c:\users\bryan\documents\github\prest\modules\selftest\generated\selftest_jumbo_about.cpp(17): warning C4627: '#include "modules/selftest/generated/about/testsuite/ot_about_testsuite_misc.cpp"': skipped when looking for precompiled header use
11>          Add directive to 'core/pch_jumbo.h' or rebuild precompiled header
11>c:\users\bryan\documents\github\prest\modules\selftest\generated\selftest_jumbo_ecmascript.cpp(29): warning C4627: '#include "modules/selftest/generated/ecmascript/selftest/ot_ecmascript_selftest_esdebuglistener.cpp"': skipped when looking for precompiled header use
11>          Add directive to 'core/pch_jumbo.h' or rebuild precompiled header
11>c:\users\bryan\documents\github\prest\modules\selftest\generated\selftest_jumbo_doc.cpp(26): fatal error C1010: unexpected end of file while looking for precompiled header. Did you forget to add '#include "core/pch_jumbo.h"' to your source?
11>c:\users\bryan\documents\github\prest\modules\selftest\generated\selftest_jumbo_desktop_util.cpp(29): warning C4627: '#include "modules/selftest/generated/desktop_util/selftest/ot_desktop_util_selftest_i18n.cpp"': skipped when looking for precompiled header use
11>          Add directive to 'core/pch_jumbo.h' or rebuild precompiled header
11>c:\users\bryan\documents\github\prest\modules\selftest\generated\selftest_jumbo_dom.cpp(17): warning C4627: '#include "modules/selftest/generated/dom/selftest/core/ot_dom_selftest_core_attribute_properties.cpp"': skipped when looking for precompiled header use
11>          Add directive to 'core/pch_jumbo.h' or rebuild precompiled header
11>c:\users\bryan\documents\github\prest\modules\selftest\generated\selftest_jumbo_ecmascript.cpp(30): fatal error C1010: unexpected end of file while looking for precompiled header. Did you forget to add '#include "core/pch_jumbo.h"' to your source?
11>c:\users\bryan\documents\github\prest\modules\selftest\generated\selftest_jumbo_about.cpp(18): fatal error C1010: unexpected end of file while looking for precompiled header. Did you forget to add '#include "core/pch_jumbo.h"' to your source?
11>c:\users\bryan\documents\github\prest\modules\selftest\generated\selftest_jumbo_desktop_util.cpp(30): warning C4627: '#include "modules/selftest/generated/desktop_util/selftest/ot_desktop_util_selftest_mailto.cpp"': skipped when looking for precompiled header use
11>          Add directive to 'core/pch_jumbo.h' or rebuild precompiled header
11>c:\users\bryan\documents\github\prest\modules\selftest\generated\selftest_jumbo_dom.cpp(18): warning C4627: '#include "modules/selftest/generated/dom/selftest/core/ot_dom_selftest_core_classList.cpp"': skipped when looking for precompiled header use
11>          Add directive to 'core/pch_jumbo.h' or rebuild precompiled header
11>c:\users\bryan\documents\github\prest\modules\selftest\generated\selftest_jumbo_desktop_util.cpp(31): warning C4627: '#include "modules/selftest/generated/desktop_util/selftest/ot_desktop_util_selftest_opbufferingproperty.cpp"': skipped when looking for precompiled header use
11>          Add directive to 'core/pch_jumbo.h' or rebuild precompiled header
11>c:\users\bryan\documents\github\prest\modules\selftest\generated\selftest_jumbo_dom.cpp(19): warning C4627: '#include "modules/selftest/generated/dom/selftest/core/ot_dom_selftest_core_constructors.cpp"': skipped when looking for precompiled header use
11>          Add directive to 'core/pch_jumbo.h' or rebuild precompiled header
11>c:\users\bryan\documents\github\prest\modules\selftest\generated\selftest_jumbo_desktop_util.cpp(32): warning C4627: '#include "modules/selftest/generated/desktop_util/selftest/ot_desktop_util_selftest_opdelegate.cpp"': skipped when looking for precompiled header use
11>          Add directive to 'core/pch_jumbo.h' or rebuild precompiled header
11>c:\users\bryan\documents\github\prest\modules\selftest\generated\selftest_jumbo_desktop_util.cpp(33): warning C4627: '#include "modules/selftest/generated/desktop_util/selftest/ot_desktop_util_selftest_opdelegatenotifier.cpp"': skipped when looking for precompiled header use
11>          Add directive to 'core/pch_jumbo.h' or rebuild precompiled header
11>c:\users\bryan\documents\github\prest\modules\selftest\generated\selftest_jumbo_dom.cpp(20): warning C4627: '#include "modules/selftest/generated/dom/selftest/core/ot_dom_selftest_core_document_functions_adoptNode.cpp"': skipped when looking for precompiled header use
11>          Add directive to 'core/pch_jumbo.h' or rebuild precompiled header
11>c:\users\bryan\documents\github\prest\modules\selftest\generated\selftest_jumbo_desktop_util.cpp(34): warning C4627: '#include "modules/selftest/generated/desktop_util/selftest/ot_desktop_util_selftest_operaversion.cpp"': skipped when looking for precompiled header use
11>          Add directive to 'core/pch_jumbo.h' or rebuild precompiled header
11>c:\users\bryan\documents\github\prest\modules\selftest\generated\selftest_jumbo_dom.cpp(21): warning C4627: '#include "modules/selftest/generated/dom/selftest/core/ot_dom_selftest_core_document_functions_basic.cpp"': skipped when looking for precompiled header use
11>          Add directive to 'core/pch_jumbo.h' or rebuild precompiled header
11>c:\users\bryan\documents\github\prest\modules\selftest\generated\selftest_jumbo_desktop_util.cpp(35): warning C4627: '#include "modules/selftest/generated/desktop_util/selftest/ot_desktop_util_selftest_opfilteredproperty.cpp"': skipped when looking for precompiled header use
11>          Add directive to 'core/pch_jumbo.h' or rebuild precompiled header
11>c:\users\bryan\documents\github\prest\modules\selftest\generated\selftest_jumbo_dom.cpp(22): warning C4627: '#include "modules/selftest/generated/dom/selftest/core/ot_dom_selftest_core_document_functions_createAttribute.cpp"': skipped when looking for precompiled header use
11>          Add directive to 'core/pch_jumbo.h' or rebuild precompiled header
11>c:\users\bryan\documents\github\prest\modules\selftest\generated\selftest_jumbo_desktop_util.cpp(36): warning C4627: '#include "modules/selftest/generated/desktop_util/selftest/ot_desktop_util_selftest_opproperty.cpp"': skipped when looking for precompiled header use
11>          Add directive to 'core/pch_jumbo.h' or rebuild precompiled header
11>c:\users\bryan\documents\github\prest\modules\selftest\generated\selftest_jumbo_dom.cpp(23): warning C4627: '#include "modules/selftest/generated/dom/selftest/core/ot_dom_selftest_core_document_functions_getElementsByClassName.cpp"': skipped when looking for precompiled header use
11>          Add directive to 'core/pch_jumbo.h' or rebuild precompiled header
11>c:\users\bryan\documents\github\prest\modules\selftest\generated\selftest_jumbo_desktop_util.cpp(37): warning C4627: '#include "modules/selftest/generated/desktop_util/selftest/ot_desktop_util_selftest_opsortedvector.cpp"': skipped when looking for precompiled header use
11>          Add directive to 'core/pch_jumbo.h' or rebuild precompiled header
11>c:\users\bryan\documents\github\prest\modules\selftest\generated\selftest_jumbo_dom.cpp(24): warning C4627: '#include "modules/selftest/generated/dom/selftest/core/ot_dom_selftest_core_document_properties.cpp"': skipped when looking for precompiled header use
11>          Add directive to 'core/pch_jumbo.h' or rebuild precompiled header
11>c:\users\bryan\documents\github\prest\modules\selftest\generated\selftest_jumbo_dom.cpp(25): warning C4627: '#include "modules/selftest/generated/dom/selftest/core/ot_dom_selftest_core_domerror.cpp"': skipped when looking for precompiled header use
11>          Add directive to 'core/pch_jumbo.h' or rebuild precompiled header
11>c:\users\bryan\documents\github\prest\modules\selftest\generated\selftest_jumbo_desktop_util.cpp(38): warning C4627: '#include "modules/selftest/generated/desktop_util/selftest/ot_desktop_util_selftest_optightvector.cpp"': skipped when looking for precompiled header use
11>          Add directive to 'core/pch_jumbo.h' or rebuild precompiled header
11>c:\users\bryan\documents\github\prest\modules\selftest\generated\selftest_jumbo_dom.cpp(26): warning C4627: '#include "modules/selftest/generated/dom/selftest/core/ot_dom_selftest_core_domexception.cpp"': skipped when looking for precompiled header use
11>          Add directive to 'core/pch_jumbo.h' or rebuild precompiled header
11>c:\users\bryan\documents\github\prest\modules\selftest\generated\selftest_jumbo_desktop_util.cpp(39): warning C4627: '#include "modules/selftest/generated/desktop_util/selftest/ot_desktop_util_selftest_opunique.cpp"': skipped when looking for precompiled header use
11>          Add directive to 'core/pch_jumbo.h' or rebuild precompiled header
11>c:\users\bryan\documents\github\prest\modules\selftest\generated\selftest_jumbo_desktop_util.cpp(40): warning C4627: '#include "modules/selftest/generated/desktop_util/selftest/ot_desktop_util_selftest_passwordstrength.cpp"': skipped when looking for precompiled header use
11>          Add directive to 'core/pch_jumbo.h' or rebuild precompiled header
11>c:\users\bryan\documents\github\prest\modules\selftest\generated\selftest_jumbo_dom.cpp(27): warning C4627: '#include "modules/selftest/generated/dom/selftest/core/ot_dom_selftest_core_domimplementation.cpp"': skipped when looking for precompiled header use
11>          Add directive to 'core/pch_jumbo.h' or rebuild precompiled header
11>c:\users\bryan\documents\github\prest\modules\selftest\generated\selftest_jumbo_desktop_util.cpp(41): warning C4627: '#include "modules/selftest/generated/desktop_util/selftest/ot_desktop_util_selftest_resources.cpp"': skipped when looking for precompiled header use
11>          Add directive to 'core/pch_jumbo.h' or rebuild precompiled header
11>c:\users\bryan\documents\github\prest\modules\selftest\generated\selftest_jumbo_dom.cpp(28): warning C4627: '#include "modules/selftest/generated/dom/selftest/core/ot_dom_selftest_core_domsettabletokenlist.cpp"': skipped when looking for precompiled header use
11>          Add directive to 'core/pch_jumbo.h' or rebuild precompiled header
11>c:\users\bryan\documents\github\prest\modules\selftest\generated\selftest_jumbo_desktop_util.cpp(42): warning C4627: '#include "modules/selftest/generated/desktop_util/selftest/ot_desktop_util_selftest_search.cpp"': skipped when looking for precompiled header use
11>          Add directive to 'core/pch_jumbo.h' or rebuild precompiled header
11>c:\users\bryan\documents\github\prest\modules\selftest\generated\selftest_jumbo_dom.cpp(29): warning C4627: '#include "modules/selftest/generated/dom/selftest/core/ot_dom_selftest_core_domstringlist.cpp"': skipped when looking for precompiled header use
11>          Add directive to 'core/pch_jumbo.h' or rebuild precompiled header
11>c:\users\bryan\documents\github\prest\modules\selftest\generated\selftest_jumbo_desktop_util.cpp(43): warning C4627: '#include "modules/selftest/generated/desktop_util/selftest/ot_desktop_util_selftest_search_field_history.cpp"': skipped when looking for precompiled header use
11>          Add directive to 'core/pch_jumbo.h' or rebuild precompiled header
11>c:\users\bryan\documents\github\prest\modules\selftest\generated\selftest_jumbo_desktop_util.cpp(44): warning C4627: '#include "modules/selftest/generated/desktop_util/selftest/ot_desktop_util_selftest_search_mapping.cpp"': skipped when looking for precompiled header use
11>          Add directive to 'core/pch_jumbo.h' or rebuild precompiled header
11>c:\users\bryan\documents\github\prest\modules\selftest\generated\selftest_jumbo_dom.cpp(30): warning C4627: '#include "modules/selftest/generated/dom/selftest/core/ot_dom_selftest_core_element_functions_attributes.cpp"': skipped when looking for precompiled header use
11>          Add directive to 'core/pch_jumbo.h' or rebuild precompiled header
11>c:\users\bryan\documents\github\prest\modules\selftest\generated\selftest_jumbo_desktop_util.cpp(45): warning C4627: '#include "modules/selftest/generated/desktop_util/selftest/ot_desktop_util_selftest_search_protection.cpp"': skipped when looking for precompiled header use
11>          Add directive to 'core/pch_jumbo.h' or rebuild precompiled header
11>c:\users\bryan\documents\github\prest\modules\selftest\generated\selftest_jumbo_dom.cpp(31): warning C4627: '#include "modules/selftest/generated/dom/selftest/core/ot_dom_selftest_core_element_functions_basic.cpp"': skipped when looking for precompiled header use
11>          Add directive to 'core/pch_jumbo.h' or rebuild precompiled header
11>c:\users\bryan\documents\github\prest\modules\selftest\generated\selftest_jumbo_desktop_util.cpp(46): warning C4627: '#include "modules/selftest/generated/desktop_util/selftest/ot_desktop_util_selftest_searchsuggest.cpp"': skipped when looking for precompiled header use
11>          Add directive to 'core/pch_jumbo.h' or rebuild precompiled header
11>c:\users\bryan\documents\github\prest\modules\selftest\generated\selftest_jumbo_dom.cpp(32): warning C4627: '#include "modules/selftest/generated/dom/selftest/core/ot_dom_selftest_core_element_properties.cpp"': skipped when looking for precompiled header use
11>          Add directive to 'core/pch_jumbo.h' or rebuild precompiled header
11>c:\users\bryan\documents\github\prest\modules\selftest\generated\selftest_jumbo_desktop_util.cpp(47): warning C4627: '#include "modules/selftest/generated/desktop_util/selftest/ot_desktop_util_selftest_simpletreemodel.cpp"': skipped when looking for precompiled header use
11>          Add directive to 'core/pch_jumbo.h' or rebuild precompiled header
11>c:\users\bryan\documents\github\prest\modules\selftest\generated\selftest_jumbo_dom.cpp(33): warning C4627: '#include "modules/selftest/generated/dom/selftest/core/ot_dom_selftest_core_element_properties_innerHTML.cpp"': skipped when looking for precompiled header use
11>          Add directive to 'core/pch_jumbo.h' or rebuild precompiled header
11>c:\users\bryan\documents\github\prest\modules\selftest\generated\selftest_jumbo_desktop_util.cpp(48): warning C4627: '#include "modules/selftest/generated/desktop_util/selftest/ot_desktop_util_selftest_strings.cpp"': skipped when looking for precompiled header use
11>          Add directive to 'core/pch_jumbo.h' or rebuild precompiled header
11>c:\users\bryan\documents\github\prest\modules\selftest\generated\selftest_jumbo_dom.cpp(34): warning C4627: '#include "modules/selftest/generated/dom/selftest/core/ot_dom_selftest_core_element_properties_paged.cpp"': skipped when looking for precompiled header use
11>          Add directive to 'core/pch_jumbo.h' or rebuild precompiled header
11>c:\users\bryan\documents\github\prest\modules\selftest\generated\selftest_jumbo_desktop_util.cpp(49): warning C4627: '#include "modules/selftest/generated/desktop_util/selftest/ot_desktop_util_selftest_transaction.cpp"': skipped when looking for precompiled header use
11>          Add directive to 'core/pch_jumbo.h' or rebuild precompiled header
11>c:\users\bryan\documents\github\prest\modules\selftest\generated\selftest_jumbo_dom.cpp(35): warning C4627: '#include "modules/selftest/generated/dom/selftest/core/ot_dom_selftest_core_entity.cpp"': skipped when looking for precompiled header use
11>          Add directive to 'core/pch_jumbo.h' or rebuild precompiled header
13>  unicode_stringiterator.cpp
13>  utf32.cpp
13>  Generating Code...
11>c:\users\bryan\documents\github\prest\modules\selftest\generated\selftest_jumbo_desktop_util.cpp(50): warning C4627: '#include "modules/selftest/generated/desktop_util/selftest/ot_desktop_util_selftest_typedobject.cpp"': skipped when looking for precompiled header use
11>          Add directive to 'core/pch_jumbo.h' or rebuild precompiled header
11>c:\users\bryan\documents\github\prest\modules\selftest\generated\selftest_jumbo_dom.cpp(36): warning C4627: '#include "modules/selftest/generated/dom/selftest/core/ot_dom_selftest_core_node_functions_appendChild.cpp"': skipped when looking for precompiled header use
11>          Add directive to 'core/pch_jumbo.h' or rebuild precompiled header
11>  selftest_jumbo_encodings.cpp
11>c:\users\bryan\documents\github\prest\modules\selftest\generated\selftest_jumbo_dom.cpp(37): warning C4627: '#include "modules/selftest/generated/dom/selftest/core/ot_dom_selftest_core_node_functions_basic.cpp"': skipped when looking for precompiled header use
11>          Add directive to 'core/pch_jumbo.h' or rebuild precompiled header
11>c:\users\bryan\documents\github\prest\modules\selftest\generated\selftest_jumbo_desktop_util.cpp(51): warning C4627: '#include "modules/selftest/generated/desktop_util/selftest/ot_desktop_util_selftest_typedobjectcollection.cpp"': skipped when looking for precompiled header use
11>          Add directive to 'core/pch_jumbo.h' or rebuild precompiled header
11>  selftest_jumbo_formats.cpp
11>c:\users\bryan\documents\github\prest\modules\selftest\generated\selftest_jumbo_desktop_util.cpp(52): fatal error C1010: unexpected end of file while looking for precompiled header. Did you forget to add '#include "core/pch_jumbo.h"' to your source?
11>  selftest_jumbo_forms.cpp
11>c:\users\bryan\documents\github\prest\modules\selftest\generated\selftest_jumbo_dom.cpp(38): warning C4627: '#include "modules/selftest/generated/dom/selftest/core/ot_dom_selftest_core_node_functions_clonenode.cpp"': skipped when looking for precompiled header use
11>          Add directive to 'core/pch_jumbo.h' or rebuild precompiled header
11>  selftest_jumbo_gadgets.cpp
11>c:\users\bryan\documents\github\prest\modules\selftest\generated\selftest_jumbo_dom.cpp(39): warning C4627: '#include "modules/selftest/generated/dom/selftest/core/ot_dom_selftest_core_node_functions_compareDocumentPosition.cpp"': skipped when looking for precompiled header use
11>          Add directive to 'core/pch_jumbo.h' or rebuild precompiled header
11>  selftest_jumbo_geolocation.cpp
11>  selftest_jumbo_hardcore.cpp
11>  selftest_jumbo_history.cpp
11>c:\users\bryan\documents\github\prest\modules\selftest\generated\selftest_jumbo_dom.cpp(40): warning C4627: '#include "modules/selftest/generated/dom/selftest/core/ot_dom_selftest_core_node_functions_importnode.cpp"': skipped when looking for precompiled header use
11>          Add directive to 'core/pch_jumbo.h' or rebuild precompiled header
11>c:\users\bryan\documents\github\prest\modules\selftest\generated\selftest_jumbo_dom.cpp(41): warning C4627: '#include "modules/selftest/generated/dom/selftest/core/ot_dom_selftest_core_node_functions_insertBefore.cpp"': skipped when looking for precompiled header use
11>          Add directive to 'core/pch_jumbo.h' or rebuild precompiled header
11>c:\users\bryan\documents\github\prest\modules\selftest\generated\selftest_jumbo_dom.cpp(42): warning C4627: '#include "modules/selftest/generated/dom/selftest/core/ot_dom_selftest_core_node_functions_isequalnode.cpp"': skipped when looking for precompiled header use
11>          Add directive to 'core/pch_jumbo.h' or rebuild precompiled header
11>c:\users\bryan\documents\github\prest\modules\selftest\generated\selftest_jumbo_dom.cpp(43): warning C4627: '#include "modules/selftest/generated/dom/selftest/core/ot_dom_selftest_core_node_functions_namespaces.cpp"': skipped when looking for precompiled header use
11>          Add directive to 'core/pch_jumbo.h' or rebuild precompiled header
11>c:\users\bryan\documents\github\prest\modules\selftest\generated\selftest_jumbo_dom.cpp(44): warning C4627: '#include "modules/selftest/generated/dom/selftest/core/ot_dom_selftest_core_node_functions_normalize.cpp"': skipped when looking for precompiled header use
11>          Add directive to 'core/pch_jumbo.h' or rebuild precompiled header
11>c:\users\bryan\documents\github\prest\modules\selftest\generated\selftest_jumbo_dom.cpp(45): warning C4627: '#include "modules/selftest/generated/dom/selftest/core/ot_dom_selftest_core_node_functions_replaceChild.cpp"': skipped when looking for precompiled header use
11>          Add directive to 'core/pch_jumbo.h' or rebuild precompiled header
11>c:\users\bryan\documents\github\prest\modules\selftest\generated\selftest_jumbo_dom.cpp(46): warning C4627: '#include "modules/selftest/generated/dom/selftest/core/ot_dom_selftest_core_node_properties.cpp"': skipped when looking for precompiled header use
11>          Add directive to 'core/pch_jumbo.h' or rebuild precompiled header
11>c:\users\bryan\documents\github\prest\modules\selftest\generated\selftest_jumbo_dom.cpp(47): warning C4627: '#include "modules/selftest/generated/dom/selftest/core/ot_dom_selftest_core_pagevisibility.cpp"': skipped when looking for precompiled header use
11>          Add directive to 'core/pch_jumbo.h' or rebuild precompiled header
11>c:\users\bryan\documents\github\prest\modules\selftest\generated\selftest_jumbo_dom.cpp(48): warning C4627: '#include "modules/selftest/generated/dom/selftest/core/ot_dom_selftest_core_text_functions_replaceWholeText.cpp"': skipped when looking for precompiled header use
11>          Add directive to 'core/pch_jumbo.h' or rebuild precompiled header
11>c:\users\bryan\documents\github\prest\modules\selftest\generated\selftest_jumbo_dom.cpp(49): warning C4627: '#include "modules/selftest/generated/dom/selftest/core/ot_dom_selftest_core_text_functions_splitText.cpp"': skipped when looking for precompiled header use
11>          Add directive to 'core/pch_jumbo.h' or rebuild precompiled header
11>c:\users\bryan\documents\github\prest\modules\selftest\generated\selftest_jumbo_dom.cpp(50): warning C4627: '#include "modules/selftest/generated/dom/selftest/core/ot_dom_selftest_core_text_properties.cpp"': skipped when looking for precompiled header use
11>          Add directive to 'core/pch_jumbo.h' or rebuild precompiled header
11>c:\users\bryan\documents\github\prest\modules\selftest\generated\selftest_jumbo_dom.cpp(51): warning C4627: '#include "modules/selftest/generated/dom/selftest/domapplicationcache/ot_dom_selftest_domapplicationcache_api_js.cpp"': skipped when looking for precompiled header use
11>          Add directive to 'core/pch_jumbo.h' or rebuild precompiled header
11>c:\users\bryan\documents\github\prest\modules\selftest\generated\selftest_jumbo_dom.cpp(52): warning C4627: '#include "modules/selftest/generated/dom/selftest/domapplicationcache/ot_dom_selftest_domapplicationcache_no-manifest_js.cpp"': skipped when looking for precompiled header use
11>          Add directive to 'core/pch_jumbo.h' or rebuild precompiled header
11>c:\users\bryan\documents\github\prest\modules\selftest\generated\selftest_jumbo_encodings.cpp(15): warning C4627: '#include "modules/selftest/generated/encodings/testsuite/ot_encodings_testsuite_charconv.cpp"': skipped when looking for precompiled header use
11>          Add directive to 'core/pch_jumbo.h' or rebuild precompiled header
11>c:\users\bryan\documents\github\prest\modules\selftest\generated\selftest_jumbo_dom.cpp(53): warning C4627: '#include "modules/selftest/generated/dom/selftest/domjil/ot_dom_selftest_domjil_jil_accelerometerinfo.cpp"': skipped when looking for precompiled header use
11>          Add directive to 'core/pch_jumbo.h' or rebuild precompiled header
11>c:\users\bryan\documents\github\prest\modules\selftest\generated\selftest_jumbo_encodings.cpp(16): warning C4627: '#include "modules/selftest/generated/encodings/testsuite/ot_encodings_testsuite_charsetdetector.cpp"': skipped when looking for precompiled header use
11>          Add directive to 'core/pch_jumbo.h' or rebuild precompiled header
11>c:\users\bryan\documents\github\prest\modules\selftest\generated\selftest_jumbo_forms.cpp(15): warning C4627: '#include "modules/selftest/generated/forms/selftest/ot_forms_selftest_formobject.cpp"': skipped when looking for precompiled header use
11>          Add directive to 'core/pch_jumbo.h' or rebuild precompiled header
11>c:\users\bryan\documents\github\prest\modules\selftest\generated\selftest_jumbo_formats.cpp(15): warning C4627: '#include "modules/selftest/generated/formats/selftest/ot_formats_selftest_argsplit.cpp"': skipped when looking for precompiled header use
11>          Add directive to 'core/pch_jumbo.h' or rebuild precompiled header
11>  selftest_jumbo_idle.cpp
11>c:\users\bryan\documents\github\prest\modules\dom\dom_jumbo.cpp(232): warning C4627: '#include "modules/dom/src/orientation/deviceorientationevent.cpp"': skipped when looking for precompiled header use
11>          Add directive to 'core/pch_jumbo.h' or rebuild precompiled header
11>  selftest_jumbo_idna.cpp
11>c:\users\bryan\documents\github\prest\modules\selftest\generated\selftest_jumbo_encodings.cpp(17): warning C4627: '#include "modules/selftest/generated/encodings/testsuite/ot_encodings_testsuite_charsetnames.cpp"': skipped when looking for precompiled header use
11>          Add directive to 'core/pch_jumbo.h' or rebuild precompiled header
11>c:\users\bryan\documents\github\prest\modules\selftest\generated\selftest_jumbo_forms.cpp(16): warning C4627: '#include "modules/selftest/generated/forms/selftest/ot_forms_selftest_formparse.cpp"': skipped when looking for precompiled header use
11>          Add directive to 'core/pch_jumbo.h' or rebuild precompiled header
11>c:\users\bryan\documents\github\prest\modules\selftest\generated\selftest_jumbo_formats.cpp(16): warning C4627: '#include "modules/selftest/generated/formats/selftest/ot_formats_selftest_base64_decode.cpp"': skipped when looking for precompiled header use
11>          Add directive to 'core/pch_jumbo.h' or rebuild precompiled header
11>c:\users\bryan\documents\github\prest\modules\selftest\generated\selftest_jumbo_gadgets.cpp(15): warning C4627: '#include "modules/selftest/generated/gadgets/ot_gadgets_OpGadgetClass.cpp"': skipped when looking for precompiled header use
11>          Add directive to 'core/pch_jumbo.h' or rebuild precompiled header
11>c:\users\bryan\documents\github\prest\modules\dom\dom_jumbo.cpp(233): warning C4627: '#include "modules/dom/src/orientation/devicemotionevent.cpp"': skipped when looking for precompiled header use
11>          Add directive to 'core/pch_jumbo.h' or rebuild precompiled header
11>c:\users\bryan\documents\github\prest\modules\selftest\generated\selftest_jumbo_encodings.cpp(18): warning C4627: '#include "modules/selftest/generated/encodings/testsuite/ot_encodings_testsuite_createcharconverter.cpp"': skipped when looking for precompiled header use
11>          Add directive to 'core/pch_jumbo.h' or rebuild precompiled header
11>c:\users\bryan\documents\github\prest\modules\selftest\generated\selftest_jumbo_forms.cpp(17): warning C4627: '#include "modules/selftest/generated/forms/selftest/ot_forms_selftest_formreset.cpp"': skipped when looking for precompiled header use
11>          Add directive to 'core/pch_jumbo.h' or rebuild precompiled header
11>c:\users\bryan\documents\github\prest\modules\selftest\generated\selftest_jumbo_formats.cpp(17): warning C4627: '#include "modules/selftest/generated/formats/selftest/ot_formats_selftest_encoder.cpp"': skipped when looking for precompiled header use
11>          Add directive to 'core/pch_jumbo.h' or rebuild precompiled header
11>c:\users\bryan\documents\github\prest\modules\selftest\generated\selftest_jumbo_gadgets.cpp(16): warning C4627: '#include "modules/selftest/generated/gadgets/ot_gadgets_OpGadgetInstallObject.cpp"': skipped when looking for precompiled header use
11>          Add directive to 'core/pch_jumbo.h' or rebuild precompiled header
11>c:\users\bryan\documents\github\prest\modules\selftest\generated\selftest_jumbo_history.cpp(15): warning C4627: '#include "modules/selftest/generated/history/selftest/ot_history_selftest_acceptabletest.cpp"': skipped when looking for precompiled header use
11>          Add directive to 'core/pch_jumbo.h' or rebuild precompiled header
11>c:\users\bryan\documents\github\prest\modules\selftest\generated\selftest_jumbo_encodings.cpp(19): warning C4627: '#include "modules/selftest/generated/encodings/testsuite/ot_encodings_testsuite_createinputconverter.cpp"': skipped when looking for precompiled header use
11>          Add directive to 'core/pch_jumbo.h' or rebuild precompiled header
11>c:\users\bryan\documents\github\prest\modules\selftest\generated\selftest_jumbo_forms.cpp(18): warning C4627: '#include "modules/selftest/generated/forms/selftest/ot_forms_selftest_forms.cpp"': skipped when looking for precompiled header use
11>          Add directive to 'core/pch_jumbo.h' or rebuild precompiled header
11>c:\users\bryan\documents\github\prest\modules\selftest\generated\selftest_jumbo_formats.cpp(18): warning C4627: '#include "modules/selftest/generated/formats/selftest/ot_formats_selftest_hdsplit.cpp"': skipped when looking for precompiled header use
11>          Add directive to 'core/pch_jumbo.h' or rebuild precompiled header
11>c:\users\bryan\documents\github\prest\modules\selftest\generated\selftest_jumbo_gadgets.cpp(17): warning C4627: '#include "modules/selftest/generated/gadgets/ot_gadgets_OpGadgetManager.cpp"': skipped when looking for precompiled header use
11>          Add directive to 'core/pch_jumbo.h' or rebuild precompiled header
11>c:\users\bryan\documents\github\prest\modules\selftest\generated\selftest_jumbo_history.cpp(16): warning C4627: '#include "modules/selftest/generated/history/selftest/ot_history_selftest_addtest.cpp"': skipped when looking for precompiled header use
11>          Add directive to 'core/pch_jumbo.h' or rebuild precompiled header
11>c:\users\bryan\documents\github\prest\modules\selftest\generated\selftest_jumbo_encodings.cpp(20): warning C4627: '#include "modules/selftest/generated/encodings/testsuite/ot_encodings_testsuite_guessencodingfromcontextandconvertstring.cpp"': skipped when looking for precompiled header use
11>          Add directive to 'core/pch_jumbo.h' or rebuild precompiled header
11>c:\users\bryan\documents\github\prest\modules\selftest\generated\selftest_jumbo_forms.cpp(19): warning C4627: '#include "modules/selftest/generated/forms/selftest/ot_forms_selftest_formvalue.cpp"': skipped when looking for precompiled header use
11>          Add directive to 'core/pch_jumbo.h' or rebuild precompiled header
11>c:\users\bryan\documents\github\prest\modules\selftest\generated\selftest_jumbo_formats.cpp(19): warning C4627: '#include "modules/selftest/generated/formats/selftest/ot_formats_selftest_hex_converter.cpp"': skipped when looking for precompiled header use
11>          Add directive to 'core/pch_jumbo.h' or rebuild precompiled header
11>c:\users\bryan\documents\github\prest\modules\selftest\generated\selftest_jumbo_gadgets.cpp(18): warning C4627: '#include "modules/selftest/generated/gadgets/ot_gadgets_extensions.cpp"': skipped when looking for precompiled header use
11>          Add directive to 'core/pch_jumbo.h' or rebuild precompiled header
11>c:\users\bryan\documents\github\prest\modules\selftest\generated\selftest_jumbo_history.cpp(17): warning C4627: '#include "modules/selftest/generated/history/selftest/ot_history_selftest_autocompletiontest.cpp"': skipped when looking for precompiled header use
11>          Add directive to 'core/pch_jumbo.h' or rebuild precompiled header
11>c:\users\bryan\documents\github\prest\modules\selftest\generated\selftest_jumbo_encodings.cpp(21): warning C4627: '#include "modules/selftest/generated/encodings/testsuite/ot_encodings_testsuite_opstring-encodings.cpp"': skipped when looking for precompiled header use
11>          Add directive to 'core/pch_jumbo.h' or rebuild precompiled header
11>c:\users\bryan\documents\github\prest\modules\selftest\generated\selftest_jumbo_forms.cpp(20): warning C4627: '#include "modules/selftest/generated/forms/selftest/ot_forms_selftest_formvalue_radiocheck.cpp"': skipped when looking for precompiled header use
11>          Add directive to 'core/pch_jumbo.h' or rebuild precompiled header
11>c:\users\bryan\documents\github\prest\modules\selftest\generated\selftest_jumbo_formats.cpp(20): warning C4627: '#include "modules/selftest/generated/formats/selftest/ot_formats_selftest_records.cpp"': skipped when looking for precompiled header use
11>          Add directive to 'core/pch_jumbo.h' or rebuild precompiled header
11>c:\users\bryan\documents\github\prest\modules\selftest\generated\selftest_jumbo_gadgets.cpp(19): warning C4627: '#include "modules/selftest/generated/gadgets/ot_gadgets_gadget_signing.cpp"': skipped when looking for precompiled header use
11>          Add directive to 'core/pch_jumbo.h' or rebuild precompiled header
11>c:\users\bryan\documents\github\prest\modules\selftest\generated\selftest_jumbo_hardcore.cpp(15): warning C4627: '#include "modules/selftest/generated/hardcore/base/ot_hardcore_base_system.cpp"': skipped when looking for precompiled header use
11>          Add directive to 'core/pch_jumbo.h' or rebuild precompiled header
11>c:\users\bryan\documents\github\prest\modules\selftest\generated\selftest_jumbo_history.cpp(18): warning C4627: '#include "modules/selftest/generated/history/selftest/ot_history_selftest_bookmarktest.cpp"': skipped when looking for precompiled header use
11>          Add directive to 'core/pch_jumbo.h' or rebuild precompiled header
11>c:\users\bryan\documents\github\prest\modules\selftest\generated\selftest_jumbo_encodings.cpp(22): warning C4627: '#include "modules/selftest/generated/encodings/testsuite/ot_encodings_testsuite_tablemanager.cpp"': skipped when looking for precompiled header use
11>          Add directive to 'core/pch_jumbo.h' or rebuild precompiled header
11>c:\users\bryan\documents\github\prest\modules\dom\dom_jumbo.cpp(234): warning C4627: '#include "modules/dom/src/orientation/compassneedscalibrationevent.cpp"': skipped when looking for precompiled header use
11>          Add directive to 'core/pch_jumbo.h' or rebuild precompiled header
11>c:\users\bryan\documents\github\prest\modules\selftest\generated\selftest_jumbo_formats.cpp(21): warning C4627: '#include "modules/selftest/generated/formats/selftest/ot_formats_selftest_uni_argsplit.cpp"': skipped when looking for precompiled header use
11>          Add directive to 'core/pch_jumbo.h' or rebuild precompiled header
11>c:\users\bryan\documents\github\prest\modules\selftest\generated\selftest_jumbo_forms.cpp(21): warning C4627: '#include "modules/selftest/generated/forms/selftest/ot_forms_selftest_formvalue_select.cpp"': skipped when looking for precompiled header use
11>          Add directive to 'core/pch_jumbo.h' or rebuild precompiled header
11>c:\users\bryan\documents\github\prest\modules\selftest\generated\selftest_jumbo_gadgets.cpp(20): warning C4627: '#include "modules/selftest/generated/gadgets/ot_gadgets_gadgets.cpp"': skipped when looking for precompiled header use
11>          Add directive to 'core/pch_jumbo.h' or rebuild precompiled header
11>c:\users\bryan\documents\github\prest\modules\selftest\generated\selftest_jumbo_encodings.cpp(23): warning C4627: '#include "modules/selftest/generated/encodings/testsuite/ot_encodings_testsuite_utf-16.cpp"': skipped when looking for precompiled header use
11>          Add directive to 'core/pch_jumbo.h' or rebuild precompiled header
11>c:\users\bryan\documents\github\prest\modules\selftest\generated\selftest_jumbo_hardcore.cpp(16): warning C4627: '#include "modules/selftest/generated/hardcore/mh/ot_hardcore_mh_messagelisteners.cpp"': skipped when looking for precompiled header use
11>          Add directive to 'core/pch_jumbo.h' or rebuild precompiled header
11>c:\users\bryan\documents\github\prest\modules\selftest\generated\selftest_jumbo_history.cpp(19): warning C4627: '#include "modules/selftest/generated/history/selftest/ot_history_selftest_filetest.cpp"': skipped when looking for precompiled header use
11>          Add directive to 'core/pch_jumbo.h' or rebuild precompiled header
11>c:\users\bryan\documents\github\prest\modules\selftest\generated\selftest_jumbo_geolocation.cpp(15): warning C4627: '#include "modules/selftest/generated/geolocation/selftest/ot_geolocation_selftest_geo_tools.cpp"': skipped when looking for precompiled header use
11>          Add directive to 'core/pch_jumbo.h' or rebuild precompiled header
11>c:\users\bryan\documents\github\prest\modules\selftest\generated\selftest_jumbo_formats.cpp(22): warning C4627: '#include "modules/selftest/generated/formats/selftest/ot_formats_selftest_uri_escape.cpp"': skipped when looking for precompiled header use
11>          Add directive to 'core/pch_jumbo.h' or rebuild precompiled header
11>c:\users\bryan\documents\github\prest\modules\selftest\generated\selftest_jumbo_encodings.cpp(24): fatal error C1010: unexpected end of file while looking for precompiled header. Did you forget to add '#include "core/pch_jumbo.h"' to your source?
11>c:\users\bryan\documents\github\prest\modules\selftest\generated\selftest_jumbo_forms.cpp(22): warning C4627: '#include "modules/selftest/generated/forms/selftest/ot_forms_selftest_formvalue_selection.cpp"': skipped when looking for precompiled header use
11>          Add directive to 'core/pch_jumbo.h' or rebuild precompiled header
11>c:\users\bryan\documents\github\prest\modules\selftest\generated\selftest_jumbo_gadgets.cpp(21): warning C4627: '#include "modules/selftest/generated/gadgets/ot_gadgets_operawidgets-cpp.cpp"': skipped when looking for precompiled header use
11>          Add directive to 'core/pch_jumbo.h' or rebuild precompiled header
11>c:\users\bryan\documents\github\prest\modules\dom\dom_jumbo.cpp(235): warning C4627: '#include "modules/dom/src/extensions/domextensionsupport.cpp"': skipped when looking for precompiled header use
11>          Add directive to 'core/pch_jumbo.h' or rebuild precompiled header
11>c:\users\bryan\documents\github\prest\modules\selftest\generated\selftest_jumbo_hardcore.cpp(17): warning C4627: '#include "modules/selftest/generated/hardcore/tests/ot_hardcore_tests_OpFileMessageLogger.cpp"': skipped when looking for precompiled header use
11>          Add directive to 'core/pch_jumbo.h' or rebuild precompiled header
11>c:\users\bryan\documents\github\prest\modules\selftest\generated\selftest_jumbo_history.cpp(20): warning C4627: '#include "modules/selftest/generated/history/selftest/ot_history_selftest_findfailtest.cpp"': skipped when looking for precompiled header use
11>          Add directive to 'core/pch_jumbo.h' or rebuild precompiled header
11>c:\users\bryan\documents\github\prest\modules\selftest\generated\selftest_jumbo_formats.cpp(23): fatal error C1010: unexpected end of file while looking for precompiled header. Did you forget to add '#include "core/pch_jumbo.h"' to your source?
11>c:\users\bryan\documents\github\prest\modules\selftest\generated\selftest_jumbo_dom.cpp(54): warning C4627: '#include "modules/selftest/generated/dom/selftest/domjil/ot_dom_selftest_domjil_jil_accountinfo.cpp"': skipped when looking for precompiled header use
11>          Add directive to 'core/pch_jumbo.h' or rebuild precompiled header
11>c:\users\bryan\documents\github\prest\modules\selftest\generated\selftest_jumbo_geolocation.cpp(16): warning C4627: '#include "modules/selftest/generated/geolocation/selftest/ot_geolocation_selftest_google2011_api_request.cpp"': skipped when looking for precompiled header use
11>          Add directive to 'core/pch_jumbo.h' or rebuild precompiled header
11>c:\users\bryan\documents\github\prest\modules\selftest\generated\selftest_jumbo_forms.cpp(23): warning C4627: '#include "modules/selftest/generated/forms/selftest/ot_forms_selftest_formvalue_textarea.cpp"': skipped when looking for precompiled header use
11>          Add directive to 'core/pch_jumbo.h' or rebuild precompiled header
11>c:\users\bryan\documents\github\prest\modules\selftest\generated\selftest_jumbo_gadgets.cpp(22): warning C4627: '#include "modules/selftest/generated/gadgets/ot_gadgets_opgadgetclasslocalized.cpp"': skipped when looking for precompiled header use
11>          Add directive to 'core/pch_jumbo.h' or rebuild precompiled header
11>c:\users\bryan\documents\github\prest\modules\dom\dom_jumbo.cpp(236): warning C4627: '#include "modules/dom/src/extensions/domextension_background.cpp"': skipped when looking for precompiled header use
11>          Add directive to 'core/pch_jumbo.h' or rebuild precompiled header
11>c:\users\bryan\documents\github\prest\modules\selftest\generated\selftest_jumbo_history.cpp(21): warning C4627: '#include "modules/selftest/generated/history/selftest/ot_history_selftest_ftptest.cpp"': skipped when looking for precompiled header use
11>          Add directive to 'core/pch_jumbo.h' or rebuild precompiled header
11>c:\users\bryan\documents\github\prest\modules\selftest\generated\selftest_jumbo_hardcore.cpp(18): warning C4627: '#include "modules/selftest/generated/hardcore/tests/ot_hardcore_tests_OpSocketMessageLogger.cpp"': skipped when looking for precompiled header use
11>          Add directive to 'core/pch_jumbo.h' or rebuild precompiled header
11>c:\users\bryan\documents\github\prest\modules\selftest\generated\selftest_jumbo_idna.cpp(15): warning C4627: '#include "modules/selftest/generated/idna/selftest/ot_idna_selftest_idna.cpp"': skipped when looking for precompiled header use
11>          Add directive to 'core/pch_jumbo.h' or rebuild precompiled header
11>c:\users\bryan\documents\github\prest\modules\selftest\generated\selftest_jumbo_dom.cpp(55): warning C4627: '#include "modules/selftest/generated/dom/selftest/domjil/ot_dom_selftest_domjil_jil_attachment.cpp"': skipped when looking for precompiled header use
11>          Add directive to 'core/pch_jumbo.h' or rebuild precompiled header
11>c:\users\bryan\documents\github\prest\modules\selftest\generated\selftest_jumbo_geolocation.cpp(17): warning C4627: '#include "modules/selftest/generated/geolocation/selftest/ot_geolocation_selftest_google2011_api_response_parser.cpp"': skipped when looking for precompiled header use
11>          Add directive to 'core/pch_jumbo.h' or rebuild precompiled header
11>c:\users\bryan\documents\github\prest\modules\selftest\generated\selftest_jumbo_forms.cpp(24): warning C4627: '#include "modules/selftest/generated/forms/selftest/ot_forms_selftest_textarea_large.cpp"': skipped when looking for precompiled header use
11>          Add directive to 'core/pch_jumbo.h' or rebuild precompiled header
11>c:\users\bryan\documents\github\prest\modules\selftest\generated\selftest_jumbo_gadgets.cpp(23): warning C4627: '#include "modules/selftest/generated/gadgets/ot_gadgets_opgadgetparsers.cpp"': skipped when looking for precompiled header use
11>          Add directive to 'core/pch_jumbo.h' or rebuild precompiled header
11>c:\users\bryan\documents\github\prest\modules\dom\dom_jumbo.cpp(237): warning C4627: '#include "modules/dom/src/extensions/domextension_userjs.cpp"': skipped when looking for precompiled header use
11>          Add directive to 'core/pch_jumbo.h' or rebuild precompiled header
11>c:\users\bryan\documents\github\prest\modules\selftest\generated\selftest_jumbo_history.cpp(22): warning C4627: '#include "modules/selftest/generated/history/selftest/ot_history_selftest_hometest.cpp"': skipped when looking for precompiled header use
11>          Add directive to 'core/pch_jumbo.h' or rebuild precompiled header
11>c:\users\bryan\documents\github\prest\modules\selftest\generated\selftest_jumbo_hardcore.cpp(19): warning C4627: '#include "modules/selftest/generated/hardcore/tests/ot_hardcore_tests_channels.cpp"': skipped when looking for precompiled header use
11>          Add directive to 'core/pch_jumbo.h' or rebuild precompiled header
11>c:\users\bryan\documents\github\prest\modules\selftest\generated\selftest_jumbo_idna.cpp(16): warning C4627: '#include "modules/selftest/generated/idna/selftest/ot_idna_selftest_idna_security.cpp"': skipped when looking for precompiled header use
11>          Add directive to 'core/pch_jumbo.h' or rebuild precompiled header
11>c:\users\bryan\documents\github\prest\modules\selftest\generated\selftest_jumbo_dom.cpp(56): warning C4627: '#include "modules/selftest/generated/dom/selftest/domjil/ot_dom_selftest_domjil_jil_audioplayer.cpp"': skipped when looking for precompiled header use
11>          Add directive to 'core/pch_jumbo.h' or rebuild precompiled header
11>c:\users\bryan\documents\github\prest\modules\selftest\generated\selftest_jumbo_geolocation.cpp(18): fatal error C1010: unexpected end of file while looking for precompiled header. Did you forget to add '#include "core/pch_jumbo.h"' to your source?
11>c:\users\bryan\documents\github\prest\modules\selftest\generated\selftest_jumbo_gadgets.cpp(24): warning C4627: '#include "modules/selftest/generated/gadgets/ot_gadgets_unite.cpp"': skipped when looking for precompiled header use
11>          Add directive to 'core/pch_jumbo.h' or rebuild precompiled header
11>c:\users\bryan\documents\github\prest\modules\selftest\generated\selftest_jumbo_forms.cpp(25): warning C4627: '#include "modules/selftest/generated/forms/selftest/ot_forms_selftest_webforms2.cpp"': skipped when looking for precompiled header use
11>          Add directive to 'core/pch_jumbo.h' or rebuild precompiled header
11>c:\users\bryan\documents\github\prest\modules\selftest\generated\selftest_jumbo_history.cpp(23): warning C4627: '#include "modules/selftest/generated/history/selftest/ot_history_selftest_iterationtest.cpp"': skipped when looking for precompiled header use
11>          Add directive to 'core/pch_jumbo.h' or rebuild precompiled header
11>c:\users\bryan\documents\github\prest\modules\selftest\generated\selftest_jumbo_idna.cpp(17): fatal error C1010: unexpected end of file while looking for precompiled header. Did you forget to add '#include "core/pch_jumbo.h"' to your source?
11>c:\users\bryan\documents\github\prest\modules\dom\dom_jumbo.cpp(238): warning C4627: '#include "modules/dom/src/extensions/domextensioncontext.cpp"': skipped when looking for precompiled header use
11>          Add directive to 'core/pch_jumbo.h' or rebuild precompiled header
11>c:\users\bryan\documents\github\prest\modules\selftest\generated\selftest_jumbo_hardcore.cpp(20): warning C4627: '#include "modules/selftest/generated/hardcore/tests/ot_hardcore_tests_component.cpp"': skipped when looking for precompiled header use
11>          Add directive to 'core/pch_jumbo.h' or rebuild precompiled header
11>c:\users\bryan\documents\github\prest\modules\selftest\generated\selftest_jumbo_gadgets.cpp(25): fatal error C1010: unexpected end of file while looking for precompiled header. Did you forget to add '#include "core/pch_jumbo.h"' to your source?
11>c:\users\bryan\documents\github\prest\modules\selftest\generated\selftest_jumbo_forms.cpp(26): warning C4627: '#include "modules/selftest/generated/forms/selftest/ot_forms_selftest_webforms2_color.cpp"': skipped when looking for precompiled header use
11>          Add directive to 'core/pch_jumbo.h' or rebuild precompiled header
11>c:\users\bryan\documents\github\prest\modules\selftest\generated\selftest_jumbo_dom.cpp(57): warning C4627: '#include "modules/selftest/generated/dom/selftest/domjil/ot_dom_selftest_domjil_jil_calendar.cpp"': skipped when looking for precompiled header use
11>          Add directive to 'core/pch_jumbo.h' or rebuild precompiled header
11>c:\users\bryan\documents\github\prest\modules\selftest\generated\selftest_jumbo_history.cpp(24): warning C4627: '#include "modules/selftest/generated/history/selftest/ot_history_selftest_nicktest.cpp"': skipped when looking for precompiled header use
11>          Add directive to 'core/pch_jumbo.h' or rebuild precompiled header
11>c:\users\bryan\documents\github\prest\modules\dom\dom_jumbo.cpp(239): warning C4627: '#include "modules/dom/src/extensions/domextensioncontexts.cpp"': skipped when looking for precompiled header use
11>          Add directive to 'core/pch_jumbo.h' or rebuild precompiled header
11>c:\users\bryan\documents\github\prest\modules\selftest\generated\selftest_jumbo_hardcore.cpp(21): warning C4627: '#include "modules/selftest/generated/hardcore/tests/ot_hardcore_tests_cpuusagetracker.cpp"': skipped when looking for precompiled header use
11>          Add directive to 'core/pch_jumbo.h' or rebuild precompiled header
11>c:\users\bryan\documents\github\prest\modules\selftest\generated\selftest_jumbo_forms.cpp(27): warning C4627: '#include "modules/selftest/generated/forms/selftest/ot_forms_selftest_webforms2_date.cpp"': skipped when looking for precompiled header use
11>          Add directive to 'core/pch_jumbo.h' or rebuild precompiled header
11>c:\users\bryan\documents\github\prest\modules\selftest\generated\selftest_jumbo_history.cpp(25): warning C4627: '#include "modules/selftest/generated/history/selftest/ot_history_selftest_popularitytest.cpp"': skipped when looking for precompiled header use
11>          Add directive to 'core/pch_jumbo.h' or rebuild precompiled header
11>c:\users\bryan\documents\github\prest\modules\selftest\generated\selftest_jumbo_dom.cpp(58): warning C4627: '#include "modules/selftest/generated/dom/selftest/domjil/ot_dom_selftest_domjil_jil_callrecord.cpp"': skipped when looking for precompiled header use
11>          Add directive to 'core/pch_jumbo.h' or rebuild precompiled header
11>c:\users\bryan\documents\github\prest\modules\dom\dom_jumbo.cpp(240): warning C4627: '#include "modules/dom/src/extensions/domextensionmanager.cpp"': skipped when looking for precompiled header use
11>          Add directive to 'core/pch_jumbo.h' or rebuild precompiled header
11>c:\users\bryan\documents\github\prest\modules\selftest\generated\selftest_jumbo_history.cpp(26): warning C4627: '#include "modules/selftest/generated/history/selftest/ot_history_selftest_readwritetest.cpp"': skipped when looking for precompiled header use
11>          Add directive to 'core/pch_jumbo.h' or rebuild precompiled header
11>c:\users\bryan\documents\github\prest\modules\selftest\generated\selftest_jumbo_forms.cpp(28): warning C4627: '#include "modules/selftest/generated/forms/selftest/ot_forms_selftest_webforms2_datetime.cpp"': skipped when looking for precompiled header use
11>          Add directive to 'core/pch_jumbo.h' or rebuild precompiled header
11>c:\users\bryan\documents\github\prest\modules\selftest\generated\selftest_jumbo_hardcore.cpp(22): warning C4627: '#include "modules/selftest/generated/hardcore/tests/ot_hardcore_tests_cpuusagetrackeractivator.cpp"': skipped when looking for precompiled header use
11>          Add directive to 'core/pch_jumbo.h' or rebuild precompiled header
11>c:\users\bryan\documents\github\prest\modules\selftest\generated\selftest_jumbo_dom.cpp(59): warning C4627: '#include "modules/selftest/generated/dom/selftest/domjil/ot_dom_selftest_domjil_jil_callrecordtypes.cpp"': skipped when looking for precompiled header use
11>          Add directive to 'core/pch_jumbo.h' or rebuild precompiled header
11>c:\users\bryan\documents\github\prest\modules\selftest\generated\selftest_jumbo_history.cpp(27): warning C4627: '#include "modules/selftest/generated/history/selftest/ot_history_selftest_splaykeytest.cpp"': skipped when looking for precompiled header use
11>          Add directive to 'core/pch_jumbo.h' or rebuild precompiled header
11>c:\users\bryan\documents\github\prest\modules\selftest\generated\selftest_jumbo_forms.cpp(29): warning C4627: '#include "modules/selftest/generated/forms/selftest/ot_forms_selftest_webforms2_formtag.cpp"': skipped when looking for precompiled header use
11>          Add directive to 'core/pch_jumbo.h' or rebuild precompiled header
11>c:\users\bryan\documents\github\prest\modules\dom\dom_jumbo.cpp(241): warning C4627: '#include "modules/dom/src/extensions/domextensionpagecontext.cpp"': skipped when looking for precompiled header use
11>          Add directive to 'core/pch_jumbo.h' or rebuild precompiled header
11>  selftest_jumbo_img.cpp
11>c:\users\bryan\documents\github\prest\modules\selftest\generated\selftest_jumbo_hardcore.cpp(23): warning C4627: '#include "modules/selftest/generated/hardcore/tests/ot_hardcore_tests_endiantest.cpp"': skipped when looking for precompiled header use
11>          Add directive to 'core/pch_jumbo.h' or rebuild precompiled header
11>c:\users\bryan\documents\github\prest\modules\selftest\generated\selftest_jumbo_forms.cpp(30): warning C4627: '#include "modules/selftest/generated/forms/selftest/ot_forms_selftest_webforms2_month.cpp"': skipped when looking for precompiled header use
11>          Add directive to 'core/pch_jumbo.h' or rebuild precompiled header
11>c:\users\bryan\documents\github\prest\modules\selftest\generated\selftest_jumbo_history.cpp(28): warning C4627: '#include "modules/selftest/generated/history/selftest/ot_history_selftest_typed_addtest.cpp"': skipped when looking for precompiled header use
11>          Add directive to 'core/pch_jumbo.h' or rebuild precompiled header
11>c:\users\bryan\documents\github\prest\modules\selftest\generated\selftest_jumbo_dom.cpp(60): warning C4627: '#include "modules/selftest/generated/dom/selftest/domjil/ot_dom_selftest_domjil_jil_camera.cpp"': skipped when looking for precompiled header use
11>          Add directive to 'core/pch_jumbo.h' or rebuild precompiled header
11>c:\users\bryan\documents\github\prest\modules\selftest\generated\selftest_jumbo_forms.cpp(31): warning C4627: '#include "modules/selftest/generated/forms/selftest/ot_forms_selftest_webforms2_number.cpp"': skipped when looking for precompiled header use
11>          Add directive to 'core/pch_jumbo.h' or rebuild precompiled header
11>c:\users\bryan\documents\github\prest\modules\selftest\generated\selftest_jumbo_history.cpp(29): warning C4627: '#include "modules/selftest/generated/history/selftest/ot_history_selftest_typed_delete.cpp"': skipped when looking for precompiled header use
11>          Add directive to 'core/pch_jumbo.h' or rebuild precompiled header
11>  selftest_jumbo_inputmanager.cpp
11>  selftest_jumbo_jaypeg.cpp
11>c:\users\bryan\documents\github\prest\modules\dom\dom_jumbo.cpp(242): warning C4627: '#include "modules/dom/src/extensions/domextensionscope.cpp"': skipped when looking for precompiled header use
11>          Add directive to 'core/pch_jumbo.h' or rebuild precompiled header
11>  selftest_jumbo_jsplugins.cpp
11>c:\users\bryan\documents\github\prest\modules\selftest\generated\selftest_jumbo_hardcore.cpp(24): warning C4627: '#include "modules/selftest/generated/hardcore/tests/ot_hardcore_tests_mem.cpp"': skipped when looking for precompiled header use
11>          Add directive to 'core/pch_jumbo.h' or rebuild precompiled header
11>c:\users\bryan\documents\github\prest\modules\selftest\generated\selftest_jumbo_forms.cpp(32): warning C4627: '#include "modules/selftest/generated/forms/selftest/ot_forms_selftest_webforms2_output.cpp"': skipped when looking for precompiled header use
11>          Add directive to 'core/pch_jumbo.h' or rebuild precompiled header
11>c:\users\bryan\documents\github\prest\modules\selftest\generated\selftest_jumbo_history.cpp(30): warning C4627: '#include "modules/selftest/generated/history/selftest/ot_history_selftest_typed_iterate.cpp"': skipped when looking for precompiled header use
11>          Add directive to 'core/pch_jumbo.h' or rebuild precompiled header
11>  selftest_jumbo_layout.cpp
11>c:\users\bryan\documents\github\prest\modules\selftest\generated\selftest_jumbo_dom.cpp(61): warning C4627: '#include "modules/selftest/generated/dom/selftest/domjil/ot_dom_selftest_domjil_jil_config.cpp"': skipped when looking for precompiled header use
11>          Add directive to 'core/pch_jumbo.h' or rebuild precompiled header
11>c:\users\bryan\documents\github\prest\modules\selftest\generated\selftest_jumbo_idle.cpp(15): warning C4627: '#include "modules/selftest/generated/idle/selftest/ot_idle_selftest_idle_detector.cpp"': skipped when looking for precompiled header use
11>          Add directive to 'core/pch_jumbo.h' or rebuild precompiled header
11>c:\users\bryan\documents\github\prest\modules\dom\dom_jumbo.cpp(243): warning C4627: '#include "modules/dom/src/extensions/domextensionspeeddialcontext.cpp"': skipped when looking for precompiled header use
11>          Add directive to 'core/pch_jumbo.h' or rebuild precompiled header
11>c:\users\bryan\documents\github\prest\modules\selftest\generated\selftest_jumbo_forms.cpp(33): warning C4627: '#include "modules/selftest/generated/forms/selftest/ot_forms_selftest_webforms2_pseudoclasses.cpp"': skipped when looking for precompiled header use
11>          Add directive to 'core/pch_jumbo.h' or rebuild precompiled header
11>c:\users\bryan\documents\github\prest\modules\selftest\generated\selftest_jumbo_history.cpp(31): warning C4627: '#include "modules/selftest/generated/history/selftest/ot_history_selftest_typed_readwritetest.cpp"': skipped when looking for precompiled header use
11>          Add directive to 'core/pch_jumbo.h' or rebuild precompiled header
11>c:\users\bryan\documents\github\prest\modules\selftest\generated\selftest_jumbo_dragdrop.cpp(15): warning C4627: '#include "modules/selftest/generated/dragdrop/selftest/clipboard/ot_dragdrop_selftest_clipboard_clipboard.cpp"': skipped when looking for precompiled header use
11>          Add directive to 'core/pch_jumbo.h' or rebuild precompiled header
11>c:\users\bryan\documents\github\prest\modules\selftest\generated\selftest_jumbo_hardcore.cpp(25): warning C4627: '#include "modules/selftest/generated/hardcore/tests/ot_hardcore_tests_messageaddress.cpp"': skipped when looking for precompiled header use
11>          Add directive to 'core/pch_jumbo.h' or rebuild precompiled header
11>c:\users\bryan\documents\github\prest\modules\selftest\generated\selftest_jumbo_dom.cpp(62): warning C4627: '#include "modules/selftest/generated/dom/selftest/domjil/ot_dom_selftest_domjil_jil_datanetworkinfo.cpp"': skipped when looking for precompiled header use
11>          Add directive to 'core/pch_jumbo.h' or rebuild precompiled header
11>c:\users\bryan\documents\github\prest\modules\selftest\generated\selftest_jumbo_idle.cpp(16): fatal error C1010: unexpected end of file while looking for precompiled header. Did you forget to add '#include "core/pch_jumbo.h"' to your source?
11>c:\users\bryan\documents\github\prest\modules\dom\dom_jumbo.cpp(244): warning C4627: '#include "modules/dom/src/extensions/domextensionuibadge.cpp"': skipped when looking for precompiled header use
11>          Add directive to 'core/pch_jumbo.h' or rebuild precompiled header
11>c:\users\bryan\documents\github\prest\modules\selftest\generated\selftest_jumbo_forms.cpp(34): warning C4627: '#include "modules/selftest/generated/forms/selftest/ot_forms_selftest_webforms2_seeding.cpp"': skipped when looking for precompiled header use
11>          Add directive to 'core/pch_jumbo.h' or rebuild precompiled header
11>c:\users\bryan\documents\github\prest\modules\selftest\generated\selftest_jumbo_history.cpp(32): warning C4627: '#include "modules/selftest/generated/history/selftest/ot_history_selftest_typed_resize.cpp"': skipped when looking for precompiled header use
11>          Add directive to 'core/pch_jumbo.h' or rebuild precompiled header
11>c:\users\bryan\documents\github\prest\modules\selftest\generated\selftest_jumbo_dragdrop.cpp(16): warning C4627: '#include "modules/selftest/generated/dragdrop/selftest/ot_dragdrop_selftest_dnd.cpp"': skipped when looking for precompiled header use
11>          Add directive to 'core/pch_jumbo.h' or rebuild precompiled header
11>c:\users\bryan\documents\github\prest\modules\selftest\generated\selftest_jumbo_img.cpp(15): warning C4627: '#include "modules/selftest/generated/img/selftest/ot_img_selftest_animation.cpp"': skipped when looking for precompiled header use
11>          Add directive to 'core/pch_jumbo.h' or rebuild precompiled header
11>c:\users\bryan\documents\github\prest\modules\selftest\generated\selftest_jumbo_hardcore.cpp(26): warning C4627: '#include "modules/selftest/generated/hardcore/tests/ot_hardcore_tests_opmemorypool.cpp"': skipped when looking for precompiled header use
11>          Add directive to 'core/pch_jumbo.h' or rebuild precompiled header
11>c:\users\bryan\documents\github\prest\modules\selftest\generated\selftest_jumbo_forms.cpp(35): warning C4627: '#include "modules/selftest/generated/forms/selftest/ot_forms_selftest_webforms2_time.cpp"': skipped when looking for precompiled header use
11>          Add directive to 'core/pch_jumbo.h' or rebuild precompiled header
11>c:\users\bryan\documents\github\prest\modules\dom\dom_jumbo.cpp(245): warning C4627: '#include "modules/dom/src/extensions/domextensionuiitem.cpp"': skipped when looking for precompiled header use
11>          Add directive to 'core/pch_jumbo.h' or rebuild precompiled header
11>c:\users\bryan\documents\github\prest\modules\selftest\generated\selftest_jumbo_history.cpp(33): warning C4627: '#include "modules/selftest/generated/history/selftest/ot_history_selftest_typed_sync.cpp"': skipped when looking for precompiled header use
11>          Add directive to 'core/pch_jumbo.h' or rebuild precompiled header
11>c:\users\bryan\documents\github\prest\modules\selftest\generated\selftest_jumbo_dom.cpp(63): warning C4627: '#include "modules/selftest/generated/dom/selftest/domjil/ot_dom_selftest_domjil_jil_device.cpp"': skipped when looking for precompiled header use
11>          Add directive to 'core/pch_jumbo.h' or rebuild precompiled header
11>c:\users\bryan\documents\github\prest\modules\selftest\generated\selftest_jumbo_dragdrop.cpp(17): fatal error C1010: unexpected end of file while looking for precompiled header. Did you forget to add '#include "core/pch_jumbo.h"' to your source?
11>c:\users\bryan\documents\github\prest\modules\selftest\generated\selftest_jumbo_img.cpp(16): warning C4627: '#include "modules/selftest/generated/img/selftest/ot_img_selftest_gif.cpp"': skipped when looking for precompiled header use
11>          Add directive to 'core/pch_jumbo.h' or rebuild precompiled header
11>c:\users\bryan\documents\github\prest\modules\selftest\generated\selftest_jumbo_forms.cpp(36): warning C4627: '#include "modules/selftest/generated/forms/selftest/ot_forms_selftest_webforms2_timezone.cpp"': skipped when looking for precompiled header use
11>          Add directive to 'core/pch_jumbo.h' or rebuild precompiled header
11>c:\users\bryan\documents\github\prest\modules\selftest\generated\selftest_jumbo_hardcore.cpp(27): warning C4627: '#include "modules/selftest/generated/hardcore/tests/ot_hardcore_tests_optimer.cpp"': skipped when looking for precompiled header use
11>          Add directive to 'core/pch_jumbo.h' or rebuild precompiled header
11>c:\users\bryan\documents\github\prest\modules\selftest\generated\selftest_jumbo_history.cpp(34): warning C4627: '#include "modules/selftest/generated/history/selftest/ot_history_selftest_unescapedtest.cpp"': skipped when looking for precompiled header use
11>          Add directive to 'core/pch_jumbo.h' or rebuild precompiled header
11>c:\users\bryan\documents\github\prest\modules\dom\dom_jumbo.cpp(246): warning C4627: '#include "modules/dom/src/extensions/domextensionuiitemevent.cpp"': skipped when looking for precompiled header use
11>          Add directive to 'core/pch_jumbo.h' or rebuild precompiled header
11>c:\users\bryan\documents\github\prest\modules\selftest\generated\selftest_jumbo_dom.cpp(64): warning C4627: '#include "modules/selftest/generated/dom/selftest/domjil/ot_dom_selftest_domjil_jil_devicestateinfo.cpp"': skipped when looking for precompiled header use
11>          Add directive to 'core/pch_jumbo.h' or rebuild precompiled header
11>c:\users\bryan\documents\github\prest\modules\selftest\generated\selftest_jumbo_img.cpp(17): warning C4627: '#include "modules/selftest/generated/img/selftest/ot_img_selftest_imagedump.cpp"': skipped when looking for precompiled header use
11>          Add directive to 'core/pch_jumbo.h' or rebuild precompiled header
11>c:\users\bryan\documents\github\prest\modules\selftest\generated\selftest_jumbo_forms.cpp(37): warning C4627: '#include "modules/selftest/generated/forms/selftest/ot_forms_selftest_webforms2_validation.cpp"': skipped when looking for precompiled header use
11>          Add directive to 'core/pch_jumbo.h' or rebuild precompiled header
11>c:\users\bryan\documents\github\prest\modules\selftest\generated\selftest_jumbo_history.cpp(35): fatal error C1010: unexpected end of file while looking for precompiled header. Did you forget to add '#include "core/pch_jumbo.h"' to your source?
11>  selftest_jumbo_lea_malloc.cpp
11>c:\users\bryan\documents\github\prest\modules\selftest\generated\selftest_jumbo_hardcore.cpp(28): warning C4627: '#include "modules/selftest/generated/hardcore/tests/ot_hardcore_tests_syncmessenger.cpp"': skipped when looking for precompiled header use
11>          Add directive to 'core/pch_jumbo.h' or rebuild precompiled header
11>c:\users\bryan\documents\github\prest\modules\dom\dom_jumbo.cpp(247): warning C4627: '#include "modules/dom/src/extensions/domextensionuipopup.cpp"': skipped when looking for precompiled header use
11>          Add directive to 'core/pch_jumbo.h' or rebuild precompiled header
11>c:\users\bryan\documents\github\prest\modules\selftest\generated\selftest_jumbo_inputmanager.cpp(15): warning C4627: '#include "modules/selftest/generated/inputmanager/selftest/ot_inputmanager_selftest_actions.cpp"': skipped when looking for precompiled header use
11>          Add directive to 'core/pch_jumbo.h' or rebuild precompiled header
13>  Compiling...
13>  utf8.cpp
11>c:\users\bryan\documents\github\prest\modules\selftest\generated\selftest_jumbo_forms.cpp(38): warning C4627: '#include "modules/selftest/generated/forms/selftest/ot_forms_selftest_webforms2_week.cpp"': skipped when looking for precompiled header use
11>          Add directive to 'core/pch_jumbo.h' or rebuild precompiled header
11>c:\users\bryan\documents\github\prest\modules\selftest\generated\selftest_jumbo_img.cpp(18): warning C4627: '#include "modules/selftest/generated/img/selftest/ot_img_selftest_img.cpp"': skipped when looking for precompiled header use
11>          Add directive to 'core/pch_jumbo.h' or rebuild precompiled header
11>c:\users\bryan\documents\github\prest\modules\selftest\generated\selftest_jumbo_dom.cpp(65): warning C4627: '#include "modules/selftest/generated/dom/selftest/domjil/ot_dom_selftest_domjil_jil_exception.cpp"': skipped when looking for precompiled header use
11>          Add directive to 'core/pch_jumbo.h' or rebuild precompiled header
11>c:\users\bryan\documents\github\prest\modules\dom\dom_jumbo.cpp(248): warning C4627: '#include "modules/dom/src/extensions/domextensionurlfilter.cpp"': skipped when looking for precompiled header use
11>          Add directive to 'core/pch_jumbo.h' or rebuild precompiled header
11>c:\users\bryan\documents\github\prest\modules\selftest\generated\selftest_jumbo_hardcore.cpp(29): warning C4627: '#include "modules/selftest/generated/hardcore/tests/ot_hardcore_tests_system.cpp"': skipped when looking for precompiled header use
11>          Add directive to 'core/pch_jumbo.h' or rebuild precompiled header
11>c:\users\bryan\documents\github\prest\modules\selftest\generated\selftest_jumbo_forms.cpp(39): warning C4627: '#include "modules/selftest/generated/forms/selftest/ot_forms_selftest_wml.cpp"': skipped when looking for precompiled header use
11>          Add directive to 'core/pch_jumbo.h' or rebuild precompiled header
11>c:\users\bryan\documents\github\prest\modules\selftest\generated\selftest_jumbo_img.cpp(19): warning C4627: '#include "modules/selftest/generated/img/selftest/ot_img_selftest_imgcache.cpp"': skipped when looking for precompiled header use
11>          Add directive to 'core/pch_jumbo.h' or rebuild precompiled header
11>c:\users\bryan\documents\github\prest\modules\selftest\generated\selftest_jumbo_inputmanager.cpp(16): warning C4627: '#include "modules/selftest/generated/inputmanager/selftest/ot_inputmanager_selftest_context.cpp"': skipped when looking for precompiled header use
11>          Add directive to 'core/pch_jumbo.h' or rebuild precompiled header
11>  selftest_jumbo_libcrypto.cpp
11>  selftest_jumbo_libfreetype.cpp
11>c:\users\bryan\documents\github\prest\modules\dom\dom_jumbo.cpp(249): warning C4627: '#include "modules/dom/src/extensions/domtabsapihelper.cpp"': skipped when looking for precompiled header use
11>          Add directive to 'core/pch_jumbo.h' or rebuild precompiled header
11>c:\users\bryan\documents\github\prest\modules\selftest\generated\selftest_jumbo_dom.cpp(66): warning C4627: '#include "modules/selftest/generated/dom/selftest/domjil/ot_dom_selftest_domjil_jil_feature_check.cpp"': skipped when looking for precompiled header use
11>          Add directive to 'core/pch_jumbo.h' or rebuild precompiled header
11>c:\users\bryan\documents\github\prest\modules\selftest\generated\selftest_jumbo_forms.cpp(40): fatal error C1010: unexpected end of file while looking for precompiled header. Did you forget to add '#include "core/pch_jumbo.h"' to your source?
11>c:\users\bryan\documents\github\prest\modules\selftest\generated\selftest_jumbo_hardcore.cpp(30): warning C4627: '#include "modules/selftest/generated/hardcore/tests/ot_hardcore_tests_typedmessage.cpp"': skipped when looking for precompiled header use
11>          Add directive to 'core/pch_jumbo.h' or rebuild precompiled header
11>c:\users\bryan\documents\github\prest\modules\selftest\generated\selftest_jumbo_img.cpp(20): warning C4627: '#include "modules/selftest/generated/img/selftest/ot_img_selftest_webp.cpp"': skipped when looking for precompiled header use
11>          Add directive to 'core/pch_jumbo.h' or rebuild precompiled header
11>c:\users\bryan\documents\github\prest\modules\selftest\generated\selftest_jumbo_inputmanager.cpp(17): warning C4627: '#include "modules/selftest/generated/inputmanager/selftest/ot_inputmanager_selftest_inputmanager.cpp"': skipped when looking for precompiled header use
11>          Add directive to 'core/pch_jumbo.h' or rebuild precompiled header
11>c:\users\bryan\documents\github\prest\modules\dom\dom_jumbo.cpp(250): warning C4627: '#include "modules/dom/src/extensions/dombrowsertab.cpp"': skipped when looking for precompiled header use
11>          Add directive to 'core/pch_jumbo.h' or rebuild precompiled header
11>c:\users\bryan\documents\github\prest\modules\selftest\generated\selftest_jumbo_dom.cpp(67): warning C4627: '#include "modules/selftest/generated/dom/selftest/domjil/ot_dom_selftest_domjil_jil_message.cpp"': skipped when looking for precompiled header use
11>          Add directive to 'core/pch_jumbo.h' or rebuild precompiled header
11>c:\users\bryan\documents\github\prest\modules\selftest\generated\selftest_jumbo_jaypeg.cpp(15): warning C4627: '#include "modules/selftest/generated/jaypeg/selftest/ot_jaypeg_selftest_jaypeg.cpp"': skipped when looking for precompiled header use
11>          Add directive to 'core/pch_jumbo.h' or rebuild precompiled header
11>  selftest_jumbo_libgogi.cpp
11>c:\users\bryan\documents\github\prest\modules\selftest\generated\selftest_jumbo_img.cpp(21): fatal error C1010: unexpected end of file while looking for precompiled header. Did you forget to add '#include "core/pch_jumbo.h"' to your source?
11>c:\users\bryan\documents\github\prest\modules\selftest\generated\selftest_jumbo_hardcore.cpp(31): warning C4627: '#include "modules/selftest/generated/hardcore/tests/ot_hardcore_tests_types.cpp"': skipped when looking for precompiled header use
11>          Add directive to 'core/pch_jumbo.h' or rebuild precompiled header
11>c:\users\bryan\documents\github\prest\modules\selftest\generated\selftest_jumbo_inputmanager.cpp(18): fatal error C1010: unexpected end of file while looking for precompiled header. Did you forget to add '#include "core/pch_jumbo.h"' to your source?
11>c:\users\bryan\documents\github\prest\modules\dom\dom_jumbo.cpp(251): warning C4627: '#include "modules/dom/src/extensions/dombrowsertabs.cpp"': skipped when looking for precompiled header use
11>          Add directive to 'core/pch_jumbo.h' or rebuild precompiled header
11>c:\users\bryan\documents\github\prest\modules\selftest\generated\selftest_jumbo_dom.cpp(68): warning C4627: '#include "modules/selftest/generated/dom/selftest/domjil/ot_dom_selftest_domjil_jil_messagetypes.cpp"': skipped when looking for precompiled header use
11>          Add directive to 'core/pch_jumbo.h' or rebuild precompiled header
11>c:\users\bryan\documents\github\prest\modules\selftest\generated\selftest_jumbo_jaypeg.cpp(16): fatal error C1010: unexpected end of file while looking for precompiled header. Did you forget to add '#include "core/pch_jumbo.h"' to your source?
11>c:\users\bryan\documents\github\prest\modules\selftest\generated\selftest_jumbo_hardcore.cpp(32): fatal error C1010: unexpected end of file while looking for precompiled header. Did you forget to add '#include "core/pch_jumbo.h"' to your source?
11>  selftest_jumbo_libopeay.cpp
11>c:\users\bryan\documents\github\prest\modules\selftest\generated\selftest_jumbo_jsplugins.cpp(15): warning C4627: '#include "modules/selftest/generated/jsplugins/src/ot_jsplugins_src_jsplugins.cpp"': skipped when looking for precompiled header use
11>          Add directive to 'core/pch_jumbo.h' or rebuild precompiled header
11>c:\users\bryan\documents\github\prest\modules\dom\dom_jumbo.cpp(252): warning C4627: '#include "modules/dom/src/extensions/dombrowsertabevent.cpp"': skipped when looking for precompiled header use
11>          Add directive to 'core/pch_jumbo.h' or rebuild precompiled header
11>c:\users\bryan\documents\github\prest\modules\selftest\generated\selftest_jumbo_dom.cpp(69): warning C4627: '#include "modules/selftest/generated/dom/selftest/domjil/ot_dom_selftest_domjil_jil_messaging.cpp"': skipped when looking for precompiled header use
11>          Add directive to 'core/pch_jumbo.h' or rebuild precompiled header
11>c:\users\bryan\documents\github\prest\modules\selftest\generated\selftest_jumbo_jsplugins.cpp(16): warning C4627: '#include "modules/selftest/generated/jsplugins/src/ot_jsplugins_src_jsplugins_async.cpp"': skipped when looking for precompiled header use
11>          Add directive to 'core/pch_jumbo.h' or rebuild precompiled header
11>c:\users\bryan\documents\github\prest\modules\dom\dom_jumbo.cpp(253): warning C4627: '#include "modules/dom/src/extensions/dombrowsertabgroup.cpp"': skipped when looking for precompiled header use
11>          Add directive to 'core/pch_jumbo.h' or rebuild precompiled header
11>c:\users\bryan\documents\github\prest\modules\selftest\generated\selftest_jumbo_dom.cpp(70): warning C4627: '#include "modules/selftest/generated/dom/selftest/domjil/ot_dom_selftest_domjil_jil_multimedia.cpp"': skipped when looking for precompiled header use
11>          Add directive to 'core/pch_jumbo.h' or rebuild precompiled header
11>c:\users\bryan\documents\github\prest\modules\selftest\generated\selftest_jumbo_jsplugins.cpp(17): warning C4627: '#include "modules/selftest/generated/jsplugins/src/ot_jsplugins_src_jsplugins_attr_change.cpp"': skipped when looking for precompiled header use
11>          Add directive to 'core/pch_jumbo.h' or rebuild precompiled header
11>c:\users\bryan\documents\github\prest\modules\selftest\generated\selftest_jumbo_layout.cpp(15): warning C4627: '#include "modules/selftest/generated/layout/selftest/ot_layout_selftest_backgrounds.cpp"': skipped when looking for precompiled header use
11>          Add directive to 'core/pch_jumbo.h' or rebuild precompiled header
11>c:\users\bryan\documents\github\prest\modules\dom\dom_jumbo.cpp(254): warning C4627: '#include "modules/dom/src/extensions/dombrowsertabgroups.cpp"': skipped when looking for precompiled header use
11>          Add directive to 'core/pch_jumbo.h' or rebuild precompiled header
11>  selftest_jumbo_libssl.cpp
11>c:\users\bryan\documents\github\prest\modules\selftest\generated\selftest_jumbo_dom.cpp(71): warning C4627: '#include "modules/selftest/generated/dom/selftest/domjil/ot_dom_selftest_domjil_jil_pim.cpp"': skipped when looking for precompiled header use
11>          Add directive to 'core/pch_jumbo.h' or rebuild precompiled header
11>  selftest_jumbo_libvega.cpp
11>c:\users\bryan\documents\github\prest\modules\selftest\generated\selftest_jumbo_jsplugins.cpp(18): warning C4627: '#include "modules/selftest/generated/jsplugins/src/ot_jsplugins_src_jsplugins_dynamic.cpp"': skipped when looking for precompiled header use
11>          Add directive to 'core/pch_jumbo.h' or rebuild precompiled header
11>c:\users\bryan\documents\github\prest\modules\selftest\generated\selftest_jumbo_layout.cpp(16): warning C4627: '#include "modules/selftest/generated/layout/selftest/ot_layout_selftest_bidi.cpp"': skipped when looking for precompiled header use
11>          Add directive to 'core/pch_jumbo.h' or rebuild precompiled header
11>c:\users\bryan\documents\github\prest\modules\dom\dom_jumbo.cpp(255): warning C4627: '#include "modules/dom/src/extensions/dombrowsertabgroupevent.cpp"': skipped when looking for precompiled header use
11>          Add directive to 'core/pch_jumbo.h' or rebuild precompiled header
11>c:\users\bryan\documents\github\prest\modules\selftest\generated\selftest_jumbo_dom.cpp(72): warning C4627: '#include "modules/selftest/generated/dom/selftest/domjil/ot_dom_selftest_domjil_jil_powerinfo.cpp"': skipped when looking for precompiled header use
11>          Add directive to 'core/pch_jumbo.h' or rebuild precompiled header
11>c:\users\bryan\documents\github\prest\modules\selftest\generated\selftest_jumbo_jsplugins.cpp(19): warning C4627: '#include "modules/selftest/generated/jsplugins/src/ot_jsplugins_src_jsplugins_object.cpp"': skipped when looking for precompiled header use
11>          Add directive to 'core/pch_jumbo.h' or rebuild precompiled header
11>c:\users\bryan\documents\github\prest\modules\selftest\generated\selftest_jumbo_layout.cpp(17): warning C4627: '#include "modules/selftest/generated/layout/selftest/ot_layout_selftest_border-radius.cpp"': skipped when looking for precompiled header use
11>          Add directive to 'core/pch_jumbo.h' or rebuild precompiled header
11>c:\users\bryan\documents\github\prest\modules\dom\dom_jumbo.cpp(256): warning C4627: '#include "modules/dom/src/extensions/dombrowserwindow.cpp"': skipped when looking for precompiled header use
11>          Add directive to 'core/pch_jumbo.h' or rebuild precompiled header
11>c:\users\bryan\documents\github\prest\modules\selftest\generated\selftest_jumbo_dom.cpp(73): warning C4627: '#include "modules/selftest/generated/dom/selftest/domjil/ot_dom_selftest_domjil_jil_radioinfo.cpp"': skipped when looking for precompiled header use
11>          Add directive to 'core/pch_jumbo.h' or rebuild precompiled header
11>c:\users\bryan\documents\github\prest\modules\selftest\generated\selftest_jumbo_jsplugins.cpp(20): warning C4627: '#include "modules/selftest/generated/jsplugins/src/ot_jsplugins_src_jsplugins_param_set.cpp"': skipped when looking for precompiled header use
11>          Add directive to 'core/pch_jumbo.h' or rebuild precompiled header
11>c:\users\bryan\documents\github\prest\modules\selftest\generated\selftest_jumbo_layout.cpp(18): warning C4627: '#include "modules/selftest/generated/layout/selftest/ot_layout_selftest_boundingbox.cpp"': skipped when looking for precompiled header use
11>          Add directive to 'core/pch_jumbo.h' or rebuild precompiled header
11>c:\users\bryan\documents\github\prest\modules\selftest\generated\selftest_jumbo_dom.cpp(74): warning C4627: '#include "modules/selftest/generated/dom/selftest/domjil/ot_dom_selftest_domjil_jil_telephony.cpp"': skipped when looking for precompiled header use
11>          Add directive to 'core/pch_jumbo.h' or rebuild precompiled header
11>c:\users\bryan\documents\github\prest\modules\dom\dom_jumbo.cpp(257): warning C4627: '#include "modules/dom/src/extensions/dombrowserwindows.cpp"': skipped when looking for precompiled header use
11>          Add directive to 'core/pch_jumbo.h' or rebuild precompiled header
11>c:\users\bryan\documents\github\prest\modules\selftest\generated\selftest_jumbo_jsplugins.cpp(21): warning C4627: '#include "modules/selftest/generated/jsplugins/src/ot_jsplugins_src_jsplugins_security.cpp"': skipped when looking for precompiled header use
11>          Add directive to 'core/pch_jumbo.h' or rebuild precompiled header
11>c:\users\bryan\documents\github\prest\modules\selftest\generated\selftest_jumbo_layout.cpp(19): warning C4627: '#include "modules/selftest/generated/layout/selftest/ot_layout_selftest_box.cpp"': skipped when looking for precompiled header use
11>          Add directive to 'core/pch_jumbo.h' or rebuild precompiled header
11>c:\users\bryan\documents\github\prest\modules\selftest\generated\selftest_jumbo_dom.cpp(75): warning C4627: '#include "modules/selftest/generated/dom/selftest/domjil/ot_dom_selftest_domjil_jil_videoplayer.cpp"': skipped when looking for precompiled header use
11>          Add directive to 'core/pch_jumbo.h' or rebuild precompiled header
11>c:\users\bryan\documents\github\prest\modules\selftest\generated\selftest_jumbo_jsplugins.cpp(22): fatal error C1010: unexpected end of file while looking for precompiled header. Did you forget to add '#include "core/pch_jumbo.h"' to your source?
11>c:\users\bryan\documents\github\prest\modules\dom\dom_jumbo.cpp(258): warning C4627: '#include "modules/dom/src/extensions/dombrowserwindowevent.cpp"': skipped when looking for precompiled header use
11>          Add directive to 'core/pch_jumbo.h' or rebuild precompiled header
11>c:\users\bryan\documents\github\prest\modules\selftest\generated\selftest_jumbo_layout.cpp(20): warning C4627: '#include "modules/selftest/generated/layout/selftest/ot_layout_selftest_broken.cpp"': skipped when looking for precompiled header use
11>          Add directive to 'core/pch_jumbo.h' or rebuild precompiled header
11>c:\users\bryan\documents\github\prest\modules\selftest\generated\selftest_jumbo_dom.cpp(76): warning C4627: '#include "modules/selftest/generated/dom/selftest/domjil/ot_dom_selftest_domjil_jil_widget.cpp"': skipped when looking for precompiled header use
11>          Add directive to 'core/pch_jumbo.h' or rebuild precompiled header
13>  OpHashTable.cpp
13>  bytebuffer.cpp
11>c:\users\bryan\documents\github\prest\modules\selftest\generated\selftest_jumbo_libfreetype.cpp(15): warning C4627: '#include "modules/selftest/generated/libfreetype/selftest/ot_libfreetype_selftest_ft.cpp"': skipped when looking for precompiled header use
11>          Add directive to 'core/pch_jumbo.h' or rebuild precompiled header
11>c:\users\bryan\documents\github\prest\modules\selftest\generated\selftest_jumbo_libssl.cpp(15): warning C4627: '#include "modules/selftest/generated/libssl/external/ext_digest/ot_libssl_external_ext_digest_ext_digest_url_simple.cpp"': skipped when looking for precompiled header use
11>          Add directive to 'core/pch_jumbo.h' or rebuild precompiled header
11>c:\users\bryan\documents\github\prest\modules\dom\dom_jumbo.cpp(259): warning C4627: '#include "modules/dom/src/extensions/domtabapicache.cpp"': skipped when looking for precompiled header use
11>          Add directive to 'core/pch_jumbo.h' or rebuild precompiled header
11>  selftest_jumbo_locale.cpp
11>  selftest_jumbo_logdoc.cpp
11>c:\users\bryan\documents\github\prest\modules\selftest\generated\selftest_jumbo_libfreetype.cpp(16): fatal error C1010: unexpected end of file while looking for precompiled header. Did you forget to add '#include "core/pch_jumbo.h"' to your source?
11>c:\users\bryan\documents\github\prest\modules\selftest\generated\selftest_jumbo_dom.cpp(77): warning C4627: '#include "modules/selftest/generated/dom/selftest/domjil/ot_dom_selftest_domjil_jil_widget_events.cpp"': skipped when looking for precompiled header use
11>          Add directive to 'core/pch_jumbo.h' or rebuild precompiled header
11>c:\users\bryan\documents\github\prest\modules\dom\dom_jumbo.cpp(260): warning C4627: '#include "modules/dom/src/extensions/domtabapicachedobject.cpp"': skipped when looking for precompiled header use
11>          Add directive to 'core/pch_jumbo.h' or rebuild precompiled header
11>c:\users\bryan\documents\github\prest\modules\selftest\generated\selftest_jumbo_libssl.cpp(16): warning C4627: '#include "modules/selftest/generated/libssl/selftest/ot_libssl_selftest_ssl_cipherconn.cpp"': skipped when looking for precompiled header use
11>          Add directive to 'core/pch_jumbo.h' or rebuild precompiled header
11>c:\users\bryan\documents\github\prest\modules\selftest\generated\selftest_jumbo_libgogi.cpp(15): warning C4627: '#include "modules/selftest/generated/libgogi/selftest/ot_libgogi_selftest_libgogi.cpp"': skipped when looking for precompiled header use
11>          Add directive to 'core/pch_jumbo.h' or rebuild precompiled header
11>c:\users\bryan\documents\github\prest\modules\dom\dom_jumbo.cpp(261): warning C4627: '#include "modules/dom/src/extensions/domextensionmenucontext.cpp"': skipped when looking for precompiled header use
11>          Add directive to 'core/pch_jumbo.h' or rebuild precompiled header
11>c:\users\bryan\documents\github\prest\modules\selftest\generated\selftest_jumbo_dom.cpp(78): warning C4627: '#include "modules/selftest/generated/dom/selftest/events/ot_dom_selftest_events_cancelling.cpp"': skipped when looking for precompiled header use
11>          Add directive to 'core/pch_jumbo.h' or rebuild precompiled header
11>c:\users\bryan\documents\github\prest\modules\selftest\generated\selftest_jumbo_layout.cpp(21): warning C4627: '#include "modules/selftest/generated/layout/selftest/ot_layout_selftest_button.cpp"': skipped when looking for precompiled header use
11>          Add directive to 'core/pch_jumbo.h' or rebuild precompiled header
11>c:\users\bryan\documents\github\prest\modules\selftest\generated\selftest_jumbo_libssl.cpp(17): warning C4627: '#include "modules/selftest/generated/libssl/selftest/ot_libssl_selftest_ssl_ev.cpp"': skipped when looking for precompiled header use
11>          Add directive to 'core/pch_jumbo.h' or rebuild precompiled header
11>c:\users\bryan\documents\github\prest\modules\selftest\generated\selftest_jumbo_libgogi.cpp(16): warning C4627: '#include "modules/selftest/generated/libgogi/selftest/ot_libgogi_selftest_mde_font.cpp"': skipped when looking for precompiled header use
11>          Add directive to 'core/pch_jumbo.h' or rebuild precompiled header
11>c:\users\bryan\documents\github\prest\modules\dom\dom_jumbo.cpp(262): warning C4627: '#include "modules/dom/src/extensions/domextensionmenuitem.cpp"': skipped when looking for precompiled header use
11>          Add directive to 'core/pch_jumbo.h' or rebuild precompiled header
11>c:\users\bryan\documents\github\prest\modules\selftest\generated\selftest_jumbo_dom.cpp(79): warning C4627: '#include "modules/selftest/generated/dom/selftest/events/ot_dom_selftest_events_documentevent.cpp"': skipped when looking for precompiled header use
11>          Add directive to 'core/pch_jumbo.h' or rebuild precompiled header
11>c:\users\bryan\documents\github\prest\modules\selftest\generated\selftest_jumbo_layout.cpp(22): warning C4627: '#include "modules/selftest/generated/layout/selftest/ot_layout_selftest_cliprectobject.cpp"': skipped when looking for precompiled header use
11>          Add directive to 'core/pch_jumbo.h' or rebuild precompiled header
11>c:\users\bryan\documents\github\prest\modules\selftest\generated\selftest_jumbo_libssl.cpp(18): warning C4627: '#include "modules/selftest/generated/libssl/selftest/ot_libssl_selftest_ssl_extclientcert.cpp"': skipped when looking for precompiled header use
11>          Add directive to 'core/pch_jumbo.h' or rebuild precompiled header
11>c:\users\bryan\documents\github\prest\modules\selftest\generated\selftest_jumbo_libgogi.cpp(17): warning C4627: '#include "modules/selftest/generated/libgogi/selftest/ot_libgogi_selftest_mde_rect.cpp"': skipped when looking for precompiled header use
11>          Add directive to 'core/pch_jumbo.h' or rebuild precompiled header
11>c:\users\bryan\documents\github\prest\modules\selftest\generated\selftest_jumbo_libopeay.cpp(15): warning C4627: '#include "modules/selftest/generated/libopeay/selftest/ot_libopeay_selftest_BIGNUM.cpp"': skipped when looking for precompiled header use
11>          Add directive to 'core/pch_jumbo.h' or rebuild precompiled header
11>  selftest_jumbo_m2.cpp
11>c:\users\bryan\documents\github\prest\modules\dom\dom_jumbo.cpp(263): warning C4627: '#include "modules/dom/src/extensions/domextensionmenuevent.cpp"': skipped when looking for precompiled header use
11>          Add directive to 'core/pch_jumbo.h' or rebuild precompiled header
11>c:\users\bryan\documents\github\prest\modules\selftest\generated\selftest_jumbo_layout.cpp(23): warning C4627: '#include "modules/selftest/generated/layout/selftest/ot_layout_selftest_container.cpp"': skipped when looking for precompiled header use
11>          Add directive to 'core/pch_jumbo.h' or rebuild precompiled header
11>c:\users\bryan\documents\github\prest\modules\selftest\generated\selftest_jumbo_dom.cpp(80): warning C4627: '#include "modules/selftest/generated/dom/selftest/events/ot_dom_selftest_events_event.cpp"': skipped when looking for precompiled header use
11>          Add directive to 'core/pch_jumbo.h' or rebuild precompiled header
11>c:\users\bryan\documents\github\prest\modules\selftest\generated\selftest_jumbo_libssl.cpp(19): warning C4627: '#include "modules/selftest/generated/libssl/selftest/ot_libssl_selftest_ssl_extrep1.cpp"': skipped when looking for precompiled header use
11>          Add directive to 'core/pch_jumbo.h' or rebuild precompiled header
11>c:\users\bryan\documents\github\prest\modules\selftest\generated\selftest_jumbo_libgogi.cpp(18): warning C4627: '#include "modules/selftest/generated/libgogi/selftest/ot_libgogi_selftest_mde_region.cpp"': skipped when looking for precompiled header use
11>          Add directive to 'core/pch_jumbo.h' or rebuild precompiled header
11>c:\users\bryan\documents\github\prest\modules\selftest\generated\selftest_jumbo_libopeay.cpp(16): warning C4627: '#include "modules/selftest/generated/libopeay/selftest/ot_libopeay_selftest_EVP_PKEY.cpp"': skipped when looking for precompiled header use
11>          Add directive to 'core/pch_jumbo.h' or rebuild precompiled header
11>c:\users\bryan\documents\github\prest\modules\selftest\generated\selftest_jumbo_layout.cpp(24): warning C4627: '#include "modules/selftest/generated/layout/selftest/ot_layout_selftest_cssom-view.cpp"': skipped when looking for precompiled header use
11>          Add directive to 'core/pch_jumbo.h' or rebuild precompiled header
11>c:\users\bryan\documents\github\prest\modules\dom\dom_jumbo.cpp(264): warning C4627: '#include "modules/dom/src/extensions/domextensionmenucontext_proxy.cpp"': skipped when looking for precompiled header use
11>          Add directive to 'core/pch_jumbo.h' or rebuild precompiled header
11>c:\users\bryan\documents\github\prest\modules\selftest\generated\selftest_jumbo_dom.cpp(81): warning C4627: '#include "modules/selftest/generated/dom/selftest/events/ot_dom_selftest_events_eventcaller.cpp"': skipped when looking for precompiled header use
11>          Add directive to 'core/pch_jumbo.h' or rebuild precompiled header
11>c:\users\bryan\documents\github\prest\modules\selftest\generated\selftest_jumbo_libssl.cpp(20): warning C4627: '#include "modules/selftest/generated/libssl/selftest/ot_libssl_selftest_ssl_extrep2.cpp"': skipped when looking for precompiled header use
11>          Add directive to 'core/pch_jumbo.h' or rebuild precompiled header
11>c:\users\bryan\documents\github\prest\modules\selftest\generated\selftest_jumbo_libgogi.cpp(19): warning C4627: '#include "modules/selftest/generated/libgogi/selftest/ot_libgogi_selftest_scroll.cpp"': skipped when looking for precompiled header use
11>          Add directive to 'core/pch_jumbo.h' or rebuild precompiled header
11>c:\users\bryan\documents\github\prest\modules\selftest\generated\selftest_jumbo_lea_malloc.cpp(15): warning C4627: '#include "modules/selftest/generated/lea_malloc/ot_lea_malloc_lea_malloc_fullapi.cpp"': skipped when looking for precompiled header use
11>          Add directive to 'core/pch_jumbo.h' or rebuild precompiled header
11>c:\users\bryan\documents\github\prest\modules\selftest\generated\selftest_jumbo_libopeay.cpp(17): warning C4627: '#include "modules/selftest/generated/libopeay/selftest/ot_libopeay_selftest_ciphers.cpp"': skipped when looking for precompiled header use
11>          Add directive to 'core/pch_jumbo.h' or rebuild precompiled header
11>c:\users\bryan\documents\github\prest\modules\selftest\generated\selftest_jumbo_layout.cpp(25): warning C4627: '#include "modules/selftest/generated/layout/selftest/ot_layout_selftest_cssr.cpp"': skipped when looking for precompiled header use
11>          Add directive to 'core/pch_jumbo.h' or rebuild precompiled header
11>c:\users\bryan\documents\github\prest\modules\selftest\generated\selftest_jumbo_dom.cpp(82): warning C4627: '#include "modules/selftest/generated/dom/selftest/events/ot_dom_selftest_events_eventsource.cpp"': skipped when looking for precompiled header use
11>          Add directive to 'core/pch_jumbo.h' or rebuild precompiled header
11>c:\users\bryan\documents\github\prest\modules\dom\dom_jumbo.cpp(265): warning C4627: '#include "modules/dom/src/extensions/domextensionmenuitem_proxy.cpp"': skipped when looking for precompiled header use
11>          Add directive to 'core/pch_jumbo.h' or rebuild precompiled header
11>c:\users\bryan\documents\github\prest\modules\selftest\generated\selftest_jumbo_libgogi.cpp(20): warning C4627: '#include "modules/selftest/generated/libgogi/selftest/ot_libgogi_selftest_validation.cpp"': skipped when looking for precompiled header use
11>          Add directive to 'core/pch_jumbo.h' or rebuild precompiled header
11>c:\users\bryan\documents\github\prest\modules\selftest\generated\selftest_jumbo_libssl.cpp(21): warning C4627: '#include "modules/selftest/generated/libssl/selftest/ot_libssl_selftest_ssl_extrep2a.cpp"': skipped when looking for precompiled header use
11>          Add directive to 'core/pch_jumbo.h' or rebuild precompiled header
11>c:\users\bryan\documents\github\prest\modules\selftest\generated\selftest_jumbo_libcrypto.cpp(15): warning C4627: '#include "modules/selftest/generated/libcrypto/selftest/ot_libcrypto_selftest_blob_encryption.cpp"': skipped when looking for precompiled header use
11>          Add directive to 'core/pch_jumbo.h' or rebuild precompiled header
11>c:\users\bryan\documents\github\prest\modules\selftest\generated\selftest_jumbo_lea_malloc.cpp(16): warning C4627: '#include "modules/selftest/generated/lea_malloc/ot_lea_malloc_lea_malloc_tests.cpp"': skipped when looking for precompiled header use
11>          Add directive to 'core/pch_jumbo.h' or rebuild precompiled header
11>c:\users\bryan\documents\github\prest\modules\selftest\generated\selftest_jumbo_libopeay.cpp(18): warning C4627: '#include "modules/selftest/generated/libopeay/selftest/ot_libopeay_selftest_digest.cpp"': skipped when looking for precompiled header use
11>          Add directive to 'core/pch_jumbo.h' or rebuild precompiled header
11>c:\users\bryan\documents\github\prest\modules\dom\dom_jumbo.cpp(266): warning C4627: '#include "modules/dom/selftest/domselftestutils.cpp"': skipped when looking for precompiled header use
11>          Add directive to 'core/pch_jumbo.h' or rebuild precompiled header
11>c:\users\bryan\documents\github\prest\modules\selftest\generated\selftest_jumbo_layout.cpp(26): warning C4627: '#include "modules/selftest/generated/layout/selftest/ot_layout_selftest_documentedit.cpp"': skipped when looking for precompiled header use
11>          Add directive to 'core/pch_jumbo.h' or rebuild precompiled header
11>c:\users\bryan\documents\github\prest\modules\selftest\generated\selftest_jumbo_dom.cpp(83): warning C4627: '#include "modules/selftest/generated/dom/selftest/events/ot_dom_selftest_events_eventtarget.cpp"': skipped when looking for precompiled header use
11>          Add directive to 'core/pch_jumbo.h' or rebuild precompiled header
11>c:\users\bryan\documents\github\prest\modules\selftest\generated\selftest_jumbo_locale.cpp(15): warning C4627: '#include "modules/selftest/generated/locale/testsuite/ot_locale_testsuite_init.cpp"': skipped when looking for precompiled header use
11>          Add directive to 'core/pch_jumbo.h' or rebuild precompiled header
11>c:\users\bryan\documents\github\prest\modules\selftest\generated\selftest_jumbo_libvega.cpp(15): warning C4627: '#include "modules/selftest/generated/libvega/selftest/canvas/ot_libvega_selftest_canvas_canvas.cpp"': skipped when looking for precompiled header use
11>          Add directive to 'core/pch_jumbo.h' or rebuild precompiled header
11>c:\users\bryan\documents\github\prest\modules\selftest\generated\selftest_jumbo_libgogi.cpp(21): warning C4627: '#include "modules/selftest/generated/libgogi/selftest/ot_libgogi_selftest_visibility_change.cpp"': skipped when looking for precompiled header use
11>          Add directive to 'core/pch_jumbo.h' or rebuild precompiled header
11>c:\users\bryan\documents\github\prest\modules\selftest\generated\selftest_jumbo_libssl.cpp(22): warning C4627: '#include "modules/selftest/generated/libssl/selftest/ot_libssl_selftest_ssl_extrep3.cpp"': skipped when looking for precompiled header use
11>          Add directive to 'core/pch_jumbo.h' or rebuild precompiled header
11>c:\users\bryan\documents\github\prest\modules\selftest\generated\selftest_jumbo_libcrypto.cpp(16): warning C4627: '#include "modules/selftest/generated/libcrypto/selftest/ot_libcrypto_selftest_encrypted_file.cpp"': skipped when looking for precompiled header use
11>          Add directive to 'core/pch_jumbo.h' or rebuild precompiled header
11>c:\users\bryan\documents\github\prest\modules\selftest\generated\selftest_jumbo_lea_malloc.cpp(17): warning C4627: '#include "modules/selftest/generated/lea_malloc/ot_lea_malloc_lea_monoblock_tests.cpp"': skipped when looking for precompiled header use
11>          Add directive to 'core/pch_jumbo.h' or rebuild precompiled header
11>c:\users\bryan\documents\github\prest\modules\dom\dom_jumbo.cpp(267): warning C4627: '#include "modules/dom/src/domdatatransfer/domdatatransfer.cpp"': skipped when looking for precompiled header use
11>          Add directive to 'core/pch_jumbo.h' or rebuild precompiled header
11>c:\users\bryan\documents\github\prest\modules\selftest\generated\selftest_jumbo_layout.cpp(27): warning C4627: '#include "modules/selftest/generated/layout/selftest/ot_layout_selftest_element_search.cpp"': skipped when looking for precompiled header use
11>          Add directive to 'core/pch_jumbo.h' or rebuild precompiled header
13>  opvector.cpp
13>  excepts.cpp
13>  hash.cpp
11>c:\users\bryan\documents\github\prest\modules\selftest\generated\selftest_jumbo_libopeay.cpp(19): warning C4627: '#include "modules/selftest/generated/libopeay/selftest/ot_libopeay_selftest_evp_test.cpp"': skipped when looking for precompiled header use
11>          Add directive to 'core/pch_jumbo.h' or rebuild precompiled header
11>c:\users\bryan\documents\github\prest\modules\selftest\generated\selftest_jumbo_dom.cpp(84): warning C4627: '#include "modules/selftest/generated/dom/selftest/events/ot_dom_selftest_events_focusinout.cpp"': skipped when looking for precompiled header use
11>          Add directive to 'core/pch_jumbo.h' or rebuild precompiled header
11>c:\users\bryan\documents\github\prest\modules\selftest\generated\selftest_jumbo_locale.cpp(16): warning C4627: '#include "modules/selftest/generated/locale/testsuite/ot_locale_testsuite_locale-enum.cpp"': skipped when looking for precompiled header use
11>          Add directive to 'core/pch_jumbo.h' or rebuild precompiled header
11>c:\users\bryan\documents\github\prest\modules\selftest\generated\selftest_jumbo_libvega.cpp(16): warning C4627: '#include "modules/selftest/generated/libvega/selftest/filter/ot_libvega_selftest_filter_filter.cpp"': skipped when looking for precompiled header use
11>          Add directive to 'core/pch_jumbo.h' or rebuild precompiled header
11>c:\users\bryan\documents\github\prest\modules\selftest\generated\selftest_jumbo_libgogi.cpp(22): fatal error C1010: unexpected end of file while looking for precompiled header. Did you forget to add '#include "core/pch_jumbo.h"' to your source?
11>c:\users\bryan\documents\github\prest\modules\selftest\generated\selftest_jumbo_libssl.cpp(23): warning C4627: '#include "modules/selftest/generated/libssl/selftest/ot_libssl_selftest_ssl_importcert.cpp"': skipped when looking for precompiled header use
11>          Add directive to 'core/pch_jumbo.h' or rebuild precompiled header
11>c:\users\bryan\documents\github\prest\modules\selftest\generated\selftest_jumbo_libcrypto.cpp(17): warning C4627: '#include "modules/selftest/generated/libcrypto/selftest/ot_libcrypto_selftest_gadget_signing.cpp"': skipped when looking for precompiled header use
11>          Add directive to 'core/pch_jumbo.h' or rebuild precompiled header
11>c:\users\bryan\documents\github\prest\modules\selftest\generated\selftest_jumbo_lea_malloc.cpp(18): fatal error C1010: unexpected end of file while looking for precompiled header. Did you forget to add '#include "core/pch_jumbo.h"' to your source?
11>c:\users\bryan\documents\github\prest\modules\dom\dom_jumbo.cpp(268): fatal error C1010: unexpected end of file while looking for precompiled header. Did you forget to add '#include "core/pch_jumbo.h"' to your source?
11>c:\users\bryan\documents\github\prest\modules\selftest\generated\selftest_jumbo_logdoc.cpp(15): warning C4627: '#include "modules/selftest/generated/logdoc/ot_logdoc_actualtraverse.cpp"': skipped when looking for precompiled header use
11>          Add directive to 'core/pch_jumbo.h' or rebuild precompiled header
11>c:\users\bryan\documents\github\prest\modules\selftest\generated\selftest_jumbo_m2.cpp(15): warning C4627: '#include "modules/selftest/generated/m2/selftest/ot_m2_selftest_asyncstorereader.cpp"': skipped when looking for precompiled header use
11>          Add directive to 'core/pch_jumbo.h' or rebuild precompiled header
11>c:\users\bryan\documents\github\prest\modules\selftest\generated\selftest_jumbo_layout.cpp(28): warning C4627: '#include "modules/selftest/generated/layout/selftest/ot_layout_selftest_fallback-content.cpp"': skipped when looking for precompiled header use
11>          Add directive to 'core/pch_jumbo.h' or rebuild precompiled header
11>c:\users\bryan\documents\github\prest\modules\selftest\generated\selftest_jumbo_libopeay.cpp(20): warning C4627: '#include "modules/selftest/generated/libopeay/selftest/ot_libopeay_selftest_names.cpp"': skipped when looking for precompiled header use
11>          Add directive to 'core/pch_jumbo.h' or rebuild precompiled header
11>c:\users\bryan\documents\github\prest\modules\selftest\generated\selftest_jumbo_locale.cpp(17): warning C4627: '#include "modules/selftest/generated/locale/testsuite/ot_locale_testsuite_opbinaryfilelanguagemanager.cpp"': skipped when looking for precompiled header use
11>          Add directive to 'core/pch_jumbo.h' or rebuild precompiled header
11>c:\users\bryan\documents\github\prest\modules\selftest\generated\selftest_jumbo_dom.cpp(85): warning C4627: '#include "modules/selftest/generated/dom/selftest/events/ot_dom_selftest_events_listeneriterator.cpp"': skipped when looking for precompiled header use
11>          Add directive to 'core/pch_jumbo.h' or rebuild precompiled header
11>c:\users\bryan\documents\github\prest\modules\selftest\generated\selftest_jumbo_libvega.cpp(17): warning C4627: '#include "modules/selftest/generated/libvega/selftest/ot_libvega_selftest_libvega.cpp"': skipped when looking for precompiled header use
11>          Add directive to 'core/pch_jumbo.h' or rebuild precompiled header
11>c:\users\bryan\documents\github\prest\modules\selftest\generated\selftest_jumbo_libssl.cpp(24): warning C4627: '#include "modules/selftest/generated/libssl/selftest/ot_libssl_selftest_ssl_load_authproxy.cpp"': skipped when looking for precompiled header use
11>          Add directive to 'core/pch_jumbo.h' or rebuild precompiled header
11>c:\users\bryan\documents\github\prest\modules\selftest\generated\selftest_jumbo_libcrypto.cpp(18): warning C4627: '#include "modules/selftest/generated/libcrypto/selftest/ot_libcrypto_selftest_gadget_signing_ocsp.cpp"': skipped when looking for precompiled header use
11>          Add directive to 'core/pch_jumbo.h' or rebuild precompiled header
11>c:\users\bryan\documents\github\prest\modules\selftest\generated\selftest_jumbo_logdoc.cpp(16): warning C4627: '#include "modules/selftest/generated/logdoc/selftest/ot_logdoc_selftest_accesskeys.cpp"': skipped when looking for precompiled header use
11>          Add directive to 'core/pch_jumbo.h' or rebuild precompiled header
11>c:\users\bryan\documents\github\prest\modules\selftest\generated\selftest_jumbo_m2.cpp(16): warning C4627: '#include "modules/selftest/generated/m2/selftest/ot_m2_selftest_attachmentholder.cpp"': skipped when looking for precompiled header use
11>          Add directive to 'core/pch_jumbo.h' or rebuild precompiled header
11>c:\users\bryan\documents\github\prest\modules\selftest\generated\selftest_jumbo_layout.cpp(29): warning C4627: '#include "modules/selftest/generated/layout/selftest/ot_layout_selftest_first-line.cpp"': skipped when looking for precompiled header use
11>          Add directive to 'core/pch_jumbo.h' or rebuild precompiled header
11>c:\users\bryan\documents\github\prest\modules\selftest\generated\selftest_jumbo_libopeay.cpp(21): warning C4627: '#include "modules/selftest/generated/libopeay/selftest/ot_libopeay_selftest_x509_vfy.cpp"': skipped when looking for precompiled header use
11>          Add directive to 'core/pch_jumbo.h' or rebuild precompiled header
11>c:\users\bryan\documents\github\prest\modules\selftest\generated\selftest_jumbo_locale.cpp(18): warning C4627: '#include "modules/selftest/generated/locale/testsuite/ot_locale_testsuite_opprefsfilelanguagemanager.cpp"': skipped when looking for precompiled header use
11>          Add directive to 'core/pch_jumbo.h' or rebuild precompiled header
11>c:\users\bryan\documents\github\prest\modules\selftest\generated\selftest_jumbo_dom.cpp(86): warning C4627: '#include "modules/selftest/generated/dom/selftest/events/ot_dom_selftest_events_mutationevent.cpp"': skipped when looking for precompiled header use
11>          Add directive to 'core/pch_jumbo.h' or rebuild precompiled header
11>c:\users\bryan\documents\github\prest\modules\selftest\generated\selftest_jumbo_libvega.cpp(18): warning C4627: '#include "modules/selftest/generated/libvega/selftest/ot_libvega_selftest_numeric.cpp"': skipped when looking for precompiled header use
11>          Add directive to 'core/pch_jumbo.h' or rebuild precompiled header
11>c:\users\bryan\documents\github\prest\modules\selftest\generated\selftest_jumbo_libssl.cpp(25): warning C4627: '#include "modules/selftest/generated/libssl/selftest/ot_libssl_selftest_ssl_load_autoproxy.cpp"': skipped when looking for precompiled header use
11>          Add directive to 'core/pch_jumbo.h' or rebuild precompiled header
11>  selftest_jumbo_mac.cpp
11>c:\users\bryan\documents\github\prest\modules\selftest\generated\selftest_jumbo_logdoc.cpp(17): warning C4627: '#include "modules/selftest/generated/logdoc/selftest/ot_logdoc_selftest_attributeaccess.cpp"': skipped when looking for precompiled header use
11>          Add directive to 'core/pch_jumbo.h' or rebuild precompiled header
11>c:\users\bryan\documents\github\prest\modules\selftest\generated\selftest_jumbo_libcrypto.cpp(19): warning C4627: '#include "modules/selftest/generated/libcrypto/selftest/ot_libcrypto_selftest_hmac.cpp"': skipped when looking for precompiled header use
11>          Add directive to 'core/pch_jumbo.h' or rebuild precompiled header
11>c:\users\bryan\documents\github\prest\modules\selftest\generated\selftest_jumbo_m2.cpp(17): warning C4627: '#include "modules/selftest/generated/m2/selftest/ot_m2_selftest_duplicatetable.cpp"': skipped when looking for precompiled header use
11>          Add directive to 'core/pch_jumbo.h' or rebuild precompiled header
11>c:\users\bryan\documents\github\prest\modules\selftest\generated\selftest_jumbo_layout.cpp(30): warning C4627: '#include "modules/selftest/generated/layout/selftest/ot_layout_selftest_flexbox.cpp"': skipped when looking for precompiled header use
11>          Add directive to 'core/pch_jumbo.h' or rebuild precompiled header
11>c:\users\bryan\documents\github\prest\modules\selftest\generated\selftest_jumbo_locale.cpp(19): fatal error C1010: unexpected end of file while looking for precompiled header. Did you forget to add '#include "core/pch_jumbo.h"' to your source?
11>c:\users\bryan\documents\github\prest\modules\selftest\generated\selftest_jumbo_libopeay.cpp(22): fatal error C1010: unexpected end of file while looking for precompiled header. Did you forget to add '#include "core/pch_jumbo.h"' to your source?
11>  selftest_jumbo_mdefont.cpp
11>  selftest_jumbo_media.cpp
11>c:\users\bryan\documents\github\prest\modules\selftest\generated\selftest_jumbo_dom.cpp(87): warning C4627: '#include "modules/selftest/generated/dom/selftest/events/ot_dom_selftest_events_pagechangeevent.cpp"': skipped when looking for precompiled header use
11>          Add directive to 'core/pch_jumbo.h' or rebuild precompiled header
11>c:\users\bryan\documents\github\prest\modules\selftest\generated\selftest_jumbo_libvega.cpp(19): warning C4627: '#include "modules/selftest/generated/libvega/selftest/ot_libvega_selftest_path_category.cpp"': skipped when looking for precompiled header use
11>          Add directive to 'core/pch_jumbo.h' or rebuild precompiled header
11>c:\users\bryan\documents\github\prest\modules\selftest\generated\selftest_jumbo_libssl.cpp(26): warning C4627: '#include "modules/selftest/generated/libssl/selftest/ot_libssl_selftest_ssl_load_digestproxy.cpp"': skipped when looking for precompiled header use
11>          Add directive to 'core/pch_jumbo.h' or rebuild precompiled header
11>c:\users\bryan\documents\github\prest\modules\selftest\generated\selftest_jumbo_layout.cpp(31): warning C4627: '#include "modules/selftest/generated/layout/selftest/ot_layout_selftest_flexroot.cpp"': skipped when looking for precompiled header use
11>          Add directive to 'core/pch_jumbo.h' or rebuild precompiled header
11>c:\users\bryan\documents\github\prest\modules\selftest\generated\selftest_jumbo_logdoc.cpp(18): warning C4627: '#include "modules/selftest/generated/logdoc/selftest/ot_logdoc_selftest_attributedecoding.cpp"': skipped when looking for precompiled header use
11>          Add directive to 'core/pch_jumbo.h' or rebuild precompiled header
11>c:\users\bryan\documents\github\prest\modules\selftest\generated\selftest_jumbo_m2.cpp(18): warning C4627: '#include "modules/selftest/generated/m2/selftest/ot_m2_selftest_engine.cpp"': skipped when looking for precompiled header use
11>          Add directive to 'core/pch_jumbo.h' or rebuild precompiled header
11>c:\users\bryan\documents\github\prest\modules\selftest\generated\selftest_jumbo_libcrypto.cpp(20): warning C4627: '#include "modules/selftest/generated/libcrypto/selftest/ot_libcrypto_selftest_master_password_encryption.cpp"': skipped when looking for precompiled header use
11>          Add directive to 'core/pch_jumbo.h' or rebuild precompiled header
11>  selftest_jumbo_memory.cpp
11>c:\users\bryan\documents\github\prest\modules\selftest\generated\selftest_jumbo_libvega.cpp(20): warning C4627: '#include "modules/selftest/generated/libvega/selftest/ot_libvega_selftest_sweepline.cpp"': skipped when looking for precompiled header use
11>          Add directive to 'core/pch_jumbo.h' or rebuild precompiled header
11>c:\users\bryan\documents\github\prest\modules\selftest\generated\selftest_jumbo_layout.cpp(32): warning C4627: '#include "modules/selftest/generated/layout/selftest/ot_layout_selftest_forms.cpp"': skipped when looking for precompiled header use
11>          Add directive to 'core/pch_jumbo.h' or rebuild precompiled header
11>c:\users\bryan\documents\github\prest\modules\selftest\generated\selftest_jumbo_dom.cpp(88): warning C4627: '#include "modules/selftest/generated/dom/selftest/events/ot_dom_selftest_events_progressevent.cpp"': skipped when looking for precompiled header use
11>          Add directive to 'core/pch_jumbo.h' or rebuild precompiled header
11>c:\users\bryan\documents\github\prest\modules\selftest\generated\selftest_jumbo_libssl.cpp(27): warning C4627: '#include "modules/selftest/generated/libssl/selftest/ot_libssl_selftest_ssl_load_proxy.cpp"': skipped when looking for precompiled header use
11>          Add directive to 'core/pch_jumbo.h' or rebuild precompiled header
11>c:\users\bryan\documents\github\prest\modules\selftest\generated\selftest_jumbo_logdoc.cpp(19): warning C4627: '#include "modules/selftest/generated/logdoc/selftest/ot_logdoc_selftest_attrvalparser.cpp"': skipped when looking for precompiled header use
11>          Add directive to 'core/pch_jumbo.h' or rebuild precompiled header
11>c:\users\bryan\documents\github\prest\modules\selftest\generated\selftest_jumbo_m2.cpp(19): warning C4627: '#include "modules/selftest/generated/m2/selftest/ot_m2_selftest_imap.cpp"': skipped when looking for precompiled header use
11>          Add directive to 'core/pch_jumbo.h' or rebuild precompiled header
11>c:\users\bryan\documents\github\prest\modules\selftest\generated\selftest_jumbo_libcrypto.cpp(21): warning C4627: '#include "modules/selftest/generated/libcrypto/selftest/ot_libcrypto_selftest_pki.cpp"': skipped when looking for precompiled header use
11>          Add directive to 'core/pch_jumbo.h' or rebuild precompiled header
11>c:\users\bryan\documents\github\prest\modules\selftest\generated\selftest_jumbo_layout.cpp(33): warning C4627: '#include "modules/selftest/generated/layout/selftest/ot_layout_selftest_gcpm.cpp"': skipped when looking for precompiled header use
11>          Add directive to 'core/pch_jumbo.h' or rebuild precompiled header
11>  selftest_jumbo_memtools.cpp
11>c:\users\bryan\documents\github\prest\modules\selftest\generated\selftest_jumbo_libvega.cpp(21): warning C4627: '#include "modules/selftest/generated/libvega/selftest/ot_libvega_selftest_triangulation.cpp"': skipped when looking for precompiled header use
11>          Add directive to 'core/pch_jumbo.h' or rebuild precompiled header
11>c:\users\bryan\documents\github\prest\modules\selftest\generated\selftest_jumbo_dom.cpp(89): warning C4627: '#include "modules/selftest/generated/dom/selftest/events/ot_dom_selftest_events_propagation.cpp"': skipped when looking for precompiled header use
11>          Add directive to 'core/pch_jumbo.h' or rebuild precompiled header
11>c:\users\bryan\documents\github\prest\modules\selftest\generated\selftest_jumbo_libssl.cpp(28): warning C4627: '#include "modules/selftest/generated/libssl/selftest/ot_libssl_selftest_ssl_longbatch.cpp"': skipped when looking for precompiled header use
11>          Add directive to 'core/pch_jumbo.h' or rebuild precompiled header
11>c:\users\bryan\documents\github\prest\modules\selftest\generated\selftest_jumbo_logdoc.cpp(20): warning C4627: '#include "modules/selftest/generated/logdoc/selftest/ot_logdoc_selftest_cleanurlname.cpp"': skipped when looking for precompiled header use
11>          Add directive to 'core/pch_jumbo.h' or rebuild precompiled header
13>  opstring.cpp
14>  Compiling...
14>  g_protobuf_descriptors.cpp
13>  simset.cpp
13>  tempbuf.cpp
11>c:\users\bryan\documents\github\prest\modules\selftest\generated\selftest_jumbo_layout.cpp(34): warning C4627: '#include "modules/selftest/generated/layout/selftest/ot_layout_selftest_generated-content.cpp"': skipped when looking for precompiled header use
11>          Add directive to 'core/pch_jumbo.h' or rebuild precompiled header
11>c:\users\bryan\documents\github\prest\modules\selftest\generated\selftest_jumbo_dom.cpp(90): warning C4627: '#include "modules/selftest/generated/dom/selftest/events/ot_dom_selftest_events_touchevent.cpp"': skipped when looking for precompiled header use
11>          Add directive to 'core/pch_jumbo.h' or rebuild precompiled header
11>c:\users\bryan\documents\github\prest\modules\selftest\generated\selftest_jumbo_libcrypto.cpp(22): warning C4627: '#include "modules/selftest/generated/libcrypto/selftest/ot_libcrypto_selftest_snow.cpp"': skipped when looking for precompiled header use
11>          Add directive to 'core/pch_jumbo.h' or rebuild precompiled header
11>c:\users\bryan\documents\github\prest\modules\selftest\generated\selftest_jumbo_libvega.cpp(22): warning C4627: '#include "modules/selftest/generated/libvega/selftest/ot_libvega_selftest_vegaoppainter.cpp"': skipped when looking for precompiled header use
11>          Add directive to 'core/pch_jumbo.h' or rebuild precompiled header
11>c:\users\bryan\documents\github\prest\modules\selftest\generated\selftest_jumbo_libssl.cpp(29): warning C4627: '#include "modules/selftest/generated/libssl/selftest/ot_libssl_selftest_ssl_longbatch_tls10.cpp"': skipped when looking for precompiled header use
11>          Add directive to 'core/pch_jumbo.h' or rebuild precompiled header
11>c:\users\bryan\documents\github\prest\modules\selftest\generated\selftest_jumbo_logdoc.cpp(21): warning C4627: '#include "modules/selftest/generated/logdoc/selftest/ot_logdoc_selftest_commentsparsing.cpp"': skipped when looking for precompiled header use
11>          Add directive to 'core/pch_jumbo.h' or rebuild precompiled header
11>c:\users\bryan\documents\github\prest\modules\selftest\generated\selftest_jumbo_layout.cpp(35): warning C4627: '#include "modules/selftest/generated/layout/selftest/ot_layout_selftest_get_computed_decl.cpp"': skipped when looking for precompiled header use
11>          Add directive to 'core/pch_jumbo.h' or rebuild precompiled header
11>c:\users\bryan\documents\github\prest\modules\selftest\generated\selftest_jumbo_dom.cpp(91): warning C4627: '#include "modules/selftest/generated/dom/selftest/events/ot_dom_selftest_events_transitionevent.cpp"': skipped when looking for precompiled header use
11>          Add directive to 'core/pch_jumbo.h' or rebuild precompiled header
11>c:\users\bryan\documents\github\prest\modules\selftest\generated\selftest_jumbo_libcrypto.cpp(23): warning C4627: '#include "modules/selftest/generated/libcrypto/selftest/ot_libcrypto_selftest_stream_encryption_cbc.cpp"': skipped when looking for precompiled header use
11>          Add directive to 'core/pch_jumbo.h' or rebuild precompiled header
11>c:\users\bryan\documents\github\prest\modules\selftest\generated\selftest_jumbo_libvega.cpp(23): warning C4627: '#include "modules/selftest/generated/libvega/selftest/postscript/ot_libvega_selftest_postscript_postscriptbody.cpp"': skipped when looking for precompiled header use
11>          Add directive to 'core/pch_jumbo.h' or rebuild precompiled header
11>c:\users\bryan\documents\github\prest\modules\selftest\generated\selftest_jumbo_libssl.cpp(30): warning C4627: '#include "modules/selftest/generated/libssl/selftest/ot_libssl_selftest_ssl_noclientcert.cpp"': skipped when looking for precompiled header use
11>          Add directive to 'core/pch_jumbo.h' or rebuild precompiled header
11>c:\users\bryan\documents\github\prest\modules\selftest\generated\selftest_jumbo_layout.cpp(36): warning C4627: '#include "modules/selftest/generated/layout/selftest/ot_layout_selftest_get_offset_from_ancestor.cpp"': skipped when looking for precompiled header use
11>          Add directive to 'core/pch_jumbo.h' or rebuild precompiled header
11>c:\users\bryan\documents\github\prest\modules\selftest\generated\selftest_jumbo_logdoc.cpp(22): warning C4627: '#include "modules/selftest/generated/logdoc/selftest/ot_logdoc_selftest_domchanges.cpp"': skipped when looking for precompiled header use
11>          Add directive to 'core/pch_jumbo.h' or rebuild precompiled header
11>c:\users\bryan\documents\github\prest\modules\selftest\generated\selftest_jumbo_memory.cpp(15): warning C4627: '#include "modules/selftest/generated/memory/selftest/ot_memory_selftest_api.cpp"': skipped when looking for precompiled header use
11>          Add directive to 'core/pch_jumbo.h' or rebuild precompiled header
11>c:\users\bryan\documents\github\prest\modules\selftest\generated\selftest_jumbo_libcrypto.cpp(24): warning C4627: '#include "modules/selftest/generated/libcrypto/selftest/ot_libcrypto_selftest_stream_encryption_cfb.cpp"': skipped when looking for precompiled header use
11>          Add directive to 'core/pch_jumbo.h' or rebuild precompiled header
11>c:\users\bryan\documents\github\prest\modules\selftest\generated\selftest_jumbo_dom.cpp(92): warning C4627: '#include "modules/selftest/generated/dom/selftest/events/ot_dom_selftest_events_windowevents.cpp"': skipped when looking for precompiled header use
11>          Add directive to 'core/pch_jumbo.h' or rebuild precompiled header
11>c:\users\bryan\documents\github\prest\modules\selftest\generated\selftest_jumbo_mac.cpp(15): warning C4627: '#include "modules/selftest/generated/mac/selftest/MacFileUtils/ot_mac_selftest_MacFileUtils_MacFileUtils.cpp"': skipped when looking for precompiled header use
11>          Add directive to 'core/pch_jumbo.h' or rebuild precompiled header
11>c:\users\bryan\documents\github\prest\modules\selftest\generated\selftest_jumbo_m2.cpp(20): warning C4627: '#include "modules/selftest/generated/m2/selftest/ot_m2_selftest_indexcontainer.cpp"': skipped when looking for precompiled header use
11>          Add directive to 'core/pch_jumbo.h' or rebuild precompiled header
11>c:\users\bryan\documents\github\prest\modules\selftest\generated\selftest_jumbo_libvega.cpp(24): warning C4627: '#include "modules/selftest/generated/libvega/selftest/postscript/ot_libvega_selftest_postscript_postscriptcommandbuffer.cpp"': skipped when looking for precompiled header use
11>          Add directive to 'core/pch_jumbo.h' or rebuild precompiled header
11>c:\users\bryan\documents\github\prest\modules\selftest\generated\selftest_jumbo_libssl.cpp(31): warning C4627: '#include "modules/selftest/generated/libssl/selftest/ot_libssl_selftest_ssl_tls11.cpp"': skipped when looking for precompiled header use
11>          Add directive to 'core/pch_jumbo.h' or rebuild precompiled header
11>c:\users\bryan\documents\github\prest\modules\selftest\generated\selftest_jumbo_layout.cpp(37): warning C4627: '#include "modules/selftest/generated/layout/selftest/ot_layout_selftest_get_paragraph_list.cpp"': skipped when looking for precompiled header use
11>          Add directive to 'core/pch_jumbo.h' or rebuild precompiled header
11>c:\users\bryan\documents\github\prest\modules\selftest\generated\selftest_jumbo_logdoc.cpp(23): warning C4627: '#include "modules/selftest/generated/logdoc/selftest/ot_logdoc_selftest_element_meta_refresh.cpp"': skipped when looking for precompiled header use
11>          Add directive to 'core/pch_jumbo.h' or rebuild precompiled header
11>c:\users\bryan\documents\github\prest\modules\selftest\generated\selftest_jumbo_memory.cpp(16): warning C4627: '#include "modules/selftest/generated/memory/selftest/ot_memory_selftest_blockalloc.cpp"': skipped when looking for precompiled header use
11>          Add directive to 'core/pch_jumbo.h' or rebuild precompiled header
11>c:\users\bryan\documents\github\prest\modules\selftest\generated\selftest_jumbo_dom.cpp(93): warning C4627: '#include "modules/selftest/generated/dom/selftest/file/ot_dom_selftest_file_blob.cpp"': skipped when looking for precompiled header use
11>          Add directive to 'core/pch_jumbo.h' or rebuild precompiled header
11>c:\users\bryan\documents\github\prest\modules\selftest\generated\selftest_jumbo_libcrypto.cpp(25): warning C4627: '#include "modules/selftest/generated/libcrypto/selftest/ot_libcrypto_selftest_stream_encryption_rc4.cpp"': skipped when looking for precompiled header use
11>          Add directive to 'core/pch_jumbo.h' or rebuild precompiled header
11>c:\users\bryan\documents\github\prest\modules\selftest\generated\selftest_jumbo_mac.cpp(16): fatal error C1010: unexpected end of file while looking for precompiled header. Did you forget to add '#include "core/pch_jumbo.h"' to your source?
11>c:\users\bryan\documents\github\prest\modules\selftest\generated\selftest_jumbo_memtools.cpp(15): warning C4627: '#include "modules/selftest/generated/memtools/ot_memtools_happy-malloc.cpp"': skipped when looking for precompiled header use
11>          Add directive to 'core/pch_jumbo.h' or rebuild precompiled header
11>c:\users\bryan\documents\github\prest\modules\selftest\generated\selftest_jumbo_layout.cpp(38): warning C4627: '#include "modules/selftest/generated/layout/selftest/ot_layout_selftest_hit_testing_traversal_object.cpp"': skipped when looking for precompiled header use
11>          Add directive to 'core/pch_jumbo.h' or rebuild precompiled header
11>c:\users\bryan\documents\github\prest\modules\selftest\generated\selftest_jumbo_m2.cpp(21): warning C4627: '#include "modules/selftest/generated/m2/selftest/ot_m2_selftest_indexgroup.cpp"': skipped when looking for precompiled header use
11>          Add directive to 'core/pch_jumbo.h' or rebuild precompiled header
11>c:\users\bryan\documents\github\prest\modules\selftest\generated\selftest_jumbo_logdoc.cpp(24): warning C4627: '#include "modules/selftest/generated/logdoc/selftest/ot_logdoc_selftest_encodeformsdata.cpp"': skipped when looking for precompiled header use
11>          Add directive to 'core/pch_jumbo.h' or rebuild precompiled header
11>c:\users\bryan\documents\github\prest\modules\selftest\generated\selftest_jumbo_libvega.cpp(25): warning C4627: '#include "modules/selftest/generated/libvega/selftest/postscript/ot_libvega_selftest_postscript_postscriptimage.cpp"': skipped when looking for precompiled header use
11>          Add directive to 'core/pch_jumbo.h' or rebuild precompiled header
11>c:\users\bryan\documents\github\prest\modules\selftest\generated\selftest_jumbo_libssl.cpp(32): warning C4627: '#include "modules/selftest/generated/libssl/selftest/ot_libssl_selftest_ssl_tls12.cpp"': skipped when looking for precompiled header use
11>          Add directive to 'core/pch_jumbo.h' or rebuild precompiled header
11>c:\users\bryan\documents\github\prest\modules\selftest\generated\selftest_jumbo_memory.cpp(17): warning C4627: '#include "modules/selftest/generated/memory/selftest/ot_memory_selftest_elopool.cpp"': skipped when looking for precompiled header use
11>          Add directive to 'core/pch_jumbo.h' or rebuild precompiled header
11>c:\users\bryan\documents\github\prest\modules\selftest\generated\selftest_jumbo_libcrypto.cpp(26): fatal error C1010: unexpected end of file while looking for precompiled header. Did you forget to add '#include "core/pch_jumbo.h"' to your source?
11>c:\users\bryan\documents\github\prest\modules\selftest\generated\selftest_jumbo_dom.cpp(94): warning C4627: '#include "modules/selftest/generated/dom/selftest/file/ot_dom_selftest_file_file.cpp"': skipped when looking for precompiled header use
11>          Add directive to 'core/pch_jumbo.h' or rebuild precompiled header
11>c:\users\bryan\documents\github\prest\modules\selftest\generated\selftest_jumbo_memtools.cpp(16): fatal error C1010: unexpected end of file while looking for precompiled header. Did you forget to add '#include "core/pch_jumbo.h"' to your source?
11>c:\users\bryan\documents\github\prest\modules\selftest\generated\selftest_jumbo_layout.cpp(39): warning C4627: '#include "modules/selftest/generated/layout/selftest/ot_layout_selftest_intersection.cpp"': skipped when looking for precompiled header use
11>          Add directive to 'core/pch_jumbo.h' or rebuild precompiled header
11>c:\users\bryan\documents\github\prest\modules\selftest\generated\selftest_jumbo_m2.cpp(22): warning C4627: '#include "modules/selftest/generated/m2/selftest/ot_m2_selftest_mboxpermail.cpp"': skipped when looking for precompiled header use
11>          Add directive to 'core/pch_jumbo.h' or rebuild precompiled header
11>c:\users\bryan\documents\github\prest\modules\selftest\generated\selftest_jumbo_logdoc.cpp(25): warning C4627: '#include "modules/selftest/generated/logdoc/selftest/ot_logdoc_selftest_entities.cpp"': skipped when looking for precompiled header use
11>          Add directive to 'core/pch_jumbo.h' or rebuild precompiled header
11>c:\users\bryan\documents\github\prest\modules\selftest\generated\selftest_jumbo_libvega.cpp(26): warning C4627: '#include "modules/selftest/generated/libvega/selftest/postscript/ot_libvega_selftest_postscript_postscriptprolog.cpp"': skipped when looking for precompiled header use
11>          Add directive to 'core/pch_jumbo.h' or rebuild precompiled header
11>c:\users\bryan\documents\github\prest\modules\selftest\generated\selftest_jumbo_libssl.cpp(33): warning C4627: '#include "modules/selftest/generated/libssl/selftest/ot_libssl_selftest_ssl_tlsrenego.cpp"': skipped when looking for precompiled header use
11>          Add directive to 'core/pch_jumbo.h' or rebuild precompiled header
11>c:\users\bryan\documents\github\prest\modules\selftest\generated\selftest_jumbo_memory.cpp(18): warning C4627: '#include "modules/selftest/generated/memory/selftest/ot_memory_selftest_executable_memory.cpp"': skipped when looking for precompiled header use
11>          Add directive to 'core/pch_jumbo.h' or rebuild precompiled header
11>c:\users\bryan\documents\github\prest\modules\selftest\generated\selftest_jumbo_dom.cpp(95): warning C4627: '#include "modules/selftest/generated/dom/selftest/file/ot_dom_selftest_file_fileerror.cpp"': skipped when looking for precompiled header use
11>          Add directive to 'core/pch_jumbo.h' or rebuild precompiled header
11>c:\users\bryan\documents\github\prest\modules\selftest\generated\selftest_jumbo_layout.cpp(40): warning C4627: '#include "modules/selftest/generated/layout/selftest/ot_layout_selftest_is_rendered.cpp"': skipped when looking for precompiled header use
11>          Add directive to 'core/pch_jumbo.h' or rebuild precompiled header
11>  selftest_jumbo_mime.cpp
11>c:\users\bryan\documents\github\prest\modules\selftest\generated\selftest_jumbo_m2.cpp(23): warning C4627: '#include "modules/selftest/generated/m2/selftest/ot_m2_selftest_message.cpp"': skipped when looking for precompiled header use
11>          Add directive to 'core/pch_jumbo.h' or rebuild precompiled header
11>  selftest_jumbo_minpng.cpp
11>c:\users\bryan\documents\github\prest\modules\selftest\generated\selftest_jumbo_logdoc.cpp(26): warning C4627: '#include "modules/selftest/generated/logdoc/selftest/ot_logdoc_selftest_formparsing.cpp"': skipped when looking for precompiled header use
11>          Add directive to 'core/pch_jumbo.h' or rebuild precompiled header
11>c:\users\bryan\documents\github\prest\modules\selftest\generated\selftest_jumbo_libvega.cpp(27): warning C4627: '#include "modules/selftest/generated/libvega/selftest/postscript/ot_libvega_selftest_postscript_postscriptvegaprinterlistener.cpp"': skipped when looking for precompiled header use
11>          Add directive to 'core/pch_jumbo.h' or rebuild precompiled header
11>c:\users\bryan\documents\github\prest\modules\selftest\generated\selftest_jumbo_libssl.cpp(34): warning C4627: '#include "modules/selftest/generated/libssl/selftest/ot_libssl_selftest_ssl_tlsrenego1.cpp"': skipped when looking for precompiled header use
11>          Add directive to 'core/pch_jumbo.h' or rebuild precompiled header
11>c:\users\bryan\documents\github\prest\modules\selftest\generated\selftest_jumbo_memory.cpp(19): warning C4627: '#include "modules/selftest/generated/memory/selftest/ot_memory_selftest_global_new.cpp"': skipped when looking for precompiled header use
11>          Add directive to 'core/pch_jumbo.h' or rebuild precompiled header
11>  selftest_jumbo_network.cpp
11>c:\users\bryan\documents\github\prest\modules\selftest\generated\selftest_jumbo_dom.cpp(96): warning C4627: '#include "modules/selftest/generated/dom/selftest/file/ot_dom_selftest_file_fileexception.cpp"': skipped when looking for precompiled header use
11>          Add directive to 'core/pch_jumbo.h' or rebuild precompiled header
14>  protobuf.cpp
13>  g_message_windowcommander_messages.cpp
11>c:\users\bryan\documents\github\prest\modules\selftest\generated\selftest_jumbo_layout.cpp(41): warning C4627: '#include "modules/selftest/generated/layout/selftest/ot_layout_selftest_layout_input_context.cpp"': skipped when looking for precompiled header use
11>          Add directive to 'core/pch_jumbo.h' or rebuild precompiled header
11>c:\users\bryan\documents\github\prest\modules\selftest\generated\selftest_jumbo_m2.cpp(24): warning C4627: '#include "modules/selftest/generated/m2/selftest/ot_m2_selftest_messageencoder.cpp"': skipped when looking for precompiled header use
11>          Add directive to 'core/pch_jumbo.h' or rebuild precompiled header
11>c:\users\bryan\documents\github\prest\modules\selftest\generated\selftest_jumbo_logdoc.cpp(27): warning C4627: '#include "modules/selftest/generated/logdoc/selftest/ot_logdoc_selftest_htmlelement.cpp"': skipped when looking for precompiled header use
11>          Add directive to 'core/pch_jumbo.h' or rebuild precompiled header
11>c:\users\bryan\documents\github\prest\modules\selftest\generated\selftest_jumbo_libssl.cpp(35): warning C4627: '#include "modules/selftest/generated/libssl/selftest/ot_libssl_selftest_ssl_tlsrenego2.cpp"': skipped when looking for precompiled header use
11>          Add directive to 'core/pch_jumbo.h' or rebuild precompiled header
11>c:\users\bryan\documents\github\prest\modules\selftest\generated\selftest_jumbo_libvega.cpp(28): warning C4627: '#include "modules/selftest/generated/libvega/selftest/postscript/ot_libvega_selftest_postscript_sfntdatatypes.cpp"': skipped when looking for precompiled header use
11>          Add directive to 'core/pch_jumbo.h' or rebuild precompiled header
11>c:\users\bryan\documents\github\prest\modules\selftest\generated\selftest_jumbo_dom.cpp(97): warning C4627: '#include "modules/selftest/generated/dom/selftest/file/ot_dom_selftest_file_filelist.cpp"': skipped when looking for precompiled header use
11>          Add directive to 'core/pch_jumbo.h' or rebuild precompiled header
11>c:\users\bryan\documents\github\prest\modules\selftest\generated\selftest_jumbo_memory.cpp(20): warning C4627: '#include "modules/selftest/generated/memory/selftest/ot_memory_selftest_gropool.cpp"': skipped when looking for precompiled header use
11>          Add directive to 'core/pch_jumbo.h' or rebuild precompiled header
11>c:\users\bryan\documents\github\prest\modules\selftest\generated\selftest_jumbo_layout.cpp(42): warning C4627: '#include "modules/selftest/generated/layout/selftest/ot_layout_selftest_layoutprops.cpp"': skipped when looking for precompiled header use
11>          Add directive to 'core/pch_jumbo.h' or rebuild precompiled header
11>c:\users\bryan\documents\github\prest\modules\selftest\generated\selftest_jumbo_logdoc.cpp(28): warning C4627: '#include "modules/selftest/generated/logdoc/selftest/ot_logdoc_selftest_htmlelementutil.cpp"': skipped when looking for precompiled header use
11>          Add directive to 'core/pch_jumbo.h' or rebuild precompiled header
11>c:\users\bryan\documents\github\prest\modules\selftest\generated\selftest_jumbo_m2.cpp(25): warning C4627: '#include "modules/selftest/generated/m2/selftest/ot_m2_selftest_messageset.cpp"': skipped when looking for precompiled header use
11>          Add directive to 'core/pch_jumbo.h' or rebuild precompiled header
11>c:\users\bryan\documents\github\prest\modules\selftest\generated\selftest_jumbo_libssl.cpp(36): warning C4627: '#include "modules/selftest/generated/libssl/selftest/ot_libssl_selftest_sslciphers.cpp"': skipped when looking for precompiled header use
11>          Add directive to 'core/pch_jumbo.h' or rebuild precompiled header
11>c:\users\bryan\documents\github\prest\modules\selftest\generated\selftest_jumbo_libvega.cpp(29): warning C4627: '#include "modules/selftest/generated/libvega/selftest/postscript/ot_libvega_selftest_postscript_truetypeconverter.cpp"': skipped when looking for precompiled header use
11>          Add directive to 'core/pch_jumbo.h' or rebuild precompiled header
11>c:\users\bryan\documents\github\prest\modules\selftest\generated\selftest_jumbo_dom.cpp(98): warning C4627: '#include "modules/selftest/generated/dom/selftest/file/ot_dom_selftest_file_filereader.cpp"': skipped when looking for precompiled header use
11>          Add directive to 'core/pch_jumbo.h' or rebuild precompiled header
11>c:\users\bryan\documents\github\prest\modules\selftest\generated\selftest_jumbo_layout.cpp(43): warning C4627: '#include "modules/selftest/generated/layout/selftest/ot_layout_selftest_limit_paragraph_width.cpp"': skipped when looking for precompiled header use
11>          Add directive to 'core/pch_jumbo.h' or rebuild precompiled header
11>c:\users\bryan\documents\github\prest\modules\selftest\generated\selftest_jumbo_memory.cpp(21): warning C4627: '#include "modules/selftest/generated/memory/selftest/ot_memory_selftest_heap.cpp"': skipped when looking for precompiled header use
11>          Add directive to 'core/pch_jumbo.h' or rebuild precompiled header
11>c:\users\bryan\documents\github\prest\modules\selftest\generated\selftest_jumbo_logdoc.cpp(29): warning C4627: '#include "modules/selftest/generated/logdoc/selftest/ot_logdoc_selftest_htmlparsing.cpp"': skipped when looking for precompiled header use
11>          Add directive to 'core/pch_jumbo.h' or rebuild precompiled header
11>c:\users\bryan\documents\github\prest\modules\selftest\generated\selftest_jumbo_m2.cpp(26): warning C4627: '#include "modules/selftest/generated/m2/selftest/ot_m2_selftest_opquote.cpp"': skipped when looking for precompiled header use
11>          Add directive to 'core/pch_jumbo.h' or rebuild precompiled header
11>c:\users\bryan\documents\github\prest\modules\selftest\generated\selftest_jumbo_libssl.cpp(37): warning C4627: '#include "modules/selftest/generated/libssl/selftest/ot_libssl_selftest_ssldigest.cpp"': skipped when looking for precompiled header use
11>          Add directive to 'core/pch_jumbo.h' or rebuild precompiled header
11>c:\users\bryan\documents\github\prest\modules\selftest\generated\selftest_jumbo_libvega.cpp(30): fatal error C1010: unexpected end of file while looking for precompiled header. Did you forget to add '#include "core/pch_jumbo.h"' to your source?
11>c:\users\bryan\documents\github\prest\modules\selftest\generated\selftest_jumbo_layout.cpp(44): warning C4627: '#include "modules/selftest/generated/layout/selftest/ot_layout_selftest_limits.cpp"': skipped when looking for precompiled header use
11>          Add directive to 'core/pch_jumbo.h' or rebuild precompiled header
11>c:\users\bryan\documents\github\prest\modules\selftest\generated\selftest_jumbo_dom.cpp(99): warning C4627: '#include "modules/selftest/generated/dom/selftest/file/ot_dom_selftest_file_filereadersync.cpp"': skipped when looking for precompiled header use
11>          Add directive to 'core/pch_jumbo.h' or rebuild precompiled header
11>c:\users\bryan\documents\github\prest\modules\selftest\generated\selftest_jumbo_memory.cpp(22): warning C4627: '#include "modules/selftest/generated/memory/selftest/ot_memory_selftest_leakcheck.cpp"': skipped when looking for precompiled header use
11>          Add directive to 'core/pch_jumbo.h' or rebuild precompiled header
11>c:\users\bryan\documents\github\prest\modules\selftest\generated\selftest_jumbo_logdoc.cpp(30): warning C4627: '#include "modules/selftest/generated/logdoc/selftest/ot_logdoc_selftest_innerhtml.cpp"': skipped when looking for precompiled header use
11>          Add directive to 'core/pch_jumbo.h' or rebuild precompiled header
11>c:\users\bryan\documents\github\prest\modules\selftest\generated\selftest_jumbo_m2.cpp(27): warning C4627: '#include "modules/selftest/generated/m2/selftest/ot_m2_selftest_qp.cpp"': skipped when looking for precompiled header use
11>          Add directive to 'core/pch_jumbo.h' or rebuild precompiled header
11>c:\users\bryan\documents\github\prest\modules\selftest\generated\selftest_jumbo_layout.cpp(45): warning C4627: '#include "modules/selftest/generated/layout/selftest/ot_layout_selftest_line.cpp"': skipped when looking for precompiled header use
11>          Add directive to 'core/pch_jumbo.h' or rebuild precompiled header
11>c:\users\bryan\documents\github\prest\modules\selftest\generated\selftest_jumbo_libssl.cpp(38): warning C4627: '#include "modules/selftest/generated/libssl/selftest/ot_libssl_selftest_sslurl_simple.cpp"': skipped when looking for precompiled header use
11>          Add directive to 'core/pch_jumbo.h' or rebuild precompiled header
11>c:\users\bryan\documents\github\prest\modules\selftest\generated\selftest_jumbo_dom.cpp(100): warning C4627: '#include "modules/selftest/generated/dom/selftest/html/ot_dom_selftest_html_clipboardevent.cpp"': skipped when looking for precompiled header use
11>          Add directive to 'core/pch_jumbo.h' or rebuild precompiled header
11>c:\users\bryan\documents\github\prest\modules\selftest\generated\selftest_jumbo_memory.cpp(23): warning C4627: '#include "modules/selftest/generated/memory/selftest/ot_memory_selftest_memorymanager.cpp"': skipped when looking for precompiled header use
11>          Add directive to 'core/pch_jumbo.h' or rebuild precompiled header
11>c:\users\bryan\documents\github\prest\modules\selftest\generated\selftest_jumbo_logdoc.cpp(31): warning C4627: '#include "modules/selftest/generated/logdoc/selftest/ot_logdoc_selftest_innerhtmlphone2link.cpp"': skipped when looking for precompiled header use
11>          Add directive to 'core/pch_jumbo.h' or rebuild precompiled header
11>c:\users\bryan\documents\github\prest\modules\selftest\generated\selftest_jumbo_m2.cpp(28): warning C4627: '#include "modules/selftest/generated/m2/selftest/ot_m2_selftest_store3.cpp"': skipped when looking for precompiled header use
11>          Add directive to 'core/pch_jumbo.h' or rebuild precompiled header
11>c:\users\bryan\documents\github\prest\modules\selftest\generated\selftest_jumbo_layout.cpp(46): warning C4627: '#include "modules/selftest/generated/layout/selftest/ot_layout_selftest_list_item.cpp"': skipped when looking for precompiled header use
11>          Add directive to 'core/pch_jumbo.h' or rebuild precompiled header
11>c:\users\bryan\documents\github\prest\modules\selftest\generated\selftest_jumbo_libssl.cpp(39): warning C4627: '#include "modules/selftest/generated/libssl/tools/signing-scripts/ot_libssl_tools_signing-scripts_signed_file.cpp"': skipped when looking for precompiled header use
11>          Add directive to 'core/pch_jumbo.h' or rebuild precompiled header
11>  selftest_jumbo_network_selftest.cpp
11>c:\users\bryan\documents\github\prest\modules\selftest\generated\selftest_jumbo_memory.cpp(24): warning C4627: '#include "modules/selftest/generated/memory/selftest/ot_memory_selftest_mmap.cpp"': skipped when looking for precompiled header use
11>          Add directive to 'core/pch_jumbo.h' or rebuild precompiled header
11>c:\users\bryan\documents\github\prest\modules\selftest\generated\selftest_jumbo_dom.cpp(101): warning C4627: '#include "modules/selftest/generated/dom/selftest/html/ot_dom_selftest_html_datatransfer.cpp"': skipped when looking for precompiled header use
11>          Add directive to 'core/pch_jumbo.h' or rebuild precompiled header
11>c:\users\bryan\documents\github\prest\modules\selftest\generated\selftest_jumbo_m2.cpp(29): warning C4627: '#include "modules/selftest/generated/m2/selftest/ot_m2_selftest_storecache.cpp"': skipped when looking for precompiled header use
11>          Add directive to 'core/pch_jumbo.h' or rebuild precompiled header
11>c:\users\bryan\documents\github\prest\modules\selftest\generated\selftest_jumbo_layout.cpp(47): warning C4627: '#include "modules/selftest/generated/layout/selftest/ot_layout_selftest_mini_css.cpp"': skipped when looking for precompiled header use
11>          Add directive to 'core/pch_jumbo.h' or rebuild precompiled header
11>c:\users\bryan\documents\github\prest\modules\selftest\generated\selftest_jumbo_logdoc.cpp(32): warning C4627: '#include "modules/selftest/generated/logdoc/selftest/ot_logdoc_selftest_logdoc_util.cpp"': skipped when looking for precompiled header use
11>          Add directive to 'core/pch_jumbo.h' or rebuild precompiled header
11>c:\users\bryan\documents\github\prest\modules\selftest\generated\selftest_jumbo_libssl.cpp(40): fatal error C1010: unexpected end of file while looking for precompiled header. Did you forget to add '#include "core/pch_jumbo.h"' to your source?
11>c:\users\bryan\documents\github\prest\modules\selftest\generated\selftest_jumbo_mdefont.cpp(15): warning C4627: '#include "modules/selftest/generated/mdefont/selftest/ot_mdefont_selftest_cache.cpp"': skipped when looking for precompiled header use
11>          Add directive to 'core/pch_jumbo.h' or rebuild precompiled header
11>c:\users\bryan\documents\github\prest\modules\selftest\generated\selftest_jumbo_memory.cpp(25): warning C4627: '#include "modules/selftest/generated/memory/selftest/ot_memory_selftest_oom.cpp"': skipped when looking for precompiled header use
11>          Add directive to 'core/pch_jumbo.h' or rebuild precompiled header
11>c:\users\bryan\documents\github\prest\modules\selftest\generated\selftest_jumbo_m2.cpp(30): fatal error C1010: unexpected end of file while looking for precompiled header. Did you forget to add '#include "core/pch_jumbo.h"' to your source?
11>c:\users\bryan\documents\github\prest\modules\selftest\generated\selftest_jumbo_layout.cpp(48): warning C4627: '#include "modules/selftest/generated/layout/selftest/ot_layout_selftest_msr.cpp"': skipped when looking for precompiled header use
11>          Add directive to 'core/pch_jumbo.h' or rebuild precompiled header
11>c:\users\bryan\documents\github\prest\modules\selftest\generated\selftest_jumbo_dom.cpp(102): warning C4627: '#include "modules/selftest/generated/dom/selftest/html/ot_dom_selftest_html_datatransferitem.cpp"': skipped when looking for precompiled header use
11>          Add directive to 'core/pch_jumbo.h' or rebuild precompiled header
11>c:\users\bryan\documents\github\prest\modules\selftest\generated\selftest_jumbo_logdoc.cpp(33): warning C4627: '#include "modules/selftest/generated/logdoc/selftest/ot_logdoc_selftest_logdocxmltreeaccessor.cpp"': skipped when looking for precompiled header use
11>          Add directive to 'core/pch_jumbo.h' or rebuild precompiled header
11>c:\users\bryan\documents\github\prest\modules\selftest\generated\selftest_jumbo_mdefont.cpp(16): warning C4627: '#include "modules/selftest/generated/mdefont/selftest/ot_mdefont_selftest_indic.cpp"': skipped when looking for precompiled header use
11>          Add directive to 'core/pch_jumbo.h' or rebuild precompiled header
11>c:\users\bryan\documents\github\prest\modules\selftest\generated\selftest_jumbo_memory.cpp(26): warning C4627: '#include "modules/selftest/generated/memory/selftest/ot_memory_selftest_op_lowlevel_malloc.cpp"': skipped when looking for precompiled header use
11>          Add directive to 'core/pch_jumbo.h' or rebuild precompiled header
11>c:\users\bryan\documents\github\prest\modules\selftest\generated\selftest_jumbo_layout.cpp(49): warning C4627: '#include "modules/selftest/generated/layout/selftest/ot_layout_selftest_multicol.cpp"': skipped when looking for precompiled header use
11>          Add directive to 'core/pch_jumbo.h' or rebuild precompiled header
11>c:\users\bryan\documents\github\prest\modules\selftest\generated\selftest_jumbo_dom.cpp(103): warning C4627: '#include "modules/selftest/generated/dom/selftest/html/ot_dom_selftest_html_datatransferitemlist.cpp"': skipped when looking for precompiled header use
11>          Add directive to 'core/pch_jumbo.h' or rebuild precompiled header
11>c:\users\bryan\documents\github\prest\modules\selftest\generated\selftest_jumbo_logdoc.cpp(34): warning C4627: '#include "modules/selftest/generated/logdoc/selftest/ot_logdoc_selftest_multiplebg.cpp"': skipped when looking for precompiled header use
11>          Add directive to 'core/pch_jumbo.h' or rebuild precompiled header
11>c:\users\bryan\documents\github\prest\modules\selftest\generated\selftest_jumbo_mdefont.cpp(17): warning C4627: '#include "modules/selftest/generated/mdefont/selftest/ot_mdefont_selftest_mdefont.cpp"': skipped when looking for precompiled header use
11>          Add directive to 'core/pch_jumbo.h' or rebuild precompiled header
14>  protobuf_data.cpp
11>c:\users\bryan\documents\github\prest\modules\selftest\generated\selftest_jumbo_layout.cpp(50): warning C4627: '#include "modules/selftest/generated/layout/selftest/ot_layout_selftest_nearby_element_detection.cpp"': skipped when looking for precompiled header use
11>          Add directive to 'core/pch_jumbo.h' or rebuild precompiled header
11>c:\users\bryan\documents\github\prest\modules\selftest\generated\selftest_jumbo_dom.cpp(104): warning C4627: '#include "modules/selftest/generated/dom/selftest/html/ot_dom_selftest_html_dndevents.cpp"': skipped when looking for precompiled header use
11>          Add directive to 'core/pch_jumbo.h' or rebuild precompiled header
11>c:\users\bryan\documents\github\prest\modules\selftest\generated\selftest_jumbo_memory.cpp(27): warning C4627: '#include "modules/selftest/generated/memory/selftest/ot_memory_selftest_op_malloc.cpp"': skipped when looking for precompiled header use
11>          Add directive to 'core/pch_jumbo.h' or rebuild precompiled header
11>c:\users\bryan\documents\github\prest\modules\selftest\generated\selftest_jumbo_logdoc.cpp(35): warning C4627: '#include "modules/selftest/generated/logdoc/selftest/ot_logdoc_selftest_phone2link.cpp"': skipped when looking for precompiled header use
11>          Add directive to 'core/pch_jumbo.h' or rebuild precompiled header
11>c:\users\bryan\documents\github\prest\modules\selftest\generated\selftest_jumbo_layout.cpp(51): warning C4627: '#include "modules/selftest/generated/layout/selftest/ot_layout_selftest_nearby_interactive_item_detection.cpp"': skipped when looking for precompiled header use
11>          Add directive to 'core/pch_jumbo.h' or rebuild precompiled header
11>  selftest_jumbo_ns4plugins.cpp
11>c:\users\bryan\documents\github\prest\modules\selftest\generated\selftest_jumbo_mdefont.cpp(18): warning C4627: '#include "modules/selftest/generated/mdefont/selftest/ot_mdefont_selftest_mdf_freetype.cpp"': skipped when looking for precompiled header use
11>          Add directive to 'core/pch_jumbo.h' or rebuild precompiled header
11>  selftest_jumbo_opdata.cpp
11>c:\users\bryan\documents\github\prest\modules\selftest\generated\selftest_jumbo_memory.cpp(28): warning C4627: '#include "modules/selftest/generated/memory/selftest/ot_memory_selftest_opsrcsite.cpp"': skipped when looking for precompiled header use
11>          Add directive to 'core/pch_jumbo.h' or rebuild precompiled header
11>c:\users\bryan\documents\github\prest\modules\selftest\generated\selftest_jumbo_dom.cpp(105): warning C4627: '#include "modules/selftest/generated/dom/selftest/html/ot_dom_selftest_html_dragevent.cpp"': skipped when looking for precompiled header use
11>          Add directive to 'core/pch_jumbo.h' or rebuild precompiled header
11>c:\users\bryan\documents\github\prest\modules\selftest\generated\selftest_jumbo_logdoc.cpp(36): warning C4627: '#include "modules/selftest/generated/logdoc/selftest/ot_logdoc_selftest_replaceescapes.cpp"': skipped when looking for precompiled header use
11>          Add directive to 'core/pch_jumbo.h' or rebuild precompiled header
11>c:\users\bryan\documents\github\prest\modules\selftest\generated\selftest_jumbo_layout.cpp(52): warning C4627: '#include "modules/selftest/generated/layout/selftest/ot_layout_selftest_numbers.cpp"': skipped when looking for precompiled header use
11>          Add directive to 'core/pch_jumbo.h' or rebuild precompiled header
11>c:\users\bryan\documents\github\prest\modules\selftest\generated\selftest_jumbo_mdefont.cpp(19): warning C4627: '#include "modules/selftest/generated/mdefont/selftest/ot_mdefont_selftest_multiple_engines.cpp"': skipped when looking for precompiled header use
11>          Add directive to 'core/pch_jumbo.h' or rebuild precompiled header
11>c:\users\bryan\documents\github\prest\modules\selftest\generated\selftest_jumbo_memory.cpp(29): fatal error C1010: unexpected end of file while looking for precompiled header. Did you forget to add '#include "core/pch_jumbo.h"' to your source?
11>c:\users\bryan\documents\github\prest\modules\selftest\generated\selftest_jumbo_logdoc.cpp(37): warning C4627: '#include "modules/selftest/generated/logdoc/selftest/ot_logdoc_selftest_scriptparsing.cpp"': skipped when looking for precompiled header use
11>          Add directive to 'core/pch_jumbo.h' or rebuild precompiled header
11>c:\users\bryan\documents\github\prest\modules\selftest\generated\selftest_jumbo_layout.cpp(53): warning C4627: '#include "modules/selftest/generated/layout/selftest/ot_layout_selftest_o-content-size.cpp"': skipped when looking for precompiled header use
11>          Add directive to 'core/pch_jumbo.h' or rebuild precompiled header
11>c:\users\bryan\documents\github\prest\modules\selftest\generated\selftest_jumbo_dom.cpp(106): warning C4627: '#include "modules/selftest/generated/dom/selftest/html/ot_dom_selftest_html_fullscreen.cpp"': skipped when looking for precompiled header use
11>          Add directive to 'core/pch_jumbo.h' or rebuild precompiled header
11>c:\users\bryan\documents\github\prest\modules\selftest\generated\selftest_jumbo_mdefont.cpp(20): warning C4627: '#include "modules/selftest/generated/mdefont/selftest/ot_mdefont_selftest_webfonts.cpp"': skipped when looking for precompiled header use
11>          Add directive to 'core/pch_jumbo.h' or rebuild precompiled header
11>c:\users\bryan\documents\github\prest\modules\selftest\generated\selftest_jumbo_layout.cpp(54): warning C4627: '#include "modules/selftest/generated/layout/selftest/ot_layout_selftest_paged-overflow.cpp"': skipped when looking for precompiled header use
11>          Add directive to 'core/pch_jumbo.h' or rebuild precompiled header
11>c:\users\bryan\documents\github\prest\modules\selftest\generated\selftest_jumbo_logdoc.cpp(38): warning C4627: '#include "modules/selftest/generated/logdoc/selftest/ot_logdoc_selftest_selection.cpp"': skipped when looking for precompiled header use
11>          Add directive to 'core/pch_jumbo.h' or rebuild precompiled header
11>c:\users\bryan\documents\github\prest\modules\selftest\generated\selftest_jumbo_dom.cpp(107): warning C4627: '#include "modules/selftest/generated/dom/selftest/html/ot_dom_selftest_html_htmlanchorelement_functions.cpp"': skipped when looking for precompiled header use
11>          Add directive to 'core/pch_jumbo.h' or rebuild precompiled header
11>c:\users\bryan\documents\github\prest\modules\selftest\generated\selftest_jumbo_layout.cpp(55): warning C4627: '#include "modules/selftest/generated/layout/selftest/ot_layout_selftest_positioning.cpp"': skipped when looking for precompiled header use
11>          Add directive to 'core/pch_jumbo.h' or rebuild precompiled header
11>c:\users\bryan\documents\github\prest\modules\selftest\generated\selftest_jumbo_mdefont.cpp(21): fatal error C1010: unexpected end of file while looking for precompiled header. Did you forget to add '#include "core/pch_jumbo.h"' to your source?
11>c:\users\bryan\documents\github\prest\modules\selftest\generated\selftest_jumbo_logdoc.cpp(39): warning C4627: '#include "modules/selftest/generated/logdoc/selftest/ot_logdoc_selftest_serializing.cpp"': skipped when looking for precompiled header use
11>          Add directive to 'core/pch_jumbo.h' or rebuild precompiled header
11>c:\users\bryan\documents\github\prest\modules\selftest\generated\selftest_jumbo_layout.cpp(56): warning C4627: '#include "modules/selftest/generated/layout/selftest/ot_layout_selftest_runincompact.cpp"': skipped when looking for precompiled header use
11>          Add directive to 'core/pch_jumbo.h' or rebuild precompiled header
11>c:\users\bryan\documents\github\prest\modules\selftest\generated\selftest_jumbo_dom.cpp(108): warning C4627: '#include "modules/selftest/generated/dom/selftest/html/ot_dom_selftest_html_htmlbuttonelement.cpp"': skipped when looking for precompiled header use
11>          Add directive to 'core/pch_jumbo.h' or rebuild precompiled header
11>c:\users\bryan\documents\github\prest\modules\selftest\generated\selftest_jumbo_media.cpp(15): warning C4627: '#include "modules/selftest/generated/media/selftest/ot_media_selftest_attributes.cpp"': skipped when looking for precompiled header use
11>          Add directive to 'core/pch_jumbo.h' or rebuild precompiled header
11>c:\users\bryan\documents\github\prest\modules\selftest\generated\selftest_jumbo_layout.cpp(57): warning C4627: '#include "modules/selftest/generated/layout/selftest/ot_layout_selftest_screenshots.cpp"': skipped when looking for precompiled header use
11>          Add directive to 'core/pch_jumbo.h' or rebuild precompiled header
11>c:\users\bryan\documents\github\prest\modules\selftest\generated\selftest_jumbo_logdoc.cpp(40): warning C4627: '#include "modules/selftest/generated/logdoc/selftest/ot_logdoc_selftest_tagattrparser.cpp"': skipped when looking for precompiled header use
11>          Add directive to 'core/pch_jumbo.h' or rebuild precompiled header
11>c:\users\bryan\documents\github\prest\modules\selftest\generated\selftest_jumbo_mime.cpp(15): warning C4627: '#include "modules/selftest/generated/mime/selftest/ot_mime_selftest_BinaryMultiPartParser.cpp"': skipped when looking for precompiled header use
11>          Add directive to 'core/pch_jumbo.h' or rebuild precompiled header
11>c:\users\bryan\documents\github\prest\modules\selftest\generated\selftest_jumbo_dom.cpp(109): warning C4627: '#include "modules/selftest/generated/dom/selftest/html/ot_dom_selftest_html_htmlclassnames.cpp"': skipped when looking for precompiled header use
11>          Add directive to 'core/pch_jumbo.h' or rebuild precompiled header
11>c:\users\bryan\documents\github\prest\modules\selftest\generated\selftest_jumbo_media.cpp(16): warning C4627: '#include "modules/selftest/generated/media/selftest/ot_media_selftest_controls.cpp"': skipped when looking for precompiled header use
11>          Add directive to 'core/pch_jumbo.h' or rebuild precompiled header
11>c:\users\bryan\documents\github\prest\modules\selftest\generated\selftest_jumbo_layout.cpp(58): warning C4627: '#include "modules/selftest/generated/layout/selftest/ot_layout_selftest_scrollbar.cpp"': skipped when looking for precompiled header use
11>          Add directive to 'core/pch_jumbo.h' or rebuild precompiled header
11>c:\users\bryan\documents\github\prest\modules\selftest\generated\selftest_jumbo_logdoc.cpp(41): warning C4627: '#include "modules/selftest/generated/logdoc/selftest/ot_logdoc_selftest_textsearch.cpp"': skipped when looking for precompiled header use
11>          Add directive to 'core/pch_jumbo.h' or rebuild precompiled header
11>c:\users\bryan\documents\github\prest\modules\selftest\generated\selftest_jumbo_mime.cpp(16): warning C4627: '#include "modules/selftest/generated/mime/selftest/ot_mime_selftest_TextMultiPartParser.cpp"': skipped when looking for precompiled header use
11>          Add directive to 'core/pch_jumbo.h' or rebuild precompiled header
11>c:\users\bryan\documents\github\prest\modules\selftest\generated\selftest_jumbo_dom.cpp(110): warning C4627: '#include "modules/selftest/generated/dom/selftest/html/ot_dom_selftest_html_htmlcollections.cpp"': skipped when looking for precompiled header use
11>          Add directive to 'core/pch_jumbo.h' or rebuild precompiled header
11>c:\users\bryan\documents\github\prest\modules\selftest\generated\selftest_jumbo_layout.cpp(59): warning C4627: '#include "modules/selftest/generated/layout/selftest/ot_layout_selftest_selection.cpp"': skipped when looking for precompiled header use
11>          Add directive to 'core/pch_jumbo.h' or rebuild precompiled header
11>c:\users\bryan\documents\github\prest\modules\selftest\generated\selftest_jumbo_media.cpp(17): warning C4627: '#include "modules/selftest/generated/media/selftest/ot_media_selftest_events.cpp"': skipped when looking for precompiled header use
11>          Add directive to 'core/pch_jumbo.h' or rebuild precompiled header
11>c:\users\bryan\documents\github\prest\modules\selftest\generated\selftest_jumbo_logdoc.cpp(42): warning C4627: '#include "modules/selftest/generated/logdoc/selftest/ot_logdoc_selftest_wbxml.cpp"': skipped when looking for precompiled header use
11>          Add directive to 'core/pch_jumbo.h' or rebuild precompiled header
11>c:\users\bryan\documents\github\prest\modules\selftest\generated\selftest_jumbo_mime.cpp(17): warning C4627: '#include "modules/selftest/generated/mime/selftest/ot_mime_selftest_mhtml_redirect.cpp"': skipped when looking for precompiled header use
11>          Add directive to 'core/pch_jumbo.h' or rebuild precompiled header
11>c:\users\bryan\documents\github\prest\modules\selftest\generated\selftest_jumbo_network.cpp(15): warning C4627: '#include "modules/selftest/generated/network/selftest/ot_network_selftest_op_batch_request.cpp"': skipped when looking for precompiled header use
11>          Add directive to 'core/pch_jumbo.h' or rebuild precompiled header
11>c:\users\bryan\documents\github\prest\modules\selftest\generated\selftest_jumbo_layout.cpp(60): warning C4627: '#include "modules/selftest/generated/layout/selftest/ot_layout_selftest_shrink-to-fit.cpp"': skipped when looking for precompiled header use
11>          Add directive to 'core/pch_jumbo.h' or rebuild precompiled header
11>c:\users\bryan\documents\github\prest\modules\selftest\generated\selftest_jumbo_dom.cpp(111): warning C4627: '#include "modules/selftest/generated/dom/selftest/html/ot_dom_selftest_html_htmldocument_getItems.cpp"': skipped when looking for precompiled header use
11>          Add directive to 'core/pch_jumbo.h' or rebuild precompiled header
11>  selftest_jumbo_opera_auth.cpp
11>c:\users\bryan\documents\github\prest\modules\selftest\generated\selftest_jumbo_media.cpp(18): warning C4627: '#include "modules/selftest/generated/media/selftest/ot_media_selftest_formats.cpp"': skipped when looking for precompiled header use
11>          Add directive to 'core/pch_jumbo.h' or rebuild precompiled header
11>c:\users\bryan\documents\github\prest\modules\selftest\generated\selftest_jumbo_logdoc.cpp(43): warning C4627: '#include "modules/selftest/generated/logdoc/selftest/ot_logdoc_selftest_wml.cpp"': skipped when looking for precompiled header use
11>          Add directive to 'core/pch_jumbo.h' or rebuild precompiled header
11>c:\users\bryan\documents\github\prest\modules\selftest\generated\selftest_jumbo_layout.cpp(61): warning C4627: '#include "modules/selftest/generated/layout/selftest/ot_layout_selftest_svg.cpp"': skipped when looking for precompiled header use
11>          Add directive to 'core/pch_jumbo.h' or rebuild precompiled header
11>c:\users\bryan\documents\github\prest\modules\selftest\generated\selftest_jumbo_network.cpp(16): warning C4627: '#include "modules/selftest/generated/network/selftest/ot_network_selftest_op_delete_request.cpp"': skipped when looking for precompiled header use
11>          Add directive to 'core/pch_jumbo.h' or rebuild precompiled header
11>c:\users\bryan\documents\github\prest\modules\selftest\generated\selftest_jumbo_mime.cpp(18): warning C4627: '#include "modules/selftest/generated/mime/selftest/ot_mime_selftest_mime_decoding.cpp"': skipped when looking for precompiled header use
11>          Add directive to 'core/pch_jumbo.h' or rebuild precompiled header
11>c:\users\bryan\documents\github\prest\modules\selftest\generated\selftest_jumbo_dom.cpp(112): warning C4627: '#include "modules/selftest/generated/dom/selftest/html/ot_dom_selftest_html_htmldocument_open.cpp"': skipped when looking for precompiled header use
11>          Add directive to 'core/pch_jumbo.h' or rebuild precompiled header
11>c:\users\bryan\documents\github\prest\modules\selftest\generated\selftest_jumbo_media.cpp(19): warning C4627: '#include "modules/selftest/generated/media/selftest/ot_media_selftest_jilmediaelement.cpp"': skipped when looking for precompiled header use
11>          Add directive to 'core/pch_jumbo.h' or rebuild precompiled header
11>c:\users\bryan\documents\github\prest\modules\selftest\generated\selftest_jumbo_layout.cpp(62): warning C4627: '#include "modules/selftest/generated/layout/selftest/ot_layout_selftest_tables-anon.cpp"': skipped when looking for precompiled header use
11>          Add directive to 'core/pch_jumbo.h' or rebuild precompiled header
11>c:\users\bryan\documents\github\prest\modules\selftest\generated\selftest_jumbo_logdoc.cpp(44): warning C4627: '#include "modules/selftest/generated/logdoc/selftest/ot_logdoc_selftest_writingsystem.cpp"': skipped when looking for precompiled header use
11>          Add directive to 'core/pch_jumbo.h' or rebuild precompiled header
11>c:\users\bryan\documents\github\prest\modules\selftest\generated\selftest_jumbo_network.cpp(17): warning C4627: '#include "modules/selftest/generated/network/selftest/ot_network_selftest_op_request_auth.cpp"': skipped when looking for precompiled header use
11>          Add directive to 'core/pch_jumbo.h' or rebuild precompiled header
13>  g_proto_descriptor_windowcommander_messages.cpp
14>  protobuf_input.cpp
13>  g_proto_windowcommander_messages.cpp
11>c:\users\bryan\documents\github\prest\modules\selftest\generated\selftest_jumbo_mime.cpp(19): warning C4627: '#include "modules/selftest/generated/mime/selftest/ot_mime_selftest_mime_tools.cpp"': skipped when looking for precompiled header use
11>          Add directive to 'core/pch_jumbo.h' or rebuild precompiled header
11>c:\users\bryan\documents\github\prest\modules\selftest\generated\selftest_jumbo_dom.cpp(113): warning C4627: '#include "modules/selftest/generated/dom/selftest/html/ot_dom_selftest_html_htmldocument_properties.cpp"': skipped when looking for precompiled header use
11>          Add directive to 'core/pch_jumbo.h' or rebuild precompiled header
11>c:\users\bryan\documents\github\prest\modules\selftest\generated\selftest_jumbo_layout.cpp(63): warning C4627: '#include "modules/selftest/generated/layout/selftest/ot_layout_selftest_tables.cpp"': skipped when looking for precompiled header use
11>          Add directive to 'core/pch_jumbo.h' or rebuild precompiled header
11>c:\users\bryan\documents\github\prest\modules\selftest\generated\selftest_jumbo_logdoc.cpp(45): fatal error C1010: unexpected end of file while looking for precompiled header. Did you forget to add '#include "core/pch_jumbo.h"' to your source?
11>c:\users\bryan\documents\github\prest\modules\selftest\generated\selftest_jumbo_media.cpp(20): warning C4627: '#include "modules/selftest/generated/media/selftest/ot_media_selftest_load.cpp"': skipped when looking for precompiled header use
11>          Add directive to 'core/pch_jumbo.h' or rebuild precompiled header
11>c:\users\bryan\documents\github\prest\modules\selftest\generated\selftest_jumbo_mime.cpp(20): warning C4627: '#include "modules/selftest/generated/mime/selftest/ot_mime_selftest_multipart.cpp"': skipped when looking for precompiled header use
11>          Add directive to 'core/pch_jumbo.h' or rebuild precompiled header
11>c:\users\bryan\documents\github\prest\modules\selftest\generated\selftest_jumbo_layout.cpp(64): warning C4627: '#include "modules/selftest/generated/layout/selftest/ot_layout_selftest_text_align.cpp"': skipped when looking for precompiled header use
11>          Add directive to 'core/pch_jumbo.h' or rebuild precompiled header
11>c:\users\bryan\documents\github\prest\modules\selftest\generated\selftest_jumbo_dom.cpp(114): warning C4627: '#include "modules/selftest/generated/dom/selftest/html/ot_dom_selftest_html_htmlelement_properties_contenteditable.cpp"': skipped when looking for precompiled header use
11>          Add directive to 'core/pch_jumbo.h' or rebuild precompiled header
11>c:\users\bryan\documents\github\prest\modules\selftest\generated\selftest_jumbo_network.cpp(18): warning C4627: '#include "modules/selftest/generated/network/selftest/ot_network_selftest_op_request_generated_response.cpp"': skipped when looking for precompiled header use
11>          Add directive to 'core/pch_jumbo.h' or rebuild precompiled header
11>c:\users\bryan\documents\github\prest\modules\selftest\generated\selftest_jumbo_media.cpp(21): warning C4627: '#include "modules/selftest/generated/media/selftest/ot_media_selftest_mediabyterange.cpp"': skipped when looking for precompiled header use
11>          Add directive to 'core/pch_jumbo.h' or rebuild precompiled header
11>c:\users\bryan\documents\github\prest\modules\selftest\generated\selftest_jumbo_mime.cpp(21): warning C4627: '#include "modules/selftest/generated/mime/selftest/ot_mime_selftest_serverpush3.cpp"': skipped when looking for precompiled header use
11>          Add directive to 'core/pch_jumbo.h' or rebuild precompiled header
11>c:\users\bryan\documents\github\prest\modules\selftest\generated\selftest_jumbo_layout.cpp(65): warning C4627: '#include "modules/selftest/generated/layout/selftest/ot_layout_selftest_text_fragment.cpp"': skipped when looking for precompiled header use
11>          Add directive to 'core/pch_jumbo.h' or rebuild precompiled header
11>c:\users\bryan\documents\github\prest\modules\selftest\generated\selftest_jumbo_dom.cpp(115): warning C4627: '#include "modules/selftest/generated/dom/selftest/html/ot_dom_selftest_html_htmlelement_properties_dataset.cpp"': skipped when looking for precompiled header use
11>          Add directive to 'core/pch_jumbo.h' or rebuild precompiled header
11>c:\users\bryan\documents\github\prest\modules\selftest\generated\selftest_jumbo_network.cpp(19): warning C4627: '#include "modules/selftest/generated/network/selftest/ot_network_selftest_op_request_multipart.cpp"': skipped when looking for precompiled header use
11>          Add directive to 'core/pch_jumbo.h' or rebuild precompiled header
11>c:\users\bryan\documents\github\prest\modules\selftest\generated\selftest_jumbo_mime.cpp(22): warning C4627: '#include "modules/selftest/generated/mime/selftest/ot_mime_selftest_serverpush4.cpp"': skipped when looking for precompiled header use
11>          Add directive to 'core/pch_jumbo.h' or rebuild precompiled header
11>c:\users\bryan\documents\github\prest\modules\selftest\generated\selftest_jumbo_network_selftest.cpp(15): warning C4627: '#include "modules/selftest/generated/network_selftest/selftest/ot_network_selftest_selftest_framworktest.cpp"': skipped when looking for precompiled header use
11>          Add directive to 'core/pch_jumbo.h' or rebuild precompiled header
11>c:\users\bryan\documents\github\prest\modules\selftest\generated\selftest_jumbo_layout.cpp(66): warning C4627: '#include "modules/selftest/generated/layout/selftest/ot_layout_selftest_transforms.cpp"': skipped when looking for precompiled header use
11>          Add directive to 'core/pch_jumbo.h' or rebuild precompiled header
11>c:\users\bryan\documents\github\prest\modules\selftest\generated\selftest_jumbo_media.cpp(22): warning C4627: '#include "modules/selftest/generated/media/selftest/ot_media_selftest_mediaplayer.cpp"': skipped when looking for precompiled header use
11>          Add directive to 'core/pch_jumbo.h' or rebuild precompiled header
11>c:\users\bryan\documents\github\prest\modules\selftest\generated\selftest_jumbo_dom.cpp(116): warning C4627: '#include "modules/selftest/generated/dom/selftest/html/ot_dom_selftest_html_htmlelement_properties_draggable.cpp"': skipped when looking for precompiled header use
11>          Add directive to 'core/pch_jumbo.h' or rebuild precompiled header
11>c:\users\bryan\documents\github\prest\modules\selftest\generated\selftest_jumbo_network.cpp(20): warning C4627: '#include "modules/selftest/generated/network/selftest/ot_network_selftest_op_request_parameters.cpp"': skipped when looking for precompiled header use
11>          Add directive to 'core/pch_jumbo.h' or rebuild precompiled header
11>c:\users\bryan\documents\github\prest\modules\selftest\generated\selftest_jumbo_mime.cpp(23): warning C4627: '#include "modules/selftest/generated/mime/selftest/ot_mime_selftest_signature.cpp"': skipped when looking for precompiled header use
11>          Add directive to 'core/pch_jumbo.h' or rebuild precompiled header
11>c:\users\bryan\documents\github\prest\modules\selftest\generated\selftest_jumbo_network_selftest.cpp(16): warning C4627: '#include "modules/selftest/generated/network_selftest/selftest/ot_network_selftest_selftest_framworktest_online.cpp"': skipped when looking for precompiled header use
11>          Add directive to 'core/pch_jumbo.h' or rebuild precompiled header
11>c:\users\bryan\documents\github\prest\modules\selftest\generated\selftest_jumbo_layout.cpp(67): warning C4627: '#include "modules/selftest/generated/layout/selftest/ot_layout_selftest_transition-timing.cpp"': skipped when looking for precompiled header use
11>          Add directive to 'core/pch_jumbo.h' or rebuild precompiled header
11>  selftest_jumbo_otl.cpp
11>c:\users\bryan\documents\github\prest\modules\selftest\generated\selftest_jumbo_media.cpp(23): warning C4627: '#include "modules/selftest/generated/media/selftest/ot_media_selftest_mediasource.cpp"': skipped when looking for precompiled header use
11>          Add directive to 'core/pch_jumbo.h' or rebuild precompiled header
11>c:\users\bryan\documents\github\prest\modules\selftest\generated\selftest_jumbo_dom.cpp(117): warning C4627: '#include "modules/selftest/generated/dom/selftest/html/ot_dom_selftest_html_htmlelement_properties_hidden.cpp"': skipped when looking for precompiled header use
11>          Add directive to 'core/pch_jumbo.h' or rebuild precompiled header
11>c:\users\bryan\documents\github\prest\modules\selftest\generated\selftest_jumbo_network.cpp(21): warning C4627: '#include "modules/selftest/generated/network/selftest/ot_network_selftest_op_request_response.cpp"': skipped when looking for precompiled header use
11>          Add directive to 'core/pch_jumbo.h' or rebuild precompiled header
11>  selftest_jumbo_pi.cpp
11>c:\users\bryan\documents\github\prest\modules\selftest\generated\selftest_jumbo_network_selftest.cpp(17): fatal error C1010: unexpected end of file while looking for precompiled header. Did you forget to add '#include "core/pch_jumbo.h"' to your source?
11>c:\users\bryan\documents\github\prest\modules\selftest\generated\selftest_jumbo_layout.cpp(68): warning C4627: '#include "modules/selftest/generated/layout/selftest/ot_layout_selftest_traverse.cpp"': skipped when looking for precompiled header use
11>          Add directive to 'core/pch_jumbo.h' or rebuild precompiled header
11>c:\users\bryan\documents\github\prest\modules\selftest\generated\selftest_jumbo_opdata.cpp(15): warning C4627: '#include "modules/selftest/generated/opdata/tests/ot_opdata_tests_OpASCIIStringStream.cpp"': skipped when looking for precompiled header use
11>          Add directive to 'core/pch_jumbo.h' or rebuild precompiled header
11>c:\users\bryan\documents\github\prest\modules\selftest\generated\selftest_jumbo_media.cpp(24): warning C4627: '#include "modules/selftest/generated/media/selftest/ot_media_selftest_mediasourceutil.cpp"': skipped when looking for precompiled header use
11>          Add directive to 'core/pch_jumbo.h' or rebuild precompiled header
11>c:\users\bryan\documents\github\prest\modules\selftest\generated\selftest_jumbo_minpng.cpp(15): warning C4627: '#include "modules/selftest/generated/minpng/ot_minpng_minpng.cpp"': skipped when looking for precompiled header use
11>          Add directive to 'core/pch_jumbo.h' or rebuild precompiled header
11>c:\users\bryan\documents\github\prest\modules\selftest\generated\selftest_jumbo_dom.cpp(118): warning C4627: '#include "modules/selftest/generated/dom/selftest/html/ot_dom_selftest_html_htmlelement_properties_innerHTML.cpp"': skipped when looking for precompiled header use
11>          Add directive to 'core/pch_jumbo.h' or rebuild precompiled header
11>c:\users\bryan\documents\github\prest\modules\selftest\generated\selftest_jumbo_network.cpp(22): warning C4627: '#include "modules/selftest/generated/network/selftest/ot_network_selftest_op_resource_save.cpp"': skipped when looking for precompiled header use
11>          Add directive to 'core/pch_jumbo.h' or rebuild precompiled header
11>c:\users\bryan\documents\github\prest\modules\selftest\generated\selftest_jumbo_opera_auth.cpp(15): warning C4627: '#include "modules/selftest/generated/opera_auth/selftest/ot_opera_auth_selftest_opera_account_manager.cpp"': skipped when looking for precompiled header use
11>          Add directive to 'core/pch_jumbo.h' or rebuild precompiled header
11>c:\users\bryan\documents\github\prest\modules\selftest\generated\selftest_jumbo_layout.cpp(69): warning C4627: '#include "modules/selftest/generated/layout/selftest/ot_layout_selftest_viewport-cssom.cpp"': skipped when looking for precompiled header use
11>          Add directive to 'core/pch_jumbo.h' or rebuild precompiled header
11>c:\users\bryan\documents\github\prest\modules\selftest\generated\selftest_jumbo_opdata.cpp(16): warning C4627: '#include "modules/selftest/generated/opdata/tests/ot_opdata_tests_OpData.cpp"': skipped when looking for precompiled header use
11>          Add directive to 'core/pch_jumbo.h' or rebuild precompiled header
11>c:\users\bryan\documents\github\prest\modules\selftest\generated\selftest_jumbo_media.cpp(25): warning C4627: '#include "modules/selftest/generated/media/selftest/ot_media_selftest_mediastate.cpp"': skipped when looking for precompiled header use
11>          Add directive to 'core/pch_jumbo.h' or rebuild precompiled header
11>c:\users\bryan\documents\github\prest\modules\selftest\generated\selftest_jumbo_mime.cpp(24): fatal error C1010: unexpected end of file while looking for precompiled header. Did you forget to add '#include "core/pch_jumbo.h"' to your source?
11>c:\users\bryan\documents\github\prest\modules\selftest\generated\selftest_jumbo_minpng.cpp(16): fatal error C1010: unexpected end of file while looking for precompiled header. Did you forget to add '#include "core/pch_jumbo.h"' to your source?
11>c:\users\bryan\documents\github\prest\modules\selftest\generated\selftest_jumbo_dom.cpp(119): warning C4627: '#include "modules/selftest/generated/dom/selftest/html/ot_dom_selftest_html_htmlelement_properties_innerText.cpp"': skipped when looking for precompiled header use
11>          Add directive to 'core/pch_jumbo.h' or rebuild precompiled header
11>c:\users\bryan\documents\github\prest\modules\selftest\generated\selftest_jumbo_network.cpp(23): warning C4627: '#include "modules/selftest/generated/network/selftest/ot_network_selftest_op_unique_requests.cpp"': skipped when looking for precompiled header use
11>          Add directive to 'core/pch_jumbo.h' or rebuild precompiled header
11>c:\users\bryan\documents\github\prest\modules\selftest\generated\selftest_jumbo_opera_auth.cpp(16): warning C4627: '#include "modules/selftest/generated/opera_auth/selftest/ot_opera_auth_selftest_opera_auth_myopera.cpp"': skipped when looking for precompiled header use
11>          Add directive to 'core/pch_jumbo.h' or rebuild precompiled header
11>c:\users\bryan\documents\github\prest\modules\selftest\generated\selftest_jumbo_layout.cpp(70): fatal error C1010: unexpected end of file while looking for precompiled header. Did you forget to add '#include "core/pch_jumbo.h"' to your source?
11>c:\users\bryan\documents\github\prest\modules\selftest\generated\selftest_jumbo_opdata.cpp(17): warning C4627: '#include "modules/selftest/generated/opdata/tests/ot_opdata_tests_OpDataASCII.cpp"': skipped when looking for precompiled header use
11>          Add directive to 'core/pch_jumbo.h' or rebuild precompiled header
11>c:\users\bryan\documents\github\prest\modules\selftest\generated\selftest_jumbo_media.cpp(26): warning C4627: '#include "modules/selftest/generated/media/selftest/ot_media_selftest_mediathrottler.cpp"': skipped when looking for precompiled header use
11>          Add directive to 'core/pch_jumbo.h' or rebuild precompiled header
11>c:\users\bryan\documents\github\prest\modules\selftest\generated\selftest_jumbo_dom.cpp(120): warning C4627: '#include "modules/selftest/generated/dom/selftest/html/ot_dom_selftest_html_htmlelement_properties_itemValue.cpp"': skipped when looking for precompiled header use
11>          Add directive to 'core/pch_jumbo.h' or rebuild precompiled header
11>c:\users\bryan\documents\github\prest\modules\selftest\generated\selftest_jumbo_network.cpp(24): warning C4627: '#include "modules/selftest/generated/network/selftest/ot_network_selftest_op_url.cpp"': skipped when looking for precompiled header use
11>          Add directive to 'core/pch_jumbo.h' or rebuild precompiled header
11>c:\users\bryan\documents\github\prest\modules\selftest\generated\selftest_jumbo_opera_auth.cpp(17): warning C4627: '#include "modules/selftest/generated/opera_auth/selftest/ot_opera_auth_selftest_opera_auth_oauth.cpp"': skipped when looking for precompiled header use
11>          Add directive to 'core/pch_jumbo.h' or rebuild precompiled header
11>c:\users\bryan\documents\github\prest\modules\selftest\generated\selftest_jumbo_opdata.cpp(18): warning C4627: '#include "modules/selftest/generated/opdata/tests/ot_opdata_tests_OpDataFragmentIterator.cpp"': skipped when looking for precompiled header use
11>          Add directive to 'core/pch_jumbo.h' or rebuild precompiled header
14>  protobuf_input_common.cpp
13>  crashlog_freebsd32.cpp
11>c:\users\bryan\documents\github\prest\modules\selftest\generated\selftest_jumbo_media.cpp(27): warning C4627: '#include "modules/selftest/generated/media/selftest/ot_media_selftest_video.cpp"': skipped when looking for precompiled header use
11>          Add directive to 'core/pch_jumbo.h' or rebuild precompiled header
11>c:\users\bryan\documents\github\prest\modules\selftest\generated\selftest_jumbo_dom.cpp(121): warning C4627: '#include "modules/selftest/generated/dom/selftest/html/ot_dom_selftest_html_htmlelement_properties_spellcheck.cpp"': skipped when looking for precompiled header use
11>          Add directive to 'core/pch_jumbo.h' or rebuild precompiled header
11>c:\users\bryan\documents\github\prest\modules\selftest\generated\selftest_jumbo_network.cpp(25): fatal error C1010: unexpected end of file while looking for precompiled header. Did you forget to add '#include "core/pch_jumbo.h"' to your source?
11>c:\users\bryan\documents\github\prest\modules\selftest\generated\selftest_jumbo_opera_auth.cpp(18): fatal error C1010: unexpected end of file while looking for precompiled header. Did you forget to add '#include "core/pch_jumbo.h"' to your source?
11>c:\users\bryan\documents\github\prest\modules\selftest\generated\selftest_jumbo_opdata.cpp(19): warning C4627: '#include "modules/selftest/generated/opdata/tests/ot_opdata_tests_OpDataUTF8.cpp"': skipped when looking for precompiled header use
11>          Add directive to 'core/pch_jumbo.h' or rebuild precompiled header
11>c:\users\bryan\documents\github\prest\modules\selftest\generated\selftest_jumbo_dom.cpp(122): warning C4627: '#include "modules/selftest/generated/dom/selftest/html/ot_dom_selftest_html_htmlelement_properties_tabIndex.cpp"': skipped when looking for precompiled header use
11>          Add directive to 'core/pch_jumbo.h' or rebuild precompiled header
11>c:\users\bryan\documents\github\prest\modules\selftest\generated\selftest_jumbo_media.cpp(28): warning C4627: '#include "modules/selftest/generated/media/selftest/ot_media_selftest_webvtt.cpp"': skipped when looking for precompiled header use
11>          Add directive to 'core/pch_jumbo.h' or rebuild precompiled header
11>c:\users\bryan\documents\github\prest\modules\selftest\generated\selftest_jumbo_opdata.cpp(20): warning C4627: '#include "modules/selftest/generated/opdata/tests/ot_opdata_tests_OpData_Compare.cpp"': skipped when looking for precompiled header use
11>          Add directive to 'core/pch_jumbo.h' or rebuild precompiled header
11>c:\users\bryan\documents\github\prest\modules\selftest\generated\selftest_jumbo_ns4plugins.cpp(15): warning C4627: '#include "modules/selftest/generated/ns4plugins/selftest/ot_ns4plugins_selftest_crash.cpp"': skipped when looking for precompiled header use
11>          Add directive to 'core/pch_jumbo.h' or rebuild precompiled header
11>c:\users\bryan\documents\github\prest\modules\selftest\generated\selftest_jumbo_media.cpp(29): fatal error C1010: unexpected end of file while looking for precompiled header. Did you forget to add '#include "core/pch_jumbo.h"' to your source?
11>c:\users\bryan\documents\github\prest\modules\selftest\generated\selftest_jumbo_opdata.cpp(21): warning C4627: '#include "modules/selftest/generated/opdata/tests/ot_opdata_tests_OpUniStringStream.cpp"': skipped when looking for precompiled header use
11>          Add directive to 'core/pch_jumbo.h' or rebuild precompiled header
11>c:\users\bryan\documents\github\prest\modules\selftest\generated\selftest_jumbo_dom.cpp(123): warning C4627: '#include "modules/selftest/generated/dom/selftest/html/ot_dom_selftest_html_htmlembedelement.cpp"': skipped when looking for precompiled header use
11>          Add directive to 'core/pch_jumbo.h' or rebuild precompiled header
11>c:\users\bryan\documents\github\prest\modules\selftest\generated\selftest_jumbo_pi.cpp(15): warning C4627: '#include "modules/selftest/generated/pi/selftest/helpers/ot_pi_selftest_helpers_AddressBookSelftestHelper.cpp"': skipped when looking for precompiled header use
11>          Add directive to 'core/pch_jumbo.h' or rebuild precompiled header
11>c:\users\bryan\documents\github\prest\modules\selftest\generated\selftest_jumbo_ns4plugins.cpp(16): warning C4627: '#include "modules/selftest/generated/ns4plugins/selftest/ot_ns4plugins_selftest_nesting.cpp"': skipped when looking for precompiled header use
11>          Add directive to 'core/pch_jumbo.h' or rebuild precompiled header
11>c:\users\bryan\documents\github\prest\modules\selftest\generated\selftest_jumbo_dom.cpp(124): warning C4627: '#include "modules/selftest/generated/dom/selftest/html/ot_dom_selftest_html_htmlfieldsetelement.cpp"': skipped when looking for precompiled header use
11>          Add directive to 'core/pch_jumbo.h' or rebuild precompiled header
11>c:\users\bryan\documents\github\prest\modules\selftest\generated\selftest_jumbo_opdata.cpp(22): warning C4627: '#include "modules/selftest/generated/opdata/tests/ot_opdata_tests_UniString.cpp"': skipped when looking for precompiled header use
11>          Add directive to 'core/pch_jumbo.h' or rebuild precompiled header
11>c:\users\bryan\documents\github\prest\modules\selftest\generated\selftest_jumbo_pi.cpp(16): warning C4627: '#include "modules/selftest/generated/pi/selftest/ot_pi_selftest_OpAccelerometer.cpp"': skipped when looking for precompiled header use
11>          Add directive to 'core/pch_jumbo.h' or rebuild precompiled header
11>c:\users\bryan\documents\github\prest\modules\selftest\generated\selftest_jumbo_ns4plugins.cpp(17): warning C4627: '#include "modules/selftest/generated/ns4plugins/selftest/ot_ns4plugins_selftest_npapi-events.cpp"': skipped when looking for precompiled header use
11>          Add directive to 'core/pch_jumbo.h' or rebuild precompiled header
11>c:\users\bryan\documents\github\prest\modules\selftest\generated\selftest_jumbo_dom.cpp(125): warning C4627: '#include "modules/selftest/generated/dom/selftest/html/ot_dom_selftest_html_htmlformelement.cpp"': skipped when looking for precompiled header use
11>          Add directive to 'core/pch_jumbo.h' or rebuild precompiled header
11>  selftest_jumbo_posix.cpp
11>  selftest_jumbo_prefs.cpp
11>  selftest_jumbo_prefsfile.cpp
11>  selftest_jumbo_prefsloader.cpp
11>  selftest_jumbo_probetools.cpp
11>  selftest_jumbo_protobuf.cpp
11>  selftest_jumbo_pubsuffix.cpp
11>c:\users\bryan\documents\github\prest\modules\selftest\generated\selftest_jumbo_otl.cpp(15): warning C4627: '#include "modules/selftest/generated/otl/selftest/ot_otl_selftest_deque.cpp"': skipped when looking for precompiled header use
11>          Add directive to 'core/pch_jumbo.h' or rebuild precompiled header
11>c:\users\bryan\documents\github\prest\modules\selftest\generated\selftest_jumbo_pi.cpp(17): warning C4627: '#include "modules/selftest/generated/pi/selftest/ot_pi_selftest_OpClipboard.cpp"': skipped when looking for precompiled header use
11>          Add directive to 'core/pch_jumbo.h' or rebuild precompiled header
11>c:\users\bryan\documents\github\prest\modules\selftest\generated\selftest_jumbo_dom.cpp(126): warning C4627: '#include "modules/selftest/generated/dom/selftest/html/ot_dom_selftest_html_htmlimageelement.cpp"': skipped when looking for precompiled header use
11>          Add directive to 'core/pch_jumbo.h' or rebuild precompiled header
11>c:\users\bryan\documents\github\prest\modules\selftest\generated\selftest_jumbo_ns4plugins.cpp(18): warning C4627: '#include "modules/selftest/generated/ns4plugins/selftest/ot_ns4plugins_selftest_npapi-streams.cpp"': skipped when looking for precompiled header use
11>          Add directive to 'core/pch_jumbo.h' or rebuild precompiled header
11>c:\users\bryan\documents\github\prest\modules\selftest\generated\selftest_jumbo_otl.cpp(16): warning C4627: '#include "modules/selftest/generated/otl/selftest/ot_otl_selftest_list.cpp"': skipped when looking for precompiled header use
11>          Add directive to 'core/pch_jumbo.h' or rebuild precompiled header
11>c:\users\bryan\documents\github\prest\modules\selftest\generated\selftest_jumbo_pi.cpp(18): warning C4627: '#include "modules/selftest/generated/pi/selftest/ot_pi_selftest_OpFolderLister.cpp"': skipped when looking for precompiled header use
11>          Add directive to 'core/pch_jumbo.h' or rebuild precompiled header
11>c:\users\bryan\documents\github\prest\modules\selftest\generated\selftest_jumbo_ns4plugins.cpp(19): warning C4627: '#include "modules/selftest/generated/ns4plugins/selftest/ot_ns4plugins_selftest_npapi-tweak.cpp"': skipped when looking for precompiled header use
11>          Add directive to 'core/pch_jumbo.h' or rebuild precompiled header
11>c:\users\bryan\documents\github\prest\modules\selftest\generated\selftest_jumbo_otl.cpp(17): warning C4627: '#include "modules/selftest/generated/otl/selftest/ot_otl_selftest_map.cpp"': skipped when looking for precompiled header use
11>          Add directive to 'core/pch_jumbo.h' or rebuild precompiled header
11>c:\users\bryan\documents\github\prest\modules\selftest\generated\selftest_jumbo_pi.cpp(19): warning C4627: '#include "modules/selftest/generated/pi/selftest/ot_pi_selftest_OpFont.cpp"': skipped when looking for precompiled header use
11>          Add directive to 'core/pch_jumbo.h' or rebuild precompiled header
11>c:\users\bryan\documents\github\prest\modules\selftest\generated\selftest_jumbo_dom.cpp(127): warning C4627: '#include "modules/selftest/generated/dom/selftest/html/ot_dom_selftest_html_htmlinputelement.cpp"': skipped when looking for precompiled header use
11>          Add directive to 'core/pch_jumbo.h' or rebuild precompiled header
11>c:\users\bryan\documents\github\prest\modules\selftest\generated\selftest_jumbo_opdata.cpp(23): warning C4627: '#include "modules/selftest/generated/opdata/tests/ot_opdata_tests_UniStringFragmentIterator.cpp"': skipped when looking for precompiled header use
11>          Add directive to 'core/pch_jumbo.h' or rebuild precompiled header
11>c:\users\bryan\documents\github\prest\modules\selftest\generated\selftest_jumbo_ns4plugins.cpp(20): warning C4627: '#include "modules/selftest/generated/ns4plugins/selftest/ot_ns4plugins_selftest_npapi.cpp"': skipped when looking for precompiled header use
11>          Add directive to 'core/pch_jumbo.h' or rebuild precompiled header
11>c:\users\bryan\documents\github\prest\modules\selftest\generated\selftest_jumbo_prefs.cpp(15): warning C4627: '#include "modules/selftest/generated/prefs/testsuite/ot_prefs_testsuite_hostoverride.cpp"': skipped when looking for precompiled header use
11>          Add directive to 'core/pch_jumbo.h' or rebuild precompiled header
11>c:\users\bryan\documents\github\prest\modules\selftest\generated\selftest_jumbo_otl.cpp(18): warning C4627: '#include "modules/selftest/generated/otl/selftest/ot_otl_selftest_range.cpp"': skipped when looking for precompiled header use
11>          Add directive to 'core/pch_jumbo.h' or rebuild precompiled header
11>c:\users\bryan\documents\github\prest\modules\selftest\generated\selftest_jumbo_pi.cpp(20): warning C4627: '#include "modules/selftest/generated/pi/selftest/ot_pi_selftest_OpGeolocation.cpp"': skipped when looking for precompiled header use
11>          Add directive to 'core/pch_jumbo.h' or rebuild precompiled header
11>c:\users\bryan\documents\github\prest\modules\selftest\generated\selftest_jumbo_dom.cpp(128): warning C4627: '#include "modules/selftest/generated/dom/selftest/html/ot_dom_selftest_html_htmllegendelement.cpp"': skipped when looking for precompiled header use
11>          Add directive to 'core/pch_jumbo.h' or rebuild precompiled header
11>c:\users\bryan\documents\github\prest\modules\selftest\generated\selftest_jumbo_opdata.cpp(24): warning C4627: '#include "modules/selftest/generated/opdata/tests/ot_opdata_tests_UniStringUTF8.cpp"': skipped when looking for precompiled header use
11>          Add directive to 'core/pch_jumbo.h' or rebuild precompiled header
11>c:\users\bryan\documents\github\prest\modules\selftest\generated\selftest_jumbo_ns4plugins.cpp(21): warning C4627: '#include "modules/selftest/generated/ns4plugins/selftest/ot_ns4plugins_selftest_npruntime.cpp"': skipped when looking for precompiled header use
11>          Add directive to 'core/pch_jumbo.h' or rebuild precompiled header
11>c:\users\bryan\documents\github\prest\modules\selftest\generated\selftest_jumbo_prefs.cpp(16): warning C4627: '#include "modules/selftest/generated/prefs/testsuite/ot_prefs_testsuite_listener.cpp"': skipped when looking for precompiled header use
11>          Add directive to 'core/pch_jumbo.h' or rebuild precompiled header
11>c:\users\bryan\documents\github\prest\modules\selftest\generated\selftest_jumbo_pi.cpp(21): warning C4627: '#include "modules/selftest/generated/pi/selftest/ot_pi_selftest_OpLocale.cpp"': skipped when looking for precompiled header use
11>          Add directive to 'core/pch_jumbo.h' or rebuild precompiled header
11>c:\users\bryan\documents\github\prest\modules\selftest\generated\selftest_jumbo_otl.cpp(19): warning C4627: '#include "modules/selftest/generated/otl/selftest/ot_otl_selftest_red_black_tree.cpp"': skipped when looking for precompiled header use
11>          Add directive to 'core/pch_jumbo.h' or rebuild precompiled header
11>c:\users\bryan\documents\github\prest\modules\selftest\generated\selftest_jumbo_dom.cpp(129): warning C4627: '#include "modules/selftest/generated/dom/selftest/html/ot_dom_selftest_html_htmllinkproperties.cpp"': skipped when looking for precompiled header use
11>          Add directive to 'core/pch_jumbo.h' or rebuild precompiled header
11>c:\users\bryan\documents\github\prest\modules\selftest\generated\selftest_jumbo_prefsfile.cpp(15): warning C4627: '#include "modules/selftest/generated/prefsfile/testsuite/ot_prefsfile_testsuite_cascade.cpp"': skipped when looking for precompiled header use
11>          Add directive to 'core/pch_jumbo.h' or rebuild precompiled header
11>c:\users\bryan\documents\github\prest\modules\selftest\generated\selftest_jumbo_pubsuffix.cpp(15): warning C4627: '#include "modules/selftest/generated/pubsuffix/selftest/ot_pubsuffix_selftest_suffixtypes.cpp"': skipped when looking for precompiled header use
11>          Add directive to 'core/pch_jumbo.h' or rebuild precompiled header
11>c:\users\bryan\documents\github\prest\modules\selftest\generated\selftest_jumbo_posix.cpp(15): warning C4627: '#include "modules/selftest/generated/posix/try/ot_posix_try_FolderLister.cpp"': skipped when looking for precompiled header use
11>          Add directive to 'core/pch_jumbo.h' or rebuild precompiled header
11>c:\users\bryan\documents\github\prest\modules\selftest\generated\selftest_jumbo_opdata.cpp(25): warning C4627: '#include "modules/selftest/generated/opdata/tests/ot_opdata_tests_UniString_Compare.cpp"': skipped when looking for precompiled header use
11>          Add directive to 'core/pch_jumbo.h' or rebuild precompiled header
11>c:\users\bryan\documents\github\prest\modules\selftest\generated\selftest_jumbo_ns4plugins.cpp(22): warning C4627: '#include "modules/selftest/generated/ns4plugins/selftest/ot_ns4plugins_selftest_ns4plugins.cpp"': skipped when looking for precompiled header use
11>          Add directive to 'core/pch_jumbo.h' or rebuild precompiled header
11>c:\users\bryan\documents\github\prest\modules\selftest\generated\selftest_jumbo_prefs.cpp(17): warning C4627: '#include "modules/selftest/generated/prefs/testsuite/ot_prefs_testsuite_operaconfig.cpp"': skipped when looking for precompiled header use
11>          Add directive to 'core/pch_jumbo.h' or rebuild precompiled header
11>c:\users\bryan\documents\github\prest\modules\selftest\generated\selftest_jumbo_protobuf.cpp(15): warning C4627: '#include "modules/selftest/generated/protobuf/selftest/ot_protobuf_selftest_json_es.cpp"': skipped when looking for precompiled header use
11>          Add directive to 'core/pch_jumbo.h' or rebuild precompiled header
11>c:\users\bryan\documents\github\prest\modules\selftest\generated\selftest_jumbo_prefsloader.cpp(15): warning C4627: '#include "modules/selftest/generated/prefsloader/testsuite/ot_prefsloader_testsuite_cleaning.cpp"': skipped when looking for precompiled header use
11>          Add directive to 'core/pch_jumbo.h' or rebuild precompiled header
11>c:\users\bryan\documents\github\prest\modules\selftest\generated\selftest_jumbo_pi.cpp(22): warning C4627: '#include "modules/selftest/generated/pi/selftest/ot_pi_selftest_OpLowLevelFile.cpp"': skipped when looking for precompiled header use
11>          Add directive to 'core/pch_jumbo.h' or rebuild precompiled header
11>c:\users\bryan\documents\github\prest\modules\selftest\generated\selftest_jumbo_otl.cpp(20): warning C4627: '#include "modules/selftest/generated/otl/selftest/ot_otl_selftest_stack.cpp"': skipped when looking for precompiled header use
11>          Add directive to 'core/pch_jumbo.h' or rebuild precompiled header
13>  crashlog_freebsd64.cpp
14>  protobuf_message.cpp
13>  crashlog_linux32.cpp
13>  crashlog_linux64.cpp
11>c:\users\bryan\documents\github\prest\modules\selftest\generated\selftest_jumbo_pubsuffix.cpp(16): fatal error C1010: unexpected end of file while looking for precompiled header. Did you forget to add '#include "core/pch_jumbo.h"' to your source?
11>c:\users\bryan\documents\github\prest\modules\selftest\generated\selftest_jumbo_prefsfile.cpp(16): warning C4627: '#include "modules/selftest/generated/prefsfile/testsuite/ot_prefsfile_testsuite_createini.cpp"': skipped when looking for precompiled header use
11>          Add directive to 'core/pch_jumbo.h' or rebuild precompiled header
11>c:\users\bryan\documents\github\prest\modules\selftest\generated\selftest_jumbo_dom.cpp(130): warning C4627: '#include "modules/selftest/generated/dom/selftest/html/ot_dom_selftest_html_htmlmarqueeelement.cpp"': skipped when looking for precompiled header use
11>          Add directive to 'core/pch_jumbo.h' or rebuild precompiled header
11>c:\users\bryan\documents\github\prest\modules\selftest\generated\selftest_jumbo_posix.cpp(16): warning C4627: '#include "modules/selftest/generated/posix/try/ot_posix_try_Locale.cpp"': skipped when looking for precompiled header use
11>          Add directive to 'core/pch_jumbo.h' or rebuild precompiled header
11>c:\users\bryan\documents\github\prest\modules\selftest\generated\selftest_jumbo_opdata.cpp(26): fatal error C1010: unexpected end of file while looking for precompiled header. Did you forget to add '#include "core/pch_jumbo.h"' to your source?
11>c:\users\bryan\documents\github\prest\modules\selftest\generated\selftest_jumbo_prefs.cpp(18): warning C4627: '#include "modules/selftest/generated/prefs/testsuite/ot_prefs_testsuite_opprefscollection.cpp"': skipped when looking for precompiled header use
11>          Add directive to 'core/pch_jumbo.h' or rebuild precompiled header
11>c:\users\bryan\documents\github\prest\modules\selftest\generated\selftest_jumbo_ns4plugins.cpp(23): warning C4627: '#include "modules/selftest/generated/ns4plugins/selftest/ot_ns4plugins_selftest_plugin-placehoder-disabled.cpp"': skipped when looking for precompiled header use
11>          Add directive to 'core/pch_jumbo.h' or rebuild precompiled header
11>c:\users\bryan\documents\github\prest\modules\selftest\generated\selftest_jumbo_protobuf.cpp(16): warning C4627: '#include "modules/selftest/generated/protobuf/selftest/ot_protobuf_selftest_json_utils.cpp"': skipped when looking for precompiled header use
11>          Add directive to 'core/pch_jumbo.h' or rebuild precompiled header
11>c:\users\bryan\documents\github\prest\modules\selftest\generated\selftest_jumbo_prefsloader.cpp(16): warning C4627: '#include "modules/selftest/generated/prefsloader/testsuite/ot_prefsloader_testsuite_downloading.cpp"': skipped when looking for precompiled header use
11>          Add directive to 'core/pch_jumbo.h' or rebuild precompiled header
11>c:\users\bryan\documents\github\prest\modules\selftest\generated\selftest_jumbo_pi.cpp(23): warning C4627: '#include "modules/selftest/generated/pi/selftest/ot_pi_selftest_OpLowLevelFileAsync.cpp"': skipped when looking for precompiled header use
11>          Add directive to 'core/pch_jumbo.h' or rebuild precompiled header
11>c:\users\bryan\documents\github\prest\modules\selftest\generated\selftest_jumbo_prefsfile.cpp(17): warning C4627: '#include "modules/selftest/generated/prefsfile/testsuite/ot_prefsfile_testsuite_createiniescaped.cpp"': skipped when looking for precompiled header use
11>          Add directive to 'core/pch_jumbo.h' or rebuild precompiled header
11>c:\users\bryan\documents\github\prest\modules\selftest\generated\selftest_jumbo_posix.cpp(17): warning C4627: '#include "modules/selftest/generated/posix/try/ot_posix_try_LocaleUtil.cpp"': skipped when looking for precompiled header use
11>          Add directive to 'core/pch_jumbo.h' or rebuild precompiled header
11>c:\users\bryan\documents\github\prest\modules\selftest\generated\selftest_jumbo_otl.cpp(21): warning C4627: '#include "modules/selftest/generated/otl/selftest/ot_otl_selftest_vector.cpp"': skipped when looking for precompiled header use
11>          Add directive to 'core/pch_jumbo.h' or rebuild precompiled header
11>c:\users\bryan\documents\github\prest\modules\selftest\generated\selftest_jumbo_dom.cpp(131): warning C4627: '#include "modules/selftest/generated/dom/selftest/html/ot_dom_selftest_html_htmlmicrodata.cpp"': skipped when looking for precompiled header use
11>          Add directive to 'core/pch_jumbo.h' or rebuild precompiled header
13>  crashlog_windows.cpp
11>c:\users\bryan\documents\github\prest\modules\selftest\generated\selftest_jumbo_prefs.cpp(19): warning C4627: '#include "modules/selftest/generated/prefs/testsuite/ot_prefs_testsuite_pc_display.cpp"': skipped when looking for precompiled header use
11>          Add directive to 'core/pch_jumbo.h' or rebuild precompiled header
11>c:\users\bryan\documents\github\prest\modules\selftest\generated\selftest_jumbo_ns4plugins.cpp(24): warning C4627: '#include "modules/selftest/generated/ns4plugins/selftest/ot_ns4plugins_selftest_plugin-placehoder-enabled.cpp"': skipped when looking for precompiled header use
11>          Add directive to 'core/pch_jumbo.h' or rebuild precompiled header
11>c:\users\bryan\documents\github\prest\modules\selftest\generated\selftest_jumbo_prefsloader.cpp(17): warning C4627: '#include "modules/selftest/generated/prefsloader/testsuite/ot_prefsloader_testsuite_filedownload.cpp"': skipped when looking for precompiled header use
11>          Add directive to 'core/pch_jumbo.h' or rebuild precompiled header
11>c:\users\bryan\documents\github\prest\modules\selftest\generated\selftest_jumbo_pi.cpp(24): warning C4627: '#include "modules/selftest/generated/pi/selftest/ot_pi_selftest_OpMemory.cpp"': skipped when looking for precompiled header use
11>          Add directive to 'core/pch_jumbo.h' or rebuild precompiled header
11>c:\users\bryan\documents\github\prest\modules\selftest\generated\selftest_jumbo_prefsfile.cpp(18): warning C4627: '#include "modules/selftest/generated/prefsfile/testsuite/ot_prefsfile_testsuite_createxml.cpp"': skipped when looking for precompiled header use
11>          Add directive to 'core/pch_jumbo.h' or rebuild precompiled header
11>c:\users\bryan\documents\github\prest\modules\selftest\generated\selftest_jumbo_posix.cpp(18): warning C4627: '#include "modules/selftest/generated/posix/try/ot_posix_try_LowLevelFile.cpp"': skipped when looking for precompiled header use
11>          Add directive to 'core/pch_jumbo.h' or rebuild precompiled header
11>c:\users\bryan\documents\github\prest\modules\selftest\generated\selftest_jumbo_otl.cpp(22): fatal error C1010: unexpected end of file while looking for precompiled header. Did you forget to add '#include "core/pch_jumbo.h"' to your source?
11>c:\users\bryan\documents\github\prest\modules\selftest\generated\selftest_jumbo_protobuf.cpp(17): warning C4627: '#include "modules/selftest/generated/protobuf/selftest/ot_protobuf_selftest_opvaluevector.cpp"': skipped when looking for precompiled header use
11>          Add directive to 'core/pch_jumbo.h' or rebuild precompiled header
11>c:\users\bryan\documents\github\prest\modules\selftest\generated\selftest_jumbo_prefs.cpp(20): warning C4627: '#include "modules/selftest/generated/prefs/testsuite/ot_prefs_testsuite_pc_files.cpp"': skipped when looking for precompiled header use
11>          Add directive to 'core/pch_jumbo.h' or rebuild precompiled header
11>c:\users\bryan\documents\github\prest\modules\selftest\generated\selftest_jumbo_ns4plugins.cpp(25): fatal error C1010: unexpected end of file while looking for precompiled header. Did you forget to add '#include "core/pch_jumbo.h"' to your source?
11>c:\users\bryan\documents\github\prest\modules\selftest\generated\selftest_jumbo_prefsloader.cpp(18): fatal error C1010: unexpected end of file while looking for precompiled header. Did you forget to add '#include "core/pch_jumbo.h"' to your source?
11>c:\users\bryan\documents\github\prest\modules\selftest\generated\selftest_jumbo_dom.cpp(132): warning C4627: '#include "modules/selftest/generated/dom/selftest/html/ot_dom_selftest_html_htmlmicrodata_cacheUpdate.cpp"': skipped when looking for precompiled header use
11>          Add directive to 'core/pch_jumbo.h' or rebuild precompiled header
11>c:\users\bryan\documents\github\prest\modules\selftest\generated\selftest_jumbo_pi.cpp(25): warning C4627: '#include "modules/selftest/generated/pi/selftest/ot_pi_selftest_OpNetworkInterface.cpp"': skipped when looking for precompiled header use
11>          Add directive to 'core/pch_jumbo.h' or rebuild precompiled header
11>c:\users\bryan\documents\github\prest\modules\selftest\generated\selftest_jumbo_prefsfile.cpp(19): warning C4627: '#include "modules/selftest/generated/prefsfile/testsuite/ot_prefsfile_testsuite_dir.cpp"': skipped when looking for precompiled header use
11>          Add directive to 'core/pch_jumbo.h' or rebuild precompiled header
11>c:\users\bryan\documents\github\prest\modules\selftest\generated\selftest_jumbo_posix.cpp(19): warning C4627: '#include "modules/selftest/generated/posix/try/ot_posix_try_Memory.cpp"': skipped when looking for precompiled header use
11>          Add directive to 'core/pch_jumbo.h' or rebuild precompiled header
11>c:\users\bryan\documents\github\prest\modules\selftest\generated\selftest_jumbo_protobuf.cpp(18): warning C4627: '#include "modules/selftest/generated/protobuf/selftest/ot_protobuf_selftest_protobuf.cpp"': skipped when looking for precompiled header use
11>          Add directive to 'core/pch_jumbo.h' or rebuild precompiled header
11>c:\users\bryan\documents\github\prest\modules\selftest\generated\selftest_jumbo_prefs.cpp(21): warning C4627: '#include "modules/selftest/generated/prefs/testsuite/ot_prefs_testsuite_pc_fontcolor.cpp"': skipped when looking for precompiled header use
11>          Add directive to 'core/pch_jumbo.h' or rebuild precompiled header
11>c:\users\bryan\documents\github\prest\modules\selftest\generated\selftest_jumbo_prefsfile.cpp(20): warning C4627: '#include "modules/selftest/generated/prefsfile/testsuite/ot_prefsfile_testsuite_emptyini.cpp"': skipped when looking for precompiled header use
11>          Add directive to 'core/pch_jumbo.h' or rebuild precompiled header
11>c:\users\bryan\documents\github\prest\modules\selftest\generated\selftest_jumbo_pi.cpp(26): warning C4627: '#include "modules/selftest/generated/pi/selftest/ot_pi_selftest_OpScreenInfo.cpp"': skipped when looking for precompiled header use
11>          Add directive to 'core/pch_jumbo.h' or rebuild precompiled header
11>c:\users\bryan\documents\github\prest\modules\selftest\generated\selftest_jumbo_posix.cpp(20): warning C4627: '#include "modules/selftest/generated/posix/try/ot_posix_try_Native.cpp"': skipped when looking for precompiled header use
11>          Add directive to 'core/pch_jumbo.h' or rebuild precompiled header
11>c:\users\bryan\documents\github\prest\modules\selftest\generated\selftest_jumbo_prefs.cpp(22): warning C4627: '#include "modules/selftest/generated/prefs/testsuite/ot_prefs_testsuite_pc_network.cpp"': skipped when looking for precompiled header use
11>          Add directive to 'core/pch_jumbo.h' or rebuild precompiled header
11>c:\users\bryan\documents\github\prest\modules\selftest\generated\selftest_jumbo_protobuf.cpp(19): warning C4627: '#include "modules/selftest/generated/protobuf/selftest/ot_protobuf_selftest_protobuf_bytes.cpp"': skipped when looking for precompiled header use
11>          Add directive to 'core/pch_jumbo.h' or rebuild precompiled header
11>c:\users\bryan\documents\github\prest\modules\selftest\generated\selftest_jumbo_prefsfile.cpp(21): warning C4627: '#include "modules/selftest/generated/prefsfile/testsuite/ot_prefsfile_testsuite_escaped.cpp"': skipped when looking for precompiled header use
11>          Add directive to 'core/pch_jumbo.h' or rebuild precompiled header
11>c:\users\bryan\documents\github\prest\modules\selftest\generated\selftest_jumbo_pi.cpp(27): warning C4627: '#include "modules/selftest/generated/pi/selftest/ot_pi_selftest_OpSensor.cpp"': skipped when looking for precompiled header use
11>          Add directive to 'core/pch_jumbo.h' or rebuild precompiled header
11>c:\users\bryan\documents\github\prest\modules\selftest\generated\selftest_jumbo_posix.cpp(21): warning C4627: '#include "modules/selftest/generated/posix/try/ot_posix_try_NetworkInterface.cpp"': skipped when looking for precompiled header use
11>          Add directive to 'core/pch_jumbo.h' or rebuild precompiled header
11>c:\users\bryan\documents\github\prest\modules\selftest\generated\selftest_jumbo_prefs.cpp(23): warning C4627: '#include "modules/selftest/generated/prefs/testsuite/ot_prefs_testsuite_prefsmanager.cpp"': skipped when looking for precompiled header use
11>          Add directive to 'core/pch_jumbo.h' or rebuild precompiled header
11>c:\users\bryan\documents\github\prest\modules\selftest\generated\selftest_jumbo_dom.cpp(133): warning C4627: '#include "modules/selftest/generated/dom/selftest/html/ot_dom_selftest_html_htmlmicrodata_getter_caller.cpp"': skipped when looking for precompiled header use
11>          Add directive to 'core/pch_jumbo.h' or rebuild precompiled header
11>c:\users\bryan\documents\github\prest\modules\selftest\generated\selftest_jumbo_prefsfile.cpp(22): warning C4627: '#include "modules/selftest/generated/prefsfile/testsuite/ot_prefsfile_testsuite_import.cpp"': skipped when looking for precompiled header use
11>          Add directive to 'core/pch_jumbo.h' or rebuild precompiled header
11>c:\users\bryan\documents\github\prest\modules\selftest\generated\selftest_jumbo_pi.cpp(28): warning C4627: '#include "modules/selftest/generated/pi/selftest/ot_pi_selftest_OpSharedMemory.cpp"': skipped when looking for precompiled header use
11>          Add directive to 'core/pch_jumbo.h' or rebuild precompiled header
11>c:\users\bryan\documents\github\prest\modules\selftest\generated\selftest_jumbo_posix.cpp(22): warning C4627: '#include "modules/selftest/generated/posix/try/ot_posix_try_Socket.cpp"': skipped when looking for precompiled header use
11>          Add directive to 'core/pch_jumbo.h' or rebuild precompiled header
11>c:\users\bryan\documents\github\prest\modules\selftest\generated\selftest_jumbo_prefs.cpp(24): warning C4627: '#include "modules/selftest/generated/prefs/testsuite/ot_prefs_testsuite_readoverrides.cpp"': skipped when looking for precompiled header use
11>          Add directive to 'core/pch_jumbo.h' or rebuild precompiled header
11>c:\users\bryan\documents\github\prest\modules\selftest\generated\selftest_jumbo_protobuf.cpp(20): warning C4627: '#include "modules/selftest/generated/protobuf/selftest/ot_protobuf_selftest_protobuf_order.cpp"': skipped when looking for precompiled header use
11>          Add directive to 'core/pch_jumbo.h' or rebuild precompiled header
11>c:\users\bryan\documents\github\prest\modules\selftest\generated\selftest_jumbo_prefsfile.cpp(23): warning C4627: '#include "modules/selftest/generated/prefsfile/testsuite/ot_prefsfile_testsuite_leakcheck.cpp"': skipped when looking for precompiled header use
11>          Add directive to 'core/pch_jumbo.h' or rebuild precompiled header
11>c:\users\bryan\documents\github\prest\modules\selftest\generated\selftest_jumbo_dom.cpp(134): warning C4627: '#include "modules/selftest/generated/dom/selftest/html/ot_dom_selftest_html_htmloptionelement.cpp"': skipped when looking for precompiled header use
11>          Add directive to 'core/pch_jumbo.h' or rebuild precompiled header
11>c:\users\bryan\documents\github\prest\modules\selftest\generated\selftest_jumbo_posix.cpp(23): warning C4627: '#include "modules/selftest/generated/posix/try/ot_posix_try_SocketAddress.cpp"': skipped when looking for precompiled header use
11>          Add directive to 'core/pch_jumbo.h' or rebuild precompiled header
11>c:\users\bryan\documents\github\prest\modules\selftest\generated\selftest_jumbo_pi.cpp(29): warning C4627: '#include "modules/selftest/generated/pi/selftest/ot_pi_selftest_OpSharedMemoryMutex.cpp"': skipped when looking for precompiled header use
11>          Add directive to 'core/pch_jumbo.h' or rebuild precompiled header
11>c:\users\bryan\documents\github\prest\modules\selftest\generated\selftest_jumbo_prefs.cpp(25): warning C4627: '#include "modules/selftest/generated/prefs/testsuite/ot_prefs_testsuite_upgrade.cpp"': skipped when looking for precompiled header use
11>          Add directive to 'core/pch_jumbo.h' or rebuild precompiled header
13>  SharedMemory.cpp
14>  protobuf_output.cpp
11>c:\users\bryan\documents\github\prest\modules\selftest\generated\selftest_jumbo_protobuf.cpp(21): warning C4627: '#include "modules/selftest/generated/protobuf/selftest/ot_protobuf_selftest_protobuf_range.cpp"': skipped when looking for precompiled header use
11>          Add directive to 'core/pch_jumbo.h' or rebuild precompiled header
11>c:\users\bryan\documents\github\prest\modules\selftest\generated\selftest_jumbo_pi.cpp(30): warning C4627: '#include "modules/selftest/generated/pi/selftest/ot_pi_selftest_OpSocket.cpp"': skipped when looking for precompiled header use
11>          Add directive to 'core/pch_jumbo.h' or rebuild precompiled header
11>c:\users\bryan\documents\github\prest\modules\selftest\generated\selftest_jumbo_prefsfile.cpp(24): warning C4627: '#include "modules/selftest/generated/prefsfile/testsuite/ot_prefsfile_testsuite_lng.cpp"': skipped when looking for precompiled header use
11>          Add directive to 'core/pch_jumbo.h' or rebuild precompiled header
11>c:\users\bryan\documents\github\prest\modules\selftest\generated\selftest_jumbo_posix.cpp(24): warning C4627: '#include "modules/selftest/generated/posix/try/ot_posix_try_SystemInfo.cpp"': skipped when looking for precompiled header use
11>          Add directive to 'core/pch_jumbo.h' or rebuild precompiled header
11>c:\users\bryan\documents\github\prest\modules\selftest\generated\selftest_jumbo_prefs.cpp(26): fatal error C1010: unexpected end of file while looking for precompiled header. Did you forget to add '#include "core/pch_jumbo.h"' to your source?
11>c:\users\bryan\documents\github\prest\modules\selftest\generated\selftest_jumbo_dom.cpp(135): warning C4627: '#include "modules/selftest/generated/dom/selftest/html/ot_dom_selftest_html_htmlpluginelement.cpp"': skipped when looking for precompiled header use
11>          Add directive to 'core/pch_jumbo.h' or rebuild precompiled header
11>c:\users\bryan\documents\github\prest\modules\selftest\generated\selftest_jumbo_pi.cpp(31): warning C4627: '#include "modules/selftest/generated/pi/selftest/ot_pi_selftest_OpSocketAddress.cpp"': skipped when looking for precompiled header use
11>          Add directive to 'core/pch_jumbo.h' or rebuild precompiled header
11>c:\users\bryan\documents\github\prest\modules\selftest\generated\selftest_jumbo_prefsfile.cpp(25): warning C4627: '#include "modules/selftest/generated/prefsfile/testsuite/ot_prefsfile_testsuite_multicascade.cpp"': skipped when looking for precompiled header use
11>          Add directive to 'core/pch_jumbo.h' or rebuild precompiled header
11>c:\users\bryan\documents\github\prest\modules\selftest\generated\selftest_jumbo_protobuf.cpp(22): warning C4627: '#include "modules/selftest/generated/protobuf/selftest/ot_protobuf_selftest_protobuf_strings.cpp"': skipped when looking for precompiled header use
11>          Add directive to 'core/pch_jumbo.h' or rebuild precompiled header
11>  selftest_jumbo_quick.cpp
11>c:\users\bryan\documents\github\prest\modules\selftest\generated\selftest_jumbo_posix.cpp(25): warning C4627: '#include "modules/selftest/generated/posix/try/ot_posix_try_UdpSocket.cpp"': skipped when looking for precompiled header use
11>          Add directive to 'core/pch_jumbo.h' or rebuild precompiled header
11>  selftest_jumbo_quick_toolkit.cpp
11>c:\users\bryan\documents\github\prest\modules\selftest\generated\selftest_jumbo_prefsfile.cpp(26): warning C4627: '#include "modules/selftest/generated/prefsfile/testsuite/ot_prefsfile_testsuite_nocascade.cpp"': skipped when looking for precompiled header use
11>          Add directive to 'core/pch_jumbo.h' or rebuild precompiled header
11>c:\users\bryan\documents\github\prest\modules\selftest\generated\selftest_jumbo_pi.cpp(32): warning C4627: '#include "modules/selftest/generated/pi/selftest/ot_pi_selftest_OpSubscriberInfo.cpp"': skipped when looking for precompiled header use
11>          Add directive to 'core/pch_jumbo.h' or rebuild precompiled header
11>  selftest_jumbo_quix.cpp
11>  selftest_jumbo_regexp.cpp
11>c:\users\bryan\documents\github\prest\modules\selftest\generated\selftest_jumbo_posix.cpp(26): fatal error C1010: unexpected end of file while looking for precompiled header. Did you forget to add '#include "core/pch_jumbo.h"' to your source?
11>c:\users\bryan\documents\github\prest\modules\selftest\generated\selftest_jumbo_dom.cpp(136): warning C4627: '#include "modules/selftest/generated/dom/selftest/html/ot_dom_selftest_html_htmlproperties.cpp"': skipped when looking for precompiled header use
11>          Add directive to 'core/pch_jumbo.h' or rebuild precompiled header
11>  selftest_jumbo_rootstore.cpp
11>c:\users\bryan\documents\github\prest\modules\selftest\generated\selftest_jumbo_pi.cpp(33): warning C4627: '#include "modules/selftest/generated/pi/selftest/ot_pi_selftest_OpSystemInfo.cpp"': skipped when looking for precompiled header use
11>          Add directive to 'core/pch_jumbo.h' or rebuild precompiled header
11>c:\users\bryan\documents\github\prest\modules\selftest\generated\selftest_jumbo_prefsfile.cpp(27): warning C4627: '#include "modules/selftest/generated/prefsfile/testsuite/ot_prefsfile_testsuite_nofile.cpp"': skipped when looking for precompiled header use
11>          Add directive to 'core/pch_jumbo.h' or rebuild precompiled header
11>c:\users\bryan\documents\github\prest\modules\selftest\generated\selftest_jumbo_protobuf.cpp(23): warning C4627: '#include "modules/selftest/generated/protobuf/selftest/ot_protobuf_selftest_protobuf_utils.cpp"': skipped when looking for precompiled header use
11>          Add directive to 'core/pch_jumbo.h' or rebuild precompiled header
11>c:\users\bryan\documents\github\prest\modules\selftest\generated\selftest_jumbo_pi.cpp(34): warning C4627: '#include "modules/selftest/generated/pi/selftest/ot_pi_selftest_OpTimeInfo.cpp"': skipped when looking for precompiled header use
11>          Add directive to 'core/pch_jumbo.h' or rebuild precompiled header
11>c:\users\bryan\documents\github\prest\modules\selftest\generated\selftest_jumbo_prefsfile.cpp(28): warning C4627: '#include "modules/selftest/generated/prefsfile/testsuite/ot_prefsfile_testsuite_overdimcascade.cpp"': skipped when looking for precompiled header use
11>          Add directive to 'core/pch_jumbo.h' or rebuild precompiled header
11>c:\users\bryan\documents\github\prest\modules\selftest\generated\selftest_jumbo_probetools.cpp(15): warning C4627: '#include "modules/selftest/generated/probetools/selftest/ot_probetools_selftest_probes.cpp"': skipped when looking for precompiled header use
11>          Add directive to 'core/pch_jumbo.h' or rebuild precompiled header
11>c:\users\bryan\documents\github\prest\modules\selftest\generated\selftest_jumbo_dom.cpp(137): warning C4627: '#include "modules/selftest/generated/dom/selftest/html/ot_dom_selftest_html_htmlscriptelement.cpp"': skipped when looking for precompiled header use
11>          Add directive to 'core/pch_jumbo.h' or rebuild precompiled header
11>  selftest_jumbo_scope.cpp
11>c:\users\bryan\documents\github\prest\modules\selftest\generated\selftest_jumbo_prefsfile.cpp(29): warning C4627: '#include "modules/selftest/generated/prefsfile/testsuite/ot_prefsfile_testsuite_prefsentry.cpp"': skipped when looking for precompiled header use
11>          Add directive to 'core/pch_jumbo.h' or rebuild precompiled header
11>c:\users\bryan\documents\github\prest\modules\selftest\generated\selftest_jumbo_pi.cpp(35): warning C4627: '#include "modules/selftest/generated/pi/selftest/ot_pi_selftest_OpUAComponentManager.cpp"': skipped when looking for precompiled header use
11>          Add directive to 'core/pch_jumbo.h' or rebuild precompiled header
11>  selftest_jumbo_search_engine.cpp
11>c:\users\bryan\documents\github\prest\modules\selftest\generated\selftest_jumbo_protobuf.cpp(24): warning C4627: '#include "modules/selftest/generated/protobuf/selftest/ot_protobuf_selftest_protobuf_vector.cpp"': skipped when looking for precompiled header use
11>          Add directive to 'core/pch_jumbo.h' or rebuild precompiled header
11>c:\users\bryan\documents\github\prest\modules\selftest\generated\selftest_jumbo_prefsfile.cpp(30): warning C4627: '#include "modules/selftest/generated/prefsfile/testsuite/ot_prefsfile_testsuite_prefsmap.cpp"': skipped when looking for precompiled header use
11>          Add directive to 'core/pch_jumbo.h' or rebuild precompiled header
11>c:\users\bryan\documents\github\prest\modules\selftest\generated\selftest_jumbo_pi.cpp(36): warning C4627: '#include "modules/selftest/generated/pi/selftest/ot_pi_selftest_OpUdpSocket.cpp"': skipped when looking for precompiled header use
11>          Add directive to 'core/pch_jumbo.h' or rebuild precompiled header
11>c:\users\bryan\documents\github\prest\modules\selftest\generated\selftest_jumbo_probetools.cpp(16): warning C4627: '#include "modules/selftest/generated/probetools/selftest/ot_probetools_selftest_probetimeline.cpp"': skipped when looking for precompiled header use
11>          Add directive to 'core/pch_jumbo.h' or rebuild precompiled header
11>c:\users\bryan\documents\github\prest\modules\selftest\generated\selftest_jumbo_dom.cpp(138): warning C4627: '#include "modules/selftest/generated/dom/selftest/html/ot_dom_selftest_html_htmlselectelement.cpp"': skipped when looking for precompiled header use
11>          Add directive to 'core/pch_jumbo.h' or rebuild precompiled header
11>c:\users\bryan\documents\github\prest\modules\selftest\generated\selftest_jumbo_quick_toolkit.cpp(15): warning C4627: '#include "modules/selftest/generated/quick_toolkit/selftest/integration/ot_quick_toolkit_selftest_integration_generic_grid_rtl.cpp"': skipped when looking for precompiled header use
11>          Add directive to 'core/pch_jumbo.h' or rebuild precompiled header
11>c:\users\bryan\documents\github\prest\modules\selftest\generated\selftest_jumbo_prefsfile.cpp(31): warning C4627: '#include "modules/selftest/generated/prefsfile/testsuite/ot_prefsfile_testsuite_prefssection.cpp"': skipped when looking for precompiled header use
11>          Add directive to 'core/pch_jumbo.h' or rebuild precompiled header
11>c:\users\bryan\documents\github\prest\modules\selftest\generated\selftest_jumbo_pi.cpp(37): warning C4627: '#include "modules/selftest/generated/pi/selftest/ot_pi_selftest_opaddressbook.cpp"': skipped when looking for precompiled header use
11>          Add directive to 'core/pch_jumbo.h' or rebuild precompiled header
11>c:\users\bryan\documents\github\prest\modules\selftest\generated\selftest_jumbo_protobuf.cpp(25): fatal error C1010: unexpected end of file while looking for precompiled header. Did you forget to add '#include "core/pch_jumbo.h"' to your source?
11>c:\users\bryan\documents\github\prest\modules\selftest\generated\selftest_jumbo_prefsfile.cpp(32): warning C4627: '#include "modules/selftest/generated/prefsfile/testsuite/ot_prefsfile_testsuite_readonly.cpp"': skipped when looking for precompiled header use
11>          Add directive to 'core/pch_jumbo.h' or rebuild precompiled header
11>c:\users\bryan\documents\github\prest\modules\selftest\generated\selftest_jumbo_pi.cpp(38): warning C4627: '#include "modules/selftest/generated/pi/selftest/ot_pi_selftest_opinterface.cpp"': skipped when looking for precompiled header use
11>          Add directive to 'core/pch_jumbo.h' or rebuild precompiled header
11>c:\users\bryan\documents\github\prest\modules\selftest\generated\selftest_jumbo_quick_toolkit.cpp(16): warning C4627: '#include "modules/selftest/generated/quick_toolkit/selftest/integration/ot_quick_toolkit_selftest_integration_imap_account_edit_dialog.cpp"': skipped when looking for precompiled header use
11>          Add directive to 'core/pch_jumbo.h' or rebuild precompiled header
11>c:\users\bryan\documents\github\prest\modules\selftest\generated\selftest_jumbo_probetools.cpp(17): warning C4627: '#include "modules/selftest/generated/probetools/selftest/ot_probetools_selftest_probetimer.cpp"': skipped when looking for precompiled header use
11>          Add directive to 'core/pch_jumbo.h' or rebuild precompiled header
11>c:\users\bryan\documents\github\prest\modules\selftest\generated\selftest_jumbo_dom.cpp(139): warning C4627: '#include "modules/selftest/generated/dom/selftest/html/ot_dom_selftest_html_htmlselectelement_functions.cpp"': skipped when looking for precompiled header use
11>          Add directive to 'core/pch_jumbo.h' or rebuild precompiled header
11>c:\users\bryan\documents\github\prest\modules\selftest\generated\selftest_jumbo_rootstore.cpp(15): warning C4627: '#include "modules/selftest/generated/rootstore/selftest/ot_rootstore_selftest_rootstore_loadroots.cpp"': skipped when looking for precompiled header use
11>          Add directive to 'core/pch_jumbo.h' or rebuild precompiled header
11>c:\users\bryan\documents\github\prest\modules\selftest\generated\selftest_jumbo_pi.cpp(39): fatal error C1010: unexpected end of file while looking for precompiled header. Did you forget to add '#include "core/pch_jumbo.h"' to your source?
11>c:\users\bryan\documents\github\prest\modules\selftest\generated\selftest_jumbo_quick_toolkit.cpp(17): warning C4627: '#include "modules/selftest/generated/quick_toolkit/selftest/integration/ot_quick_toolkit_selftest_integration_tabs.cpp"': skipped when looking for precompiled header use
11>          Add directive to 'core/pch_jumbo.h' or rebuild precompiled header
11>c:\users\bryan\documents\github\prest\modules\selftest\generated\selftest_jumbo_probetools.cpp(18): fatal error C1010: unexpected end of file while looking for precompiled header. Did you forget to add '#include "core/pch_jumbo.h"' to your source?
11>c:\users\bryan\documents\github\prest\modules\selftest\generated\selftest_jumbo_prefsfile.cpp(33): warning C4627: '#include "modules/selftest/generated/prefsfile/testsuite/ot_prefsfile_testsuite_rename.cpp"': skipped when looking for precompiled header use
11>          Add directive to 'core/pch_jumbo.h' or rebuild precompiled header
11>c:\users\bryan\documents\github\prest\modules\selftest\generated\selftest_jumbo_rootstore.cpp(16): warning C4627: '#include "modules/selftest/generated/rootstore/selftest/ot_rootstore_selftest_rootstore_test.cpp"': skipped when looking for precompiled header use
11>          Add directive to 'core/pch_jumbo.h' or rebuild precompiled header
11>c:\users\bryan\documents\github\prest\modules\selftest\generated\selftest_jumbo_dom.cpp(140): warning C4627: '#include "modules/selftest/generated/dom/selftest/html/ot_dom_selftest_html_htmltableelement_functions.cpp"': skipped when looking for precompiled header use
11>          Add directive to 'core/pch_jumbo.h' or rebuild precompiled header
11>c:\users\bryan\documents\github\prest\modules\selftest\generated\selftest_jumbo_quick_toolkit.cpp(18): warning C4627: '#include "modules/selftest/generated/quick_toolkit/selftest/integration/ot_quick_toolkit_selftest_integration_webserversetupwizard.cpp"': skipped when looking for precompiled header use
11>          Add directive to 'core/pch_jumbo.h' or rebuild precompiled header
11>c:\users\bryan\documents\github\prest\modules\selftest\generated\selftest_jumbo_rootstore.cpp(17): warning C4627: '#include "modules/selftest/generated/rootstore/selftest/ot_rootstore_selftest_rootstoretest_online.cpp"': skipped when looking for precompiled header use
11>          Add directive to 'core/pch_jumbo.h' or rebuild precompiled header
11>c:\users\bryan\documents\github\prest\modules\selftest\generated\selftest_jumbo_prefsfile.cpp(34): warning C4627: '#include "modules/selftest/generated/prefsfile/testsuite/ot_prefsfile_testsuite_version1.cpp"': skipped when looking for precompiled header use
11>          Add directive to 'core/pch_jumbo.h' or rebuild precompiled header
11>c:\users\bryan\documents\github\prest\modules\selftest\generated\selftest_jumbo_dom.cpp(141): warning C4627: '#include "modules/selftest/generated/dom/selftest/html/ot_dom_selftest_html_htmltableelement_properties.cpp"': skipped when looking for precompiled header use
11>          Add directive to 'core/pch_jumbo.h' or rebuild precompiled header
11>c:\users\bryan\documents\github\prest\modules\selftest\generated\selftest_jumbo_quick_toolkit.cpp(19): warning C4627: '#include "modules/selftest/generated/quick_toolkit/selftest/ot_quick_toolkit_selftest_desktoptogglebutton.cpp"': skipped when looking for precompiled header use
11>          Add directive to 'core/pch_jumbo.h' or rebuild precompiled header
13>  SharedPluginBitmap.cpp
11>c:\users\bryan\documents\github\prest\modules\selftest\generated\selftest_jumbo_rootstore.cpp(18): fatal error C1010: unexpected end of file while looking for precompiled header. Did you forget to add '#include "core/pch_jumbo.h"' to your source?
11>c:\users\bryan\documents\github\prest\modules\selftest\generated\selftest_jumbo_prefsfile.cpp(35): warning C4627: '#include "modules/selftest/generated/prefsfile/testsuite/ot_prefsfile_testsuite_version2.cpp"': skipped when looking for precompiled header use
11>          Add directive to 'core/pch_jumbo.h' or rebuild precompiled header
11>  selftest_jumbo_searchmanager.cpp
11>c:\users\bryan\documents\github\prest\modules\selftest\generated\selftest_jumbo_quick_toolkit.cpp(20): warning C4627: '#include "modules/selftest/generated/quick_toolkit/selftest/ot_quick_toolkit_selftest_gridcell.cpp"': skipped when looking for precompiled header use
11>          Add directive to 'core/pch_jumbo.h' or rebuild precompiled header
11>c:\users\bryan\documents\github\prest\modules\selftest\generated\selftest_jumbo_dom.cpp(142): warning C4627: '#include "modules/selftest/generated/dom/selftest/html/ot_dom_selftest_html_htmltablerowelement_functions.cpp"': skipped when looking for precompiled header use
11>          Add directive to 'core/pch_jumbo.h' or rebuild precompiled header
11>c:\users\bryan\documents\github\prest\modules\selftest\generated\selftest_jumbo_prefsfile.cpp(36): warning C4627: '#include "modules/selftest/generated/prefsfile/testsuite/ot_prefsfile_testsuite_version2_1.cpp"': skipped when looking for precompiled header use
11>          Add directive to 'core/pch_jumbo.h' or rebuild precompiled header
11>c:\users\bryan\documents\github\prest\modules\selftest\generated\selftest_jumbo_quick_toolkit.cpp(21): warning C4627: '#include "modules/selftest/generated/quick_toolkit/selftest/ot_quick_toolkit_selftest_gridlayouter.cpp"': skipped when looking for precompiled header use
11>          Add directive to 'core/pch_jumbo.h' or rebuild precompiled header
11>c:\users\bryan\documents\github\prest\modules\selftest\generated\selftest_jumbo_dom.cpp(143): warning C4627: '#include "modules/selftest/generated/dom/selftest/html/ot_dom_selftest_html_htmltextareaelement.cpp"': skipped when looking for precompiled header use
11>          Add directive to 'core/pch_jumbo.h' or rebuild precompiled header
11>c:\users\bryan\documents\github\prest\modules\selftest\generated\selftest_jumbo_quick_toolkit.cpp(22): warning C4627: '#include "modules/selftest/generated/quick_toolkit/selftest/ot_quick_toolkit_selftest_linetoitemmap.cpp"': skipped when looking for precompiled header use
11>          Add directive to 'core/pch_jumbo.h' or rebuild precompiled header
11>  selftest_jumbo_security_manager.cpp
11>c:\users\bryan\documents\github\prest\modules\selftest\generated\selftest_jumbo_prefsfile.cpp(37): warning C4627: '#include "modules/selftest/generated/prefsfile/testsuite/ot_prefsfile_testsuite_xml.cpp"': skipped when looking for precompiled header use
11>          Add directive to 'core/pch_jumbo.h' or rebuild precompiled header
11>c:\users\bryan\documents\github\prest\modules\selftest\generated\selftest_jumbo_quick_toolkit.cpp(23): warning C4627: '#include "modules/selftest/generated/quick_toolkit/selftest/ot_quick_toolkit_selftest_opaccordion.cpp"': skipped when looking for precompiled header use
11>          Add directive to 'core/pch_jumbo.h' or rebuild precompiled header
11>c:\users\bryan\documents\github\prest\modules\selftest\generated\selftest_jumbo_dom.cpp(144): warning C4627: '#include "modules/selftest/generated/dom/selftest/html/ot_dom_selftest_html_htmltimeelement.cpp"': skipped when looking for precompiled header use
11>          Add directive to 'core/pch_jumbo.h' or rebuild precompiled header
11>c:\users\bryan\documents\github\prest\modules\selftest\generated\selftest_jumbo_quick_toolkit.cpp(24): warning C4627: '#include "modules/selftest/generated/quick_toolkit/selftest/ot_quick_toolkit_selftest_opbuttonstrip.cpp"': skipped when looking for precompiled header use
11>          Add directive to 'core/pch_jumbo.h' or rebuild precompiled header
11>c:\users\bryan\documents\github\prest\modules\selftest\generated\selftest_jumbo_prefsfile.cpp(38): fatal error C1010: unexpected end of file while looking for precompiled header. Did you forget to add '#include "core/pch_jumbo.h"' to your source?
11>c:\users\bryan\documents\github\prest\modules\selftest\generated\selftest_jumbo_quick_toolkit.cpp(25): warning C4627: '#include "modules/selftest/generated/quick_toolkit/selftest/ot_quick_toolkit_selftest_oprichtextlabel.cpp"': skipped when looking for precompiled header use
11>          Add directive to 'core/pch_jumbo.h' or rebuild precompiled header
11>c:\users\bryan\documents\github\prest\modules\selftest\generated\selftest_jumbo_quick_toolkit.cpp(26): warning C4627: '#include "modules/selftest/generated/quick_toolkit/selftest/ot_quick_toolkit_selftest_optreeview.cpp"': skipped when looking for precompiled header use
11>          Add directive to 'core/pch_jumbo.h' or rebuild precompiled header
11>c:\users\bryan\documents\github\prest\modules\selftest\generated\selftest_jumbo_dom.cpp(145): warning C4627: '#include "modules/selftest/generated/dom/selftest/html/ot_dom_selftest_html_htmlxmlelement.cpp"': skipped when looking for precompiled header use
11>          Add directive to 'core/pch_jumbo.h' or rebuild precompiled header
11>c:\users\bryan\documents\github\prest\modules\selftest\generated\selftest_jumbo_quick_toolkit.cpp(27): warning C4627: '#include "modules/selftest/generated/quick_toolkit/selftest/ot_quick_toolkit_selftest_quick_address_dropdown.cpp"': skipped when looking for precompiled header use
11>          Add directive to 'core/pch_jumbo.h' or rebuild precompiled header
11>c:\users\bryan\documents\github\prest\modules\selftest\generated\selftest_jumbo_quick_toolkit.cpp(28): warning C4627: '#include "modules/selftest/generated/quick_toolkit/selftest/ot_quick_toolkit_selftest_quickbinder.cpp"': skipped when looking for precompiled header use
11>          Add directive to 'core/pch_jumbo.h' or rebuild precompiled header
11>c:\users\bryan\documents\github\prest\modules\selftest\generated\selftest_jumbo_dom.cpp(146): warning C4627: '#include "modules/selftest/generated/dom/selftest/js/ot_dom_selftest_js_b64_atob_btoa.cpp"': skipped when looking for precompiled header use
11>          Add directive to 'core/pch_jumbo.h' or rebuild precompiled header
11>c:\users\bryan\documents\github\prest\modules\selftest\generated\selftest_jumbo_quick_toolkit.cpp(29): warning C4627: '#include "modules/selftest/generated/quick_toolkit/selftest/ot_quick_toolkit_selftest_quickbinderprefs.cpp"': skipped when looking for precompiled header use
11>          Add directive to 'core/pch_jumbo.h' or rebuild precompiled header
11>c:\users\bryan\documents\github\prest\modules\selftest\generated\selftest_jumbo_dom.cpp(147): warning C4627: '#include "modules/selftest/generated/dom/selftest/js/ot_dom_selftest_js_console.cpp"': skipped when looking for precompiled header use
11>          Add directive to 'core/pch_jumbo.h' or rebuild precompiled header
11>c:\users\bryan\documents\github\prest\modules\selftest\generated\selftest_jumbo_quick_toolkit.cpp(30): warning C4627: '#include "modules/selftest/generated/quick_toolkit/selftest/ot_quick_toolkit_selftest_quickbindertrees.cpp"': skipped when looking for precompiled header use
11>          Add directive to 'core/pch_jumbo.h' or rebuild precompiled header
11>c:\users\bryan\documents\github\prest\modules\selftest\generated\selftest_jumbo_dom.cpp(148): warning C4627: '#include "modules/selftest/generated/dom/selftest/js/ot_dom_selftest_js_geoloc-access-notifications.cpp"': skipped when looking for precompiled header use
11>          Add directive to 'core/pch_jumbo.h' or rebuild precompiled header
11>c:\users\bryan\documents\github\prest\modules\selftest\generated\selftest_jumbo_quick_toolkit.cpp(31): warning C4627: '#include "modules/selftest/generated/quick_toolkit/selftest/ot_quick_toolkit_selftest_quickbutton.cpp"': skipped when looking for precompiled header use
11>          Add directive to 'core/pch_jumbo.h' or rebuild precompiled header
11>c:\users\bryan\documents\github\prest\modules\selftest\generated\selftest_jumbo_quick_toolkit.cpp(32): warning C4627: '#include "modules/selftest/generated/quick_toolkit/selftest/ot_quick_toolkit_selftest_quickcomposite.cpp"': skipped when looking for precompiled header use
11>          Add directive to 'core/pch_jumbo.h' or rebuild precompiled header
11>c:\users\bryan\documents\github\prest\modules\selftest\generated\selftest_jumbo_quick_toolkit.cpp(33): warning C4627: '#include "modules/selftest/generated/quick_toolkit/selftest/ot_quick_toolkit_selftest_quickdialog.cpp"': skipped when looking for precompiled header use
11>          Add directive to 'core/pch_jumbo.h' or rebuild precompiled header
11>c:\users\bryan\documents\github\prest\modules\selftest\generated\selftest_jumbo_quick_toolkit.cpp(34): warning C4627: '#include "modules/selftest/generated/quick_toolkit/selftest/ot_quick_toolkit_selftest_quickdialogcreator.cpp"': skipped when looking for precompiled header use
11>          Add directive to 'core/pch_jumbo.h' or rebuild precompiled header
11>c:\users\bryan\documents\github\prest\modules\selftest\generated\selftest_jumbo_dom.cpp(149): warning C4627: '#include "modules/selftest/generated/dom/selftest/js/ot_dom_selftest_js_geoloc-security.cpp"': skipped when looking for precompiled header use
11>          Add directive to 'core/pch_jumbo.h' or rebuild precompiled header
11>c:\users\bryan\documents\github\prest\modules\selftest\generated\selftest_jumbo_quick_toolkit.cpp(35): warning C4627: '#include "modules/selftest/generated/quick_toolkit/selftest/ot_quick_toolkit_selftest_quickdropdown.cpp"': skipped when looking for precompiled header use
11>          Add directive to 'core/pch_jumbo.h' or rebuild precompiled header
11>c:\users\bryan\documents\github\prest\modules\selftest\generated\selftest_jumbo_quick_toolkit.cpp(36): warning C4627: '#include "modules/selftest/generated/quick_toolkit/selftest/ot_quick_toolkit_selftest_quickdynamicgrid.cpp"': skipped when looking for precompiled header use
11>          Add directive to 'core/pch_jumbo.h' or rebuild precompiled header
11>c:\users\bryan\documents\github\prest\modules\selftest\generated\selftest_jumbo_quick_toolkit.cpp(37): warning C4627: '#include "modules/selftest/generated/quick_toolkit/selftest/ot_quick_toolkit_selftest_quickflowlayout.cpp"': skipped when looking for precompiled header use
11>          Add directive to 'core/pch_jumbo.h' or rebuild precompiled header
11>c:\users\bryan\documents\github\prest\modules\selftest\generated\selftest_jumbo_quick_toolkit.cpp(38): warning C4627: '#include "modules/selftest/generated/quick_toolkit/selftest/ot_quick_toolkit_selftest_quickgrid.cpp"': skipped when looking for precompiled header use
11>          Add directive to 'core/pch_jumbo.h' or rebuild precompiled header
11>c:\users\bryan\documents\github\prest\modules\selftest\generated\selftest_jumbo_quick_toolkit.cpp(39): warning C4627: '#include "modules/selftest/generated/quick_toolkit/selftest/ot_quick_toolkit_selftest_quickgridrowcreator.cpp"': skipped when looking for precompiled header use
11>          Add directive to 'core/pch_jumbo.h' or rebuild precompiled header
11>c:\users\bryan\documents\github\prest\modules\selftest\generated\selftest_jumbo_quick_toolkit.cpp(40): warning C4627: '#include "modules/selftest/generated/quick_toolkit/selftest/ot_quick_toolkit_selftest_quickimage.cpp"': skipped when looking for precompiled header use
11>          Add directive to 'core/pch_jumbo.h' or rebuild precompiled header
11>c:\users\bryan\documents\github\prest\modules\selftest\generated\selftest_jumbo_quick_toolkit.cpp(41): warning C4627: '#include "modules/selftest/generated/quick_toolkit/selftest/ot_quick_toolkit_selftest_quickpaginglayout.cpp"': skipped when looking for precompiled header use
11>          Add directive to 'core/pch_jumbo.h' or rebuild precompiled header
11>  selftest_jumbo_selftest.cpp
11>c:\users\bryan\documents\github\prest\modules\selftest\generated\selftest_jumbo_quick_toolkit.cpp(42): warning C4627: '#include "modules/selftest/generated/quick_toolkit/selftest/ot_quick_toolkit_selftest_quickscrollcontainer.cpp"': skipped when looking for precompiled header use
11>          Add directive to 'core/pch_jumbo.h' or rebuild precompiled header
11>c:\users\bryan\documents\github\prest\modules\selftest\generated\selftest_jumbo_quick_toolkit.cpp(43): warning C4627: '#include "modules/selftest/generated/quick_toolkit/selftest/ot_quick_toolkit_selftest_quickselectable.cpp"': skipped when looking for precompiled header use
11>          Add directive to 'core/pch_jumbo.h' or rebuild precompiled header
11>c:\users\bryan\documents\github\prest\modules\selftest\generated\selftest_jumbo_quick_toolkit.cpp(44): warning C4627: '#include "modules/selftest/generated/quick_toolkit/selftest/ot_quick_toolkit_selftest_quickskinelement.cpp"': skipped when looking for precompiled header use
11>          Add directive to 'core/pch_jumbo.h' or rebuild precompiled header
11>c:\users\bryan\documents\github\prest\modules\selftest\generated\selftest_jumbo_dom.cpp(150): warning C4627: '#include "modules/selftest/generated/dom/selftest/js/ot_dom_selftest_js_geoloc.cpp"': skipped when looking for precompiled header use
11>          Add directive to 'core/pch_jumbo.h' or rebuild precompiled header
11>c:\users\bryan\documents\github\prest\modules\selftest\generated\selftest_jumbo_quick_toolkit.cpp(45): warning C4627: '#include "modules/selftest/generated/quick_toolkit/selftest/ot_quick_toolkit_selftest_quickstacklayout.cpp"': skipped when looking for precompiled header use
11>          Add directive to 'core/pch_jumbo.h' or rebuild precompiled header
11>c:\users\bryan\documents\github\prest\modules\selftest\generated\selftest_jumbo_dom.cpp(151): warning C4627: '#include "modules/selftest/generated/dom/selftest/js/ot_dom_selftest_js_history.cpp"': skipped when looking for precompiled header use
11>          Add directive to 'core/pch_jumbo.h' or rebuild precompiled header
11>c:\users\bryan\documents\github\prest\modules\selftest\generated\selftest_jumbo_quick_toolkit.cpp(46): warning C4627: '#include "modules/selftest/generated/quick_toolkit/selftest/ot_quick_toolkit_selftest_quicktabs.cpp"': skipped when looking for precompiled header use
11>          Add directive to 'core/pch_jumbo.h' or rebuild precompiled header
11>c:\users\bryan\documents\github\prest\modules\selftest\generated\selftest_jumbo_dom.cpp(152): warning C4627: '#include "modules/selftest/generated/dom/selftest/js/ot_dom_selftest_js_location.cpp"': skipped when looking for precompiled header use
11>          Add directive to 'core/pch_jumbo.h' or rebuild precompiled header
11>c:\users\bryan\documents\github\prest\modules\selftest\generated\selftest_jumbo_quick.cpp(15): warning C4627: '#include "modules/selftest/generated/quick/extensions/selftest/ot_quick_extensions_selftest_extensioninstaller.cpp"': skipped when looking for precompiled header use
11>          Add directive to 'core/pch_jumbo.h' or rebuild precompiled header
11>c:\users\bryan\documents\github\prest\modules\selftest\generated\selftest_jumbo_quick_toolkit.cpp(47): warning C4627: '#include "modules/selftest/generated/quick_toolkit/selftest/ot_quick_toolkit_selftest_quickwidget.cpp"': skipped when looking for precompiled header use
11>          Add directive to 'core/pch_jumbo.h' or rebuild precompiled header
11>c:\users\bryan\documents\github\prest\modules\selftest\generated\selftest_jumbo_dom.cpp(153): warning C4627: '#include "modules/selftest/generated/dom/selftest/js/ot_dom_selftest_js_navigat.cpp"': skipped when looking for precompiled header use
11>          Add directive to 'core/pch_jumbo.h' or rebuild precompiled header
11>c:\users\bryan\documents\github\prest\modules\selftest\generated\selftest_jumbo_quick.cpp(16): warning C4627: '#include "modules/selftest/generated/quick/models/selftest/ot_quick_models_selftest_bookmark.cpp"': skipped when looking for precompiled header use
11>          Add directive to 'core/pch_jumbo.h' or rebuild precompiled header
11>c:\users\bryan\documents\github\prest\modules\selftest\generated\selftest_jumbo_regexp.cpp(15): warning C4627: '#include "modules/selftest/generated/regexp/selftest/ot_regexp_selftest_regexp_advanced_api.cpp"': skipped when looking for precompiled header use
11>          Add directive to 'core/pch_jumbo.h' or rebuild precompiled header
14>  protobuf_output_common.cpp
13>  WindowsOpComponentPlatform.cpp
14>  stdlib_double_format.cpp
14>  stdlib_float.cpp
11>c:\users\bryan\documents\github\prest\modules\selftest\generated\selftest_jumbo_quick_toolkit.cpp(48): warning C4627: '#include "modules/selftest/generated/quick_toolkit/selftest/ot_quick_toolkit_selftest_quickwindow.cpp"': skipped when looking for precompiled header use
11>          Add directive to 'core/pch_jumbo.h' or rebuild precompiled header
11>c:\users\bryan\documents\github\prest\modules\selftest\generated\selftest_jumbo_dom.cpp(154): warning C4627: '#include "modules/selftest/generated/dom/selftest/js/ot_dom_selftest_js_window.cpp"': skipped when looking for precompiled header use
11>          Add directive to 'core/pch_jumbo.h' or rebuild precompiled header
11>c:\users\bryan\documents\github\prest\modules\selftest\generated\selftest_jumbo_scope.cpp(15): warning C4627: '#include "modules/selftest/generated/scope/selftest/ot_scope_selftest_CORE-33693.cpp"': skipped when looking for precompiled header use
11>          Add directive to 'core/pch_jumbo.h' or rebuild precompiled header
11>c:\users\bryan\documents\github\prest\modules\selftest\generated\selftest_jumbo_quick.cpp(17): warning C4627: '#include "modules/selftest/generated/quick/models/selftest/ot_quick_models_selftest_bookmark_manager.cpp"': skipped when looking for precompiled header use
11>          Add directive to 'core/pch_jumbo.h' or rebuild precompiled header
11>c:\users\bryan\documents\github\prest\modules\selftest\generated\selftest_jumbo_regexp.cpp(16): warning C4627: '#include "modules/selftest/generated/regexp/selftest/ot_regexp_selftest_regexp_api.cpp"': skipped when looking for precompiled header use
11>          Add directive to 'core/pch_jumbo.h' or rebuild precompiled header
11>c:\users\bryan\documents\github\prest\modules\selftest\generated\selftest_jumbo_quick_toolkit.cpp(49): warning C4627: '#include "modules/selftest/generated/quick_toolkit/selftest/ot_quick_toolkit_selftest_quickwraplayout.cpp"': skipped when looking for precompiled header use
11>          Add directive to 'core/pch_jumbo.h' or rebuild precompiled header
11>c:\users\bryan\documents\github\prest\modules\selftest\generated\selftest_jumbo_quick.cpp(18): warning C4627: '#include "modules/selftest/generated/quick/models/selftest/ot_quick_models_selftest_extensionsmodel.cpp"': skipped when looking for precompiled header use
11>          Add directive to 'core/pch_jumbo.h' or rebuild precompiled header
11>c:\users\bryan\documents\github\prest\modules\selftest\generated\selftest_jumbo_scope.cpp(16): warning C4627: '#include "modules/selftest/generated/scope/selftest/ot_scope_selftest_protobuf_input.cpp"': skipped when looking for precompiled header use
11>          Add directive to 'core/pch_jumbo.h' or rebuild precompiled header
11>c:\users\bryan\documents\github\prest\modules\selftest\generated\selftest_jumbo_dom.cpp(155): warning C4627: '#include "modules/selftest/generated/dom/selftest/load/ot_dom_selftest_load_domimplementationls.cpp"': skipped when looking for precompiled header use
11>          Add directive to 'core/pch_jumbo.h' or rebuild precompiled header
11>c:\users\bryan\documents\github\prest\modules\selftest\generated\selftest_jumbo_regexp.cpp(17): warning C4627: '#include "modules/selftest/generated/regexp/selftest/ot_regexp_selftest_regexp_regression.cpp"': skipped when looking for precompiled header use
11>          Add directive to 'core/pch_jumbo.h' or rebuild precompiled header
11>c:\users\bryan\documents\github\prest\modules\selftest\generated\selftest_jumbo_quick_toolkit.cpp(50): warning C4627: '#include "modules/selftest/generated/quick_toolkit/selftest/ot_quick_toolkit_selftest_reversiblequickbinder.cpp"': skipped when looking for precompiled header use
11>          Add directive to 'core/pch_jumbo.h' or rebuild precompiled header
11>c:\users\bryan\documents\github\prest\modules\selftest\generated\selftest_jumbo_quick.cpp(19): warning C4627: '#include "modules/selftest/generated/quick/selftest/bugs/ot_quick_selftest_bugs_DSK-144064.cpp"': skipped when looking for precompiled header use
11>          Add directive to 'core/pch_jumbo.h' or rebuild precompiled header
11>c:\users\bryan\documents\github\prest\modules\selftest\generated\selftest_jumbo_scope.cpp(17): warning C4627: '#include "modules/selftest/generated/scope/selftest/ot_scope_selftest_protobuf_message.cpp"': skipped when looking for precompiled header use
11>          Add directive to 'core/pch_jumbo.h' or rebuild precompiled header
11>c:\users\bryan\documents\github\prest\modules\selftest\generated\selftest_jumbo_regexp.cpp(18): fatal error C1010: unexpected end of file while looking for precompiled header. Did you forget to add '#include "core/pch_jumbo.h"' to your source?
11>c:\users\bryan\documents\github\prest\modules\selftest\generated\selftest_jumbo_dom.cpp(156): warning C4627: '#include "modules/selftest/generated/dom/selftest/load/ot_dom_selftest_load_formdata.cpp"': skipped when looking for precompiled header use
11>          Add directive to 'core/pch_jumbo.h' or rebuild precompiled header
11>c:\users\bryan\documents\github\prest\modules\selftest\generated\selftest_jumbo_quick_toolkit.cpp(51): warning C4627: '#include "modules/selftest/generated/quick_toolkit/selftest/ot_quick_toolkit_selftest_reversiblequickbinderprefs.cpp"': skipped when looking for precompiled header use
11>          Add directive to 'core/pch_jumbo.h' or rebuild precompiled header
11>c:\users\bryan\documents\github\prest\modules\selftest\generated\selftest_jumbo_quick.cpp(20): warning C4627: '#include "modules/selftest/generated/quick/selftest/ot_quick_selftest_Application.cpp"': skipped when looking for precompiled header use
11>          Add directive to 'core/pch_jumbo.h' or rebuild precompiled header
11>c:\users\bryan\documents\github\prest\modules\selftest\generated\selftest_jumbo_scope.cpp(18): warning C4627: '#include "modules/selftest/generated/scope/selftest/ot_scope_selftest_protobuf_output.cpp"': skipped when looking for precompiled header use
11>          Add directive to 'core/pch_jumbo.h' or rebuild precompiled header
11>c:\users\bryan\documents\github\prest\modules\selftest\generated\selftest_jumbo_dom.cpp(157): warning C4627: '#include "modules/selftest/generated/dom/selftest/load/ot_dom_selftest_load_lsconfig.cpp"': skipped when looking for precompiled header use
11>          Add directive to 'core/pch_jumbo.h' or rebuild precompiled header
11>c:\users\bryan\documents\github\prest\modules\selftest\generated\selftest_jumbo_quick_toolkit.cpp(52): warning C4627: '#include "modules/selftest/generated/quick_toolkit/selftest/ot_quick_toolkit_selftest_treeviewmodel.cpp"': skipped when looking for precompiled header use
11>          Add directive to 'core/pch_jumbo.h' or rebuild precompiled header
11>c:\users\bryan\documents\github\prest\modules\selftest\generated\selftest_jumbo_quick.cpp(21): warning C4627: '#include "modules/selftest/generated/quick/selftest/ot_quick_selftest_DesktopHistoryModel.cpp"': skipped when looking for precompiled header use
11>          Add directive to 'core/pch_jumbo.h' or rebuild precompiled header
11>c:\users\bryan\documents\github\prest\modules\selftest\generated\selftest_jumbo_scope.cpp(19): warning C4627: '#include "modules/selftest/generated/scope/selftest/ot_scope_selftest_scope_css_inspector.cpp"': skipped when looking for precompiled header use
11>          Add directive to 'core/pch_jumbo.h' or rebuild precompiled header
11>c:\users\bryan\documents\github\prest\modules\selftest\generated\selftest_jumbo_dom.cpp(158): warning C4627: '#include "modules/selftest/generated/dom/selftest/load/ot_dom_selftest_load_lsinput.cpp"': skipped when looking for precompiled header use
11>          Add directive to 'core/pch_jumbo.h' or rebuild precompiled header
11>c:\users\bryan\documents\github\prest\modules\selftest\generated\selftest_jumbo_quick.cpp(22): warning C4627: '#include "modules/selftest/generated/quick/selftest/ot_quick_selftest_HistoryAutocompleteModel.cpp"': skipped when looking for precompiled header use
11>          Add directive to 'core/pch_jumbo.h' or rebuild precompiled header
11>c:\users\bryan\documents\github\prest\modules\selftest\generated\selftest_jumbo_quick_toolkit.cpp(53): warning C4627: '#include "modules/selftest/generated/quick_toolkit/selftest/ot_quick_toolkit_selftest_uicontext.cpp"': skipped when looking for precompiled header use
11>          Add directive to 'core/pch_jumbo.h' or rebuild precompiled header
11>c:\users\bryan\documents\github\prest\modules\selftest\generated\selftest_jumbo_search_engine.cpp(15): warning C4627: '#include "modules/selftest/generated/search_engine/log/ot_search_engine_log_Log.cpp"': skipped when looking for precompiled header use
11>          Add directive to 'core/pch_jumbo.h' or rebuild precompiled header
11>c:\users\bryan\documents\github\prest\modules\selftest\generated\selftest_jumbo_scope.cpp(20): warning C4627: '#include "modules/selftest/generated/scope/selftest/ot_scope_selftest_scope_excepts.cpp"': skipped when looking for precompiled header use
11>          Add directive to 'core/pch_jumbo.h' or rebuild precompiled header
11>c:\users\bryan\documents\github\prest\modules\selftest\generated\selftest_jumbo_quick.cpp(23): warning C4627: '#include "modules/selftest/generated/quick/selftest/ot_quick_selftest_OperaAccountManager.cpp"': skipped when looking for precompiled header use
11>          Add directive to 'core/pch_jumbo.h' or rebuild precompiled header
11>c:\users\bryan\documents\github\prest\modules\selftest\generated\selftest_jumbo_search_engine.cpp(16): warning C4627: '#include "modules/selftest/generated/search_engine/tests/ot_search_engine_tests_ACT.cpp"': skipped when looking for precompiled header use
11>          Add directive to 'core/pch_jumbo.h' or rebuild precompiled header
11>c:\users\bryan\documents\github\prest\modules\selftest\generated\selftest_jumbo_quix.cpp(15): warning C4627: '#include "modules/selftest/generated/quix/selftest/ot_quix_selftest_CupsHelper.cpp"': skipped when looking for precompiled header use
11>          Add directive to 'core/pch_jumbo.h' or rebuild precompiled header
11>c:\users\bryan\documents\github\prest\modules\selftest\generated\selftest_jumbo_quick.cpp(24): warning C4627: '#include "modules/selftest/generated/quick/selftest/ot_quick_selftest_QuickContextualUI.cpp"': skipped when looking for precompiled header use
11>          Add directive to 'core/pch_jumbo.h' or rebuild precompiled header
11>c:\users\bryan\documents\github\prest\modules\selftest\generated\selftest_jumbo_search_engine.cpp(17): warning C4627: '#include "modules/selftest/generated/search_engine/tests/ot_search_engine_tests_BTree.cpp"': skipped when looking for precompiled header use
11>          Add directive to 'core/pch_jumbo.h' or rebuild precompiled header
11>c:\users\bryan\documents\github\prest\modules\selftest\generated\selftest_jumbo_quix.cpp(16): warning C4627: '#include "modules/selftest/generated/quix/selftest/ot_quix_selftest_GtkToolkitLibrary.cpp"': skipped when looking for precompiled header use
11>          Add directive to 'core/pch_jumbo.h' or rebuild precompiled header
11>c:\users\bryan\documents\github\prest\modules\selftest\generated\selftest_jumbo_scope.cpp(21): warning C4627: '#include "modules/selftest/generated/scope/selftest/ot_scope_selftest_scope_idtable.cpp"': skipped when looking for precompiled header use
11>          Add directive to 'core/pch_jumbo.h' or rebuild precompiled header
11>c:\users\bryan\documents\github\prest\modules\selftest\generated\selftest_jumbo_dom.cpp(159): warning C4627: '#include "modules/selftest/generated/dom/selftest/load/ot_dom_selftest_load_lsparser.cpp"': skipped when looking for precompiled header use
11>          Add directive to 'core/pch_jumbo.h' or rebuild precompiled header
11>c:\users\bryan\documents\github\prest\modules\selftest\generated\selftest_jumbo_quick_toolkit.cpp(54): warning C4627: '#include "modules/selftest/generated/quick_toolkit/selftest/ot_quick_toolkit_selftest_widgetcreator.cpp"': skipped when looking for precompiled header use
11>          Add directive to 'core/pch_jumbo.h' or rebuild precompiled header
11>c:\users\bryan\documents\github\prest\modules\selftest\generated\selftest_jumbo_search_engine.cpp(18): warning C4627: '#include "modules/selftest/generated/search_engine/tests/ot_search_engine_tests_BTreeStress.cpp"': skipped when looking for precompiled header use
11>          Add directive to 'core/pch_jumbo.h' or rebuild precompiled header
11>c:\users\bryan\documents\github\prest\modules\selftest\generated\selftest_jumbo_quix.cpp(17): warning C4627: '#include "modules/selftest/generated/quix/selftest/ot_quix_selftest_UnixDesktopFileChooser.cpp"': skipped when looking for precompiled header use
11>          Add directive to 'core/pch_jumbo.h' or rebuild precompiled header
11>c:\users\bryan\documents\github\prest\modules\selftest\generated\selftest_jumbo_scope.cpp(22): warning C4627: '#include "modules/selftest/generated/scope/selftest/ot_scope_selftest_scope_protocol_service.cpp"': skipped when looking for precompiled header use
11>          Add directive to 'core/pch_jumbo.h' or rebuild precompiled header
11>c:\users\bryan\documents\github\prest\modules\selftest\generated\selftest_jumbo_dom.cpp(160): warning C4627: '#include "modules/selftest/generated/dom/selftest/load/ot_dom_selftest_load_lsparserfilter.cpp"': skipped when looking for precompiled header use
11>          Add directive to 'core/pch_jumbo.h' or rebuild precompiled header
11>c:\users\bryan\documents\github\prest\modules\selftest\generated\selftest_jumbo_quick.cpp(25): warning C4627: '#include "modules/selftest/generated/quick/selftest/ot_quick_selftest_WebServerManager.cpp"': skipped when looking for precompiled header use
11>          Add directive to 'core/pch_jumbo.h' or rebuild precompiled header
11>c:\users\bryan\documents\github\prest\modules\selftest\generated\selftest_jumbo_search_engine.cpp(19): warning C4627: '#include "modules/selftest/generated/search_engine/tests/ot_search_engine_tests_BinCompressor.cpp"': skipped when looking for precompiled header use
11>          Add directive to 'core/pch_jumbo.h' or rebuild precompiled header
11>c:\users\bryan\documents\github\prest\modules\selftest\generated\selftest_jumbo_quick_toolkit.cpp(55): warning C4627: '#include "modules/selftest/generated/quick_toolkit/selftest/ot_quick_toolkit_selftest_widgetstate.cpp"': skipped when looking for precompiled header use
11>          Add directive to 'core/pch_jumbo.h' or rebuild precompiled header
11>c:\users\bryan\documents\github\prest\modules\selftest\generated\selftest_jumbo_quix.cpp(18): warning C4627: '#include "modules/selftest/generated/quix/selftest/ot_quix_selftest_UnixOpSkinElement.cpp"': skipped when looking for precompiled header use
11>          Add directive to 'core/pch_jumbo.h' or rebuild precompiled header
11>c:\users\bryan\documents\github\prest\modules\selftest\generated\selftest_jumbo_scope.cpp(23): warning C4627: '#include "modules/selftest/generated/scope/selftest/ot_scope_selftest_scope_proxy_stp1.cpp"': skipped when looking for precompiled header use
11>          Add directive to 'core/pch_jumbo.h' or rebuild precompiled header
11>c:\users\bryan\documents\github\prest\modules\selftest\generated\selftest_jumbo_quick.cpp(26): warning C4627: '#include "modules/selftest/generated/quick/selftest/ot_quick_selftest_address_dropdown.cpp"': skipped when looking for precompiled header use
11>          Add directive to 'core/pch_jumbo.h' or rebuild precompiled header
11>c:\users\bryan\documents\github\prest\modules\selftest\generated\selftest_jumbo_quick_toolkit.cpp(56): fatal error C1010: unexpected end of file while looking for precompiled header. Did you forget to add '#include "core/pch_jumbo.h"' to your source?
11>c:\users\bryan\documents\github\prest\modules\selftest\generated\selftest_jumbo_dom.cpp(161): warning C4627: '#include "modules/selftest/generated/dom/selftest/load/ot_dom_selftest_load_xmlhttprequest.cpp"': skipped when looking for precompiled header use
11>          Add directive to 'core/pch_jumbo.h' or rebuild precompiled header
11>c:\users\bryan\documents\github\prest\modules\selftest\generated\selftest_jumbo_quix.cpp(19): fatal error C1010: unexpected end of file while looking for precompiled header. Did you forget to add '#include "core/pch_jumbo.h"' to your source?
11>c:\users\bryan\documents\github\prest\modules\selftest\generated\selftest_jumbo_search_engine.cpp(20): warning C4627: '#include "modules/selftest/generated/search_engine/tests/ot_search_engine_tests_BlockStorage.cpp"': skipped when looking for precompiled header use
11>          Add directive to 'core/pch_jumbo.h' or rebuild precompiled header
14>  stdlib_integer.cpp
14>  stdlib_math.cpp
14>  stdlib_memory.cpp
14>  stdlib_printf.cpp
11>c:\users\bryan\documents\github\prest\modules\selftest\generated\selftest_jumbo_scope.cpp(24): warning C4627: '#include "modules/selftest/generated/scope/selftest/ot_scope_selftest_scope_service_api.cpp"': skipped when looking for precompiled header use
11>          Add directive to 'core/pch_jumbo.h' or rebuild precompiled header
11>c:\users\bryan\documents\github\prest\modules\selftest\generated\selftest_jumbo_quick.cpp(27): warning C4627: '#include "modules/selftest/generated/quick/selftest/ot_quick_selftest_address_dropdown_autocompletion.cpp"': skipped when looking for precompiled header use
11>          Add directive to 'core/pch_jumbo.h' or rebuild precompiled header
11>c:\users\bryan\documents\github\prest\modules\selftest\generated\selftest_jumbo_dom.cpp(162): warning C4627: '#include "modules/selftest/generated/dom/selftest/media/ot_dom_selftest_media_audio.cpp"': skipped when looking for precompiled header use
11>          Add directive to 'core/pch_jumbo.h' or rebuild precompiled header
11>c:\users\bryan\documents\github\prest\modules\selftest\generated\selftest_jumbo_search_engine.cpp(21): warning C4627: '#include "modules/selftest/generated/search_engine/tests/ot_search_engine_tests_BufferedLowLevelFile.cpp"': skipped when looking for precompiled header use
11>          Add directive to 'core/pch_jumbo.h' or rebuild precompiled header
11>c:\users\bryan\documents\github\prest\modules\selftest\generated\selftest_jumbo_scope.cpp(25): warning C4627: '#include "modules/selftest/generated/scope/selftest/ot_scope_selftest_scope_tp_reader.cpp"': skipped when looking for precompiled header use
11>          Add directive to 'core/pch_jumbo.h' or rebuild precompiled header
11>c:\users\bryan\documents\github\prest\modules\selftest\generated\selftest_jumbo_quick.cpp(28): warning C4627: '#include "modules/selftest/generated/quick/selftest/ot_quick_selftest_autoupdate_ui.cpp"': skipped when looking for precompiled header use
11>          Add directive to 'core/pch_jumbo.h' or rebuild precompiled header
11>c:\users\bryan\documents\github\prest\modules\selftest\generated\selftest_jumbo_dom.cpp(163): warning C4627: '#include "modules/selftest/generated/dom/selftest/media/ot_dom_selftest_media_camera-notifications.cpp"': skipped when looking for precompiled header use
11>          Add directive to 'core/pch_jumbo.h' or rebuild precompiled header
11>c:\users\bryan\documents\github\prest\modules\selftest\generated\selftest_jumbo_search_engine.cpp(22): warning C4627: '#include "modules/selftest/generated/search_engine/tests/ot_search_engine_tests_Cursor.cpp"': skipped when looking for precompiled header use
11>          Add directive to 'core/pch_jumbo.h' or rebuild precompiled header
11>c:\users\bryan\documents\github\prest\modules\selftest\generated\selftest_jumbo_quick.cpp(29): warning C4627: '#include "modules/selftest/generated/quick/selftest/ot_quick_selftest_desktopwindowcollection.cpp"': skipped when looking for precompiled header use
11>          Add directive to 'core/pch_jumbo.h' or rebuild precompiled header
11>c:\users\bryan\documents\github\prest\modules\selftest\generated\selftest_jumbo_scope.cpp(26): warning C4627: '#include "modules/selftest/generated/scope/selftest/ot_scope_selftest_scope_tp_writer.cpp"': skipped when looking for precompiled header use
11>          Add directive to 'core/pch_jumbo.h' or rebuild precompiled header
11>c:\users\bryan\documents\github\prest\modules\selftest\generated\selftest_jumbo_dom.cpp(164): warning C4627: '#include "modules/selftest/generated/dom/selftest/media/ot_dom_selftest_media_error.cpp"': skipped when looking for precompiled header use
11>          Add directive to 'core/pch_jumbo.h' or rebuild precompiled header
11>c:\users\bryan\documents\github\prest\modules\selftest\generated\selftest_jumbo_scope.cpp(27): fatal error C1010: unexpected end of file while looking for precompiled header. Did you forget to add '#include "core/pch_jumbo.h"' to your source?
11>c:\users\bryan\documents\github\prest\modules\selftest\generated\selftest_jumbo_search_engine.cpp(23): warning C4627: '#include "modules/selftest/generated/search_engine/tests/ot_search_engine_tests_DiskBTree.cpp"': skipped when looking for precompiled header use
11>          Add directive to 'core/pch_jumbo.h' or rebuild precompiled header
11>c:\users\bryan\documents\github\prest\modules\selftest\generated\selftest_jumbo_quick.cpp(30): warning C4627: '#include "modules/selftest/generated/quick/selftest/ot_quick_selftest_faviconmanager.cpp"': skipped when looking for precompiled header use
11>          Add directive to 'core/pch_jumbo.h' or rebuild precompiled header
11>c:\users\bryan\documents\github\prest\modules\selftest\generated\selftest_jumbo_dom.cpp(165): warning C4627: '#include "modules/selftest/generated/dom/selftest/media/ot_dom_selftest_media_getusermedia-detach-camera.cpp"': skipped when looking for precompiled header use
11>          Add directive to 'core/pch_jumbo.h' or rebuild precompiled header
11>c:\users\bryan\documents\github\prest\modules\selftest\generated\selftest_jumbo_quick.cpp(31): warning C4627: '#include "modules/selftest/generated/quick/selftest/ot_quick_selftest_hotlist_bookmarks.cpp"': skipped when looking for precompiled header use
11>          Add directive to 'core/pch_jumbo.h' or rebuild precompiled header
11>c:\users\bryan\documents\github\prest\modules\selftest\generated\selftest_jumbo_searchmanager.cpp(15): warning C4627: '#include "modules/selftest/generated/searchmanager/selftest/ot_searchmanager_selftest_opensearch.cpp"': skipped when looking for precompiled header use
11>          Add directive to 'core/pch_jumbo.h' or rebuild precompiled header
11>c:\users\bryan\documents\github\prest\modules\selftest\generated\selftest_jumbo_search_engine.cpp(24): warning C4627: '#include "modules/selftest/generated/search_engine/tests/ot_search_engine_tests_ExponentialGrowthFile.cpp"': skipped when looking for precompiled header use
11>          Add directive to 'core/pch_jumbo.h' or rebuild precompiled header
11>c:\users\bryan\documents\github\prest\modules\selftest\generated\selftest_jumbo_quick.cpp(32): warning C4627: '#include "modules/selftest/generated/quick/selftest/ot_quick_selftest_hotlistmanager.cpp"': skipped when looking for precompiled header use
11>          Add directive to 'core/pch_jumbo.h' or rebuild precompiled header
11>c:\users\bryan\documents\github\prest\modules\selftest\generated\selftest_jumbo_dom.cpp(166): warning C4627: '#include "modules/selftest/generated/dom/selftest/media/ot_dom_selftest_media_getusermedia-security.cpp"': skipped when looking for precompiled header use
11>          Add directive to 'core/pch_jumbo.h' or rebuild precompiled header
11>c:\users\bryan\documents\github\prest\modules\selftest\generated\selftest_jumbo_searchmanager.cpp(16): warning C4627: '#include "modules/selftest/generated/searchmanager/selftest/ot_searchmanager_selftest_searchmanager.cpp"': skipped when looking for precompiled header use
11>          Add directive to 'core/pch_jumbo.h' or rebuild precompiled header
11>c:\users\bryan\documents\github\prest\modules\selftest\generated\selftest_jumbo_search_engine.cpp(25): warning C4627: '#include "modules/selftest/generated/search_engine/tests/ot_search_engine_tests_LowLevelFile.cpp"': skipped when looking for precompiled header use
11>          Add directive to 'core/pch_jumbo.h' or rebuild precompiled header
11>c:\users\bryan\documents\github\prest\modules\selftest\generated\selftest_jumbo_quick.cpp(33): warning C4627: '#include "modules/selftest/generated/quick/selftest/ot_quick_selftest_hotlistparser.cpp"': skipped when looking for precompiled header use
11>          Add directive to 'core/pch_jumbo.h' or rebuild precompiled header
11>c:\users\bryan\documents\github\prest\modules\selftest\generated\selftest_jumbo_dom.cpp(167): warning C4627: '#include "modules/selftest/generated/dom/selftest/media/ot_dom_selftest_media_getusermedia.cpp"': skipped when looking for precompiled header use
11>          Add directive to 'core/pch_jumbo.h' or rebuild precompiled header
11>c:\users\bryan\documents\github\prest\modules\selftest\generated\selftest_jumbo_search_engine.cpp(26): warning C4627: '#include "modules/selftest/generated/search_engine/tests/ot_search_engine_tests_PhraseSearch.cpp"': skipped when looking for precompiled header use
11>          Add directive to 'core/pch_jumbo.h' or rebuild precompiled header
11>c:\users\bryan\documents\github\prest\modules\selftest\generated\selftest_jumbo_searchmanager.cpp(17): warning C4627: '#include "modules/selftest/generated/searchmanager/selftest/ot_searchmanager_selftest_searchmanager_readonly.cpp"': skipped when looking for precompiled header use
11>          Add directive to 'core/pch_jumbo.h' or rebuild precompiled header
11>c:\users\bryan\documents\github\prest\modules\selftest\generated\selftest_jumbo_dom.cpp(168): warning C4627: '#include "modules/selftest/generated/dom/selftest/media/ot_dom_selftest_media_media.cpp"': skipped when looking for precompiled header use
11>          Add directive to 'core/pch_jumbo.h' or rebuild precompiled header
11>c:\users\bryan\documents\github\prest\modules\selftest\generated\selftest_jumbo_searchmanager.cpp(18): fatal error C1010: unexpected end of file while looking for precompiled header. Did you forget to add '#include "core/pch_jumbo.h"' to your source?
11>c:\users\bryan\documents\github\prest\modules\selftest\generated\selftest_jumbo_quick.cpp(34): warning C4627: '#include "modules/selftest/generated/quick/selftest/ot_quick_selftest_install_dictionary.cpp"': skipped when looking for precompiled header use
11>          Add directive to 'core/pch_jumbo.h' or rebuild precompiled header
11>c:\users\bryan\documents\github\prest\modules\selftest\generated\selftest_jumbo_search_engine.cpp(27): warning C4627: '#include "modules/selftest/generated/search_engine/tests/ot_search_engine_tests_SearchIterator.cpp"': skipped when looking for precompiled header use
11>          Add directive to 'core/pch_jumbo.h' or rebuild precompiled header
11>c:\users\bryan\documents\github\prest\modules\selftest\generated\selftest_jumbo_dom.cpp(169): warning C4627: '#include "modules/selftest/generated/dom/selftest/media/ot_dom_selftest_media_muted.cpp"': skipped when looking for precompiled header use
11>          Add directive to 'core/pch_jumbo.h' or rebuild precompiled header
11>c:\users\bryan\documents\github\prest\modules\selftest\generated\selftest_jumbo_quick.cpp(35): warning C4627: '#include "modules/selftest/generated/quick/selftest/ot_quick_selftest_searchfield.cpp"': skipped when looking for precompiled header use
11>          Add directive to 'core/pch_jumbo.h' or rebuild precompiled header
11>c:\users\bryan\documents\github\prest\modules\selftest\generated\selftest_jumbo_dom.cpp(170): warning C4627: '#include "modules/selftest/generated/dom/selftest/media/ot_dom_selftest_media_preload.cpp"': skipped when looking for precompiled header use
11>          Add directive to 'core/pch_jumbo.h' or rebuild precompiled header
11>c:\users\bryan\documents\github\prest\modules\selftest\generated\selftest_jumbo_search_engine.cpp(28): warning C4627: '#include "modules/selftest/generated/search_engine/tests/ot_search_engine_tests_StringTable.cpp"': skipped when looking for precompiled header use
11>          Add directive to 'core/pch_jumbo.h' or rebuild precompiled header
11>c:\users\bryan\documents\github\prest\modules\selftest\generated\selftest_jumbo_quick.cpp(36): warning C4627: '#include "modules/selftest/generated/quick/selftest/ot_quick_selftest_server_whitelist.cpp"': skipped when looking for precompiled header use
11>          Add directive to 'core/pch_jumbo.h' or rebuild precompiled header
11>c:\users\bryan\documents\github\prest\modules\selftest\generated\selftest_jumbo_dom.cpp(171): warning C4627: '#include "modules/selftest/generated/dom/selftest/media/ot_dom_selftest_media_source.cpp"': skipped when looking for precompiled header use
11>          Add directive to 'core/pch_jumbo.h' or rebuild precompiled header
11>c:\users\bryan\documents\github\prest\modules\selftest\generated\selftest_jumbo_search_engine.cpp(29): warning C4627: '#include "modules/selftest/generated/search_engine/tests/ot_search_engine_tests_Tokenizer.cpp"': skipped when looking for precompiled header use
11>          Add directive to 'core/pch_jumbo.h' or rebuild precompiled header
11>c:\users\bryan\documents\github\prest\modules\selftest\generated\selftest_jumbo_quick.cpp(37): warning C4627: '#include "modules/selftest/generated/quick/selftest/ot_quick_selftest_sync_manager.cpp"': skipped when looking for precompiled header use
11>          Add directive to 'core/pch_jumbo.h' or rebuild precompiled header
11>c:\users\bryan\documents\github\prest\modules\selftest\generated\selftest_jumbo_dom.cpp(172): warning C4627: '#include "modules/selftest/generated/dom/selftest/media/ot_dom_selftest_media_track.cpp"': skipped when looking for precompiled header use
11>          Add directive to 'core/pch_jumbo.h' or rebuild precompiled header
11>c:\users\bryan\documents\github\prest\modules\selftest\generated\selftest_jumbo_search_engine.cpp(30): warning C4627: '#include "modules/selftest/generated/search_engine/tests/ot_search_engine_tests_UniCompressor.cpp"': skipped when looking for precompiled header use
11>          Add directive to 'core/pch_jumbo.h' or rebuild precompiled header
11>c:\users\bryan\documents\github\prest\modules\selftest\generated\selftest_jumbo_quick.cpp(38): warning C4627: '#include "modules/selftest/generated/quick/selftest/ot_quick_selftest_sync_notes.cpp"': skipped when looking for precompiled header use
11>          Add directive to 'core/pch_jumbo.h' or rebuild precompiled header
11>c:\users\bryan\documents\github\prest\modules\selftest\generated\selftest_jumbo_dom.cpp(173): warning C4627: '#include "modules/selftest/generated/dom/selftest/media/ot_dom_selftest_media_video-camera.cpp"': skipped when looking for precompiled header use
11>          Add directive to 'core/pch_jumbo.h' or rebuild precompiled header
11>c:\users\bryan\documents\github\prest\modules\selftest\generated\selftest_jumbo_search_engine.cpp(31): warning C4627: '#include "modules/selftest/generated/search_engine/tests/ot_search_engine_tests_Vector.cpp"': skipped when looking for precompiled header use
11>          Add directive to 'core/pch_jumbo.h' or rebuild precompiled header
11>c:\users\bryan\documents\github\prest\modules\selftest\generated\selftest_jumbo_dom.cpp(174): warning C4627: '#include "modules/selftest/generated/dom/selftest/media/ot_dom_selftest_media_video.cpp"': skipped when looking for precompiled header use
11>          Add directive to 'core/pch_jumbo.h' or rebuild precompiled header
11>c:\users\bryan\documents\github\prest\modules\selftest\generated\selftest_jumbo_quick.cpp(39): warning C4627: '#include "modules/selftest/generated/quick/selftest/ot_quick_selftest_sync_searches.cpp"': skipped when looking for precompiled header use
11>          Add directive to 'core/pch_jumbo.h' or rebuild precompiled header
11>c:\users\bryan\documents\github\prest\modules\selftest\generated\selftest_jumbo_search_engine.cpp(32): warning C4627: '#include "modules/selftest/generated/search_engine/tests/ot_search_engine_tests_VisitedSearch.cpp"': skipped when looking for precompiled header use
11>          Add directive to 'core/pch_jumbo.h' or rebuild precompiled header
11>c:\users\bryan\documents\github\prest\modules\selftest\generated\selftest_jumbo_dom.cpp(175): warning C4627: '#include "modules/selftest/generated/dom/selftest/misc/ot_dom_selftest_misc_crossmessage.cpp"': skipped when looking for precompiled header use
11>          Add directive to 'core/pch_jumbo.h' or rebuild precompiled header
11>c:\users\bryan\documents\github\prest\modules\selftest\generated\selftest_jumbo_search_engine.cpp(33): warning C4627: '#include "modules/selftest/generated/search_engine/tests/ot_search_engine_tests_WordHighlighter.cpp"': skipped when looking for precompiled header use
11>          Add directive to 'core/pch_jumbo.h' or rebuild precompiled header
11>  selftest_jumbo_skin.cpp
11>c:\users\bryan\documents\github\prest\modules\selftest\generated\selftest_jumbo_dom.cpp(176): warning C4627: '#include "modules/selftest/generated/dom/selftest/misc/ot_dom_selftest_misc_dialogs.cpp"': skipped when looking for precompiled header use
11>          Add directive to 'core/pch_jumbo.h' or rebuild precompiled header
11>c:\users\bryan\documents\github\prest\modules\selftest\generated\selftest_jumbo_search_engine.cpp(34): fatal error C1010: unexpected end of file while looking for precompiled header. Did you forget to add '#include "core/pch_jumbo.h"' to your source?
11>c:\users\bryan\documents\github\prest\modules\selftest\generated\selftest_jumbo_quick.cpp(40): warning C4627: '#include "modules/selftest/generated/quick/selftest/ot_quick_selftest_sync_sendall.cpp"': skipped when looking for precompiled header use
11>          Add directive to 'core/pch_jumbo.h' or rebuild precompiled header
14>  stdlib_string.cpp
13>  Generating Code...
14>  stdlib_unicode.cpp
11>c:\users\bryan\documents\github\prest\modules\selftest\generated\selftest_jumbo_dom.cpp(177): warning C4627: '#include "modules/selftest/generated/dom/selftest/misc/ot_dom_selftest_misc_getterssetters.cpp"': skipped when looking for precompiled header use
11>          Add directive to 'core/pch_jumbo.h' or rebuild precompiled header
11>c:\users\bryan\documents\github\prest\modules\selftest\generated\selftest_jumbo_quick.cpp(41): warning C4627: '#include "modules/selftest/generated/quick/selftest/ot_quick_selftest_sync_speeddial.cpp"': skipped when looking for precompiled header use
11>          Add directive to 'core/pch_jumbo.h' or rebuild precompiled header
11>c:\users\bryan\documents\github\prest\modules\selftest\generated\selftest_jumbo_dom.cpp(178): warning C4627: '#include "modules/selftest/generated/dom/selftest/misc/ot_dom_selftest_misc_numberconversion.cpp"': skipped when looking for precompiled header use
11>          Add directive to 'core/pch_jumbo.h' or rebuild precompiled header
11>c:\users\bryan\documents\github\prest\modules\selftest\generated\selftest_jumbo_quick.cpp(42): warning C4627: '#include "modules/selftest/generated/quick/selftest/ot_quick_selftest_tab_api_listener_events.cpp"': skipped when looking for precompiled header use
11>          Add directive to 'core/pch_jumbo.h' or rebuild precompiled header
11>c:\users\bryan\documents\github\prest\modules\selftest\generated\selftest_jumbo_dom.cpp(179): warning C4627: '#include "modules/selftest/generated/dom/selftest/misc/ot_dom_selftest_misc_opera_benchmarkXML.cpp"': skipped when looking for precompiled header use
11>          Add directive to 'core/pch_jumbo.h' or rebuild precompiled header
11>c:\users\bryan\documents\github\prest\modules\selftest\generated\selftest_jumbo_selftest.cpp(15): warning C4627: '#include "modules/selftest/generated/selftest/tests/ot_selftest_tests_basic.cpp"': skipped when looking for precompiled header use
11>          Add directive to 'core/pch_jumbo.h' or rebuild precompiled header
11>c:\users\bryan\documents\github\prest\modules\selftest\generated\selftest_jumbo_quick.cpp(43): warning C4627: '#include "modules/selftest/generated/quick/selftest/ot_quick_selftest_tab_api_listener_queries.cpp"': skipped when looking for precompiled header use
11>          Add directive to 'core/pch_jumbo.h' or rebuild precompiled header
11>c:\users\bryan\documents\github\prest\modules\selftest\generated\selftest_jumbo_dom.cpp(180): warning C4627: '#include "modules/selftest/generated/dom/selftest/misc/ot_dom_selftest_misc_xsltprocessor.cpp"': skipped when looking for precompiled header use
11>          Add directive to 'core/pch_jumbo.h' or rebuild precompiled header
11>c:\users\bryan\documents\github\prest\modules\selftest\generated\selftest_jumbo_selftest.cpp(16): warning C4627: '#include "modules/selftest/generated/selftest/tests/ot_selftest_tests_failedglobal.cpp"': skipped when looking for precompiled header use
11>          Add directive to 'core/pch_jumbo.h' or rebuild precompiled header
11>c:\users\bryan\documents\github\prest\modules\selftest\generated\selftest_jumbo_quick.cpp(44): warning C4627: '#include "modules/selftest/generated/quick/selftest/ot_quick_selftest_unite_app_settings_context.cpp"': skipped when looking for precompiled header use
11>          Add directive to 'core/pch_jumbo.h' or rebuild precompiled header
11>c:\users\bryan\documents\github\prest\modules\selftest\generated\selftest_jumbo_dom.cpp(181): warning C4627: '#include "modules/selftest/generated/dom/selftest/opera/ot_dom_selftest_opera_connect.cpp"': skipped when looking for precompiled header use
11>          Add directive to 'core/pch_jumbo.h' or rebuild precompiled header
11>c:\users\bryan\documents\github\prest\modules\selftest\generated\selftest_jumbo_selftest.cpp(17): warning C4627: '#include "modules/selftest/generated/selftest/tests/ot_selftest_tests_files.cpp"': skipped when looking for precompiled header use
11>          Add directive to 'core/pch_jumbo.h' or rebuild precompiled header
11>c:\users\bryan\documents\github\prest\modules\selftest\generated\selftest_jumbo_quick.cpp(45): warning C4627: '#include "modules/selftest/generated/quick/selftest/ot_quick_selftest_webmail_manager.cpp"': skipped when looking for precompiled header use
11>          Add directive to 'core/pch_jumbo.h' or rebuild precompiled header
11>c:\users\bryan\documents\github\prest\modules\selftest\generated\selftest_jumbo_selftest.cpp(18): warning C4627: '#include "modules/selftest/generated/selftest/tests/ot_selftest_tests_globalinherit.cpp"': skipped when looking for precompiled header use
11>          Add directive to 'core/pch_jumbo.h' or rebuild precompiled header
11>c:\users\bryan\documents\github\prest\modules\selftest\generated\selftest_jumbo_dom.cpp(182): warning C4627: '#include "modules/selftest/generated/dom/selftest/opera/ot_dom_selftest_opera_domoperaaccountmanager.cpp"': skipped when looking for precompiled header use
11>          Add directive to 'core/pch_jumbo.h' or rebuild precompiled header
11>c:\users\bryan\documents\github\prest\modules\selftest\generated\selftest_jumbo_quick.cpp(46): warning C4627: '#include "modules/selftest/generated/quick/sync/controller/selftest/ot_quick_sync_controller_selftest_syncwidgetstatemodifier.cpp"': skipped when looking for precompiled header use
11>          Add directive to 'core/pch_jumbo.h' or rebuild precompiled header
11>c:\users\bryan\documents\github\prest\modules\selftest\generated\selftest_jumbo_selftest.cpp(19): warning C4627: '#include "modules/selftest/generated/selftest/tests/ot_selftest_tests_notests.cpp"': skipped when looking for precompiled header use
11>          Add directive to 'core/pch_jumbo.h' or rebuild precompiled header
11>c:\users\bryan\documents\github\prest\modules\selftest\generated\selftest_jumbo_dom.cpp(183): warning C4627: '#include "modules/selftest/generated/dom/selftest/opera/ot_dom_selftest_opera_domunitedevicemanager.cpp"': skipped when looking for precompiled header use
11>          Add directive to 'core/pch_jumbo.h' or rebuild precompiled header
11>c:\users\bryan\documents\github\prest\modules\selftest\generated\selftest_jumbo_selftest.cpp(20): warning C4627: '#include "modules/selftest/generated/selftest/tests/ot_selftest_tests_selftestmemorycleanuputil.cpp"': skipped when looking for precompiled header use
11>          Add directive to 'core/pch_jumbo.h' or rebuild precompiled header
11>c:\users\bryan\documents\github\prest\modules\selftest\generated\selftest_jumbo_quick.cpp(47): warning C4627: '#include "modules/selftest/generated/quick/view/selftest/ot_quick_view_selftest_featuresetupwizard.cpp"': skipped when looking for precompiled header use
11>          Add directive to 'core/pch_jumbo.h' or rebuild precompiled header
11>c:\users\bryan\documents\github\prest\modules\selftest\generated\selftest_jumbo_selftest.cpp(21): warning C4627: '#include "modules/selftest/generated/selftest/tests/ot_selftest_tests_tables.cpp"': skipped when looking for precompiled header use
11>          Add directive to 'core/pch_jumbo.h' or rebuild precompiled header
11>c:\users\bryan\documents\github\prest\modules\selftest\generated\selftest_jumbo_quick.cpp(48): warning C4627: '#include "modules/selftest/generated/quick/webserver/controller/selftest/ot_quick_webserver_controller_selftest_webserverservicecontroller.cpp"': skipped when looking for precompiled header use
11>          Add directive to 'core/pch_jumbo.h' or rebuild precompiled header
11>c:\users\bryan\documents\github\prest\modules\selftest\generated\selftest_jumbo_dom.cpp(184): warning C4627: '#include "modules/selftest/generated/dom/selftest/opera/ot_dom_selftest_opera_domwidgetmanager.cpp"': skipped when looking for precompiled header use
11>          Add directive to 'core/pch_jumbo.h' or rebuild precompiled header
11>c:\users\bryan\documents\github\prest\modules\selftest\generated\selftest_jumbo_selftest.cpp(22): warning C4627: '#include "modules/selftest/generated/selftest/tests/ot_selftest_tests_verify_files_equal.cpp"': skipped when looking for precompiled header use
11>          Add directive to 'core/pch_jumbo.h' or rebuild precompiled header
11>c:\users\bryan\documents\github\prest\modules\selftest\generated\selftest_jumbo_selftest.cpp(23): fatal error C1010: unexpected end of file while looking for precompiled header. Did you forget to add '#include "core/pch_jumbo.h"' to your source?
11>c:\users\bryan\documents\github\prest\modules\selftest\generated\selftest_jumbo_quick.cpp(49): warning C4627: '#include "modules/selftest/generated/quick/webserver/controller/selftest/ot_quick_webserver_controller_selftest_webserverservicedownloadcontext.cpp"': skipped when looking for precompiled header use
11>          Add directive to 'core/pch_jumbo.h' or rebuild precompiled header
11>  selftest_jumbo_socks.cpp
11>c:\users\bryan\documents\github\prest\modules\selftest\generated\selftest_jumbo_quick.cpp(50): warning C4627: '#include "modules/selftest/generated/quick/webserver/controller/selftest/ot_quick_webserver_controller_selftest_webserverservicesettingscontext.cpp"': skipped when looking for precompiled header use
11>          Add directive to 'core/pch_jumbo.h' or rebuild precompiled header
11>c:\users\bryan\documents\github\prest\modules\selftest\generated\selftest_jumbo_quick.cpp(51): warning C4627: '#include "modules/selftest/generated/quick/webserver/controller/selftest/ot_quick_webserver_controller_selftest_webserversettingscontext.cpp"': skipped when looking for precompiled header use
11>          Add directive to 'core/pch_jumbo.h' or rebuild precompiled header
11>c:\users\bryan\documents\github\prest\modules\selftest\generated\selftest_jumbo_quick.cpp(52): warning C4627: '#include "modules/selftest/generated/quick/webserver/controller/selftest/ot_quick_webserver_controller_selftest_webserverwidgetstatemodifier.cpp"': skipped when looking for precompiled header use
11>          Add directive to 'core/pch_jumbo.h' or rebuild precompiled header
11>c:\users\bryan\documents\github\prest\modules\selftest\generated\selftest_jumbo_quick.cpp(53): fatal error C1010: unexpected end of file while looking for precompiled header. Did you forget to add '#include "core/pch_jumbo.h"' to your source?
11>  selftest_jumbo_spatial_navigation.cpp
11>  selftest_jumbo_spellchecker.cpp
11>  selftest_jumbo_sqlite.cpp
11>  selftest_jumbo_stdlib.cpp
11>  selftest_jumbo_style.cpp
11>c:\users\bryan\documents\github\prest\modules\selftest\generated\selftest_jumbo_skin.cpp(15): warning C4627: '#include "modules/selftest/generated/skin/selftest/ot_skin_selftest_skin.cpp"': skipped when looking for precompiled header use
11>          Add directive to 'core/pch_jumbo.h' or rebuild precompiled header
11>c:\users\bryan\documents\github\prest\modules\selftest\generated\selftest_jumbo_skin.cpp(16): fatal error C1010: unexpected end of file while looking for precompiled header. Did you forget to add '#include "core/pch_jumbo.h"' to your source?
11>c:\users\bryan\documents\github\prest\modules\selftest\generated\selftest_jumbo_socks.cpp(15): warning C4627: '#include "modules/selftest/generated/socks/selftest/ot_socks_selftest_opsockssocket.cpp"': skipped when looking for precompiled header use
11>          Add directive to 'core/pch_jumbo.h' or rebuild precompiled header
11>c:\users\bryan\documents\github\prest\modules\selftest\generated\selftest_jumbo_socks.cpp(16): fatal error C1010: unexpected end of file while looking for precompiled header. Did you forget to add '#include "core/pch_jumbo.h"' to your source?
11>  selftest_jumbo_svg.cpp
11>  selftest_jumbo_sync.cpp
11>c:\users\bryan\documents\github\prest\modules\selftest\generated\selftest_jumbo_dom.cpp(185): warning C4627: '#include "modules/selftest/generated/dom/selftest/opera/ot_dom_selftest_opera_io.cpp"': skipped when looking for precompiled header use
11>          Add directive to 'core/pch_jumbo.h' or rebuild precompiled header
11>  selftest_jumbo_thumbnails.cpp
11>c:\users\bryan\documents\github\prest\modules\selftest\generated\selftest_jumbo_dom.cpp(186): warning C4627: '#include "modules/selftest/generated/dom/selftest/opera/ot_dom_selftest_opera_selection.cpp"': skipped when looking for precompiled header use
11>          Add directive to 'core/pch_jumbo.h' or rebuild precompiled header
11>c:\users\bryan\documents\github\prest\modules\selftest\generated\selftest_jumbo_spatial_navigation.cpp(15): warning C4627: '#include "modules/selftest/generated/spatial_navigation/selftest/ot_spatial_navigation_selftest_css3_navigation.cpp"': skipped when looking for precompiled header use
11>          Add directive to 'core/pch_jumbo.h' or rebuild precompiled header
11>c:\users\bryan\documents\github\prest\modules\selftest\generated\selftest_jumbo_dom.cpp(187): warning C4627: '#include "modules/selftest/generated/dom/selftest/orientation/ot_dom_selftest_orientation_DeviceMotionEvent.cpp"': skipped when looking for precompiled header use
11>          Add directive to 'core/pch_jumbo.h' or rebuild precompiled header
11>c:\users\bryan\documents\github\prest\modules\selftest\generated\selftest_jumbo_spatial_navigation.cpp(16): warning C4627: '#include "modules/selftest/generated/spatial_navigation/selftest/ot_spatial_navigation_selftest_dynamic.cpp"': skipped when looking for precompiled header use
11>          Add directive to 'core/pch_jumbo.h' or rebuild precompiled header
11>c:\users\bryan\documents\github\prest\modules\selftest\generated\selftest_jumbo_spatial_navigation.cpp(17): warning C4627: '#include "modules/selftest/generated/spatial_navigation/selftest/ot_spatial_navigation_selftest_forms_navigation.cpp"': skipped when looking for precompiled header use
11>          Add directive to 'core/pch_jumbo.h' or rebuild precompiled header
11>c:\users\bryan\documents\github\prest\modules\selftest\generated\selftest_jumbo_spatial_navigation.cpp(18): warning C4627: '#include "modules/selftest/generated/spatial_navigation/selftest/ot_spatial_navigation_selftest_frame_navigation.cpp"': skipped when looking for precompiled header use
11>          Add directive to 'core/pch_jumbo.h' or rebuild precompiled header
11>c:\users\bryan\documents\github\prest\modules\selftest\generated\selftest_jumbo_spatial_navigation.cpp(19): warning C4627: '#include "modules/selftest/generated/spatial_navigation/selftest/ot_spatial_navigation_selftest_handheld.cpp"': skipped when looking for precompiled header use
11>          Add directive to 'core/pch_jumbo.h' or rebuild precompiled header
11>c:\users\bryan\documents\github\prest\modules\selftest\generated\selftest_jumbo_spatial_navigation.cpp(20): warning C4627: '#include "modules/selftest/generated/spatial_navigation/selftest/ot_spatial_navigation_selftest_highlight_on_load.cpp"': skipped when looking for precompiled header use
11>          Add directive to 'core/pch_jumbo.h' or rebuild precompiled header
11>c:\users\bryan\documents\github\prest\modules\selftest\generated\selftest_jumbo_spatial_navigation.cpp(21): warning C4627: '#include "modules/selftest/generated/spatial_navigation/selftest/ot_spatial_navigation_selftest_iframe-scrolling.cpp"': skipped when looking for precompiled header use
11>          Add directive to 'core/pch_jumbo.h' or rebuild precompiled header
11>c:\users\bryan\documents\github\prest\modules\selftest\generated\selftest_jumbo_spatial_navigation.cpp(22): warning C4627: '#include "modules/selftest/generated/spatial_navigation/selftest/ot_spatial_navigation_selftest_iframe_navigation.cpp"': skipped when looking for precompiled header use
11>          Add directive to 'core/pch_jumbo.h' or rebuild precompiled header
11>c:\users\bryan\documents\github\prest\modules\selftest\generated\selftest_jumbo_spatial_navigation.cpp(23): warning C4627: '#include "modules/selftest/generated/spatial_navigation/selftest/ot_spatial_navigation_selftest_image-map.cpp"': skipped when looking for precompiled header use
11>          Add directive to 'core/pch_jumbo.h' or rebuild precompiled header
14>  stdlib_dtoa_dmg.cpp
14>  stdlib_dtoa_floitsch.cpp
11>c:\users\bryan\documents\github\prest\modules\selftest\generated\selftest_jumbo_spatial_navigation.cpp(24): warning C4627: '#include "modules/selftest/generated/spatial_navigation/selftest/ot_spatial_navigation_selftest_overflowbox.cpp"': skipped when looking for precompiled header use
11>          Add directive to 'core/pch_jumbo.h' or rebuild precompiled header
11>c:\users\bryan\documents\github\prest\modules\selftest\generated\selftest_jumbo_spatial_navigation.cpp(25): warning C4627: '#include "modules/selftest/generated/spatial_navigation/selftest/ot_spatial_navigation_selftest_picker.cpp"': skipped when looking for precompiled header use
11>          Add directive to 'core/pch_jumbo.h' or rebuild precompiled header
11>c:\users\bryan\documents\github\prest\modules\selftest\generated\selftest_jumbo_spellchecker.cpp(15): warning C4627: '#include "modules/selftest/generated/spellchecker/selftest/ot_spellchecker_selftest_spellchecker.cpp"': skipped when looking for precompiled header use
11>          Add directive to 'core/pch_jumbo.h' or rebuild precompiled header
11>c:\users\bryan\documents\github\prest\modules\selftest\generated\selftest_jumbo_spatial_navigation.cpp(26): warning C4627: '#include "modules/selftest/generated/spatial_navigation/selftest/ot_spatial_navigation_selftest_smartframe-navigation.cpp"': skipped when looking for precompiled header use
11>          Add directive to 'core/pch_jumbo.h' or rebuild precompiled header
11>c:\users\bryan\documents\github\prest\modules\selftest\generated\selftest_jumbo_spellchecker.cpp(16): fatal error C1010: unexpected end of file while looking for precompiled header. Did you forget to add '#include "core/pch_jumbo.h"' to your source?
11>c:\users\bryan\documents\github\prest\modules\selftest\generated\selftest_jumbo_spatial_navigation.cpp(27): warning C4627: '#include "modules/selftest/generated/spatial_navigation/selftest/ot_spatial_navigation_selftest_spatial_navigation.cpp"': skipped when looking for precompiled header use
11>          Add directive to 'core/pch_jumbo.h' or rebuild precompiled header
11>c:\users\bryan\documents\github\prest\modules\selftest\generated\selftest_jumbo_spatial_navigation.cpp(28): fatal error C1010: unexpected end of file while looking for precompiled header. Did you forget to add '#include "core/pch_jumbo.h"' to your source?
11>  selftest_jumbo_tlsclient.cpp
11>  selftest_jumbo_ui_parser.cpp
11>c:\users\bryan\documents\github\prest\modules\selftest\generated\selftest_jumbo_style.cpp(15): warning C4627: '#include "modules/selftest/generated/style/selftest/ot_style_selftest_animations.cpp"': skipped when looking for precompiled header use
11>          Add directive to 'core/pch_jumbo.h' or rebuild precompiled header
11>c:\users\bryan\documents\github\prest\modules\selftest\generated\selftest_jumbo_style.cpp(16): warning C4627: '#include "modules/selftest/generated/style/selftest/ot_style_selftest_backgrounds.cpp"': skipped when looking for precompiled header use
11>          Add directive to 'core/pch_jumbo.h' or rebuild precompiled header
11>c:\users\bryan\documents\github\prest\modules\selftest\generated\selftest_jumbo_style.cpp(17): warning C4627: '#include "modules/selftest/generated/style/selftest/ot_style_selftest_border_image_parser.cpp"': skipped when looking for precompiled header use
11>          Add directive to 'core/pch_jumbo.h' or rebuild precompiled header
11>c:\users\bryan\documents\github\prest\modules\selftest\generated\selftest_jumbo_style.cpp(18): warning C4627: '#include "modules/selftest/generated/style/selftest/ot_style_selftest_border_radius_parser.cpp"': skipped when looking for precompiled header use
11>          Add directive to 'core/pch_jumbo.h' or rebuild precompiled header
11>c:\users\bryan\documents\github\prest\modules\selftest\generated\selftest_jumbo_style.cpp(19): warning C4627: '#include "modules/selftest/generated/style/selftest/ot_style_selftest_charset.cpp"': skipped when looking for precompiled header use
11>          Add directive to 'core/pch_jumbo.h' or rebuild precompiled header
11>c:\users\bryan\documents\github\prest\modules\selftest\generated\selftest_jumbo_style.cpp(20): warning C4627: '#include "modules/selftest/generated/style/selftest/ot_style_selftest_check_for_pseudo.cpp"': skipped when looking for precompiled header use
11>          Add directive to 'core/pch_jumbo.h' or rebuild precompiled header
11>c:\users\bryan\documents\github\prest\modules\selftest\generated\selftest_jumbo_style.cpp(21): warning C4627: '#include "modules/selftest/generated/style/selftest/ot_style_selftest_classmatch.cpp"': skipped when looking for precompiled header use
11>          Add directive to 'core/pch_jumbo.h' or rebuild precompiled header
11>c:\users\bryan\documents\github\prest\modules\selftest\generated\selftest_jumbo_style.cpp(22): warning C4627: '#include "modules/selftest/generated/style/selftest/ot_style_selftest_color-quirk.cpp"': skipped when looking for precompiled header use
11>          Add directive to 'core/pch_jumbo.h' or rebuild precompiled header
11>c:\users\bryan\documents\github\prest\modules\selftest\generated\selftest_jumbo_style.cpp(23): warning C4627: '#include "modules/selftest/generated/style/selftest/ot_style_selftest_color_parser.cpp"': skipped when looking for precompiled header use
11>          Add directive to 'core/pch_jumbo.h' or rebuild precompiled header
11>c:\users\bryan\documents\github\prest\modules\selftest\generated\selftest_jumbo_style.cpp(24): warning C4627: '#include "modules/selftest/generated/style/selftest/ot_style_selftest_css-parser.cpp"': skipped when looking for precompiled header use
11>          Add directive to 'core/pch_jumbo.h' or rebuild precompiled header
11>c:\users\bryan\documents\github\prest\modules\selftest\generated\selftest_jumbo_style.cpp(25): warning C4627: '#include "modules/selftest/generated/style/selftest/ot_style_selftest_css_collection.cpp"': skipped when looking for precompiled header use
11>          Add directive to 'core/pch_jumbo.h' or rebuild precompiled header
11>c:\users\bryan\documents\github\prest\modules\selftest\generated\selftest_jumbo_style.cpp(26): warning C4627: '#include "modules/selftest/generated/style/selftest/ot_style_selftest_css_property_list.cpp"': skipped when looking for precompiled header use
11>          Add directive to 'core/pch_jumbo.h' or rebuild precompiled header
11>c:\users\bryan\documents\github\prest\modules\selftest\generated\selftest_jumbo_style.cpp(27): warning C4627: '#include "modules/selftest/generated/style/selftest/ot_style_selftest_css_units.cpp"': skipped when looking for precompiled header use
11>          Add directive to 'core/pch_jumbo.h' or rebuild precompiled header
11>c:\users\bryan\documents\github\prest\modules\selftest\generated\selftest_jumbo_style.cpp(28): warning C4627: '#include "modules/selftest/generated/style/selftest/ot_style_selftest_domstyle.cpp"': skipped when looking for precompiled header use
11>          Add directive to 'core/pch_jumbo.h' or rebuild precompiled header
11>c:\users\bryan\documents\github\prest\modules\selftest\generated\selftest_jumbo_style.cpp(29): warning C4627: '#include "modules/selftest/generated/style/selftest/ot_style_selftest_first-line.cpp"': skipped when looking for precompiled header use
11>          Add directive to 'core/pch_jumbo.h' or rebuild precompiled header
11>c:\users\bryan\documents\github\prest\modules\selftest\generated\selftest_jumbo_style.cpp(30): warning C4627: '#include "modules/selftest/generated/style/selftest/ot_style_selftest_fullscreen.cpp"': skipped when looking for precompiled header use
11>          Add directive to 'core/pch_jumbo.h' or rebuild precompiled header
11>c:\users\bryan\documents\github\prest\modules\selftest\generated\selftest_jumbo_sync.cpp(15): warning C4627: '#include "modules/selftest/generated/sync/testcases/ot_sync_testcases_sync.cpp"': skipped when looking for precompiled header use
11>          Add directive to 'core/pch_jumbo.h' or rebuild precompiled header
11>c:\users\bryan\documents\github\prest\modules\selftest\generated\selftest_jumbo_style.cpp(31): warning C4627: '#include "modules/selftest/generated/style/selftest/ot_style_selftest_getmatchingrules.cpp"': skipped when looking for precompiled header use
11>          Add directive to 'core/pch_jumbo.h' or rebuild precompiled header
11>c:\users\bryan\documents\github\prest\modules\selftest\generated\selftest_jumbo_sync.cpp(16): warning C4627: '#include "modules/selftest/generated/sync/testcases/ot_sync_testcases_sync_encryption_key.cpp"': skipped when looking for precompiled header use
11>          Add directive to 'core/pch_jumbo.h' or rebuild precompiled header
11>c:\users\bryan\documents\github\prest\modules\selftest\generated\selftest_jumbo_style.cpp(32): warning C4627: '#include "modules/selftest/generated/style/selftest/ot_style_selftest_html.cpp"': skipped when looking for precompiled header use
11>          Add directive to 'core/pch_jumbo.h' or rebuild precompiled header
11>c:\users\bryan\documents\github\prest\modules\selftest\generated\selftest_jumbo_sync.cpp(17): warning C4627: '#include "modules/selftest/generated/sync/testcases/ot_sync_testcases_sync_item.cpp"': skipped when looking for precompiled header use
11>          Add directive to 'core/pch_jumbo.h' or rebuild precompiled header
11>c:\users\bryan\documents\github\prest\modules\selftest\generated\selftest_jumbo_style.cpp(33): warning C4627: '#include "modules/selftest/generated/style/selftest/ot_style_selftest_import.cpp"': skipped when looking for precompiled header use
11>          Add directive to 'core/pch_jumbo.h' or rebuild precompiled header
11>c:\users\bryan\documents\github\prest\modules\selftest\generated\selftest_jumbo_sync.cpp(18): warning C4627: '#include "modules/selftest/generated/sync/testcases/ot_sync_testcases_sync_state.cpp"': skipped when looking for precompiled header use
11>          Add directive to 'core/pch_jumbo.h' or rebuild precompiled header
11>c:\users\bryan\documents\github\prest\modules\selftest\generated\selftest_jumbo_style.cpp(34): warning C4627: '#include "modules/selftest/generated/style/selftest/ot_style_selftest_keyframes.cpp"': skipped when looking for precompiled header use
11>          Add directive to 'core/pch_jumbo.h' or rebuild precompiled header
11>c:\users\bryan\documents\github\prest\modules\selftest\generated\selftest_jumbo_style.cpp(35): warning C4627: '#include "modules/selftest/generated/style/selftest/ot_style_selftest_match_benchmark.cpp"': skipped when looking for precompiled header use
11>          Add directive to 'core/pch_jumbo.h' or rebuild precompiled header
11>c:\users\bryan\documents\github\prest\modules\selftest\generated\selftest_jumbo_style.cpp(36): warning C4627: '#include "modules/selftest/generated/style/selftest/ot_style_selftest_matchcontext.cpp"': skipped when looking for precompiled header use
11>          Add directive to 'core/pch_jumbo.h' or rebuild precompiled header
11>c:\users\bryan\documents\github\prest\modules\selftest\generated\selftest_jumbo_sync.cpp(19): warning C4627: '#include "modules/selftest/generated/sync/testcases/ot_sync_testcases_sync_util.cpp"': skipped when looking for precompiled header use
11>          Add directive to 'core/pch_jumbo.h' or rebuild precompiled header
11>c:\users\bryan\documents\github\prest\modules\selftest\generated\selftest_jumbo_sync.cpp(20): fatal error C1010: unexpected end of file while looking for precompiled header. Did you forget to add '#include "core/pch_jumbo.h"' to your source?
11>c:\users\bryan\documents\github\prest\modules\selftest\generated\selftest_jumbo_style.cpp(37): warning C4627: '#include "modules/selftest/generated/style/selftest/ot_style_selftest_mediaqueries.cpp"': skipped when looking for precompiled header use
11>          Add directive to 'core/pch_jumbo.h' or rebuild precompiled header
11>c:\users\bryan\documents\github\prest\modules\selftest\generated\selftest_jumbo_style.cpp(38): warning C4627: '#include "modules/selftest/generated/style/selftest/ot_style_selftest_multiple_backgrounds_parser.cpp"': skipped when looking for precompiled header use
11>          Add directive to 'core/pch_jumbo.h' or rebuild precompiled header
11>c:\users\bryan\documents\github\prest\modules\selftest\generated\selftest_jumbo_style.cpp(39): warning C4627: '#include "modules/selftest/generated/style/selftest/ot_style_selftest_pseudo_tokenizer.cpp"': skipped when looking for precompiled header use
11>          Add directive to 'core/pch_jumbo.h' or rebuild precompiled header
11>c:\users\bryan\documents\github\prest\modules\selftest\generated\selftest_jumbo_style.cpp(40): warning C4627: '#include "modules/selftest/generated/style/selftest/ot_style_selftest_ruleorigin.cpp"': skipped when looking for precompiled header use
11>          Add directive to 'core/pch_jumbo.h' or rebuild precompiled header
11>c:\users\bryan\documents\github\prest\modules\selftest\generated\selftest_jumbo_style.cpp(41): warning C4627: '#include "modules/selftest/generated/style/selftest/ot_style_selftest_selection.cpp"': skipped when looking for precompiled header use
11>          Add directive to 'core/pch_jumbo.h' or rebuild precompiled header
11>c:\users\bryan\documents\github\prest\modules\selftest\generated\selftest_jumbo_style.cpp(42): warning C4627: '#include "modules/selftest/generated/style/selftest/ot_style_selftest_selectors.cpp"': skipped when looking for precompiled header use
11>          Add directive to 'core/pch_jumbo.h' or rebuild precompiled header
11>c:\users\bryan\documents\github\prest\modules\selftest\generated\selftest_jumbo_style.cpp(43): warning C4627: '#include "modules/selftest/generated/style/selftest/ot_style_selftest_selectorsapi.cpp"': skipped when looking for precompiled header use
11>          Add directive to 'core/pch_jumbo.h' or rebuild precompiled header
11>c:\users\bryan\documents\github\prest\modules\selftest\generated\selftest_jumbo_style.cpp(44): warning C4627: '#include "modules/selftest/generated/style/selftest/ot_style_selftest_transforms.cpp"': skipped when looking for precompiled header use
11>          Add directive to 'core/pch_jumbo.h' or rebuild precompiled header
11>c:\users\bryan\documents\github\prest\modules\selftest\generated\selftest_jumbo_style.cpp(45): warning C4627: '#include "modules/selftest/generated/style/selftest/ot_style_selftest_viewport.cpp"': skipped when looking for precompiled header use
11>          Add directive to 'core/pch_jumbo.h' or rebuild precompiled header
11>c:\users\bryan\documents\github\prest\modules\selftest\generated\selftest_jumbo_style.cpp(46): warning C4627: '#include "modules/selftest/generated/style/selftest/ot_style_selftest_webfonts.cpp"': skipped when looking for precompiled header use
11>          Add directive to 'core/pch_jumbo.h' or rebuild precompiled header
11>c:\users\bryan\documents\github\prest\modules\selftest\generated\selftest_jumbo_style.cpp(47): fatal error C1010: unexpected end of file while looking for precompiled header. Did you forget to add '#include "core/pch_jumbo.h"' to your source?
11>  selftest_jumbo_unicode.cpp
11>c:\users\bryan\documents\github\prest\modules\selftest\generated\selftest_jumbo_svg.cpp(15): warning C4627: '#include "modules/selftest/generated/svg/selftest/ot_svg_selftest_attribute_parser.cpp"': skipped when looking for precompiled header use
11>          Add directive to 'core/pch_jumbo.h' or rebuild precompiled header
11>  selftest_jumbo_unix.cpp
11>c:\users\bryan\documents\github\prest\modules\selftest\generated\selftest_jumbo_svg.cpp(16): warning C4627: '#include "modules/selftest/generated/svg/selftest/ot_svg_selftest_opbpath.cpp"': skipped when looking for precompiled header use
11>          Add directive to 'core/pch_jumbo.h' or rebuild precompiled header
11>c:\users\bryan\documents\github\prest\modules\selftest\generated\selftest_jumbo_svg.cpp(17): warning C4627: '#include "modules/selftest/generated/svg/selftest/ot_svg_selftest_svg_actions.cpp"': skipped when looking for precompiled header use
11>          Add directive to 'core/pch_jumbo.h' or rebuild precompiled header
11>c:\users\bryan\documents\github\prest\modules\selftest\generated\selftest_jumbo_dom.cpp(188): warning C4627: '#include "modules/selftest/generated/dom/selftest/orientation/ot_dom_selftest_orientation_DeviceOrientationEvent.cpp"': skipped when looking for precompiled header use
11>          Add directive to 'core/pch_jumbo.h' or rebuild precompiled header
11>c:\users\bryan\documents\github\prest\modules\selftest\generated\selftest_jumbo_svg.cpp(18): warning C4627: '#include "modules/selftest/generated/svg/selftest/ot_svg_selftest_svg_animation_basic.cpp"': skipped when looking for precompiled header use
11>          Add directive to 'core/pch_jumbo.h' or rebuild precompiled header
13>  Compiling...
13>  WindowsDebug.cpp
13>  WindowsTLS.cpp
11>c:\users\bryan\documents\github\prest\modules\selftest\generated\selftest_jumbo_dom.cpp(189): warning C4627: '#include "modules/selftest/generated/dom/selftest/ot_dom_selftest_collectiontracker.cpp"': skipped when looking for precompiled header use
11>          Add directive to 'core/pch_jumbo.h' or rebuild precompiled header
11>  selftest_jumbo_upload.cpp
11>c:\users\bryan\documents\github\prest\modules\selftest\generated\selftest_jumbo_dom.cpp(190): warning C4627: '#include "modules/selftest/generated/dom/selftest/ot_dom_selftest_domasynccallback.cpp"': skipped when looking for precompiled header use
11>          Add directive to 'core/pch_jumbo.h' or rebuild precompiled header
11>c:\users\bryan\documents\github\prest\modules\selftest\generated\selftest_jumbo_dom.cpp(191): warning C4627: '#include "modules/selftest/generated/dom/selftest/ot_dom_selftest_domeventtypes.cpp"': skipped when looking for precompiled header use
11>          Add directive to 'core/pch_jumbo.h' or rebuild precompiled header
11>c:\users\bryan\documents\github\prest\modules\selftest\generated\selftest_jumbo_dom.cpp(192): warning C4627: '#include "modules/selftest/generated/dom/selftest/ot_dom_selftest_domperformance.cpp"': skipped when looking for precompiled header use
11>          Add directive to 'core/pch_jumbo.h' or rebuild precompiled header
11>c:\users\bryan\documents\github\prest\modules\selftest\generated\selftest_jumbo_svg.cpp(19): warning C4627: '#include "modules/selftest/generated/svg/selftest/ot_svg_selftest_svg_animation_dep.cpp"': skipped when looking for precompiled header use
11>          Add directive to 'core/pch_jumbo.h' or rebuild precompiled header
11>c:\users\bryan\documents\github\prest\modules\selftest\generated\selftest_jumbo_dom.cpp(193): warning C4627: '#include "modules/selftest/generated/dom/selftest/ot_dom_selftest_domrestartobject.cpp"': skipped when looking for precompiled header use
11>          Add directive to 'core/pch_jumbo.h' or rebuild precompiled header
11>c:\users\bryan\documents\github\prest\modules\selftest\generated\selftest_jumbo_dom.cpp(194): warning C4627: '#include "modules/selftest/generated/dom/selftest/ot_dom_selftest_domsuspendcallback.cpp"': skipped when looking for precompiled header use
11>          Add directive to 'core/pch_jumbo.h' or rebuild precompiled header
11>c:\users\bryan\documents\github\prest\modules\selftest\generated\selftest_jumbo_dom.cpp(195): warning C4627: '#include "modules/selftest/generated/dom/selftest/ot_dom_selftest_domutils.cpp"': skipped when looking for precompiled header use
11>          Add directive to 'core/pch_jumbo.h' or rebuild precompiled header
11>c:\users\bryan\documents\github\prest\modules\selftest\generated\selftest_jumbo_svg.cpp(20): warning C4627: '#include "modules/selftest/generated/svg/selftest/ot_svg_selftest_svg_animation_dom.cpp"': skipped when looking for precompiled header use
11>          Add directive to 'core/pch_jumbo.h' or rebuild precompiled header
11>c:\users\bryan\documents\github\prest\modules\selftest\generated\selftest_jumbo_dom.cpp(196): warning C4627: '#include "modules/selftest/generated/dom/selftest/ot_dom_selftest_opatom.cpp"': skipped when looking for precompiled header use
11>          Add directive to 'core/pch_jumbo.h' or rebuild precompiled header
11>c:\users\bryan\documents\github\prest\modules\selftest\generated\selftest_jumbo_svg.cpp(21): warning C4627: '#include "modules/selftest/generated/svg/selftest/ot_svg_selftest_svg_animation_element.cpp"': skipped when looking for precompiled header use
11>          Add directive to 'core/pch_jumbo.h' or rebuild precompiled header
11>c:\users\bryan\documents\github\prest\modules\selftest\generated\selftest_jumbo_svg.cpp(22): warning C4627: '#include "modules/selftest/generated/svg/selftest/ot_svg_selftest_svg_animation_object.cpp"': skipped when looking for precompiled header use
11>          Add directive to 'core/pch_jumbo.h' or rebuild precompiled header
11>c:\users\bryan\documents\github\prest\modules\selftest\generated\selftest_jumbo_dom.cpp(197): warning C4627: '#include "modules/selftest/generated/dom/selftest/ot_dom_selftest_style.cpp"': skipped when looking for precompiled header use
11>          Add directive to 'core/pch_jumbo.h' or rebuild precompiled header
11>c:\users\bryan\documents\github\prest\modules\selftest\generated\selftest_jumbo_svg.cpp(23): warning C4627: '#include "modules/selftest/generated/svg/selftest/ot_svg_selftest_svg_animation_schedule.cpp"': skipped when looking for precompiled header use
11>          Add directive to 'core/pch_jumbo.h' or rebuild precompiled header
11>c:\users\bryan\documents\github\prest\modules\selftest\generated\selftest_jumbo_dom.cpp(198): warning C4627: '#include "modules/selftest/generated/dom/selftest/ot_dom_selftest_valuemodificationtype.cpp"': skipped when looking for precompiled header use
11>          Add directive to 'core/pch_jumbo.h' or rebuild precompiled header
11>c:\users\bryan\documents\github\prest\modules\selftest\generated\selftest_jumbo_svg.cpp(24): warning C4627: '#include "modules/selftest/generated/svg/selftest/ot_svg_selftest_svg_attribs.cpp"': skipped when looking for precompiled header use
11>          Add directive to 'core/pch_jumbo.h' or rebuild precompiled header
11>c:\users\bryan\documents\github\prest\modules\selftest\generated\selftest_jumbo_svg.cpp(25): warning C4627: '#include "modules/selftest/generated/svg/selftest/ot_svg_selftest_svg_audio.cpp"': skipped when looking for precompiled header use
11>          Add directive to 'core/pch_jumbo.h' or rebuild precompiled header
11>c:\users\bryan\documents\github\prest\modules\selftest\generated\selftest_jumbo_dom.cpp(199): warning C4627: '#include "modules/selftest/generated/dom/selftest/range/ot_dom_selftest_range_range.cpp"': skipped when looking for precompiled header use
11>          Add directive to 'core/pch_jumbo.h' or rebuild precompiled header
11>c:\users\bryan\documents\github\prest\modules\selftest\generated\selftest_jumbo_svg.cpp(26): warning C4627: '#include "modules/selftest/generated/svg/selftest/ot_svg_selftest_svg_bbox.cpp"': skipped when looking for precompiled header use
11>          Add directive to 'core/pch_jumbo.h' or rebuild precompiled header
11>c:\users\bryan\documents\github\prest\modules\selftest\generated\selftest_jumbo_dom.cpp(200): warning C4627: '#include "modules/selftest/generated/dom/selftest/range/ot_dom_selftest_range_range_functions_comparePoint.cpp"': skipped when looking for precompiled header use
11>          Add directive to 'core/pch_jumbo.h' or rebuild precompiled header
11>c:\users\bryan\documents\github\prest\modules\selftest\generated\selftest_jumbo_svg.cpp(27): warning C4627: '#include "modules/selftest/generated/svg/selftest/ot_svg_selftest_svg_canvas.cpp"': skipped when looking for precompiled header use
11>          Add directive to 'core/pch_jumbo.h' or rebuild precompiled header
11>c:\users\bryan\documents\github\prest\modules\selftest\generated\selftest_jumbo_dom.cpp(201): warning C4627: '#include "modules/selftest/generated/dom/selftest/range/ot_dom_selftest_range_range_functions_createContextualFragment.cpp"': skipped when looking for precompiled header use
11>          Add directive to 'core/pch_jumbo.h' or rebuild precompiled header
11>c:\users\bryan\documents\github\prest\modules\selftest\generated\selftest_jumbo_svg.cpp(28): warning C4627: '#include "modules/selftest/generated/svg/selftest/ot_svg_selftest_svg_depgraph.cpp"': skipped when looking for precompiled header use
11>          Add directive to 'core/pch_jumbo.h' or rebuild precompiled header
11>c:\users\bryan\documents\github\prest\modules\selftest\generated\selftest_jumbo_dom.cpp(202): warning C4627: '#include "modules/selftest/generated/dom/selftest/range/ot_dom_selftest_range_range_functions_extractContents.cpp"': skipped when looking for precompiled header use
11>          Add directive to 'core/pch_jumbo.h' or rebuild precompiled header
11>c:\users\bryan\documents\github\prest\modules\selftest\generated\selftest_jumbo_ui_parser.cpp(15): warning C4627: '#include "modules/selftest/generated/ui_parser/selftests/ot_ui_parser_selftests_datamerge.cpp"': skipped when looking for precompiled header use
11>          Add directive to 'core/pch_jumbo.h' or rebuild precompiled header
11>c:\users\bryan\documents\github\prest\modules\selftest\generated\selftest_jumbo_svg.cpp(29): warning C4627: '#include "modules/selftest/generated/svg/selftest/ot_svg_selftest_svg_dom.cpp"': skipped when looking for precompiled header use
11>          Add directive to 'core/pch_jumbo.h' or rebuild precompiled header
11>c:\users\bryan\documents\github\prest\modules\selftest\generated\selftest_jumbo_dom.cpp(203): warning C4627: '#include "modules/selftest/generated/dom/selftest/range/ot_dom_selftest_range_range_functions_getClientRects.cpp"': skipped when looking for precompiled header use
11>          Add directive to 'core/pch_jumbo.h' or rebuild precompiled header
11>c:\users\bryan\documents\github\prest\modules\selftest\generated\selftest_jumbo_svg.cpp(30): warning C4627: '#include "modules/selftest/generated/svg/selftest/ot_svg_selftest_svg_editable.cpp"': skipped when looking for precompiled header use
11>          Add directive to 'core/pch_jumbo.h' or rebuild precompiled header
11>c:\users\bryan\documents\github\prest\modules\selftest\generated\selftest_jumbo_ui_parser.cpp(16): warning C4627: '#include "modules/selftest/generated/ui_parser/selftests/ot_ui_parser_selftests_yamlparser.cpp"': skipped when looking for precompiled header use
11>          Add directive to 'core/pch_jumbo.h' or rebuild precompiled header
11>c:\users\bryan\documents\github\prest\modules\selftest\generated\selftest_jumbo_ui_parser.cpp(17): fatal error C1010: unexpected end of file while looking for precompiled header. Did you forget to add '#include "core/pch_jumbo.h"' to your source?
11>c:\users\bryan\documents\github\prest\modules\selftest\generated\selftest_jumbo_tlsclient.cpp(15): warning C4627: '#include "modules/selftest/generated/tlsclient/selftest/ot_tlsclient_selftest_tlsclient_basic.cpp"': skipped when looking for precompiled header use
11>          Add directive to 'core/pch_jumbo.h' or rebuild precompiled header
11>c:\users\bryan\documents\github\prest\modules\selftest\generated\selftest_jumbo_tlsclient.cpp(16): fatal error C1010: unexpected end of file while looking for precompiled header. Did you forget to add '#include "core/pch_jumbo.h"' to your source?
11>c:\users\bryan\documents\github\prest\modules\selftest\generated\selftest_jumbo_dom.cpp(204): warning C4627: '#include "modules/selftest/generated/dom/selftest/range/ot_dom_selftest_range_range_functions_insertNode.cpp"': skipped when looking for precompiled header use
11>          Add directive to 'core/pch_jumbo.h' or rebuild precompiled header
11>c:\users\bryan\documents\github\prest\modules\selftest\generated\selftest_jumbo_svg.cpp(31): warning C4627: '#include "modules/selftest/generated/svg/selftest/ot_svg_selftest_svg_embeddedfont.cpp"': skipped when looking for precompiled header use
11>          Add directive to 'core/pch_jumbo.h' or rebuild precompiled header
11>c:\users\bryan\documents\github\prest\modules\selftest\generated\selftest_jumbo_dom.cpp(205): warning C4627: '#include "modules/selftest/generated/dom/selftest/range/ot_dom_selftest_range_range_functions_surroundContents.cpp"': skipped when looking for precompiled header use
11>          Add directive to 'core/pch_jumbo.h' or rebuild precompiled header
11>c:\users\bryan\documents\github\prest\modules\selftest\generated\selftest_jumbo_thumbnails.cpp(15): warning C4627: '#include "modules/selftest/generated/thumbnails/selftest/ot_thumbnails_selftest_ThumbnailGenerator.cpp"': skipped when looking for precompiled header use
11>          Add directive to 'core/pch_jumbo.h' or rebuild precompiled header
11>c:\users\bryan\documents\github\prest\modules\selftest\generated\selftest_jumbo_svg.cpp(32): warning C4627: '#include "modules/selftest/generated/svg/selftest/ot_svg_selftest_svg_enums.cpp"': skipped when looking for precompiled header use
11>          Add directive to 'core/pch_jumbo.h' or rebuild precompiled header
11>  selftest_jumbo_upnp.cpp
11>c:\users\bryan\documents\github\prest\modules\selftest\generated\selftest_jumbo_dom.cpp(206): warning C4627: '#include "modules/selftest/generated/dom/selftest/range/ot_dom_selftest_range_range_functions_toString.cpp"': skipped when looking for precompiled header use
11>          Add directive to 'core/pch_jumbo.h' or rebuild precompiled header
11>c:\users\bryan\documents\github\prest\modules\selftest\generated\selftest_jumbo_thumbnails.cpp(16): warning C4627: '#include "modules/selftest/generated/thumbnails/selftest/ot_thumbnails_selftest_generate.cpp"': skipped when looking for precompiled header use
11>          Add directive to 'core/pch_jumbo.h' or rebuild precompiled header
11>c:\users\bryan\documents\github\prest\modules\selftest\generated\selftest_jumbo_svg.cpp(33): warning C4627: '#include "modules/selftest/generated/svg/selftest/ot_svg_selftest_svg_fonts.cpp"': skipped when looking for precompiled header use
11>          Add directive to 'core/pch_jumbo.h' or rebuild precompiled header
11>c:\users\bryan\documents\github\prest\modules\selftest\generated\selftest_jumbo_unix.cpp(15): warning C4627: '#include "modules/selftest/generated/unix/base/common/selftest/ot_unix_base_common_selftest_unix_desktop_entry.cpp"': skipped when looking for precompiled header use
11>          Add directive to 'core/pch_jumbo.h' or rebuild precompiled header
11>c:\users\bryan\documents\github\prest\modules\selftest\generated\selftest_jumbo_dom.cpp(207): warning C4627: '#include "modules/selftest/generated/dom/selftest/save/ot_dom_selftest_save_lsoutput.cpp"': skipped when looking for precompiled header use
11>          Add directive to 'core/pch_jumbo.h' or rebuild precompiled header
11>c:\users\bryan\documents\github\prest\modules\selftest\generated\selftest_jumbo_thumbnails.cpp(17): warning C4627: '#include "modules/selftest/generated/thumbnails/selftest/ot_thumbnails_selftest_generate_auth.cpp"': skipped when looking for precompiled header use
11>          Add directive to 'core/pch_jumbo.h' or rebuild precompiled header
11>c:\users\bryan\documents\github\prest\modules\selftest\generated\selftest_jumbo_svg.cpp(34): warning C4627: '#include "modules/selftest/generated/svg/selftest/ot_svg_selftest_svg_foreignobject.cpp"': skipped when looking for precompiled header use
11>          Add directive to 'core/pch_jumbo.h' or rebuild precompiled header
11>c:\users\bryan\documents\github\prest\modules\selftest\generated\selftest_jumbo_thumbnails.cpp(18): fatal error C1010: unexpected end of file while looking for precompiled header. Did you forget to add '#include "core/pch_jumbo.h"' to your source?
11>c:\users\bryan\documents\github\prest\modules\selftest\generated\selftest_jumbo_unix.cpp(16): warning C4627: '#include "modules/selftest/generated/unix/base/common/selftest/ot_unix_base_common_selftest_unix_gadgetutils.cpp"': skipped when looking for precompiled header use
11>          Add directive to 'core/pch_jumbo.h' or rebuild precompiled header
11>c:\users\bryan\documents\github\prest\modules\selftest\generated\selftest_jumbo_svg.cpp(35): warning C4627: '#include "modules/selftest/generated/svg/selftest/ot_svg_selftest_svg_getpresattr.cpp"': skipped when looking for precompiled header use
11>          Add directive to 'core/pch_jumbo.h' or rebuild precompiled header
11>c:\users\bryan\documents\github\prest\modules\selftest\generated\selftest_jumbo_dom.cpp(208): warning C4627: '#include "modules/selftest/generated/dom/selftest/save/ot_dom_selftest_save_lsserializer.cpp"': skipped when looking for precompiled header use
11>          Add directive to 'core/pch_jumbo.h' or rebuild precompiled header
11>c:\users\bryan\documents\github\prest\modules\selftest\generated\selftest_jumbo_unix.cpp(17): warning C4627: '#include "modules/selftest/generated/unix/selftest/ot_unix_selftest_ipc.cpp"': skipped when looking for precompiled header use
11>          Add directive to 'core/pch_jumbo.h' or rebuild precompiled header
11>c:\users\bryan\documents\github\prest\modules\selftest\generated\selftest_jumbo_svg.cpp(36): warning C4627: '#include "modules/selftest/generated/svg/selftest/ot_svg_selftest_svg_img.cpp"': skipped when looking for precompiled header use
11>          Add directive to 'core/pch_jumbo.h' or rebuild precompiled header
13>  WindowsTimer.cpp
14>  uni_printf.cpp
14>  uni_scanf.cpp
13>  OperaMapiImpl.cpp
11>c:\users\bryan\documents\github\prest\modules\selftest\generated\selftest_jumbo_unix.cpp(18): warning C4627: '#include "modules/selftest/generated/unix/selftest/ot_unix_selftest_lockfile.cpp"': skipped when looking for precompiled header use
11>          Add directive to 'core/pch_jumbo.h' or rebuild precompiled header
11>  selftest_jumbo_url.cpp
11>c:\users\bryan\documents\github\prest\modules\selftest\generated\selftest_jumbo_unix.cpp(19): warning C4627: '#include "modules/selftest/generated/unix/selftest/ot_unix_selftest_makecursor.cpp"': skipped when looking for precompiled header use
11>          Add directive to 'core/pch_jumbo.h' or rebuild precompiled header
11>c:\users\bryan\documents\github\prest\modules\selftest\generated\selftest_jumbo_dom.cpp(209): warning C4627: '#include "modules/selftest/generated/dom/selftest/save/ot_dom_selftest_save_xmlserializer.cpp"': skipped when looking for precompiled header use
11>          Add directive to 'core/pch_jumbo.h' or rebuild precompiled header
11>c:\users\bryan\documents\github\prest\modules\selftest\generated\selftest_jumbo_svg.cpp(37): warning C4627: '#include "modules/selftest/generated/svg/selftest/ot_svg_selftest_svg_intersection.cpp"': skipped when looking for precompiled header use
11>          Add directive to 'core/pch_jumbo.h' or rebuild precompiled header
11>c:\users\bryan\documents\github\prest\modules\selftest\generated\selftest_jumbo_unix.cpp(20): warning C4627: '#include "modules/selftest/generated/unix/selftest/ot_unix_selftest_makeicon.cpp"': skipped when looking for precompiled header use
11>          Add directive to 'core/pch_jumbo.h' or rebuild precompiled header
11>c:\users\bryan\documents\github\prest\modules\selftest\generated\selftest_jumbo_svg.cpp(38): warning C4627: '#include "modules/selftest/generated/svg/selftest/ot_svg_selftest_svg_module.cpp"': skipped when looking for precompiled header use
11>          Add directive to 'core/pch_jumbo.h' or rebuild precompiled header
11>c:\users\bryan\documents\github\prest\modules\selftest\generated\selftest_jumbo_unix.cpp(21): warning C4627: '#include "modules/selftest/generated/unix/selftest/ot_unix_selftest_mdebuffer.cpp"': skipped when looking for precompiled header use
11>          Add directive to 'core/pch_jumbo.h' or rebuild precompiled header
11>c:\users\bryan\documents\github\prest\modules\selftest\generated\selftest_jumbo_dom.cpp(210): warning C4627: '#include "modules/selftest/generated/dom/selftest/selectors/ot_dom_selftest_selectors_dom_selectors.cpp"': skipped when looking for precompiled header use
11>          Add directive to 'core/pch_jumbo.h' or rebuild precompiled header
11>c:\users\bryan\documents\github\prest\modules\selftest\generated\selftest_jumbo_unix.cpp(22): warning C4627: '#include "modules/selftest/generated/unix/selftest/ot_unix_selftest_nativedialog.cpp"': skipped when looking for precompiled header use
11>          Add directive to 'core/pch_jumbo.h' or rebuild precompiled header
11>c:\users\bryan\documents\github\prest\modules\selftest\generated\selftest_jumbo_svg.cpp(39): warning C4627: '#include "modules/selftest/generated/svg/selftest/ot_svg_selftest_svg_parser_angle.cpp"': skipped when looking for precompiled header use
11>          Add directive to 'core/pch_jumbo.h' or rebuild precompiled header
11>c:\users\bryan\documents\github\prest\modules\selftest\generated\selftest_jumbo_unix.cpp(23): warning C4627: '#include "modules/selftest/generated/unix/selftest/ot_unix_selftest_simple_functions.cpp"': skipped when looking for precompiled header use
11>          Add directive to 'core/pch_jumbo.h' or rebuild precompiled header
11>c:\users\bryan\documents\github\prest\modules\selftest\generated\selftest_jumbo_dom.cpp(211): warning C4627: '#include "modules/selftest/generated/dom/selftest/storage/ot_dom_selftest_storage_databasestorage.cpp"': skipped when looking for precompiled header use
11>          Add directive to 'core/pch_jumbo.h' or rebuild precompiled header
11>c:\users\bryan\documents\github\prest\modules\selftest\generated\selftest_jumbo_unix.cpp(24): warning C4627: '#include "modules/selftest/generated/unix/selftest/ot_unix_selftest_widget.cpp"': skipped when looking for precompiled header use
11>          Add directive to 'core/pch_jumbo.h' or rebuild precompiled header
11>c:\users\bryan\documents\github\prest\modules\selftest\generated\selftest_jumbo_svg.cpp(40): warning C4627: '#include "modules/selftest/generated/svg/selftest/ot_svg_selftest_svg_parser_length.cpp"': skipped when looking for precompiled header use
11>          Add directive to 'core/pch_jumbo.h' or rebuild precompiled header
11>c:\users\bryan\documents\github\prest\modules\selftest\generated\selftest_jumbo_unix.cpp(25): warning C4627: '#include "modules/selftest/generated/unix/selftest/ot_unix_selftest_widgetsize.cpp"': skipped when looking for precompiled header use
11>          Add directive to 'core/pch_jumbo.h' or rebuild precompiled header
11>c:\users\bryan\documents\github\prest\modules\selftest\generated\selftest_jumbo_dom.cpp(212): warning C4627: '#include "modules/selftest/generated/dom/selftest/storage/ot_dom_selftest_storage_databasestoragequota.cpp"': skipped when looking for precompiled header use
11>          Add directive to 'core/pch_jumbo.h' or rebuild precompiled header
11>c:\users\bryan\documents\github\prest\modules\selftest\generated\selftest_jumbo_unix.cpp(26): fatal error C1010: unexpected end of file while looking for precompiled header. Did you forget to add '#include "core/pch_jumbo.h"' to your source?
11>  selftest_jumbo_util.cpp
11>c:\users\bryan\documents\github\prest\modules\selftest\generated\selftest_jumbo_svg.cpp(41): warning C4627: '#include "modules/selftest/generated/svg/selftest/ot_svg_selftest_svg_parser_number.cpp"': skipped when looking for precompiled header use
11>          Add directive to 'core/pch_jumbo.h' or rebuild precompiled header
11>c:\users\bryan\documents\github\prest\modules\selftest\generated\selftest_jumbo_dom.cpp(213): warning C4627: '#include "modules/selftest/generated/dom/selftest/storage/ot_dom_selftest_storage_domstorage.cpp"': skipped when looking for precompiled header use
11>          Add directive to 'core/pch_jumbo.h' or rebuild precompiled header
11>c:\users\bryan\documents\github\prest\modules\selftest\generated\selftest_jumbo_svg.cpp(42): warning C4627: '#include "modules/selftest/generated/svg/selftest/ot_svg_selftest_svg_parser_paint.cpp"': skipped when looking for precompiled header use
11>          Add directive to 'core/pch_jumbo.h' or rebuild precompiled header
11>c:\users\bryan\documents\github\prest\modules\selftest\generated\selftest_jumbo_dom.cpp(214): warning C4627: '#include "modules/selftest/generated/dom/selftest/storage/ot_dom_selftest_storage_domstorageevents.cpp"': skipped when looking for precompiled header use
11>          Add directive to 'core/pch_jumbo.h' or rebuild precompiled header
11>c:\users\bryan\documents\github\prest\modules\selftest\generated\selftest_jumbo_svg.cpp(43): warning C4627: '#include "modules/selftest/generated/svg/selftest/ot_svg_selftest_svg_parser_path.cpp"': skipped when looking for precompiled header use
11>          Add directive to 'core/pch_jumbo.h' or rebuild precompiled header
11>c:\users\bryan\documents\github\prest\modules\selftest\generated\selftest_jumbo_dom.cpp(215): warning C4627: '#include "modules/selftest/generated/dom/selftest/storage/ot_dom_selftest_storage_domstoragequota.cpp"': skipped when looking for precompiled header use
11>          Add directive to 'core/pch_jumbo.h' or rebuild precompiled header
11>c:\users\bryan\documents\github\prest\modules\selftest\generated\selftest_jumbo_svg.cpp(44): warning C4627: '#include "modules/selftest/generated/svg/selftest/ot_svg_selftest_svg_parser_string.cpp"': skipped when looking for precompiled header use
11>          Add directive to 'core/pch_jumbo.h' or rebuild precompiled header
11>c:\users\bryan\documents\github\prest\modules\selftest\generated\selftest_jumbo_dom.cpp(216): warning C4627: '#include "modules/selftest/generated/dom/selftest/storage/ot_dom_selftest_storage_prototypes.cpp"': skipped when looking for precompiled header use
11>          Add directive to 'core/pch_jumbo.h' or rebuild precompiled header
11>c:\users\bryan\documents\github\prest\modules\selftest\generated\selftest_jumbo_svg.cpp(45): warning C4627: '#include "modules/selftest/generated/svg/selftest/ot_svg_selftest_svg_parser_time.cpp"': skipped when looking for precompiled header use
11>          Add directive to 'core/pch_jumbo.h' or rebuild precompiled header
11>c:\users\bryan\documents\github\prest\modules\selftest\generated\selftest_jumbo_svg.cpp(46): warning C4627: '#include "modules/selftest/generated/svg/selftest/ot_svg_selftest_svg_parser_transform.cpp"': skipped when looking for precompiled header use
11>          Add directive to 'core/pch_jumbo.h' or rebuild precompiled header
11>c:\users\bryan\documents\github\prest\modules\selftest\generated\selftest_jumbo_dom.cpp(217): warning C4627: '#include "modules/selftest/generated/dom/selftest/svg/ot_dom_selftest_svg_svg_classnames.cpp"': skipped when looking for precompiled header use
11>          Add directive to 'core/pch_jumbo.h' or rebuild precompiled header
11>c:\users\bryan\documents\github\prest\modules\selftest\generated\selftest_jumbo_svg.cpp(47): warning C4627: '#include "modules/selftest/generated/svg/selftest/ot_svg_selftest_svg_script.cpp"': skipped when looking for precompiled header use
11>          Add directive to 'core/pch_jumbo.h' or rebuild precompiled header
11>c:\users\bryan\documents\github\prest\modules\selftest\generated\selftest_jumbo_svg.cpp(48): warning C4627: '#include "modules/selftest/generated/svg/selftest/ot_svg_selftest_svg_search.cpp"': skipped when looking for precompiled header use
11>          Add directive to 'core/pch_jumbo.h' or rebuild precompiled header
11>c:\users\bryan\documents\github\prest\modules\selftest\generated\selftest_jumbo_dom.cpp(218): warning C4627: '#include "modules/selftest/generated/dom/selftest/svg/ot_dom_selftest_svg_svg_element.cpp"': skipped when looking for precompiled header use
11>          Add directive to 'core/pch_jumbo.h' or rebuild precompiled header
11>c:\users\bryan\documents\github\prest\modules\selftest\generated\selftest_jumbo_svg.cpp(49): warning C4627: '#include "modules/selftest/generated/svg/selftest/ot_svg_selftest_svg_security.cpp"': skipped when looking for precompiled header use
11>          Add directive to 'core/pch_jumbo.h' or rebuild precompiled header
11>c:\users\bryan\documents\github\prest\modules\selftest\generated\selftest_jumbo_dom.cpp(219): warning C4627: '#include "modules/selftest/generated/dom/selftest/svg/ot_dom_selftest_svg_svg_element_func.cpp"': skipped when looking for precompiled header use
11>          Add directive to 'core/pch_jumbo.h' or rebuild precompiled header
11>c:\users\bryan\documents\github\prest\modules\selftest\generated\selftest_jumbo_svg.cpp(50): warning C4627: '#include "modules/selftest/generated/svg/selftest/ot_svg_selftest_svg_text_selection.cpp"': skipped when looking for precompiled header use
11>          Add directive to 'core/pch_jumbo.h' or rebuild precompiled header
11>c:\users\bryan\documents\github\prest\modules\selftest\generated\selftest_jumbo_dom.cpp(220): warning C4627: '#include "modules/selftest/generated/dom/selftest/svg/ot_dom_selftest_svg_svg_element_prototype.cpp"': skipped when looking for precompiled header use
11>          Add directive to 'core/pch_jumbo.h' or rebuild precompiled header
11>c:\users\bryan\documents\github\prest\modules\selftest\generated\selftest_jumbo_svg.cpp(51): warning C4627: '#include "modules/selftest/generated/svg/selftest/ot_svg_selftest_svg_udom.cpp"': skipped when looking for precompiled header use
11>          Add directive to 'core/pch_jumbo.h' or rebuild precompiled header
11>c:\users\bryan\documents\github\prest\modules\selftest\generated\selftest_jumbo_unicode.cpp(15): warning C4627: '#include "modules/selftest/generated/unicode/testsuite/ot_unicode_testsuite_bidiutils.cpp"': skipped when looking for precompiled header use
11>          Add directive to 'core/pch_jumbo.h' or rebuild precompiled header
11>c:\users\bryan\documents\github\prest\modules\selftest\generated\selftest_jumbo_dom.cpp(221): warning C4627: '#include "modules/selftest/generated/dom/selftest/svg/ot_dom_selftest_svg_svg_elementinstance.cpp"': skipped when looking for precompiled header use
11>          Add directive to 'core/pch_jumbo.h' or rebuild precompiled header
11>c:\users\bryan\documents\github\prest\modules\selftest\generated\selftest_jumbo_security_manager.cpp(15): warning C4627: '#include "modules/selftest/generated/security_manager/selftest/cors/ot_security_manager_selftest_cors_loader.cpp"': skipped when looking for precompiled header use
11>          Add directive to 'core/pch_jumbo.h' or rebuild precompiled header
11>c:\users\bryan\documents\github\prest\modules\selftest\generated\selftest_jumbo_svg.cpp(52): warning C4627: '#include "modules/selftest/generated/svg/selftest/ot_svg_selftest_svg_udom_settrait.cpp"': skipped when looking for precompiled header use
11>          Add directive to 'core/pch_jumbo.h' or rebuild precompiled header
11>c:\users\bryan\documents\github\prest\modules\selftest\generated\selftest_jumbo_unicode.cpp(16): warning C4627: '#include "modules/selftest/generated/unicode/testsuite/ot_unicode_testsuite_charclass.cpp"': skipped when looking for precompiled header use
11>          Add directive to 'core/pch_jumbo.h' or rebuild precompiled header
11>c:\users\bryan\documents\github\prest\modules\selftest\generated\selftest_jumbo_dom.cpp(222): warning C4627: '#include "modules/selftest/generated/dom/selftest/svg/ot_dom_selftest_svg_svg_list.cpp"': skipped when looking for precompiled header use
11>          Add directive to 'core/pch_jumbo.h' or rebuild precompiled header
11>c:\users\bryan\documents\github\prest\modules\selftest\generated\selftest_jumbo_security_manager.cpp(16): warning C4627: '#include "modules/selftest/generated/security_manager/selftest/cors/ot_security_manager_selftest_cors_manager.cpp"': skipped when looking for precompiled header use
11>          Add directive to 'core/pch_jumbo.h' or rebuild precompiled header
11>c:\users\bryan\documents\github\prest\modules\selftest\generated\selftest_jumbo_unicode.cpp(17): warning C4627: '#include "modules/selftest/generated/unicode/testsuite/ot_unicode_testsuite_linebreak.cpp"': skipped when looking for precompiled header use
11>          Add directive to 'core/pch_jumbo.h' or rebuild precompiled header
11>c:\users\bryan\documents\github\prest\modules\selftest\generated\selftest_jumbo_dom.cpp(223): warning C4627: '#include "modules/selftest/generated/dom/selftest/svg/ot_dom_selftest_svg_svg_numberlist.cpp"': skipped when looking for precompiled header use
11>          Add directive to 'core/pch_jumbo.h' or rebuild precompiled header
11>c:\users\bryan\documents\github\prest\modules\selftest\generated\selftest_jumbo_dom.cpp(224): warning C4627: '#include "modules/selftest/generated/dom/selftest/svg/ot_dom_selftest_svg_svg_object.cpp"': skipped when looking for precompiled header use
11>          Add directive to 'core/pch_jumbo.h' or rebuild precompiled header
11>c:\users\bryan\documents\github\prest\modules\selftest\generated\selftest_jumbo_unicode.cpp(18): warning C4627: '#include "modules/selftest/generated/unicode/testsuite/ot_unicode_testsuite_normalize.cpp"': skipped when looking for precompiled header use
11>          Add directive to 'core/pch_jumbo.h' or rebuild precompiled header
11>c:\users\bryan\documents\github\prest\modules\selftest\generated\selftest_jumbo_svg.cpp(53): warning C4627: '#include "modules/selftest/generated/svg/selftest/ot_svg_selftest_svg_unknownattribs.cpp"': skipped when looking for precompiled header use
11>          Add directive to 'core/pch_jumbo.h' or rebuild precompiled header
11>c:\users\bryan\documents\github\prest\modules\selftest\generated\selftest_jumbo_security_manager.cpp(17): warning C4627: '#include "modules/selftest/generated/security_manager/selftest/cors/ot_security_manager_selftest_cors_preflight.cpp"': skipped when looking for precompiled header use
11>          Add directive to 'core/pch_jumbo.h' or rebuild precompiled header
11>  selftest_jumbo_utilix.cpp
11>c:\users\bryan\documents\github\prest\modules\selftest\generated\selftest_jumbo_dom.cpp(225): warning C4627: '#include "modules/selftest/generated/dom/selftest/svg/ot_dom_selftest_svg_svg_object_prototype.cpp"': skipped when looking for precompiled header use
11>          Add directive to 'core/pch_jumbo.h' or rebuild precompiled header
14>  Generating Code...
13>  OperaMapiUtils.cpp
11>c:\users\bryan\documents\github\prest\modules\selftest\generated\selftest_jumbo_unicode.cpp(19): warning C4627: '#include "modules/selftest/generated/unicode/testsuite/ot_unicode_testsuite_script.cpp"': skipped when looking for precompiled header use
11>          Add directive to 'core/pch_jumbo.h' or rebuild precompiled header
11>c:\users\bryan\documents\github\prest\modules\selftest\generated\selftest_jumbo_svg.cpp(54): warning C4627: '#include "modules/selftest/generated/svg/selftest/ot_svg_selftest_svgangle.cpp"': skipped when looking for precompiled header use
11>          Add directive to 'core/pch_jumbo.h' or rebuild precompiled header
11>c:\users\bryan\documents\github\prest\modules\selftest\generated\selftest_jumbo_security_manager.cpp(18): warning C4627: '#include "modules/selftest/generated/security_manager/selftest/cors/ot_security_manager_selftest_cors_request.cpp"': skipped when looking for precompiled header use
11>          Add directive to 'core/pch_jumbo.h' or rebuild precompiled header
11>c:\users\bryan\documents\github\prest\modules\selftest\generated\selftest_jumbo_dom.cpp(226): warning C4627: '#include "modules/selftest/generated/dom/selftest/svg/ot_dom_selftest_svg_svg_object_tiny.cpp"': skipped when looking for precompiled header use
11>          Add directive to 'core/pch_jumbo.h' or rebuild precompiled header
11>c:\users\bryan\documents\github\prest\modules\selftest\generated\selftest_jumbo_unicode.cpp(20): warning C4627: '#include "modules/selftest/generated/unicode/testsuite/ot_unicode_testsuite_segmenter.cpp"': skipped when looking for precompiled header use
11>          Add directive to 'core/pch_jumbo.h' or rebuild precompiled header
11>c:\users\bryan\documents\github\prest\modules\selftest\generated\selftest_jumbo_svg.cpp(55): warning C4627: '#include "modules/selftest/generated/svg/selftest/ot_svg_selftest_svgfilter.cpp"': skipped when looking for precompiled header use
11>          Add directive to 'core/pch_jumbo.h' or rebuild precompiled header
11>c:\users\bryan\documents\github\prest\modules\selftest\generated\selftest_jumbo_security_manager.cpp(19): warning C4627: '#include "modules/selftest/generated/security_manager/selftest/cors/ot_security_manager_selftest_cors_utilities.cpp"': skipped when looking for precompiled header use
11>          Add directive to 'core/pch_jumbo.h' or rebuild precompiled header
11>c:\users\bryan\documents\github\prest\modules\selftest\generated\selftest_jumbo_dom.cpp(227): warning C4627: '#include "modules/selftest/generated/dom/selftest/svg/ot_dom_selftest_svg_svg_view.cpp"': skipped when looking for precompiled header use
11>          Add directive to 'core/pch_jumbo.h' or rebuild precompiled header
11>c:\users\bryan\documents\github\prest\modules\selftest\generated\selftest_jumbo_unicode.cpp(21): warning C4627: '#include "modules/selftest/generated/unicode/testsuite/ot_unicode_testsuite_stringiter.cpp"': skipped when looking for precompiled header use
11>          Add directive to 'core/pch_jumbo.h' or rebuild precompiled header
11>c:\users\bryan\documents\github\prest\modules\selftest\generated\selftest_jumbo_svg.cpp(56): warning C4627: '#include "modules/selftest/generated/svg/selftest/ot_svg_selftest_svgnavigation.cpp"': skipped when looking for precompiled header use
11>          Add directive to 'core/pch_jumbo.h' or rebuild precompiled header
11>c:\users\bryan\documents\github\prest\modules\selftest\generated\selftest_jumbo_security_manager.cpp(20): warning C4627: '#include "modules/selftest/generated/security_manager/selftest/ot_security_manager_selftest_privileged_block.cpp"': skipped when looking for precompiled header use
11>          Add directive to 'core/pch_jumbo.h' or rebuild precompiled header
11>c:\users\bryan\documents\github\prest\modules\selftest\generated\selftest_jumbo_dom.cpp(228): warning C4627: '#include "modules/selftest/generated/dom/selftest/traversal/ot_dom_selftest_traversal_nodefilter.cpp"': skipped when looking for precompiled header use
11>          Add directive to 'core/pch_jumbo.h' or rebuild precompiled header
11>c:\users\bryan\documents\github\prest\modules\selftest\generated\selftest_jumbo_sqlite.cpp(15): warning C4627: '#include "modules/selftest/generated/sqlite/selftest/ot_sqlite_selftest_smoke.cpp"': skipped when looking for precompiled header use
11>          Add directive to 'core/pch_jumbo.h' or rebuild precompiled header
11>c:\users\bryan\documents\github\prest\modules\selftest\generated\selftest_jumbo_unicode.cpp(22): warning C4627: '#include "modules/selftest/generated/unicode/testsuite/ot_unicode_testsuite_surrogates.cpp"': skipped when looking for precompiled header use
11>          Add directive to 'core/pch_jumbo.h' or rebuild precompiled header
11>c:\users\bryan\documents\github\prest\modules\selftest\generated\selftest_jumbo_svg.cpp(57): warning C4627: '#include "modules/selftest/generated/svg/selftest/ot_svg_selftest_svgnumber.cpp"': skipped when looking for precompiled header use
11>          Add directive to 'core/pch_jumbo.h' or rebuild precompiled header
11>c:\users\bryan\documents\github\prest\modules\selftest\generated\selftest_jumbo_security_manager.cpp(21): warning C4627: '#include "modules/selftest/generated/security_manager/selftest/ot_security_manager_selftest_privileged_st.cpp"': skipped when looking for precompiled header use
11>          Add directive to 'core/pch_jumbo.h' or rebuild precompiled header
11>c:\users\bryan\documents\github\prest\modules\selftest\generated\selftest_jumbo_dom.cpp(229): warning C4627: '#include "modules/selftest/generated/dom/selftest/traversal/ot_dom_selftest_traversal_nodeiterator.cpp"': skipped when looking for precompiled header use
11>          Add directive to 'core/pch_jumbo.h' or rebuild precompiled header
11>c:\users\bryan\documents\github\prest\modules\selftest\generated\selftest_jumbo_sqlite.cpp(16): fatal error C1010: unexpected end of file while looking for precompiled header. Did you forget to add '#include "core/pch_jumbo.h"' to your source?
11>c:\users\bryan\documents\github\prest\modules\selftest\generated\selftest_jumbo_unicode.cpp(23): warning C4627: '#include "modules/selftest/generated/unicode/testsuite/ot_unicode_testsuite_utf32.cpp"': skipped when looking for precompiled header use
11>          Add directive to 'core/pch_jumbo.h' or rebuild precompiled header
11>c:\users\bryan\documents\github\prest\modules\selftest\generated\selftest_jumbo_svg.cpp(58): warning C4627: '#include "modules/selftest/generated/svg/selftest/ot_svg_selftest_svgrect.cpp"': skipped when looking for precompiled header use
11>          Add directive to 'core/pch_jumbo.h' or rebuild precompiled header
11>c:\users\bryan\documents\github\prest\modules\selftest\generated\selftest_jumbo_security_manager.cpp(22): warning C4627: '#include "modules/selftest/generated/security_manager/selftest/ot_security_manager_selftest_publicdomainlist.cpp"': skipped when looking for precompiled header use
11>          Add directive to 'core/pch_jumbo.h' or rebuild precompiled header
11>c:\users\bryan\documents\github\prest\modules\selftest\generated\selftest_jumbo_dom.cpp(230): warning C4627: '#include "modules/selftest/generated/dom/selftest/traversal/ot_dom_selftest_traversal_treewalker.cpp"': skipped when looking for precompiled header use
11>          Add directive to 'core/pch_jumbo.h' or rebuild precompiled header
11>c:\users\bryan\documents\github\prest\modules\selftest\generated\selftest_jumbo_unicode.cpp(24): warning C4627: '#include "modules/selftest/generated/unicode/testsuite/ot_unicode_testsuite_utf8.cpp"': skipped when looking for precompiled header use
11>          Add directive to 'core/pch_jumbo.h' or rebuild precompiled header
11>c:\users\bryan\documents\github\prest\modules\selftest\generated\selftest_jumbo_upnp.cpp(15): warning C4627: '#include "modules/selftest/generated/upnp/selftest/ot_upnp_selftest_upnp_devices.cpp"': skipped when looking for precompiled header use
11>          Add directive to 'core/pch_jumbo.h' or rebuild precompiled header
11>c:\users\bryan\documents\github\prest\modules\selftest\generated\selftest_jumbo_svg.cpp(59): warning C4627: '#include "modules/selftest/generated/svg/selftest/ot_svg_selftest_svgtext.cpp"': skipped when looking for precompiled header use
11>          Add directive to 'core/pch_jumbo.h' or rebuild precompiled header
11>c:\users\bryan\documents\github\prest\modules\selftest\generated\selftest_jumbo_security_manager.cpp(23): warning C4627: '#include "modules/selftest/generated/security_manager/selftest/ot_security_manager_selftest_security_doc.cpp"': skipped when looking for precompiled header use
11>          Add directive to 'core/pch_jumbo.h' or rebuild precompiled header
11>  selftest_jumbo_vega_backends.cpp
11>c:\users\bryan\documents\github\prest\modules\selftest\generated\selftest_jumbo_unicode.cpp(25): fatal error C1010: unexpected end of file while looking for precompiled header. Did you forget to add '#include "core/pch_jumbo.h"' to your source?
11>c:\users\bryan\documents\github\prest\modules\selftest\generated\selftest_jumbo_dom.cpp(231): warning C4627: '#include "modules/selftest/generated/dom/selftest/webforms2/ot_dom_selftest_webforms2_webforms2dom.cpp"': skipped when looking for precompiled header use
11>          Add directive to 'core/pch_jumbo.h' or rebuild precompiled header
11>c:\users\bryan\documents\github\prest\modules\selftest\generated\selftest_jumbo_svg.cpp(60): warning C4627: '#include "modules/selftest/generated/svg/selftest/ot_svg_selftest_svgtransform.cpp"': skipped when looking for precompiled header use
11>          Add directive to 'core/pch_jumbo.h' or rebuild precompiled header
11>c:\users\bryan\documents\github\prest\modules\selftest\generated\selftest_jumbo_upnp.cpp(16): warning C4627: '#include "modules/selftest/generated/upnp/selftest/ot_upnp_selftest_upnp_upnp.cpp"': skipped when looking for precompiled header use
11>          Add directive to 'core/pch_jumbo.h' or rebuild precompiled header
11>c:\users\bryan\documents\github\prest\modules\selftest\generated\selftest_jumbo_upload.cpp(15): warning C4627: '#include "modules/selftest/generated/upload/selftest/ot_upload_selftest_base_classes.cpp"': skipped when looking for precompiled header use
11>          Add directive to 'core/pch_jumbo.h' or rebuild precompiled header
11>c:\users\bryan\documents\github\prest\modules\selftest\generated\selftest_jumbo_security_manager.cpp(24): warning C4627: '#include "modules/selftest/generated/security_manager/selftest/ot_security_manager_selftest_security_dom.cpp"': skipped when looking for precompiled header use
11>          Add directive to 'core/pch_jumbo.h' or rebuild precompiled header
11>c:\users\bryan\documents\github\prest\modules\selftest\generated\selftest_jumbo_dom.cpp(232): warning C4627: '#include "modules/selftest/generated/dom/selftest/websockets/ot_dom_selftest_websockets_closeevent.cpp"': skipped when looking for precompiled header use
11>          Add directive to 'core/pch_jumbo.h' or rebuild precompiled header
11>c:\users\bryan\documents\github\prest\modules\selftest\generated\selftest_jumbo_upnp.cpp(17): fatal error C1010: unexpected end of file while looking for precompiled header. Did you forget to add '#include "core/pch_jumbo.h"' to your source?
11>c:\users\bryan\documents\github\prest\modules\selftest\generated\selftest_jumbo_svg.cpp(61): warning C4627: '#include "modules/selftest/generated/svg/selftest/ot_svg_selftest_svgurlrefs.cpp"': skipped when looking for precompiled header use
11>          Add directive to 'core/pch_jumbo.h' or rebuild precompiled header
11>c:\users\bryan\documents\github\prest\modules\selftest\generated\selftest_jumbo_upload.cpp(16): warning C4627: '#include "modules/selftest/generated/upload/selftest/ot_upload_selftest_messageencoder.cpp"': skipped when looking for precompiled header use
11>          Add directive to 'core/pch_jumbo.h' or rebuild precompiled header
11>c:\users\bryan\documents\github\prest\modules\selftest\generated\selftest_jumbo_security_manager.cpp(25): warning C4627: '#include "modules/selftest/generated/security_manager/selftest/ot_security_manager_selftest_security_dom_object.cpp"': skipped when looking for precompiled header use
11>          Add directive to 'core/pch_jumbo.h' or rebuild precompiled header
11>c:\users\bryan\documents\github\prest\modules\selftest\generated\selftest_jumbo_dom.cpp(233): warning C4627: '#include "modules/selftest/generated/dom/selftest/websockets/ot_dom_selftest_websockets_websockets.cpp"': skipped when looking for precompiled header use
11>          Add directive to 'core/pch_jumbo.h' or rebuild precompiled header
11>c:\users\bryan\documents\github\prest\modules\selftest\generated\selftest_jumbo_svg.cpp(62): warning C4627: '#include "modules/selftest/generated/svg/selftest/ot_svg_selftest_svgutils.cpp"': skipped when looking for precompiled header use
11>          Add directive to 'core/pch_jumbo.h' or rebuild precompiled header
11>c:\users\bryan\documents\github\prest\modules\selftest\generated\selftest_jumbo_upload.cpp(17): warning C4627: '#include "modules/selftest/generated/upload/selftest/ot_upload_selftest_upload_handlers.cpp"': skipped when looking for precompiled header use
11>          Add directive to 'core/pch_jumbo.h' or rebuild precompiled header
11>c:\users\bryan\documents\github\prest\modules\selftest\generated\selftest_jumbo_security_manager.cpp(26): warning C4627: '#include "modules/selftest/generated/security_manager/selftest/ot_security_manager_selftest_security_gadget.cpp"': skipped when looking for precompiled header use
11>          Add directive to 'core/pch_jumbo.h' or rebuild precompiled header
11>c:\users\bryan\documents\github\prest\modules\selftest\generated\selftest_jumbo_svg.cpp(63): warning C4627: '#include "modules/selftest/generated/svg/selftest/ot_svg_selftest_xlink.cpp"': skipped when looking for precompiled header use
11>          Add directive to 'core/pch_jumbo.h' or rebuild precompiled header
11>c:\users\bryan\documents\github\prest\modules\selftest\generated\selftest_jumbo_dom.cpp(234): warning C4627: '#include "modules/selftest/generated/dom/selftest/webworkers/ot_dom_selftest_webworkers_base64.cpp"': skipped when looking for precompiled header use
11>          Add directive to 'core/pch_jumbo.h' or rebuild precompiled header
11>c:\users\bryan\documents\github\prest\modules\selftest\generated\selftest_jumbo_upload.cpp(18): fatal error C1010: unexpected end of file while looking for precompiled header. Did you forget to add '#include "core/pch_jumbo.h"' to your source?
11>c:\users\bryan\documents\github\prest\modules\selftest\generated\selftest_jumbo_security_manager.cpp(27): warning C4627: '#include "modules/selftest/generated/security_manager/selftest/ot_security_manager_selftest_security_plugin.cpp"': skipped when looking for precompiled header use
11>          Add directive to 'core/pch_jumbo.h' or rebuild precompiled header
11>c:\users\bryan\documents\github\prest\modules\selftest\generated\selftest_jumbo_svg.cpp(64): fatal error C1010: unexpected end of file while looking for precompiled header. Did you forget to add '#include "core/pch_jumbo.h"' to your source?
11>c:\users\bryan\documents\github\prest\modules\selftest\generated\selftest_jumbo_dom.cpp(235): warning C4627: '#include "modules/selftest/generated/dom/selftest/webworkers/ot_dom_selftest_webworkers_basic.cpp"': skipped when looking for precompiled header use
11>          Add directive to 'core/pch_jumbo.h' or rebuild precompiled header
11>c:\users\bryan\documents\github\prest\modules\selftest\generated\selftest_jumbo_security_manager.cpp(28): warning C4627: '#include "modules/selftest/generated/security_manager/selftest/ot_security_manager_selftest_security_unite.cpp"': skipped when looking for precompiled header use
11>          Add directive to 'core/pch_jumbo.h' or rebuild precompiled header
11>c:\users\bryan\documents\github\prest\modules\selftest\generated\selftest_jumbo_dom.cpp(236): warning C4627: '#include "modules/selftest/generated/dom/selftest/webworkers/ot_dom_selftest_webworkers_environ.cpp"': skipped when looking for precompiled header use
11>          Add directive to 'core/pch_jumbo.h' or rebuild precompiled header
13>  WindowsOpThreadTools.cpp
13>  WindowsOpTimeInfo.cpp
11>c:\users\bryan\documents\github\prest\modules\selftest\generated\selftest_jumbo_security_manager.cpp(29): warning C4627: '#include "modules/selftest/generated/security_manager/selftest/ot_security_manager_selftest_security_userconsent.cpp"': skipped when looking for precompiled header use
11>          Add directive to 'core/pch_jumbo.h' or rebuild precompiled header
11>c:\users\bryan\documents\github\prest\modules\selftest\generated\selftest_jumbo_dom.cpp(237): warning C4627: '#include "modules/selftest/generated/dom/selftest/widgets/ot_dom_selftest_widgets_w3c_widgets.cpp"': skipped when looking for precompiled header use
11>          Add directive to 'core/pch_jumbo.h' or rebuild precompiled header
11>c:\users\bryan\documents\github\prest\modules\selftest\generated\selftest_jumbo_security_manager.cpp(30): warning C4627: '#include "modules/selftest/generated/security_manager/selftest/ot_security_manager_selftest_security_utilities.cpp"': skipped when looking for precompiled header use
11>          Add directive to 'core/pch_jumbo.h' or rebuild precompiled header
11>c:\users\bryan\documents\github\prest\modules\selftest\generated\selftest_jumbo_dom.cpp(238): warning C4627: '#include "modules/selftest/generated/dom/selftest/xpath/ot_dom_selftest_xpath_xpathevaluator.cpp"': skipped when looking for precompiled header use
11>          Add directive to 'core/pch_jumbo.h' or rebuild precompiled header
11>c:\users\bryan\documents\github\prest\modules\selftest\generated\selftest_jumbo_security_manager.cpp(31): warning C4627: '#include "modules/selftest/generated/security_manager/selftest/ot_security_manager_selftest_security_xslt.cpp"': skipped when looking for precompiled header use
11>          Add directive to 'core/pch_jumbo.h' or rebuild precompiled header
11>c:\users\bryan\documents\github\prest\modules\selftest\generated\selftest_jumbo_security_manager.cpp(32): fatal error C1010: unexpected end of file while looking for precompiled header. Did you forget to add '#include "core/pch_jumbo.h"' to your source?
11>c:\users\bryan\documents\github\prest\modules\selftest\generated\selftest_jumbo_utilix.cpp(15): warning C4627: '#include "modules/selftest/generated/utilix/selftest/ot_utilix_selftest_unixfile.cpp"': skipped when looking for precompiled header use
11>          Add directive to 'core/pch_jumbo.h' or rebuild precompiled header
11>c:\users\bryan\documents\github\prest\modules\selftest\generated\selftest_jumbo_utilix.cpp(16): fatal error C1010: unexpected end of file while looking for precompiled header. Did you forget to add '#include "core/pch_jumbo.h"' to your source?
11>  selftest_jumbo_viewers.cpp
11>c:\users\bryan\documents\github\prest\modules\selftest\generated\selftest_jumbo_dom.cpp(239): warning C4627: '#include "modules/selftest/generated/dom/selftest/xpath/ot_dom_selftest_xpath_xpathexpression.cpp"': skipped when looking for precompiled header use
11>          Add directive to 'core/pch_jumbo.h' or rebuild precompiled header
11>  selftest_jumbo_viewix.cpp
11>  selftest_jumbo_wand.cpp
11>c:\users\bryan\documents\github\prest\modules\selftest\generated\selftest_jumbo_dom.cpp(240): warning C4627: '#include "modules/selftest/generated/dom/selftest/xpath/ot_dom_selftest_xpath_xpathnsresolver.cpp"': skipped when looking for precompiled header use
11>          Add directive to 'core/pch_jumbo.h' or rebuild precompiled header
11>c:\users\bryan\documents\github\prest\modules\selftest\generated\selftest_jumbo_dom.cpp(241): fatal error C1010: unexpected end of file while looking for precompiled header. Did you forget to add '#include "core/pch_jumbo.h"' to your source?
11>  selftest_jumbo_webfeeds.cpp
11>  selftest_jumbo_webp.cpp
11>c:\users\bryan\documents\github\prest\modules\selftest\generated\selftest_jumbo_util.cpp(15): warning C4627: '#include "modules/selftest/generated/util/adt/ot_util_adt_OpFilteredVector.cpp"': skipped when looking for precompiled header use
11>          Add directive to 'core/pch_jumbo.h' or rebuild precompiled header
11>c:\users\bryan\documents\github\prest\modules\selftest\generated\selftest_jumbo_util.cpp(16): warning C4627: '#include "modules/selftest/generated/util/adt/ot_util_adt_bytebuffer.cpp"': skipped when looking for precompiled header use
11>          Add directive to 'core/pch_jumbo.h' or rebuild precompiled header
11>c:\users\bryan\documents\github\prest\modules\selftest\generated\selftest_jumbo_util.cpp(17): warning C4627: '#include "modules/selftest/generated/util/adt/ot_util_adt_optree.cpp"': skipped when looking for precompiled header use
11>          Add directive to 'core/pch_jumbo.h' or rebuild precompiled header
11>  selftest_jumbo_webserver.cpp
11>  selftest_jumbo_widgetruntime.cpp
11>c:\users\bryan\documents\github\prest\modules\selftest\generated\selftest_jumbo_util.cpp(18): warning C4627: '#include "modules/selftest/generated/util/adt/ot_util_adt_opvector.cpp"': skipped when looking for precompiled header use
11>          Add directive to 'core/pch_jumbo.h' or rebuild precompiled header
11>c:\users\bryan\documents\github\prest\modules\selftest\generated\selftest_jumbo_util.cpp(19): warning C4627: '#include "modules/selftest/generated/util/network/ot_util_network_pi_host_resolver.cpp"': skipped when looking for precompiled header use
11>          Add directive to 'core/pch_jumbo.h' or rebuild precompiled header
11>c:\users\bryan\documents\github\prest\modules\selftest\generated\selftest_jumbo_util.cpp(20): warning C4627: '#include "modules/selftest/generated/util/opfile/ot_util_opfile_opfile.cpp"': skipped when looking for precompiled header use
11>          Add directive to 'core/pch_jumbo.h' or rebuild precompiled header
11>  selftest_jumbo_widgets.cpp
11>c:\users\bryan\documents\github\prest\modules\selftest\generated\selftest_jumbo_util.cpp(21): warning C4627: '#include "modules/selftest/generated/util/opfile/ot_util_opfile_opfolder.cpp"': skipped when looking for precompiled header use
11>          Add directive to 'core/pch_jumbo.h' or rebuild precompiled header
11>c:\users\bryan\documents\github\prest\modules\selftest\generated\selftest_jumbo_util.cpp(22): warning C4627: '#include "modules/selftest/generated/util/opfile/ot_util_opfile_opmemfile.cpp"': skipped when looking for precompiled header use
11>          Add directive to 'core/pch_jumbo.h' or rebuild precompiled header
11>c:\users\bryan\documents\github\prest\modules\selftest\generated\selftest_jumbo_stdlib.cpp(15): warning C4627: '#include "modules/selftest/generated/stdlib/selftest/ot_stdlib_selftest_opbitvector.cpp"': skipped when looking for precompiled header use
11>          Add directive to 'core/pch_jumbo.h' or rebuild precompiled header
11>c:\users\bryan\documents\github\prest\modules\selftest\generated\selftest_jumbo_util.cpp(23): warning C4627: '#include "modules/selftest/generated/util/opfile/ot_util_opfile_opslotfile.cpp"': skipped when looking for precompiled header use
11>          Add directive to 'core/pch_jumbo.h' or rebuild precompiled header
11>c:\users\bryan\documents\github\prest\modules\selftest\generated\selftest_jumbo_stdlib.cpp(16): warning C4627: '#include "modules/selftest/generated/stdlib/selftest/ot_stdlib_selftest_stdlib_array.cpp"': skipped when looking for precompiled header use
11>          Add directive to 'core/pch_jumbo.h' or rebuild precompiled header
11>c:\users\bryan\documents\github\prest\modules\selftest\generated\selftest_jumbo_util.cpp(24): warning C4627: '#include "modules/selftest/generated/util/opfile/ot_util_opfile_unistream.cpp"': skipped when looking for precompiled header use
11>          Add directive to 'core/pch_jumbo.h' or rebuild precompiled header
11>c:\users\bryan\documents\github\prest\modules\selftest\generated\selftest_jumbo_stdlib.cpp(17): warning C4627: '#include "modules/selftest/generated/stdlib/selftest/ot_stdlib_selftest_stdlib_date.cpp"': skipped when looking for precompiled header use
11>          Add directive to 'core/pch_jumbo.h' or rebuild precompiled header
11>c:\users\bryan\documents\github\prest\modules\selftest\generated\selftest_jumbo_util.cpp(25): warning C4627: '#include "modules/selftest/generated/util/ot_util_OpLineParser.cpp"': skipped when looking for precompiled header use
11>          Add directive to 'core/pch_jumbo.h' or rebuild precompiled header
11>c:\users\bryan\documents\github\prest\modules\selftest\generated\selftest_jumbo_stdlib.cpp(18): warning C4627: '#include "modules/selftest/generated/stdlib/selftest/ot_stdlib_selftest_stdlib_dtoa_many_decimals.cpp"': skipped when looking for precompiled header use
11>          Add directive to 'core/pch_jumbo.h' or rebuild precompiled header
11>c:\users\bryan\documents\github\prest\modules\selftest\generated\selftest_jumbo_util.cpp(26): warning C4627: '#include "modules/selftest/generated/util/ot_util_OpSharedPtr.cpp"': skipped when looking for precompiled header use
11>          Add directive to 'core/pch_jumbo.h' or rebuild precompiled header
11>c:\users\bryan\documents\github\prest\modules\selftest\generated\selftest_jumbo_stdlib.cpp(19): warning C4627: '#include "modules/selftest/generated/stdlib/selftest/ot_stdlib_selftest_stdlib_float.cpp"': skipped when looking for precompiled header use
11>          Add directive to 'core/pch_jumbo.h' or rebuild precompiled header
11>c:\users\bryan\documents\github\prest\modules\selftest\generated\selftest_jumbo_util.cpp(27): warning C4627: '#include "modules/selftest/generated/util/ot_util_OpTypedObject.cpp"': skipped when looking for precompiled header use
11>          Add directive to 'core/pch_jumbo.h' or rebuild precompiled header
11>c:\users\bryan\documents\github\prest\modules\selftest\generated\selftest_jumbo_stdlib.cpp(20): warning C4627: '#include "modules/selftest/generated/stdlib/selftest/ot_stdlib_selftest_stdlib_float_overflow.cpp"': skipped when looking for precompiled header use
11>          Add directive to 'core/pch_jumbo.h' or rebuild precompiled header
11>c:\users\bryan\documents\github\prest\modules\selftest\generated\selftest_jumbo_util.cpp(28): warning C4627: '#include "modules/selftest/generated/util/ot_util_bytearray.cpp"': skipped when looking for precompiled header use
11>          Add directive to 'core/pch_jumbo.h' or rebuild precompiled header
11>c:\users\bryan\documents\github\prest\modules\selftest\generated\selftest_jumbo_vega_backends.cpp(15): warning C4627: '#include "modules/selftest/generated/vega_backends/selftest/ot_vega_backends_selftest_blocklist.cpp"': skipped when looking for precompiled header use
11>          Add directive to 'core/pch_jumbo.h' or rebuild precompiled header
11>c:\users\bryan\documents\github\prest\modules\selftest\generated\selftest_jumbo_stdlib.cpp(21): warning C4627: '#include "modules/selftest/generated/stdlib/selftest/ot_stdlib_selftest_stdlib_integer.cpp"': skipped when looking for precompiled header use
11>          Add directive to 'core/pch_jumbo.h' or rebuild precompiled header
11>c:\users\bryan\documents\github\prest\modules\selftest\generated\selftest_jumbo_util.cpp(29): warning C4627: '#include "modules/selftest/generated/util/ot_util_datefun.cpp"': skipped when looking for precompiled header use
11>          Add directive to 'core/pch_jumbo.h' or rebuild precompiled header
11>c:\users\bryan\documents\github\prest\modules\selftest\generated\selftest_jumbo_vega_backends.cpp(16): warning C4627: '#include "modules/selftest/generated/vega_backends/selftest/ot_vega_backends_selftest_blocklist_fetch.cpp"': skipped when looking for precompiled header use
11>          Add directive to 'core/pch_jumbo.h' or rebuild precompiled header
11>c:\users\bryan\documents\github\prest\modules\selftest\generated\selftest_jumbo_stdlib.cpp(22): warning C4627: '#include "modules/selftest/generated/stdlib/selftest/ot_stdlib_selftest_stdlib_malloc.cpp"': skipped when looking for precompiled header use
11>          Add directive to 'core/pch_jumbo.h' or rebuild precompiled header
11>c:\users\bryan\documents\github\prest\modules\selftest\generated\selftest_jumbo_util.cpp(30): warning C4627: '#include "modules/selftest/generated/util/ot_util_excepts.cpp"': skipped when looking for precompiled header use
11>          Add directive to 'core/pch_jumbo.h' or rebuild precompiled header
11>c:\users\bryan\documents\github\prest\modules\selftest\generated\selftest_jumbo_vega_backends.cpp(17): warning C4627: '#include "modules/selftest/generated/vega_backends/selftest/ot_vega_backends_selftest_regex.cpp"': skipped when looking for precompiled header use
11>          Add directive to 'core/pch_jumbo.h' or rebuild precompiled header
11>c:\users\bryan\documents\github\prest\modules\selftest\generated\selftest_jumbo_stdlib.cpp(23): warning C4627: '#include "modules/selftest/generated/stdlib/selftest/ot_stdlib_selftest_stdlib_math.cpp"': skipped when looking for precompiled header use
11>          Add directive to 'core/pch_jumbo.h' or rebuild precompiled header
11>c:\users\bryan\documents\github\prest\modules\selftest\generated\selftest_jumbo_vega_backends.cpp(18): fatal error C1010: unexpected end of file while looking for precompiled header. Did you forget to add '#include "core/pch_jumbo.h"' to your source?
11>c:\users\bryan\documents\github\prest\modules\selftest\generated\selftest_jumbo_util.cpp(31): warning C4627: '#include "modules/selftest/generated/util/ot_util_filefun.cpp"': skipped when looking for precompiled header use
11>          Add directive to 'core/pch_jumbo.h' or rebuild precompiled header
11>c:\users\bryan\documents\github\prest\modules\selftest\generated\selftest_jumbo_stdlib.cpp(24): warning C4627: '#include "modules/selftest/generated/stdlib/selftest/ot_stdlib_selftest_stdlib_memory.cpp"': skipped when looking for precompiled header use
11>          Add directive to 'core/pch_jumbo.h' or rebuild precompiled header
11>c:\users\bryan\documents\github\prest\modules\selftest\generated\selftest_jumbo_stdlib.cpp(25): warning C4627: '#include "modules/selftest/generated/stdlib/selftest/ot_stdlib_selftest_stdlib_pi.cpp"': skipped when looking for precompiled header use
11>          Add directive to 'core/pch_jumbo.h' or rebuild precompiled header
11>c:\users\bryan\documents\github\prest\modules\selftest\generated\selftest_jumbo_util.cpp(32): warning C4627: '#include "modules/selftest/generated/util/ot_util_gen_math.cpp"': skipped when looking for precompiled header use
11>          Add directive to 'core/pch_jumbo.h' or rebuild precompiled header
11>c:\users\bryan\documents\github\prest\modules\selftest\generated\selftest_jumbo_stdlib.cpp(26): warning C4627: '#include "modules/selftest/generated/stdlib/selftest/ot_stdlib_selftest_stdlib_printf.cpp"': skipped when looking for precompiled header use
11>          Add directive to 'core/pch_jumbo.h' or rebuild precompiled header
11>c:\users\bryan\documents\github\prest\modules\selftest\generated\selftest_jumbo_stdlib.cpp(27): warning C4627: '#include "modules/selftest/generated/stdlib/selftest/ot_stdlib_selftest_stdlib_scanf.cpp"': skipped when looking for precompiled header use
11>          Add directive to 'core/pch_jumbo.h' or rebuild precompiled header
11>c:\users\bryan\documents\github\prest\modules\selftest\generated\selftest_jumbo_util.cpp(33): warning C4627: '#include "modules/selftest/generated/util/ot_util_gen_str.cpp"': skipped when looking for precompiled header use
11>          Add directive to 'core/pch_jumbo.h' or rebuild precompiled header
11>c:\users\bryan\documents\github\prest\modules\selftest\generated\selftest_jumbo_stdlib.cpp(28): warning C4627: '#include "modules/selftest/generated/stdlib/selftest/ot_stdlib_selftest_stdlib_string.cpp"': skipped when looking for precompiled header use
11>          Add directive to 'core/pch_jumbo.h' or rebuild precompiled header
11>c:\users\bryan\documents\github\prest\modules\selftest\generated\selftest_jumbo_stdlib.cpp(29): warning C4627: '#include "modules/selftest/generated/stdlib/selftest/ot_stdlib_selftest_stdlib_unicode.cpp"': skipped when looking for precompiled header use
11>          Add directive to 'core/pch_jumbo.h' or rebuild precompiled header
11>c:\users\bryan\documents\github\prest\modules\selftest\generated\selftest_jumbo_util.cpp(34): warning C4627: '#include "modules/selftest/generated/util/ot_util_glob.cpp"': skipped when looking for precompiled header use
11>          Add directive to 'core/pch_jumbo.h' or rebuild precompiled header
11>c:\users\bryan\documents\github\prest\modules\selftest\generated\selftest_jumbo_stdlib.cpp(30): fatal error C1010: unexpected end of file while looking for precompiled header. Did you forget to add '#include "core/pch_jumbo.h"' to your source?
11>c:\users\bryan\documents\github\prest\modules\selftest\generated\selftest_jumbo_util.cpp(35): warning C4627: '#include "modules/selftest/generated/util/ot_util_hash.cpp"': skipped when looking for precompiled header use
11>          Add directive to 'core/pch_jumbo.h' or rebuild precompiled header
13>  system.cpp
13>  OperaProcessesList.cpp
11>c:\users\bryan\documents\github\prest\modules\selftest\generated\selftest_jumbo_util.cpp(36): warning C4627: '#include "modules/selftest/generated/util/ot_util_htmlify.cpp"': skipped when looking for precompiled header use
11>          Add directive to 'core/pch_jumbo.h' or rebuild precompiled header
11>c:\users\bryan\documents\github\prest\modules\selftest\generated\selftest_jumbo_url.cpp(15): warning C4627: '#include "modules/selftest/generated/url/selftest/ot_url_selftest_dynattr_int.cpp"': skipped when looking for precompiled header use
11>          Add directive to 'core/pch_jumbo.h' or rebuild precompiled header
11>c:\users\bryan\documents\github\prest\modules\selftest\generated\selftest_jumbo_util.cpp(37): warning C4627: '#include "modules/selftest/generated/util/ot_util_language_code_conversions.cpp"': skipped when looking for precompiled header use
11>          Add directive to 'core/pch_jumbo.h' or rebuild precompiled header
11>c:\users\bryan\documents\github\prest\modules\selftest\generated\selftest_jumbo_url.cpp(16): warning C4627: '#include "modules/selftest/generated/url/selftest/ot_url_selftest_dynattr_str.cpp"': skipped when looking for precompiled header use
11>          Add directive to 'core/pch_jumbo.h' or rebuild precompiled header
11>c:\users\bryan\documents\github\prest\modules\selftest\generated\selftest_jumbo_util.cpp(38): warning C4627: '#include "modules/selftest/generated/util/ot_util_opautoptr.cpp"': skipped when looking for precompiled header use
11>          Add directive to 'core/pch_jumbo.h' or rebuild precompiled header
11>c:\users\bryan\documents\github\prest\modules\selftest\generated\selftest_jumbo_url.cpp(17): warning C4627: '#include "modules/selftest/generated/url/selftest/ot_url_selftest_dynattr_str2.cpp"': skipped when looking for precompiled header use
11>          Add directive to 'core/pch_jumbo.h' or rebuild precompiled header
11>c:\users\bryan\documents\github\prest\modules\selftest\generated\selftest_jumbo_util.cpp(39): warning C4627: '#include "modules/selftest/generated/util/ot_util_opguid.cpp"': skipped when looking for precompiled header use
11>          Add directive to 'core/pch_jumbo.h' or rebuild precompiled header
11>c:\users\bryan\documents\github\prest\modules\selftest\generated\selftest_jumbo_url.cpp(18): warning C4627: '#include "modules/selftest/generated/url/selftest/ot_url_selftest_dynattr_str3.cpp"': skipped when looking for precompiled header use
11>          Add directive to 'core/pch_jumbo.h' or rebuild precompiled header
11>c:\users\bryan\documents\github\prest\modules\selftest\generated\selftest_jumbo_util.cpp(40): warning C4627: '#include "modules/selftest/generated/util/ot_util_ophashtable.cpp"': skipped when looking for precompiled header use
11>          Add directive to 'core/pch_jumbo.h' or rebuild precompiled header
11>c:\users\bryan\documents\github\prest\modules\selftest\generated\selftest_jumbo_url.cpp(19): warning C4627: '#include "modules/selftest/generated/url/selftest/ot_url_selftest_dynattr_url.cpp"': skipped when looking for precompiled header use
11>          Add directive to 'core/pch_jumbo.h' or rebuild precompiled header
11>c:\users\bryan\documents\github\prest\modules\selftest\generated\selftest_jumbo_url.cpp(20): warning C4627: '#include "modules/selftest/generated/url/selftest/ot_url_selftest_happy_eyeballs.cpp"': skipped when looking for precompiled header use
11>          Add directive to 'core/pch_jumbo.h' or rebuild precompiled header
11>c:\users\bryan\documents\github\prest\modules\selftest\generated\selftest_jumbo_util.cpp(41): warning C4627: '#include "modules/selftest/generated/util/ot_util_ophashtable2.cpp"': skipped when looking for precompiled header use
11>          Add directive to 'core/pch_jumbo.h' or rebuild precompiled header
11>  selftest_jumbo_windowcommander.cpp
11>c:\users\bryan\documents\github\prest\modules\selftest\generated\selftest_jumbo_util.cpp(42): warning C4627: '#include "modules/selftest/generated/util/ot_util_opregion.cpp"': skipped when looking for precompiled header use
11>          Add directive to 'core/pch_jumbo.h' or rebuild precompiled header
11>c:\users\bryan\documents\github\prest\modules\selftest\generated\selftest_jumbo_url.cpp(21): warning C4627: '#include "modules/selftest/generated/url/selftest/ot_url_selftest_headerreduction.cpp"': skipped when looking for precompiled header use
11>          Add directive to 'core/pch_jumbo.h' or rebuild precompiled header
11>c:\users\bryan\documents\github\prest\modules\selftest\generated\selftest_jumbo_util.cpp(43): warning C4627: '#include "modules/selftest/generated/util/ot_util_opstring.cpp"': skipped when looking for precompiled header use
11>          Add directive to 'core/pch_jumbo.h' or rebuild precompiled header
11>c:\users\bryan\documents\github\prest\modules\selftest\generated\selftest_jumbo_url.cpp(22): warning C4627: '#include "modules/selftest/generated/url/selftest/ot_url_selftest_localname.cpp"': skipped when looking for precompiled header use
11>          Add directive to 'core/pch_jumbo.h' or rebuild precompiled header
11>c:\users\bryan\documents\github\prest\modules\selftest\generated\selftest_jumbo_url.cpp(23): warning C4627: '#include "modules/selftest/generated/url/selftest/ot_url_selftest_namecomplete_simple.cpp"': skipped when looking for precompiled header use
11>          Add directive to 'core/pch_jumbo.h' or rebuild precompiled header
11>c:\users\bryan\documents\github\prest\modules\selftest\generated\selftest_jumbo_util.cpp(44): warning C4627: '#include "modules/selftest/generated/util/ot_util_opstringset.cpp"': skipped when looking for precompiled header use
11>          Add directive to 'core/pch_jumbo.h' or rebuild precompiled header
11>c:\users\bryan\documents\github\prest\modules\selftest\generated\selftest_jumbo_url.cpp(24): warning C4627: '#include "modules/selftest/generated/url/selftest/ot_url_selftest_resolveurlname.cpp"': skipped when looking for precompiled header use
11>          Add directive to 'core/pch_jumbo.h' or rebuild precompiled header
11>c:\users\bryan\documents\github\prest\modules\selftest\generated\selftest_jumbo_viewers.cpp(15): warning C4627: '#include "modules/selftest/generated/viewers/selftest/ot_viewers_selftest_viewers.cpp"': skipped when looking for precompiled header use
11>          Add directive to 'core/pch_jumbo.h' or rebuild precompiled header
11>c:\users\bryan\documents\github\prest\modules\selftest\generated\selftest_jumbo_util.cpp(45): warning C4627: '#include "modules/selftest/generated/util/ot_util_opswap.cpp"': skipped when looking for precompiled header use
11>          Add directive to 'core/pch_jumbo.h' or rebuild precompiled header
11>c:\users\bryan\documents\github\prest\modules\selftest\generated\selftest_jumbo_viewers.cpp(16): fatal error C1010: unexpected end of file while looking for precompiled header. Did you forget to add '#include "core/pch_jumbo.h"' to your source?
11>c:\users\bryan\documents\github\prest\modules\selftest\generated\selftest_jumbo_url.cpp(25): warning C4627: '#include "modules/selftest/generated/url/selftest/ot_url_selftest_symlink.cpp"': skipped when looking for precompiled header use
11>          Add directive to 'core/pch_jumbo.h' or rebuild precompiled header
11>c:\users\bryan\documents\github\prest\modules\selftest\generated\selftest_jumbo_util.cpp(46): warning C4627: '#include "modules/selftest/generated/util/ot_util_simsettest.cpp"': skipped when looking for precompiled header use
11>          Add directive to 'core/pch_jumbo.h' or rebuild precompiled header
11>c:\users\bryan\documents\github\prest\modules\selftest\generated\selftest_jumbo_url.cpp(26): warning C4627: '#include "modules/selftest/generated/url/selftest/ot_url_selftest_ua.cpp"': skipped when looking for precompiled header use
11>          Add directive to 'core/pch_jumbo.h' or rebuild precompiled header
11>c:\users\bryan\documents\github\prest\modules\selftest\generated\selftest_jumbo_util.cpp(47): warning C4627: '#include "modules/selftest/generated/util/ot_util_str.cpp"': skipped when looking for precompiled header use
11>          Add directive to 'core/pch_jumbo.h' or rebuild precompiled header
11>c:\users\bryan\documents\github\prest\modules\selftest\generated\selftest_jumbo_url.cpp(27): warning C4627: '#include "modules/selftest/generated/url/selftest/ot_url_selftest_uri.cpp"': skipped when looking for precompiled header use
11>          Add directive to 'core/pch_jumbo.h' or rebuild precompiled header
11>c:\users\bryan\documents\github\prest\modules\selftest\generated\selftest_jumbo_util.cpp(48): warning C4627: '#include "modules/selftest/generated/util/ot_util_stringhash.cpp"': skipped when looking for precompiled header use
11>          Add directive to 'core/pch_jumbo.h' or rebuild precompiled header
11>c:\users\bryan\documents\github\prest\modules\selftest\generated\selftest_jumbo_util.cpp(49): warning C4627: '#include "modules/selftest/generated/util/ot_util_tempbuf.cpp"': skipped when looking for precompiled header use
11>          Add directive to 'core/pch_jumbo.h' or rebuild precompiled header
11>c:\users\bryan\documents\github\prest\modules\selftest\generated\selftest_jumbo_url.cpp(28): warning C4627: '#include "modules/selftest/generated/url/selftest/ot_url_selftest_url_context.cpp"': skipped when looking for precompiled header use
11>          Add directive to 'core/pch_jumbo.h' or rebuild precompiled header
11>c:\users\bryan\documents\github\prest\modules\selftest\generated\selftest_jumbo_url.cpp(29): warning C4627: '#include "modules/selftest/generated/url/selftest/ot_url_selftest_url_download.cpp"': skipped when looking for precompiled header use
11>          Add directive to 'core/pch_jumbo.h' or rebuild precompiled header
11>c:\users\bryan\documents\github\prest\modules\selftest\generated\selftest_jumbo_util.cpp(50): warning C4627: '#include "modules/selftest/generated/util/ot_util_timecache.cpp"': skipped when looking for precompiled header use
11>          Add directive to 'core/pch_jumbo.h' or rebuild precompiled header
11>c:\users\bryan\documents\github\prest\modules\selftest\generated\selftest_jumbo_url.cpp(30): warning C4627: '#include "modules/selftest/generated/url/selftest/ot_url_selftest_url_enum.cpp"': skipped when looking for precompiled header use
11>          Add directive to 'core/pch_jumbo.h' or rebuild precompiled header
11>  selftest_jumbo_windows.cpp
11>c:\users\bryan\documents\github\prest\modules\selftest\generated\selftest_jumbo_util.cpp(51): warning C4627: '#include "modules/selftest/generated/util/tests/ot_util_tests_ZipCache.cpp"': skipped when looking for precompiled header use
11>          Add directive to 'core/pch_jumbo.h' or rebuild precompiled header
11>c:\users\bryan\documents\github\prest\modules\selftest\generated\selftest_jumbo_url.cpp(31): warning C4627: '#include "modules/selftest/generated/url/selftest/ot_url_selftest_url_load1.cpp"': skipped when looking for precompiled header use
11>          Add directive to 'core/pch_jumbo.h' or rebuild precompiled header
11>c:\users\bryan\documents\github\prest\modules\selftest\generated\selftest_jumbo_url.cpp(32): warning C4627: '#include "modules/selftest/generated/url/selftest/ot_url_selftest_url_load_authproxy.cpp"': skipped when looking for precompiled header use
11>          Add directive to 'core/pch_jumbo.h' or rebuild precompiled header
11>c:\users\bryan\documents\github\prest\modules\selftest\generated\selftest_jumbo_url.cpp(33): warning C4627: '#include "modules/selftest/generated/url/selftest/ot_url_selftest_url_load_autoproxy.cpp"': skipped when looking for precompiled header use
11>          Add directive to 'core/pch_jumbo.h' or rebuild precompiled header
11>c:\users\bryan\documents\github\prest\modules\selftest\generated\selftest_jumbo_url.cpp(34): warning C4627: '#include "modules/selftest/generated/url/selftest/ot_url_selftest_url_load_digestproxy.cpp"': skipped when looking for precompiled header use
11>          Add directive to 'core/pch_jumbo.h' or rebuild precompiled header
11>c:\users\bryan\documents\github\prest\modules\selftest\generated\selftest_jumbo_url.cpp(35): warning C4627: '#include "modules/selftest/generated/url/selftest/ot_url_selftest_url_load_doc.cpp"': skipped when looking for precompiled header use
11>          Add directive to 'core/pch_jumbo.h' or rebuild precompiled header
11>c:\users\bryan\documents\github\prest\modules\selftest\generated\selftest_jumbo_util.cpp(52): warning C4627: '#include "modules/selftest/generated/util/tests/ot_util_tests_network_type.cpp"': skipped when looking for precompiled header use
11>          Add directive to 'core/pch_jumbo.h' or rebuild precompiled header
11>c:\users\bryan\documents\github\prest\modules\selftest\generated\selftest_jumbo_util.cpp(53): warning C4627: '#include "modules/selftest/generated/util/tests/ot_util_tests_zipload.cpp"': skipped when looking for precompiled header use
11>          Add directive to 'core/pch_jumbo.h' or rebuild precompiled header
11>c:\users\bryan\documents\github\prest\modules\selftest\generated\selftest_jumbo_url.cpp(36): warning C4627: '#include "modules/selftest/generated/url/selftest/ot_url_selftest_url_load_proxy.cpp"': skipped when looking for precompiled header use
11>          Add directive to 'core/pch_jumbo.h' or rebuild precompiled header
11>c:\users\bryan\documents\github\prest\modules\selftest\generated\selftest_jumbo_util.cpp(54): fatal error C1010: unexpected end of file while looking for precompiled header. Did you forget to add '#include "core/pch_jumbo.h"' to your source?
11>c:\users\bryan\documents\github\prest\modules\selftest\generated\selftest_jumbo_url.cpp(37): warning C4627: '#include "modules/selftest/generated/url/selftest/ot_url_selftest_url_rangeload.cpp"': skipped when looking for precompiled header use
11>          Add directive to 'core/pch_jumbo.h' or rebuild precompiled header
11>c:\users\bryan\documents\github\prest\modules\selftest\generated\selftest_jumbo_url.cpp(38): warning C4627: '#include "modules/selftest/generated/url/selftest/ot_url_selftest_url_spdy.cpp"': skipped when looking for precompiled header use
11>          Add directive to 'core/pch_jumbo.h' or rebuild precompiled header
11>c:\users\bryan\documents\github\prest\modules\selftest\generated\selftest_jumbo_url.cpp(39): warning C4627: '#include "modules/selftest/generated/url/selftest/ot_url_selftest_url_suggestedname.cpp"': skipped when looking for precompiled header use
11>          Add directive to 'core/pch_jumbo.h' or rebuild precompiled header
11>c:\users\bryan\documents\github\prest\modules\selftest\generated\selftest_jumbo_url.cpp(40): warning C4627: '#include "modules/selftest/generated/url/selftest/ot_url_selftest_url_typenames.cpp"': skipped when looking for precompiled header use
11>          Add directive to 'core/pch_jumbo.h' or rebuild precompiled header
11>c:\users\bryan\documents\github\prest\modules\selftest\generated\selftest_jumbo_url.cpp(41): warning C4627: '#include "modules/selftest/generated/url/selftest/ot_url_selftest_url_websocket.cpp"': skipped when looking for precompiled header use
11>          Add directive to 'core/pch_jumbo.h' or rebuild precompiled header
11>  selftest_jumbo_xmlutils.cpp
11>c:\users\bryan\documents\github\prest\modules\selftest\generated\selftest_jumbo_url.cpp(42): warning C4627: '#include "modules/selftest/generated/url/selftest/ot_url_selftest_websocket_protocol.cpp"': skipped when looking for precompiled header use
11>          Add directive to 'core/pch_jumbo.h' or rebuild precompiled header
11>c:\users\bryan\documents\github\prest\modules\selftest\generated\selftest_jumbo_url.cpp(43): fatal error C1010: unexpected end of file while looking for precompiled header. Did you forget to add '#include "core/pch_jumbo.h"' to your source?
11>  selftest_jumbo_xpath.cpp
11>c:\users\bryan\documents\github\prest\modules\selftest\generated\selftest_jumbo_widgetruntime.cpp(15): warning C4627: '#include "modules/selftest/generated/widgetruntime/selftest/ot_widgetruntime_selftest_gadgetstartup.cpp"': skipped when looking for precompiled header use
11>          Add directive to 'core/pch_jumbo.h' or rebuild precompiled header
11>c:\users\bryan\documents\github\prest\modules\selftest\generated\selftest_jumbo_widgetruntime.cpp(16): warning C4627: '#include "modules/selftest/generated/widgetruntime/selftest/ot_widgetruntime_selftest_gadgettooltiphandler.cpp"': skipped when looking for precompiled header use
11>          Add directive to 'core/pch_jumbo.h' or rebuild precompiled header
11>  selftest_jumbo_xslt.cpp
11>c:\users\bryan\documents\github\prest\modules\selftest\generated\selftest_jumbo_widgetruntime.cpp(17): warning C4627: '#include "modules/selftest/generated/widgetruntime/selftest/ot_widgetruntime_selftest_gadgetuiwindowlistener.cpp"': skipped when looking for precompiled header use
11>          Add directive to 'core/pch_jumbo.h' or rebuild precompiled header
13>  proc_loader_windows.cpp
14>  Compiling...
14>  opbitvector.cpp
14>  unicode_case.cpp
13>  shared.cpp
11>c:\users\bryan\documents\github\prest\modules\selftest\generated\selftest_jumbo_widgetruntime.cpp(18): warning C4627: '#include "modules/selftest/generated/widgetruntime/selftest/ot_widgetruntime_selftest_gadgetutils.cpp"': skipped when looking for precompiled header use
11>          Add directive to 'core/pch_jumbo.h' or rebuild precompiled header
11>c:\users\bryan\documents\github\prest\modules\selftest\generated\selftest_jumbo_widgetruntime.cpp(19): warning C4627: '#include "modules/selftest/generated/widgetruntime/selftest/ot_widgetruntime_selftest_installedgadgetlist.cpp"': skipped when looking for precompiled header use
11>          Add directive to 'core/pch_jumbo.h' or rebuild precompiled header
11>c:\users\bryan\documents\github\prest\modules\selftest\generated\selftest_jumbo_widgetruntime.cpp(20): fatal error C1010: unexpected end of file while looking for precompiled header. Did you forget to add '#include "core/pch_jumbo.h"' to your source?
11>c:\users\bryan\documents\github\prest\modules\selftest\generated\selftest_jumbo_viewix.cpp(15): warning C4627: '#include "modules/selftest/generated/viewix/selftest/ot_viewix_selftest_aliases_file_parsing.cpp"': skipped when looking for precompiled header use
11>          Add directive to 'core/pch_jumbo.h' or rebuild precompiled header
11>c:\users\bryan\documents\github\prest\modules\selftest\generated\selftest_jumbo_viewix.cpp(16): warning C4627: '#include "modules/selftest/generated/viewix/selftest/ot_viewix_selftest_command_parsing.cpp"': skipped when looking for precompiled header use
11>          Add directive to 'core/pch_jumbo.h' or rebuild precompiled header
11>  selftest_jumbo_zlib.cpp
11>c:\users\bryan\documents\github\prest\modules\selftest\generated\selftest_jumbo_viewix.cpp(17): warning C4627: '#include "modules/selftest/generated/viewix/selftest/ot_viewix_selftest_execute_application.cpp"': skipped when looking for precompiled header use
11>          Add directive to 'core/pch_jumbo.h' or rebuild precompiled header
11>c:\users\bryan\documents\github\prest\modules\selftest\generated\selftest_jumbo_viewix.cpp(18): warning C4627: '#include "modules/selftest/generated/viewix/selftest/ot_viewix_selftest_filehandler_manager.cpp"': skipped when looking for precompiled header use
11>          Add directive to 'core/pch_jumbo.h' or rebuild precompiled header
11>c:\users\bryan\documents\github\prest\modules\selftest\generated\selftest_jumbo_viewix.cpp(19): warning C4627: '#include "modules/selftest/generated/viewix/selftest/ot_viewix_selftest_filehandler_manager_utilities.cpp"': skipped when looking for precompiled header use
11>          Add directive to 'core/pch_jumbo.h' or rebuild precompiled header
11>c:\users\bryan\documents\github\prest\modules\selftest\generated\selftest_jumbo_wand.cpp(15): warning C4627: '#include "modules/selftest/generated/wand/selftest/ot_wand_selftest_wand.cpp"': skipped when looking for precompiled header use
11>          Add directive to 'core/pch_jumbo.h' or rebuild precompiled header
11>c:\users\bryan\documents\github\prest\modules\selftest\generated\selftest_jumbo_viewix.cpp(20): warning C4627: '#include "modules/selftest/generated/viewix/selftest/ot_viewix_selftest_glob_generation.cpp"': skipped when looking for precompiled header use
11>          Add directive to 'core/pch_jumbo.h' or rebuild precompiled header
11>c:\users\bryan\documents\github\prest\modules\selftest\generated\selftest_jumbo_wand.cpp(16): warning C4627: '#include "modules/selftest/generated/wand/selftest/ot_wand_selftest_wand_sync.cpp"': skipped when looking for precompiled header use
11>          Add directive to 'core/pch_jumbo.h' or rebuild precompiled header
11>c:\users\bryan\documents\github\prest\modules\selftest\generated\selftest_jumbo_viewix.cpp(21): warning C4627: '#include "modules/selftest/generated/viewix/selftest/ot_viewix_selftest_mime_info_cache_file_parsing.cpp"': skipped when looking for precompiled header use
11>          Add directive to 'core/pch_jumbo.h' or rebuild precompiled header
11>c:\users\bryan\documents\github\prest\modules\selftest\generated\selftest_jumbo_wand.cpp(17): fatal error C1010: unexpected end of file while looking for precompiled header. Did you forget to add '#include "core/pch_jumbo.h"' to your source?
11>c:\users\bryan\documents\github\prest\modules\selftest\generated\selftest_jumbo_viewix.cpp(22): fatal error C1010: unexpected end of file while looking for precompiled header. Did you forget to add '#include "core/pch_jumbo.h"' to your source?
11>c:\users\bryan\documents\github\prest\modules\selftest\generated\selftest_jumbo_webp.cpp(15): warning C4627: '#include "modules/selftest/generated/webp/selftest/ot_webp_selftest_webp.cpp"': skipped when looking for precompiled header use
11>          Add directive to 'core/pch_jumbo.h' or rebuild precompiled header
11>c:\users\bryan\documents\github\prest\modules\selftest\generated\selftest_jumbo_webp.cpp(16): fatal error C1010: unexpected end of file while looking for precompiled header. Did you forget to add '#include "core/pch_jumbo.h"' to your source?
11>c:\users\bryan\documents\github\prest\modules\selftest\generated\selftest_jumbo_xmlutils.cpp(15): warning C4627: '#include "modules/selftest/generated/xmlutils/selftest/ot_xmlutils_selftest_canonicalize.cpp"': skipped when looking for precompiled header use
11>          Add directive to 'core/pch_jumbo.h' or rebuild precompiled header
11>c:\users\bryan\documents\github\prest\modules\selftest\generated\selftest_jumbo_xmlutils.cpp(16): warning C4627: '#include "modules/selftest/generated/xmlutils/selftest/ot_xmlutils_selftest_names.cpp"': skipped when looking for precompiled header use
11>          Add directive to 'core/pch_jumbo.h' or rebuild precompiled header
11>c:\users\bryan\documents\github\prest\modules\selftest\generated\selftest_jumbo_webserver.cpp(15): warning C4627: '#include "modules/selftest/generated/webserver/selftest/ot_webserver_selftest_user_management.cpp"': skipped when looking for precompiled header use
11>          Add directive to 'core/pch_jumbo.h' or rebuild precompiled header
11>c:\users\bryan\documents\github\prest\modules\selftest\generated\selftest_jumbo_xmlutils.cpp(17): warning C4627: '#include "modules/selftest/generated/xmlutils/selftest/ot_xmlutils_selftest_simple.cpp"': skipped when looking for precompiled header use
11>          Add directive to 'core/pch_jumbo.h' or rebuild precompiled header
11>  selftest_jumbo.cpp
11>c:\users\bryan\documents\github\prest\modules\selftest\generated\selftest_jumbo_webserver.cpp(16): warning C4627: '#include "modules/selftest/generated/webserver/selftest/ot_webserver_selftest_webserver-request-parsing.cpp"': skipped when looking for precompiled header use
11>          Add directive to 'core/pch_jumbo.h' or rebuild precompiled header
11>c:\users\bryan\documents\github\prest\modules\selftest\generated\selftest_jumbo_xmlutils.cpp(18): warning C4627: '#include "modules/selftest/generated/xmlutils/selftest/ot_xmlutils_selftest_xmlfragment_basic.cpp"': skipped when looking for precompiled header use
11>          Add directive to 'core/pch_jumbo.h' or rebuild precompiled header
11>  skin_jumbo.cpp
11>c:\users\bryan\documents\github\prest\modules\selftest\generated\selftest_jumbo_xmlutils.cpp(19): warning C4627: '#include "modules/selftest/generated/xmlutils/selftest/ot_xmlutils_selftest_xmlfragment_encoding.cpp"': skipped when looking for precompiled header use
11>          Add directive to 'core/pch_jumbo.h' or rebuild precompiled header
11>c:\users\bryan\documents\github\prest\modules\selftest\generated\selftest_jumbo_webserver.cpp(17): warning C4627: '#include "modules/selftest/generated/webserver/selftest/ot_webserver_selftest_webserver.cpp"': skipped when looking for precompiled header use
11>          Add directive to 'core/pch_jumbo.h' or rebuild precompiled header
11>c:\users\bryan\documents\github\prest\modules\selftest\generated\selftest_jumbo_webserver.cpp(18): fatal error C1010: unexpected end of file while looking for precompiled header. Did you forget to add '#include "core/pch_jumbo.h"' to your source?
11>c:\users\bryan\documents\github\prest\modules\selftest\generated\selftest_jumbo_xmlutils.cpp(20): warning C4627: '#include "modules/selftest/generated/xmlutils/selftest/ot_xmlutils_selftest_xmlfragment_reset_fragment.cpp"': skipped when looking for precompiled header use
11>          Add directive to 'core/pch_jumbo.h' or rebuild precompiled header
11>c:\users\bryan\documents\github\prest\modules\selftest\generated\selftest_jumbo_xmlutils.cpp(21): warning C4627: '#include "modules/selftest/generated/xmlutils/selftest/ot_xmlutils_selftest_xmlfragment_serialize.cpp"': skipped when looking for precompiled header use
11>          Add directive to 'core/pch_jumbo.h' or rebuild precompiled header
11>c:\users\bryan\documents\github\prest\modules\selftest\generated\selftest_jumbo_xmlutils.cpp(22): warning C4627: '#include "modules/selftest/generated/xmlutils/selftest/ot_xmlutils_selftest_xmlfragment_treeaccessor.cpp"': skipped when looking for precompiled header use
11>          Add directive to 'core/pch_jumbo.h' or rebuild precompiled header
11>c:\users\bryan\documents\github\prest\modules\selftest\generated\selftest_jumbo_xmlutils.cpp(23): warning C4627: '#include "modules/selftest/generated/xmlutils/selftest/ot_xmlutils_selftest_xmlfragment_url.cpp"': skipped when looking for precompiled header use
11>          Add directive to 'core/pch_jumbo.h' or rebuild precompiled header
11>c:\users\bryan\documents\github\prest\modules\selftest\generated\selftest_jumbo_xmlutils.cpp(24): warning C4627: '#include "modules/selftest/generated/xmlutils/selftest/ot_xmlutils_selftest_xmlfragment_ws.cpp"': skipped when looking for precompiled header use
11>          Add directive to 'core/pch_jumbo.h' or rebuild precompiled header
11>c:\users\bryan\documents\github\prest\modules\selftest\generated\selftest_jumbo_xmlutils.cpp(25): warning C4627: '#include "modules/selftest/generated/xmlutils/selftest/ot_xmlutils_selftest_xmlfragment_xpath.cpp"': skipped when looking for precompiled header use
11>          Add directive to 'core/pch_jumbo.h' or rebuild precompiled header
11>c:\users\bryan\documents\github\prest\modules\selftest\generated\selftest_jumbo_xmlutils.cpp(26): warning C4627: '#include "modules/selftest/generated/xmlutils/selftest/ot_xmlutils_selftest_xmllanguageparser.cpp"': skipped when looking for precompiled header use
11>          Add directive to 'core/pch_jumbo.h' or rebuild precompiled header
11>  socks_jumbo.cpp
11>c:\users\bryan\documents\github\prest\modules\selftest\generated\selftest_jumbo_xmlutils.cpp(27): warning C4627: '#include "modules/selftest/generated/xmlutils/selftest/ot_xmlutils_selftest_xmlparser_processtoken.cpp"': skipped when looking for precompiled header use
11>          Add directive to 'core/pch_jumbo.h' or rebuild precompiled header
11>c:\users\bryan\documents\github\prest\modules\selftest\generated\selftest_jumbo_xmlutils.cpp(28): warning C4627: '#include "modules/selftest/generated/xmlutils/selftest/ot_xmlutils_selftest_xmlserializer.cpp"': skipped when looking for precompiled header use
11>          Add directive to 'core/pch_jumbo.h' or rebuild precompiled header
11>c:\users\bryan\documents\github\prest\modules\selftest\generated\selftest_jumbo_xmlutils.cpp(29): warning C4627: '#include "modules/selftest/generated/xmlutils/selftest/ot_xmlutils_selftest_xmlutils.cpp"': skipped when looking for precompiled header use
11>          Add directive to 'core/pch_jumbo.h' or rebuild precompiled header
11>c:\users\bryan\documents\github\prest\modules\selftest\generated\selftest_jumbo_xmlutils.cpp(30): fatal error C1010: unexpected end of file while looking for precompiled header. Did you forget to add '#include "core/pch_jumbo.h"' to your source?
11>  spatial_navigation_jumbo.cpp
11>c:\users\bryan\documents\github\prest\modules\selftest\generated\selftest_jumbo_windows.cpp(15): warning C4627: '#include "modules/selftest/generated/windows/selftest/ot_windows_selftest_createregkeyoperation.cpp"': skipped when looking for precompiled header use
11>          Add directive to 'core/pch_jumbo.h' or rebuild precompiled header
11>  spellchecker_jumbo.cpp
11>c:\users\bryan\documents\github\prest\modules\selftest\generated\selftest_jumbo_windows.cpp(16): warning C4627: '#include "modules/selftest/generated/windows/selftest/ot_windows_selftest_execute_application.cpp"': skipped when looking for precompiled header use
11>          Add directive to 'core/pch_jumbo.h' or rebuild precompiled header
11>c:\users\bryan\documents\github\prest\modules\selftest\generated\selftest_jumbo_windows.cpp(17): warning C4627: '#include "modules/selftest/generated/windows/selftest/ot_windows_selftest_lowlevelfile.cpp"': skipped when looking for precompiled header use
11>          Add directive to 'core/pch_jumbo.h' or rebuild precompiled header
11>c:\users\bryan\documents\github\prest\modules\selftest\generated\selftest_jumbo_windows.cpp(18): warning C4627: '#include "modules/selftest/generated/windows/selftest/ot_windows_selftest_memory.cpp"': skipped when looking for precompiled header use
11>          Add directive to 'core/pch_jumbo.h' or rebuild precompiled header
11>c:\users\bryan\documents\github\prest\modules\selftest\generated\selftest_jumbo_windows.cpp(19): warning C4627: '#include "modules/selftest/generated/windows/selftest/ot_windows_selftest_operainstaller_handleinfo.cpp"': skipped when looking for precompiled header use
11>          Add directive to 'core/pch_jumbo.h' or rebuild precompiled header
11>c:\users\bryan\documents\github\prest\modules\selftest\generated\selftest_jumbo_windows.cpp(20): warning C4627: '#include "modules/selftest/generated/windows/selftest/ot_windows_selftest_operainstaller_logger.cpp"': skipped when looking for precompiled header use
11>          Add directive to 'core/pch_jumbo.h' or rebuild precompiled header
11>c:\users\bryan\documents\github\prest\modules\selftest\generated\selftest_jumbo_windows.cpp(21): warning C4627: '#include "modules/selftest/generated/windows/selftest/ot_windows_selftest_operainstaller_registrykey.cpp"': skipped when looking for precompiled header use
11>          Add directive to 'core/pch_jumbo.h' or rebuild precompiled header
11>c:\users\bryan\documents\github\prest\modules\selftest\generated\selftest_jumbo_windows.cpp(22): warning C4627: '#include "modules/selftest/generated/windows/selftest/ot_windows_selftest_registry.cpp"': skipped when looking for precompiled header use
11>          Add directive to 'core/pch_jumbo.h' or rebuild precompiled header
11>c:\users\bryan\documents\github\prest\modules\selftest\generated\selftest_jumbo_windows.cpp(23): warning C4627: '#include "modules/selftest/generated/windows/selftest/ot_windows_selftest_systeminfo.cpp"': skipped when looking for precompiled header use
11>          Add directive to 'core/pch_jumbo.h' or rebuild precompiled header
11>c:\users\bryan\documents\github\prest\modules\selftest\generated\selftest_jumbo_windows.cpp(24): warning C4627: '#include "modules/selftest/generated/windows/selftest/ot_windows_selftest_taskbar.cpp"': skipped when looking for precompiled header use
11>          Add directive to 'core/pch_jumbo.h' or rebuild precompiled header
11>c:\users\bryan\documents\github\prest\modules\selftest\generated\selftest_jumbo_windows.cpp(25): warning C4627: '#include "modules/selftest/generated/windows/selftest/ot_windows_selftest_timeinfo.cpp"': skipped when looking for precompiled header use
11>          Add directive to 'core/pch_jumbo.h' or rebuild precompiled header
11>c:\users\bryan\documents\github\prest\modules\selftest\generated\selftest_jumbo_windows.cpp(26): warning C4627: '#include "modules/selftest/generated/windows/selftest/ot_windows_selftest_user_fun.cpp"': skipped when looking for precompiled header use
11>          Add directive to 'core/pch_jumbo.h' or rebuild precompiled header
11>c:\users\bryan\documents\github\prest\modules\selftest\generated\selftest_jumbo_windowcommander.cpp(15): warning C4627: '#include "modules/selftest/generated/windowcommander/selftest/ot_windowcommander_selftest_OpCookieManager.cpp"': skipped when looking for precompiled header use
11>          Add directive to 'core/pch_jumbo.h' or rebuild precompiled header
13>  registry.cpp
14>  unicode_properties.cpp
14>  unicode_stringiterator.cpp
13>  g_message_windows_common_messages.cpp
11>c:\users\bryan\documents\github\prest\modules\selftest\generated\selftest_jumbo_windows.cpp(27): warning C4627: '#include "modules/selftest/generated/windows/selftest/ot_windows_selftest_windowsgadgetlist.cpp"': skipped when looking for precompiled header use
11>          Add directive to 'core/pch_jumbo.h' or rebuild precompiled header
11>c:\users\bryan\documents\github\prest\modules\selftest\generated\selftest_jumbo_windowcommander.cpp(16): warning C4627: '#include "modules/selftest/generated/windowcommander/selftest/ot_windowcommander_selftest_OpDocumentContext.cpp"': skipped when looking for precompiled header use
11>          Add directive to 'core/pch_jumbo.h' or rebuild precompiled header
11>c:\users\bryan\documents\github\prest\modules\selftest\generated\selftest_jumbo_windows.cpp(28): warning C4627: '#include "modules/selftest/generated/windows/selftest/ot_windows_selftest_windowsgadgetutils.cpp"': skipped when looking for precompiled header use
11>          Add directive to 'core/pch_jumbo.h' or rebuild precompiled header
11>c:\users\bryan\documents\github\prest\modules\selftest\generated\selftest_jumbo_windowcommander.cpp(17): warning C4627: '#include "modules/selftest/generated/windowcommander/selftest/ot_windowcommander_selftest_OpTransferManager.cpp"': skipped when looking for precompiled header use
11>          Add directive to 'core/pch_jumbo.h' or rebuild precompiled header
11>c:\users\bryan\documents\github\prest\modules\selftest\generated\selftest_jumbo_windows.cpp(29): warning C4627: '#include "modules/selftest/generated/windows/selftest/ot_windows_selftest_windowslaunch.cpp"': skipped when looking for precompiled header use
11>          Add directive to 'core/pch_jumbo.h' or rebuild precompiled header
11>c:\users\bryan\documents\github\prest\modules\selftest\generated\selftest_jumbo_windowcommander.cpp(18): warning C4627: '#include "modules/selftest/generated/windowcommander/selftest/ot_windowcommander_selftest_OpViewportController.cpp"': skipped when looking for precompiled header use
11>          Add directive to 'core/pch_jumbo.h' or rebuild precompiled header
11>c:\users\bryan\documents\github\prest\modules\selftest\generated\selftest_jumbo_windows.cpp(30): warning C4627: '#include "modules/selftest/generated/windows/selftest/ot_windows_selftest_windowsopdesktopresources.cpp"': skipped when looking for precompiled header use
11>          Add directive to 'core/pch_jumbo.h' or rebuild precompiled header
11>c:\users\bryan\documents\github\prest\modules\selftest\generated\selftest_jumbo_windowcommander.cpp(19): warning C4627: '#include "modules/selftest/generated/windowcommander/selftest/ot_windowcommander_selftest_SSLCertificate.cpp"': skipped when looking for precompiled header use
11>          Add directive to 'core/pch_jumbo.h' or rebuild precompiled header
11>c:\users\bryan\documents\github\prest\modules\selftest\generated\selftest_jumbo_windowcommander.cpp(20): warning C4627: '#include "modules/selftest/generated/windowcommander/selftest/ot_windowcommander_selftest_TransferManagerDownload.cpp"': skipped when looking for precompiled header use
11>          Add directive to 'core/pch_jumbo.h' or rebuild precompiled header
11>c:\users\bryan\documents\github\prest\modules\selftest\generated\selftest_jumbo_webfeeds.cpp(15): warning C4627: '#include "modules/selftest/generated/webfeeds/selftest/atomconformance/ot_webfeeds_selftest_atomconformance_atom-conformance.cpp"': skipped when looking for precompiled header use
11>          Add directive to 'core/pch_jumbo.h' or rebuild precompiled header
11>c:\users\bryan\documents\github\prest\modules\selftest\generated\selftest_jumbo_windows.cpp(31): warning C4627: '#include "modules/selftest/generated/windows/selftest/ot_windows_selftest_windowsshortcut.cpp"': skipped when looking for precompiled header use
11>          Add directive to 'core/pch_jumbo.h' or rebuild precompiled header
11>c:\users\bryan\documents\github\prest\modules\selftest\generated\selftest_jumbo_windowcommander.cpp(21): warning C4627: '#include "modules/selftest/generated/windowcommander/selftest/ot_windowcommander_selftest_WindowCommander.cpp"': skipped when looking for precompiled header use
11>          Add directive to 'core/pch_jumbo.h' or rebuild precompiled header
11>c:\users\bryan\documents\github\prest\modules\selftest\generated\selftest_jumbo_webfeeds.cpp(16): warning C4627: '#include "modules/selftest/generated/webfeeds/selftest/ot_webfeeds_selftest_entrylisttest.cpp"': skipped when looking for precompiled header use
11>          Add directive to 'core/pch_jumbo.h' or rebuild precompiled header
11>c:\users\bryan\documents\github\prest\modules\selftest\generated\selftest_jumbo_windows.cpp(32): fatal error C1010: unexpected end of file while looking for precompiled header. Did you forget to add '#include "core/pch_jumbo.h"' to your source?
11>c:\users\bryan\documents\github\prest\modules\selftest\generated\selftest_jumbo_windowcommander.cpp(22): warning C4627: '#include "modules/selftest/generated/windowcommander/selftest/ot_windowcommander_selftest_WritingSystem.cpp"': skipped when looking for precompiled header use
11>          Add directive to 'core/pch_jumbo.h' or rebuild precompiled header
11>c:\users\bryan\documents\github\prest\modules\selftest\generated\selftest_jumbo_webfeeds.cpp(17): warning C4627: '#include "modules/selftest/generated/webfeeds/selftest/ot_webfeeds_selftest_html-detection.cpp"': skipped when looking for precompiled header use
11>          Add directive to 'core/pch_jumbo.h' or rebuild precompiled header
11>c:\users\bryan\documents\github\prest\modules\selftest\generated\selftest_jumbo_windowcommander.cpp(23): fatal error C1010: unexpected end of file while looking for precompiled header. Did you forget to add '#include "core/pch_jumbo.h"' to your source?
11>c:\users\bryan\documents\github\prest\modules\selftest\generated\selftest_jumbo_webfeeds.cpp(18): warning C4627: '#include "modules/selftest/generated/webfeeds/selftest/ot_webfeeds_selftest_loadtest.cpp"': skipped when looking for precompiled header use
11>          Add directive to 'core/pch_jumbo.h' or rebuild precompiled header
11>c:\users\bryan\documents\github\prest\modules\selftest\generated\selftest_jumbo_webfeeds.cpp(19): warning C4627: '#include "modules/selftest/generated/webfeeds/selftest/ot_webfeeds_selftest_parsetest.cpp"': skipped when looking for precompiled header use
11>          Add directive to 'core/pch_jumbo.h' or rebuild precompiled header
11>c:\users\bryan\documents\github\prest\modules\selftest\generated\selftest_jumbo_webfeeds.cpp(20): warning C4627: '#include "modules/selftest/generated/webfeeds/selftest/ot_webfeeds_selftest_striptest.cpp"': skipped when looking for precompiled header use
11>          Add directive to 'core/pch_jumbo.h' or rebuild precompiled header
11>c:\users\bryan\documents\github\prest\modules\selftest\generated\selftest_jumbo_webfeeds.cpp(21): warning C4627: '#include "modules/selftest/generated/webfeeds/selftest/ot_webfeeds_selftest_webfeed_reader_manager.cpp"': skipped when looking for precompiled header use
11>          Add directive to 'core/pch_jumbo.h' or rebuild precompiled header
11>c:\users\bryan\documents\github\prest\modules\selftest\generated\selftest_jumbo_webfeeds.cpp(22): fatal error C1010: unexpected end of file while looking for precompiled header. Did you forget to add '#include "core/pch_jumbo.h"' to your source?
11>  stdlib_jumbo.cpp
11>c:\users\bryan\documents\github\prest\modules\selftest\generated\selftest_jumbo_xslt.cpp(15): warning C4627: '#include "modules/selftest/generated/xslt/selftest/ot_xslt_selftest_brokenxslt.cpp"': skipped when looking for precompiled header use
11>          Add directive to 'core/pch_jumbo.h' or rebuild precompiled header
11>c:\users\bryan\documents\github\prest\modules\selftest\generated\selftest_jumbo_xslt.cpp(16): warning C4627: '#include "modules/selftest/generated/xslt/selftest/ot_xslt_selftest_handler.cpp"': skipped when looking for precompiled header use
11>          Add directive to 'core/pch_jumbo.h' or rebuild precompiled header
11>c:\users\bryan\documents\github\prest\modules\selftest\generated\selftest_jumbo_xslt.cpp(17): warning C4627: '#include "modules/selftest/generated/xslt/selftest/ot_xslt_selftest_simple.cpp"': skipped when looking for precompiled header use
11>          Add directive to 'core/pch_jumbo.h' or rebuild precompiled header
11>c:\users\bryan\documents\github\prest\modules\selftest\generated\selftest_jumbo_xslt.cpp(18): warning C4627: '#include "modules/selftest/generated/xslt/selftest/ot_xslt_selftest_tree.cpp"': skipped when looking for precompiled header use
11>          Add directive to 'core/pch_jumbo.h' or rebuild precompiled header
11>  style_jumbo.cpp
11>  svg_jumbo.cpp
11>c:\users\bryan\documents\github\prest\modules\selftest\generated\selftest_jumbo_zlib.cpp(15): warning C4627: '#include "modules/selftest/generated/zlib/selftest/ot_zlib_selftest_zlib.cpp"': skipped when looking for precompiled header use
11>          Add directive to 'core/pch_jumbo.h' or rebuild precompiled header
11>c:\users\bryan\documents\github\prest\modules\selftest\generated\selftest_jumbo_xslt.cpp(19): fatal error C1010: unexpected end of file while looking for precompiled header. Did you forget to add '#include "core/pch_jumbo.h"' to your source?
11>c:\users\bryan\documents\github\prest\modules\selftest\generated\selftest_jumbo_zlib.cpp(16): fatal error C1010: unexpected end of file while looking for precompiled header. Did you forget to add '#include "core/pch_jumbo.h"' to your source?
11>  sync_jumbo.cpp
11>c:\users\bryan\documents\github\prest\modules\socks\socks_jumbo.cpp(15): warning C4627: '#include "modules/socks/OpSocksSocket.cpp"': skipped when looking for precompiled header use
11>          Add directive to 'core/pch_jumbo.h' or rebuild precompiled header
11>c:\users\bryan\documents\github\prest\modules\socks\socks_jumbo.cpp(16): warning C4627: '#include "modules/socks/socks_module.cpp"': skipped when looking for precompiled header use
11>          Add directive to 'core/pch_jumbo.h' or rebuild precompiled header
11>c:\users\bryan\documents\github\prest\modules\socks\socks_jumbo.cpp(17): fatal error C1010: unexpected end of file while looking for precompiled header. Did you forget to add '#include "core/pch_jumbo.h"' to your source?
11>c:\users\bryan\documents\github\prest\modules\selftest\selftest_jumbo.cpp(15): warning C4627: '#include "modules/selftest/src/selftest_module.cpp"': skipped when looking for precompiled header use
11>          Add directive to 'core/pch_jumbo.h' or rebuild precompiled header
11>  thumbnails_jumbo.cpp
11>c:\users\bryan\documents\github\prest\modules\selftest\selftest_jumbo.cpp(16): warning C4627: '#include "modules/selftest/src/testutils.cpp"': skipped when looking for precompiled header use
11>          Add directive to 'core/pch_jumbo.h' or rebuild precompiled header
11>c:\users\bryan\documents\github\prest\modules\selftest\selftest_jumbo.cpp(17): warning C4627: '#include "modules/selftest/src/optestsuite.cpp"': skipped when looking for precompiled header use
11>          Add directive to 'core/pch_jumbo.h' or rebuild precompiled header
11>c:\users\bryan\documents\github\prest\modules\selftest\selftest_jumbo.cpp(18): warning C4627: '#include "modules/selftest/src/testoutput.cpp"': skipped when looking for precompiled header use
11>          Add directive to 'core/pch_jumbo.h' or rebuild precompiled header
11>c:\users\bryan\documents\github\prest\modules\selftest\selftest_jumbo.cpp(19): warning C4627: '#include "modules/selftest/src/operaselftest.cpp"': skipped when looking for precompiled header use
11>          Add directive to 'core/pch_jumbo.h' or rebuild precompiled header
11>c:\users\bryan\documents\github\prest\modules\selftest\selftest_jumbo.cpp(20): warning C4627: '#include "modules/selftest/src/operaselftestdispatcher.cpp"': skipped when looking for precompiled header use
11>          Add directive to 'core/pch_jumbo.h' or rebuild precompiled header
11>c:\users\bryan\documents\github\prest\modules\selftest\selftest_jumbo.cpp(21): warning C4627: '#include "modules/selftest/src/operaselftesturlgenerator.cpp"': skipped when looking for precompiled header use
11>          Add directive to 'core/pch_jumbo.h' or rebuild precompiled header
11>c:\users\bryan\documents\github\prest\modules\selftest\selftest_jumbo.cpp(22): warning C4627: '#include "modules/selftest/src/doc_st_utils.cpp"': skipped when looking for precompiled header use
11>          Add directive to 'core/pch_jumbo.h' or rebuild precompiled header
11>c:\users\bryan\documents\github\prest\modules\selftest\selftest_jumbo.cpp(23): fatal error C1010: unexpected end of file while looking for precompiled header. Did you forget to add '#include "core/pch_jumbo.h"' to your source?
11>c:\users\bryan\documents\github\prest\modules\selftest\generated\selftest_jumbo_xpath.cpp(15): warning C4627: '#include "modules/selftest/generated/xpath/selftest/ot_xpath_selftest_complex.cpp"': skipped when looking for precompiled header use
11>          Add directive to 'core/pch_jumbo.h' or rebuild precompiled header
11>c:\users\bryan\documents\github\prest\modules\selftest\generated\selftest_jumbo_xpath.cpp(16): warning C4627: '#include "modules/selftest/generated/xpath/selftest/ot_xpath_selftest_expressions_comparison.cpp"': skipped when looking for precompiled header use
11>          Add directive to 'core/pch_jumbo.h' or rebuild precompiled header
11>c:\users\bryan\documents\github\prest\modules\selftest\generated\selftest_jumbo_xpath.cpp(17): warning C4627: '#include "modules/selftest/generated/xpath/selftest/ot_xpath_selftest_expressions_comparison_number.cpp"': skipped when looking for precompiled header use
11>          Add directive to 'core/pch_jumbo.h' or rebuild precompiled header
11>c:\users\bryan\documents\github\prest\modules\selftest\generated\selftest_jumbo_xpath.cpp(18): warning C4627: '#include "modules/selftest/generated/xpath/selftest/ot_xpath_selftest_expressions_union.cpp"': skipped when looking for precompiled header use
11>          Add directive to 'core/pch_jumbo.h' or rebuild precompiled header
11>c:\users\bryan\documents\github\prest\modules\selftest\generated\selftest_jumbo_xpath.cpp(19): warning C4627: '#include "modules/selftest/generated/xpath/selftest/ot_xpath_selftest_extensions_variable.cpp"': skipped when looking for precompiled header use
11>          Add directive to 'core/pch_jumbo.h' or rebuild precompiled header
11>c:\users\bryan\documents\github\prest\modules\selftest\generated\selftest_jumbo_widgets.cpp(15): warning C4627: '#include "modules/selftest/generated/widgets/ot_widgets_widgets.cpp"': skipped when looking for precompiled header use
11>          Add directive to 'core/pch_jumbo.h' or rebuild precompiled header
11>c:\users\bryan\documents\github\prest\modules\selftest\generated\selftest_jumbo_xpath.cpp(20): warning C4627: '#include "modules/selftest/generated/xpath/selftest/ot_xpath_selftest_functions_boolean.cpp"': skipped when looking for precompiled header use
11>          Add directive to 'core/pch_jumbo.h' or rebuild precompiled header
11>c:\users\bryan\documents\github\prest\modules\selftest\generated\selftest_jumbo_widgets.cpp(16): warning C4627: '#include "modules/selftest/generated/widgets/selftest/ot_widgets_selftest_accessibility_tree.cpp"': skipped when looking for precompiled header use
11>          Add directive to 'core/pch_jumbo.h' or rebuild precompiled header
11>c:\users\bryan\documents\github\prest\modules\selftest\generated\selftest_jumbo_xpath.cpp(21): warning C4627: '#include "modules/selftest/generated/xpath/selftest/ot_xpath_selftest_functions_nodeset.cpp"': skipped when looking for precompiled header use
11>          Add directive to 'core/pch_jumbo.h' or rebuild precompiled header
11>c:\users\bryan\documents\github\prest\modules\selftest\generated\selftest_jumbo_widgets.cpp(17): warning C4627: '#include "modules/selftest/generated/widgets/selftest/ot_widgets_selftest_ime.cpp"': skipped when looking for precompiled header use
11>          Add directive to 'core/pch_jumbo.h' or rebuild precompiled header
11>c:\users\bryan\documents\github\prest\modules\selftest\generated\selftest_jumbo_xpath.cpp(22): warning C4627: '#include "modules/selftest/generated/xpath/selftest/ot_xpath_selftest_functions_number.cpp"': skipped when looking for precompiled header use
11>          Add directive to 'core/pch_jumbo.h' or rebuild precompiled header
14>  utf32.cpp
14>  utf8.cpp
14>  OpHashTable.cpp
11>c:\users\bryan\documents\github\prest\modules\selftest\generated\selftest_jumbo_widgets.cpp(18): warning C4627: '#include "modules/selftest/generated/widgets/selftest/ot_widgets_selftest_opbutton.cpp"': skipped when looking for precompiled header use
11>          Add directive to 'core/pch_jumbo.h' or rebuild precompiled header
11>c:\users\bryan\documents\github\prest\modules\selftest\generated\selftest_jumbo_xpath.cpp(23): warning C4627: '#include "modules/selftest/generated/xpath/selftest/ot_xpath_selftest_functions_string.cpp"': skipped when looking for precompiled header use
11>          Add directive to 'core/pch_jumbo.h' or rebuild precompiled header
11>c:\users\bryan\documents\github\prest\modules\selftest\generated\selftest_jumbo_widgets.cpp(19): warning C4627: '#include "modules/selftest/generated/widgets/selftest/ot_widgets_selftest_opedit.cpp"': skipped when looking for precompiled header use
11>          Add directive to 'core/pch_jumbo.h' or rebuild precompiled header
11>c:\users\bryan\documents\github\prest\modules\selftest\generated\selftest_jumbo_xpath.cpp(24): warning C4627: '#include "modules/selftest/generated/xpath/selftest/ot_xpath_selftest_paths_axes.cpp"': skipped when looking for precompiled header use
11>          Add directive to 'core/pch_jumbo.h' or rebuild precompiled header
11>c:\users\bryan\documents\github\prest\modules\selftest\generated\selftest_jumbo_widgets.cpp(20): warning C4627: '#include "modules/selftest/generated/widgets/selftest/ot_widgets_selftest_opmultiedit.cpp"': skipped when looking for precompiled header use
11>          Add directive to 'core/pch_jumbo.h' or rebuild precompiled header
11>c:\users\bryan\documents\github\prest\modules\selftest\generated\selftest_jumbo_xpath.cpp(25): warning C4627: '#include "modules/selftest/generated/xpath/selftest/ot_xpath_selftest_pattern-via-xslt.cpp"': skipped when looking for precompiled header use
11>          Add directive to 'core/pch_jumbo.h' or rebuild precompiled header
11>c:\users\bryan\documents\github\prest\modules\selftest\generated\selftest_jumbo_widgets.cpp(21): warning C4627: '#include "modules/selftest/generated/widgets/selftest/ot_widgets_selftest_oprichtextedit.cpp"': skipped when looking for precompiled header use
11>          Add directive to 'core/pch_jumbo.h' or rebuild precompiled header
11>c:\users\bryan\documents\github\prest\modules\selftest\generated\selftest_jumbo_xpath.cpp(26): warning C4627: '#include "modules/selftest/generated/xpath/selftest/ot_xpath_selftest_pattern.cpp"': skipped when looking for precompiled header use
11>          Add directive to 'core/pch_jumbo.h' or rebuild precompiled header
11>c:\users\bryan\documents\github\prest\modules\selftest\generated\selftest_jumbo_widgets.cpp(22): warning C4627: '#include "modules/selftest/generated/widgets/selftest/ot_widgets_selftest_opwidget.cpp"': skipped when looking for precompiled header use
11>          Add directive to 'core/pch_jumbo.h' or rebuild precompiled header
11>c:\users\bryan\documents\github\prest\modules\selftest\generated\selftest_jumbo_xpath.cpp(27): warning C4627: '#include "modules/selftest/generated/xpath/selftest/ot_xpath_selftest_profileverdict.cpp"': skipped when looking for precompiled header use
11>          Add directive to 'core/pch_jumbo.h' or rebuild precompiled header
11>c:\users\bryan\documents\github\prest\modules\selftest\generated\selftest_jumbo_widgets.cpp(23): fatal error C1010: unexpected end of file while looking for precompiled header. Did you forget to add '#include "core/pch_jumbo.h"' to your source?
11>c:\users\bryan\documents\github\prest\modules\selftest\generated\selftest_jumbo_xpath.cpp(28): warning C4627: '#include "modules/selftest/generated/xpath/selftest/ot_xpath_selftest_unknown-comparison.cpp"': skipped when looking for precompiled header use
11>          Add directive to 'core/pch_jumbo.h' or rebuild precompiled header
11>c:\users\bryan\documents\github\prest\modules\selftest\generated\selftest_jumbo_xpath.cpp(29): warning C4627: '#include "modules/selftest/generated/xpath/selftest/ot_xpath_selftest_unknown.cpp"': skipped when looking for precompiled header use
11>          Add directive to 'core/pch_jumbo.h' or rebuild precompiled header
11>c:\users\bryan\documents\github\prest\modules\selftest\generated\selftest_jumbo_xpath.cpp(30): fatal error C1010: unexpected end of file while looking for precompiled header. Did you forget to add '#include "core/pch_jumbo.h"' to your source?
11>c:\users\bryan\documents\github\prest\modules\spatial_navigation\spatial_navigation_jumbo.cpp(15): warning C4627: '#include "modules/spatial_navigation/sn_algorithm.cpp"': skipped when looking for precompiled header use
11>          Add directive to 'core/pch_jumbo.h' or rebuild precompiled header
11>c:\users\bryan\documents\github\prest\modules\spatial_navigation\spatial_navigation_jumbo.cpp(16): warning C4627: '#include "modules/spatial_navigation/sn_handler.cpp"': skipped when looking for precompiled header use
11>          Add directive to 'core/pch_jumbo.h' or rebuild precompiled header
11>c:\users\bryan\documents\github\prest\modules\spatial_navigation\spatial_navigation_jumbo.cpp(17): warning C4627: '#include "modules/spatial_navigation/sn_traversalobject.cpp"': skipped when looking for precompiled header use
11>          Add directive to 'core/pch_jumbo.h' or rebuild precompiled header
11>c:\users\bryan\documents\github\prest\modules\spatial_navigation\spatial_navigation_jumbo.cpp(18): warning C4627: '#include "modules/spatial_navigation/sn_filter.cpp"': skipped when looking for precompiled header use
11>          Add directive to 'core/pch_jumbo.h' or rebuild precompiled header
11>c:\users\bryan\documents\github\prest\modules\spatial_navigation\spatial_navigation_jumbo.cpp(19): warning C4627: '#include "modules/spatial_navigation/sn_util.cpp"': skipped when looking for precompiled header use
11>          Add directive to 'core/pch_jumbo.h' or rebuild precompiled header
11>c:\users\bryan\documents\github\prest\modules\spatial_navigation\spatial_navigation_jumbo.cpp(20): warning C4627: '#include "modules/spatial_navigation/spatial_navigation_module.cpp"': skipped when looking for precompiled header use
11>          Add directive to 'core/pch_jumbo.h' or rebuild precompiled header
11>c:\users\bryan\documents\github\prest\modules\spatial_navigation\spatial_navigation_jumbo.cpp(21): warning C4627: '#include "modules/spatial_navigation/sn_debug.cpp"': skipped when looking for precompiled header use
11>          Add directive to 'core/pch_jumbo.h' or rebuild precompiled header
11>c:\users\bryan\documents\github\prest\modules\spatial_navigation\spatial_navigation_jumbo.cpp(22): fatal error C1010: unexpected end of file while looking for precompiled header. Did you forget to add '#include "core/pch_jumbo.h"' to your source?
11>c:\users\bryan\documents\github\prest\modules\spellchecker\spellchecker_jumbo.cpp(15): warning C4627: '#include "modules/spellchecker/hunspell_3p/src/hunspell/affentry.cpp"': skipped when looking for precompiled header use
11>          Add directive to 'core/pch_jumbo.h' or rebuild precompiled header
11>  unicode_jumbo.cpp
11>c:\users\bryan\documents\github\prest\modules\spellchecker\spellchecker_jumbo.cpp(16): warning C4627: '#include "modules/spellchecker/hunspell_3p/src/hunspell/affixmgr.cpp"': skipped when looking for precompiled header use
11>          Add directive to 'core/pch_jumbo.h' or rebuild precompiled header
11>  updaters_jumbo.cpp
11>c:\users\bryan\documents\github\prest\modules\spellchecker\spellchecker_jumbo.cpp(17): warning C4627: '#include "modules/spellchecker/hunspell_3p/src/hunspell/csutil.cpp"': skipped when looking for precompiled header use
11>          Add directive to 'core/pch_jumbo.h' or rebuild precompiled header
11>c:\users\bryan\documents\github\prest\modules\spellchecker\spellchecker_jumbo.cpp(18): warning C4627: '#include "modules/spellchecker/hunspell_3p/src/hunspell/filemgr.cpp"': skipped when looking for precompiled header use
11>          Add directive to 'core/pch_jumbo.h' or rebuild precompiled header
11>c:\users\bryan\documents\github\prest\modules\spellchecker\spellchecker_jumbo.cpp(19): warning C4627: '#include "modules/spellchecker/hunspell_3p/src/hunspell/hashmgr.cpp"': skipped when looking for precompiled header use
11>          Add directive to 'core/pch_jumbo.h' or rebuild precompiled header
11>c:\users\bryan\documents\github\prest\modules\spellchecker\spellchecker_jumbo.cpp(20): warning C4627: '#include "modules/spellchecker/hunspell_3p/src/hunspell/hunspell.cpp"': skipped when looking for precompiled header use
11>          Add directive to 'core/pch_jumbo.h' or rebuild precompiled header
11>c:\users\bryan\documents\github\prest\modules\spellchecker\spellchecker_jumbo.cpp(21): warning C4627: '#include "modules/spellchecker/hunspell_3p/src/hunspell/hunzip.cpp"': skipped when looking for precompiled header use
11>          Add directive to 'core/pch_jumbo.h' or rebuild precompiled header
11>c:\users\bryan\documents\github\prest\modules\spellchecker\spellchecker_jumbo.cpp(22): warning C4627: '#include "modules/spellchecker/hunspell_3p/src/hunspell/phonet.cpp"': skipped when looking for precompiled header use
11>          Add directive to 'core/pch_jumbo.h' or rebuild precompiled header
11>c:\users\bryan\documents\github\prest\modules\spellchecker\spellchecker_jumbo.cpp(23): warning C4627: '#include "modules/spellchecker/hunspell_3p/src/hunspell/replist.cpp"': skipped when looking for precompiled header use
11>          Add directive to 'core/pch_jumbo.h' or rebuild precompiled header
13>  g_proto_descriptor_windows_common_messages.cpp
11>c:\users\bryan\documents\github\prest\modules\spellchecker\spellchecker_jumbo.cpp(24): warning C4627: '#include "modules/spellchecker/hunspell_3p/src/hunspell/suggestmgr.cpp"': skipped when looking for precompiled header use
11>          Add directive to 'core/pch_jumbo.h' or rebuild precompiled header
11>c:\users\bryan\documents\github\prest\modules\spellchecker\spellchecker_jumbo.cpp(25): warning C4627: '#include "modules/spellchecker/src/affixlineparsers.cpp"': skipped when looking for precompiled header use
11>          Add directive to 'core/pch_jumbo.h' or rebuild precompiled header
11>c:\users\bryan\documents\github\prest\modules\spellchecker\spellchecker_jumbo.cpp(26): warning C4627: '#include "modules/spellchecker/src/compoundrule.cpp"': skipped when looking for precompiled header use
11>          Add directive to 'core/pch_jumbo.h' or rebuild precompiled header
11>c:\users\bryan\documents\github\prest\modules\spellchecker\spellchecker_jumbo.cpp(27): warning C4627: '#include "modules/spellchecker/src/dictionarylookup.cpp"': skipped when looking for precompiled header use
11>          Add directive to 'core/pch_jumbo.h' or rebuild precompiled header
11>  upload_jumbo.cpp
11>c:\users\bryan\documents\github\prest\modules\spellchecker\spellchecker_jumbo.cpp(28): warning C4627: '#include "modules/spellchecker/src/dictionarymanagement.cpp"': skipped when looking for precompiled header use
11>          Add directive to 'core/pch_jumbo.h' or rebuild precompiled header
11>c:\users\bryan\documents\github\prest\modules\spellchecker\spellchecker_jumbo.cpp(29): warning C4627: '#include "modules/spellchecker/src/dictionaryparser.cpp"': skipped when looking for precompiled header use
11>          Add directive to 'core/pch_jumbo.h' or rebuild precompiled header
11>c:\users\bryan\documents\github\prest\modules\spellchecker\spellchecker_jumbo.cpp(30): warning C4627: '#include "modules/spellchecker/src/hunspellaffixfiledata.cpp"': skipped when looking for precompiled header use
11>          Add directive to 'core/pch_jumbo.h' or rebuild precompiled header
11>  upnp_jumbo.cpp
11>  url_jumbo.cpp
11>c:\users\bryan\documents\github\prest\modules\spellchecker\spellchecker_jumbo.cpp(31): warning C4627: '#include "modules/spellchecker/src/hunspelldictionaryfiledata.cpp"': skipped when looking for precompiled header use
11>          Add directive to 'core/pch_jumbo.h' or rebuild precompiled header
11>c:\users\bryan\documents\github\prest\modules\spellchecker\spellchecker_jumbo.cpp(32): warning C4627: '#include "modules/spellchecker/src/opspellcheckeraffix.cpp"': skipped when looking for precompiled header use
11>          Add directive to 'core/pch_jumbo.h' or rebuild precompiled header
11>c:\users\bryan\documents\github\prest\modules\spellchecker\spellchecker_jumbo.cpp(33): warning C4627: '#include "modules/spellchecker/src/opspellchecker.cpp"': skipped when looking for precompiled header use
11>          Add directive to 'core/pch_jumbo.h' or rebuild precompiled header
11>c:\users\bryan\documents\github\prest\modules\spellchecker\spellchecker_jumbo.cpp(34): warning C4627: '#include "modules/spellchecker/src/opspellcheckermanager.cpp"': skipped when looking for precompiled header use
11>          Add directive to 'core/pch_jumbo.h' or rebuild precompiled header
11>c:\users\bryan\documents\github\prest\modules\spellchecker\spellchecker_jumbo.cpp(35): warning C4627: '#include "modules/spellchecker/src/opspellcheckerradix.cpp"': skipped when looking for precompiled header use
11>          Add directive to 'core/pch_jumbo.h' or rebuild precompiled header
11>c:\users\bryan\documents\github\prest\modules\spellchecker\spellchecker_jumbo.cpp(36): warning C4627: '#include "modules/spellchecker/src/opspellcheckerutils.cpp"': skipped when looking for precompiled header use
11>          Add directive to 'core/pch_jumbo.h' or rebuild precompiled header
11>c:\users\bryan\documents\github\prest\modules\spellchecker\spellchecker_jumbo.cpp(37): warning C4627: '#include "modules/spellchecker/src/replacementsuggestions.cpp"': skipped when looking for precompiled header use
11>          Add directive to 'core/pch_jumbo.h' or rebuild precompiled header
11>c:\users\bryan\documents\github\prest\modules\spellchecker\spellchecker_jumbo.cpp(38): warning C4627: '#include "modules/spellchecker/src/spellchecker_module.cpp"': skipped when looking for precompiled header use
11>          Add directive to 'core/pch_jumbo.h' or rebuild precompiled header
11>c:\users\bryan\documents\github\prest\modules\spellchecker\spellchecker_jumbo.cpp(39): warning C4627: '#include "modules/spellchecker/src/spelluisession.cpp"': skipped when looking for precompiled header use
11>          Add directive to 'core/pch_jumbo.h' or rebuild precompiled header
11>c:\users\bryan\documents\github\prest\modules\spellchecker\spellchecker_jumbo.cpp(40): fatal error C1010: unexpected end of file while looking for precompiled header. Did you forget to add '#include "core/pch_jumbo.h"' to your source?
11>  util_jumbo.cpp
11>c:\users\bryan\documents\github\prest\modules\stdlib\stdlib_jumbo.cpp(15): warning C4627: '#include "modules/stdlib/src/stdlib_array.cpp"': skipped when looking for precompiled header use
11>          Add directive to 'core/pch_jumbo.h' or rebuild precompiled header
11>c:\users\bryan\documents\github\prest\modules\stdlib\stdlib_jumbo.cpp(16): warning C4627: '#include "modules/stdlib/src/stdlib_date.cpp"': skipped when looking for precompiled header use
11>          Add directive to 'core/pch_jumbo.h' or rebuild precompiled header
11>c:\users\bryan\documents\github\prest\modules\stdlib\stdlib_jumbo.cpp(17): warning C4627: '#include "modules/stdlib/src/stdlib_module.cpp"': skipped when looking for precompiled header use
11>          Add directive to 'core/pch_jumbo.h' or rebuild precompiled header
11>c:\users\bryan\documents\github\prest\modules\stdlib\stdlib_jumbo.cpp(18): warning C4627: '#include "modules/stdlib/src/stdlib_strtod.cpp"': skipped when looking for precompiled header use
11>          Add directive to 'core/pch_jumbo.h' or rebuild precompiled header
11>c:\users\bryan\documents\github\prest\modules\skin\skin_jumbo.cpp(15): warning C4627: '#include "modules/skin/OpSkin.cpp"': skipped when looking for precompiled header use
11>          Add directive to 'core/pch_jumbo.h' or rebuild precompiled header
11>c:\users\bryan\documents\github\prest\modules\stdlib\stdlib_jumbo.cpp(19): warning C4627: '#include "modules/stdlib/src/thirdparty_rng/stdlib_mt19937ar.cpp"': skipped when looking for precompiled header use
11>          Add directive to 'core/pch_jumbo.h' or rebuild precompiled header
11>c:\users\bryan\documents\github\prest\modules\skin\skin_jumbo.cpp(16): warning C4627: '#include "modules/skin/OpSkinElement.cpp"': skipped when looking for precompiled header use
11>          Add directive to 'core/pch_jumbo.h' or rebuild precompiled header
11>c:\users\bryan\documents\github\prest\modules\stdlib\stdlib_jumbo.cpp(20): warning C4627: '#include "modules/stdlib/src/thirdparty_math/stdlib_asin.cpp"': skipped when looking for precompiled header use
11>          Add directive to 'core/pch_jumbo.h' or rebuild precompiled header
14>  bytebuffer.cpp
13>  g_proto_windows_common_messages.cpp
14>  opvector.cpp
14>  excepts.cpp
11>c:\users\bryan\documents\github\prest\modules\skin\skin_jumbo.cpp(17): warning C4627: '#include "modules/skin/OpSkinManager.cpp"': skipped when looking for precompiled header use
11>          Add directive to 'core/pch_jumbo.h' or rebuild precompiled header
11>c:\users\bryan\documents\github\prest\modules\stdlib\stdlib_jumbo.cpp(21): warning C4627: '#include "modules/stdlib/src/thirdparty_math/stdlib_atan.cpp"': skipped when looking for precompiled header use
11>          Add directive to 'core/pch_jumbo.h' or rebuild precompiled header
11>c:\users\bryan\documents\github\prest\modules\skin\skin_jumbo.cpp(18): warning C4627: '#include "modules/skin/OpSkinUtils.cpp"': skipped when looking for precompiled header use
11>          Add directive to 'core/pch_jumbo.h' or rebuild precompiled header
11>c:\users\bryan\documents\github\prest\modules\stdlib\stdlib_jumbo.cpp(22): warning C4627: '#include "modules/stdlib/src/thirdparty_math/stdlib_atan2.cpp"': skipped when looking for precompiled header use
11>          Add directive to 'core/pch_jumbo.h' or rebuild precompiled header
11>c:\users\bryan\documents\github\prest\modules\stdlib\stdlib_jumbo.cpp(23): warning C4627: '#include "modules/stdlib/src/thirdparty_math/stdlib_exp.cpp"': skipped when looking for precompiled header use
11>          Add directive to 'core/pch_jumbo.h' or rebuild precompiled header
11>c:\users\bryan\documents\github\prest\modules\skin\skin_jumbo.cpp(19): warning C4627: '#include "modules/skin/OpPersona.cpp"': skipped when looking for precompiled header use
11>          Add directive to 'core/pch_jumbo.h' or rebuild precompiled header
11>c:\users\bryan\documents\github\prest\modules\stdlib\stdlib_jumbo.cpp(24): warning C4627: '#include "modules/stdlib/src/thirdparty_math/stdlib_fmod.cpp"': skipped when looking for precompiled header use
11>          Add directive to 'core/pch_jumbo.h' or rebuild precompiled header
11>c:\users\bryan\documents\github\prest\modules\skin\skin_jumbo.cpp(20): warning C4627: '#include "modules/skin/skin_module.cpp"': skipped when looking for precompiled header use
11>          Add directive to 'core/pch_jumbo.h' or rebuild precompiled header
11>c:\users\bryan\documents\github\prest\modules\stdlib\stdlib_jumbo.cpp(25): warning C4627: '#include "modules/stdlib/src/thirdparty_math/stdlib_ldexp.cpp"': skipped when looking for precompiled header use
11>          Add directive to 'core/pch_jumbo.h' or rebuild precompiled header
11>c:\users\bryan\documents\github\prest\modules\skin\skin_jumbo.cpp(21): warning C4627: '#include "modules/skin/OpWidgetImage.cpp"': skipped when looking for precompiled header use
11>          Add directive to 'core/pch_jumbo.h' or rebuild precompiled header
11>c:\users\bryan\documents\github\prest\modules\stdlib\stdlib_jumbo.cpp(26): warning C4627: '#include "modules/stdlib/src/thirdparty_math/stdlib_log.cpp"': skipped when looking for precompiled header use
11>          Add directive to 'core/pch_jumbo.h' or rebuild precompiled header
11>c:\users\bryan\documents\github\prest\modules\skin\skin_jumbo.cpp(22): warning C4627: '#include "modules/skin/IndpWidgetInfo.cpp"': skipped when looking for precompiled header use
11>          Add directive to 'core/pch_jumbo.h' or rebuild precompiled header
11>c:\users\bryan\documents\github\prest\modules\stdlib\stdlib_jumbo.cpp(27): warning C4627: '#include "modules/stdlib/src/thirdparty_math/stdlib_log10.cpp"': skipped when looking for precompiled header use
11>          Add directive to 'core/pch_jumbo.h' or rebuild precompiled header
11>c:\users\bryan\documents\github\prest\modules\skin\skin_jumbo.cpp(23): warning C4627: '#include "modules/skin/IndpWidgetPainter.cpp"': skipped when looking for precompiled header use
11>          Add directive to 'core/pch_jumbo.h' or rebuild precompiled header
11>c:\users\bryan\documents\github\prest\modules\stdlib\stdlib_jumbo.cpp(28): warning C4627: '#include "modules/stdlib/src/thirdparty_math/stdlib_pow.cpp"': skipped when looking for precompiled header use
11>          Add directive to 'core/pch_jumbo.h' or rebuild precompiled header
11>c:\users\bryan\documents\github\prest\modules\skin\skin_jumbo.cpp(24): warning C4627: '#include "modules/skin/OpSkinAnimHandler.cpp"': skipped when looking for precompiled header use
11>          Add directive to 'core/pch_jumbo.h' or rebuild precompiled header
11>c:\users\bryan\documents\github\prest\modules\stdlib\stdlib_jumbo.cpp(29): warning C4627: '#include "modules/stdlib/src/thirdparty_math/stdlib_sin.cpp"': skipped when looking for precompiled header use
11>          Add directive to 'core/pch_jumbo.h' or rebuild precompiled header
11>c:\users\bryan\documents\github\prest\modules\skin\skin_jumbo.cpp(25): fatal error C1010: unexpected end of file while looking for precompiled header. Did you forget to add '#include "core/pch_jumbo.h"' to your source?
11>c:\users\bryan\documents\github\prest\modules\stdlib\stdlib_jumbo.cpp(30): warning C4627: '#include "modules/stdlib/src/thirdparty_math/stdlib_sinh.cpp"': skipped when looking for precompiled header use
11>          Add directive to 'core/pch_jumbo.h' or rebuild precompiled header
11>c:\users\bryan\documents\github\prest\modules\stdlib\stdlib_jumbo.cpp(31): warning C4627: '#include "modules/stdlib/src/thirdparty_math/stdlib_sqrt.cpp"': skipped when looking for precompiled header use
11>          Add directive to 'core/pch_jumbo.h' or rebuild precompiled header
11>c:\users\bryan\documents\github\prest\modules\stdlib\stdlib_jumbo.cpp(32): warning C4627: '#include "modules/stdlib/src/thirdparty_math/stdlib_tan.cpp"': skipped when looking for precompiled header use
11>          Add directive to 'core/pch_jumbo.h' or rebuild precompiled header
11>c:\users\bryan\documents\github\prest\modules\stdlib\stdlib_jumbo.cpp(33): warning C4627: '#include "modules/stdlib/src/thirdparty_math/stdlib_tanh.cpp"': skipped when looking for precompiled header use
11>          Add directive to 'core/pch_jumbo.h' or rebuild precompiled header
11>c:\users\bryan\documents\github\prest\modules\stdlib\stdlib_jumbo.cpp(34): warning C4627: '#include "modules/stdlib/util/opdate.cpp"': skipped when looking for precompiled header use
11>          Add directive to 'core/pch_jumbo.h' or rebuild precompiled header
11>c:\users\bryan\documents\github\prest\modules\stdlib\stdlib_jumbo.cpp(35): fatal error C1010: unexpected end of file while looking for precompiled header. Did you forget to add '#include "core/pch_jumbo.h"' to your source?
11>c:\users\bryan\documents\github\prest\modules\thumbnails\thumbnails_jumbo.cpp(15): warning C4627: '#include "modules/thumbnails/src/thumbnail.cpp"': skipped when looking for precompiled header use
11>          Add directive to 'core/pch_jumbo.h' or rebuild precompiled header
11>c:\users\bryan\documents\github\prest\modules\thumbnails\thumbnails_jumbo.cpp(16): warning C4627: '#include "modules/thumbnails/src/thumbnailview.cpp"': skipped when looking for precompiled header use
11>          Add directive to 'core/pch_jumbo.h' or rebuild precompiled header
11>c:\users\bryan\documents\github\prest\modules\thumbnails\thumbnails_jumbo.cpp(17): warning C4627: '#include "modules/thumbnails/src/thumbnailmanager.cpp"': skipped when looking for precompiled header use
11>          Add directive to 'core/pch_jumbo.h' or rebuild precompiled header
11>  viewers_jumbo.cpp
11>c:\users\bryan\documents\github\prest\modules\svg\svg_jumbo.cpp(15): warning C4627: '#include "modules/svg/src/AttrValueStore.cpp"': skipped when looking for precompiled header use
11>          Add directive to 'core/pch_jumbo.h' or rebuild precompiled header
11>  wand_jumbo.cpp
11>c:\users\bryan\documents\github\prest\modules\sync\sync_jumbo.cpp(15): warning C4627: '#include "modules/sync/sync_module.cpp"': skipped when looking for precompiled header use
11>          Add directive to 'core/pch_jumbo.h' or rebuild precompiled header
11>c:\users\bryan\documents\github\prest\modules\upload\upload_jumbo.cpp(15): warning C4627: '#include "modules/upload/upload_async.cpp"': skipped when looking for precompiled header use
11>          Add directive to 'core/pch_jumbo.h' or rebuild precompiled header
11>c:\users\bryan\documents\github\prest\modules\unicode\unicode_jumbo.cpp(15): warning C4627: '#include "modules/unicode/unicode_bidi.cpp"': skipped when looking for precompiled header use
11>          Add directive to 'core/pch_jumbo.h' or rebuild precompiled header
11>c:\users\bryan\documents\github\prest\modules\upnp\upnp_jumbo.cpp(15): warning C4627: '#include "modules/upnp/src/upnp_upnp.cpp"': skipped when looking for precompiled header use
11>          Add directive to 'core/pch_jumbo.h' or rebuild precompiled header
11>c:\users\bryan\documents\github\prest\modules\url\url_jumbo.cpp(15): warning C4627: '#include "modules/url/url_api.cpp"': skipped when looking for precompiled header use
11>          Add directive to 'core/pch_jumbo.h' or rebuild precompiled header
11>c:\users\bryan\documents\github\prest\modules\thumbnails\thumbnails_jumbo.cpp(18): warning C4627: '#include "modules/thumbnails/src/thumbnails_module.cpp"': skipped when looking for precompiled header use
11>          Add directive to 'core/pch_jumbo.h' or rebuild precompiled header
11>c:\users\bryan\documents\github\prest\modules\svg\svg_jumbo.cpp(16): warning C4627: '#include "modules/svg/src/OpBpath.cpp"': skipped when looking for precompiled header use
11>          Add directive to 'core/pch_jumbo.h' or rebuild precompiled header
11>c:\users\bryan\documents\github\prest\modules\sync\sync_jumbo.cpp(16): warning C4627: '#include "modules/sync/sync_coordinator.cpp"': skipped when looking for precompiled header use
11>          Add directive to 'core/pch_jumbo.h' or rebuild precompiled header
11>c:\users\bryan\documents\github\prest\modules\style\style_jumbo.cpp(15): warning C4627: '#include "modules/style/src/css.cpp"': skipped when looking for precompiled header use
11>          Add directive to 'core/pch_jumbo.h' or rebuild precompiled header
11>c:\users\bryan\documents\github\prest\modules\upload\upload_jumbo.cpp(16): warning C4627: '#include "modules/upload/upload_base.cpp"': skipped when looking for precompiled header use
11>          Add directive to 'core/pch_jumbo.h' or rebuild precompiled header
11>c:\users\bryan\documents\github\prest\modules\unicode\unicode_jumbo.cpp(16): warning C4627: '#include "modules/unicode/unicode_bidiutils.cpp"': skipped when looking for precompiled header use
11>          Add directive to 'core/pch_jumbo.h' or rebuild precompiled header
11>c:\users\bryan\documents\github\prest\modules\upnp\upnp_jumbo.cpp(16): warning C4627: '#include "modules/upnp/src/upnp_module.cpp"': skipped when looking for precompiled header use
11>          Add directive to 'core/pch_jumbo.h' or rebuild precompiled header
11>c:\users\bryan\documents\github\prest\modules\thumbnails\thumbnails_jumbo.cpp(19): warning C4627: '#include "modules/thumbnails/src/thumbnailgenerator.cpp"': skipped when looking for precompiled header use
11>          Add directive to 'core/pch_jumbo.h' or rebuild precompiled header
11>c:\users\bryan\documents\github\prest\modules\url\url_jumbo.cpp(16): warning C4627: '#include "modules/url/url_brel.cpp"': skipped when looking for precompiled header use
11>          Add directive to 'core/pch_jumbo.h' or rebuild precompiled header
11>c:\users\bryan\documents\github\prest\modules\svg\svg_jumbo.cpp(17): warning C4627: '#include "modules/svg/src/SVGCache.cpp"': skipped when looking for precompiled header use
11>          Add directive to 'core/pch_jumbo.h' or rebuild precompiled header
11>c:\users\bryan\documents\github\prest\modules\sync\sync_jumbo.cpp(17): warning C4627: '#include "modules/sync/sync_factory.cpp"': skipped when looking for precompiled header use
11>          Add directive to 'core/pch_jumbo.h' or rebuild precompiled header
11>c:\users\bryan\documents\github\prest\modules\style\style_jumbo.cpp(16): warning C4627: '#include "modules/style/src/css_buffer.cpp"': skipped when looking for precompiled header use
11>          Add directive to 'core/pch_jumbo.h' or rebuild precompiled header
11>c:\users\bryan\documents\github\prest\modules\upload\upload_jumbo.cpp(17): warning C4627: '#include "modules/upload/upload_buffer.cpp"': skipped when looking for precompiled header use
11>          Add directive to 'core/pch_jumbo.h' or rebuild precompiled header
11>c:\users\bryan\documents\github\prest\modules\unicode\unicode_jumbo.cpp(17): warning C4627: '#include "modules/unicode/unicode_linebreak.cpp"': skipped when looking for precompiled header use
11>          Add directive to 'core/pch_jumbo.h' or rebuild precompiled header
11>c:\users\bryan\documents\github\prest\modules\thumbnails\thumbnails_jumbo.cpp(20): warning C4627: '#include "modules/thumbnails/src/thumbnaillogofinder.cpp"': skipped when looking for precompiled header use
11>          Add directive to 'core/pch_jumbo.h' or rebuild precompiled header
11>c:\users\bryan\documents\github\prest\modules\upnp\upnp_jumbo.cpp(17): warning C4627: '#include "modules/upnp/src/upnp_soap.cpp"': skipped when looking for precompiled header use
11>          Add directive to 'core/pch_jumbo.h' or rebuild precompiled header
11>c:\users\bryan\documents\github\prest\modules\url\url_jumbo.cpp(17): warning C4627: '#include "modules/url/url_con.cpp"': skipped when looking for precompiled header use
11>          Add directive to 'core/pch_jumbo.h' or rebuild precompiled header
11>c:\users\bryan\documents\github\prest\modules\updaters\updaters_jumbo.cpp(15): warning C4627: '#include "modules/updaters/src/update_man.cpp"': skipped when looking for precompiled header use
11>          Add directive to 'core/pch_jumbo.h' or rebuild precompiled header
11>c:\users\bryan\documents\github\prest\modules\svg\svg_jumbo.cpp(18): warning C4627: '#include "modules/svg/src/SVGDynamicChangeHandler.cpp"': skipped when looking for precompiled header use
11>          Add directive to 'core/pch_jumbo.h' or rebuild precompiled header
11>c:\users\bryan\documents\github\prest\modules\style\style_jumbo.cpp(17): warning C4627: '#include "modules/style/src/css_charset_rule.cpp"': skipped when looking for precompiled header use
11>          Add directive to 'core/pch_jumbo.h' or rebuild precompiled header
11>c:\users\bryan\documents\github\prest\modules\sync\sync_jumbo.cpp(18): warning C4627: '#include "modules/sync/sync_dataitem.cpp"': skipped when looking for precompiled header use
11>          Add directive to 'core/pch_jumbo.h' or rebuild precompiled header
11>c:\users\bryan\documents\github\prest\modules\upload\upload_jumbo.cpp(18): warning C4627: '#include "modules/upload/upload_build2.cpp"': skipped when looking for precompiled header use
11>          Add directive to 'core/pch_jumbo.h' or rebuild precompiled header
11>c:\users\bryan\documents\github\prest\modules\thumbnails\thumbnails_jumbo.cpp(21): warning C4627: '#include "modules/thumbnails/src/thumbnailiconfinder.cpp"': skipped when looking for precompiled header use
11>          Add directive to 'core/pch_jumbo.h' or rebuild precompiled header
11>c:\users\bryan\documents\github\prest\modules\unicode\unicode_jumbo.cpp(18): warning C4627: '#include "modules/unicode/unicode_linebreak_thai_fallback.cpp"': skipped when looking for precompiled header use
11>          Add directive to 'core/pch_jumbo.h' or rebuild precompiled header
11>c:\users\bryan\documents\github\prest\modules\upnp\upnp_jumbo.cpp(18): warning C4627: '#include "modules/upnp/src/upnp_handlers.cpp"': skipped when looking for precompiled header use
11>          Add directive to 'core/pch_jumbo.h' or rebuild precompiled header
11>c:\users\bryan\documents\github\prest\modules\url\url_jumbo.cpp(18): warning C4627: '#include "modules/url/url_dns_man.cpp"': skipped when looking for precompiled header use
11>          Add directive to 'core/pch_jumbo.h' or rebuild precompiled header
11>c:\users\bryan\documents\github\prest\modules\updaters\updaters_jumbo.cpp(16): warning C4627: '#include "modules/updaters/src/url_updater.cpp"': skipped when looking for precompiled header use
11>          Add directive to 'core/pch_jumbo.h' or rebuild precompiled header
11>c:\users\bryan\documents\github\prest\modules\svg\svg_jumbo.cpp(19): warning C4627: '#include "modules/svg/src/SVGFontImpl.cpp"': skipped when looking for precompiled header use
11>          Add directive to 'core/pch_jumbo.h' or rebuild precompiled header
14>  hash.cpp
13>  fileinfo.cpp
13>  hookapi.cpp
14>  opstring.cpp
14>  simset.cpp
11>c:\users\bryan\documents\github\prest\modules\style\style_jumbo.cpp(18): warning C4627: '#include "modules/style/src/css_collection.cpp"': skipped when looking for precompiled header use
11>          Add directive to 'core/pch_jumbo.h' or rebuild precompiled header
11>c:\users\bryan\documents\github\prest\modules\sync\sync_jumbo.cpp(19): warning C4627: '#include "modules/sync/sync_transport.cpp"': skipped when looking for precompiled header use
11>          Add directive to 'core/pch_jumbo.h' or rebuild precompiled header
11>c:\users\bryan\documents\github\prest\modules\thumbnails\thumbnails_jumbo.cpp(22): fatal error C1010: unexpected end of file while looking for precompiled header. Did you forget to add '#include "core/pch_jumbo.h"' to your source?
11>c:\users\bryan\documents\github\prest\modules\upload\upload_jumbo.cpp(19): warning C4627: '#include "modules/upload/upload_encapsulated.cpp"': skipped when looking for precompiled header use
11>          Add directive to 'core/pch_jumbo.h' or rebuild precompiled header
11>c:\users\bryan\documents\github\prest\modules\unicode\unicode_jumbo.cpp(19): warning C4627: '#include "modules/unicode/unicode_module.cpp"': skipped when looking for precompiled header use
11>          Add directive to 'core/pch_jumbo.h' or rebuild precompiled header
11>c:\users\bryan\documents\github\prest\modules\wand\wand_jumbo.cpp(15): warning C4627: '#include "modules/wand/suspendedoperation.cpp"': skipped when looking for precompiled header use
11>          Add directive to 'core/pch_jumbo.h' or rebuild precompiled header
11>c:\users\bryan\documents\github\prest\modules\upnp\upnp_jumbo.cpp(19): warning C4627: '#include "modules/upnp/src/upnp_port_opening.cpp"': skipped when looking for precompiled header use
11>          Add directive to 'core/pch_jumbo.h' or rebuild precompiled header
11>c:\users\bryan\documents\github\prest\modules\viewers\viewers_jumbo.cpp(15): warning C4627: '#include "modules/viewers/src/viewers_viewers.cpp"': skipped when looking for precompiled header use
11>          Add directive to 'core/pch_jumbo.h' or rebuild precompiled header
11>c:\users\bryan\documents\github\prest\modules\url\url_jumbo.cpp(19): warning C4627: '#include "modules/url/url_connection_socket_wrapper.cpp"': skipped when looking for precompiled header use
11>          Add directive to 'core/pch_jumbo.h' or rebuild precompiled header
11>c:\users\bryan\documents\github\prest\modules\updaters\updaters_jumbo.cpp(17): warning C4627: '#include "modules/updaters/src/xml_update.cpp"': skipped when looking for precompiled header use
11>          Add directive to 'core/pch_jumbo.h' or rebuild precompiled header
11>c:\users\bryan\documents\github\prest\modules\svg\svg_jumbo.cpp(20): warning C4627: '#include "modules/svg/src/SVGGradient.cpp"': skipped when looking for precompiled header use
11>          Add directive to 'core/pch_jumbo.h' or rebuild precompiled header
11>c:\users\bryan\documents\github\prest\modules\style\style_jumbo.cpp(19): warning C4627: '#include "modules/style/src/css_conditional_rule.cpp"': skipped when looking for precompiled header use
11>          Add directive to 'core/pch_jumbo.h' or rebuild precompiled header
11>c:\users\bryan\documents\github\prest\modules\sync\sync_jumbo.cpp(20): warning C4627: '#include "modules/sync/sync_parser.cpp"': skipped when looking for precompiled header use
11>          Add directive to 'core/pch_jumbo.h' or rebuild precompiled header
11>c:\users\bryan\documents\github\prest\modules\upload\upload_jumbo.cpp(20): warning C4627: '#include "modules/upload/upload_handler.cpp"': skipped when looking for precompiled header use
11>          Add directive to 'core/pch_jumbo.h' or rebuild precompiled header
11>c:\users\bryan\documents\github\prest\modules\unicode\unicode_jumbo.cpp(20): warning C4627: '#include "modules/unicode/unicode_normalize.cpp"': skipped when looking for precompiled header use
11>          Add directive to 'core/pch_jumbo.h' or rebuild precompiled header
11>c:\users\bryan\documents\github\prest\modules\wand\wand_jumbo.cpp(16): warning C4627: '#include "modules/wand/wandmanager.cpp"': skipped when looking for precompiled header use
11>          Add directive to 'core/pch_jumbo.h' or rebuild precompiled header
11>c:\users\bryan\documents\github\prest\modules\upnp\upnp_jumbo.cpp(20): fatal error C1010: unexpected end of file while looking for precompiled header. Did you forget to add '#include "core/pch_jumbo.h"' to your source?
11>c:\users\bryan\documents\github\prest\modules\viewers\viewers_jumbo.cpp(16): warning C4627: '#include "modules/viewers/src/viewers_plugins.cpp"': skipped when looking for precompiled header use
11>          Add directive to 'core/pch_jumbo.h' or rebuild precompiled header
11>c:\users\bryan\documents\github\prest\modules\updaters\updaters_jumbo.cpp(18): fatal error C1010: unexpected end of file while looking for precompiled header. Did you forget to add '#include "core/pch_jumbo.h"' to your source?
11>c:\users\bryan\documents\github\prest\modules\url\url_jumbo.cpp(20): warning C4627: '#include "modules/url/url_counter_socket_wrapper.cpp"': skipped when looking for precompiled header use
11>          Add directive to 'core/pch_jumbo.h' or rebuild precompiled header
11>c:\users\bryan\documents\github\prest\modules\style\style_jumbo.cpp(20): warning C4627: '#include "modules/style/src/css_condition.cpp"': skipped when looking for precompiled header use
11>          Add directive to 'core/pch_jumbo.h' or rebuild precompiled header
11>c:\users\bryan\documents\github\prest\modules\svg\svg_jumbo.cpp(21): warning C4627: '#include "modules/svg/src/SVGPattern.cpp"': skipped when looking for precompiled header use
11>          Add directive to 'core/pch_jumbo.h' or rebuild precompiled header
11>c:\users\bryan\documents\github\prest\modules\upload\upload_jumbo.cpp(21): warning C4627: '#include "modules/upload/upload_hdr_boundary.cpp"': skipped when looking for precompiled header use
11>          Add directive to 'core/pch_jumbo.h' or rebuild precompiled header
11>c:\users\bryan\documents\github\prest\modules\sync\sync_jumbo.cpp(21): warning C4627: '#include "modules/sync/sync_parser_myopera.cpp"': skipped when looking for precompiled header use
11>          Add directive to 'core/pch_jumbo.h' or rebuild precompiled header
11>c:\users\bryan\documents\github\prest\modules\wand\wand_jumbo.cpp(17): warning C4627: '#include "modules/wand/wand_module.cpp"': skipped when looking for precompiled header use
11>          Add directive to 'core/pch_jumbo.h' or rebuild precompiled header
11>c:\users\bryan\documents\github\prest\modules\unicode\unicode_jumbo.cpp(21): warning C4627: '#include "modules/unicode/unicode_segmenter.cpp"': skipped when looking for precompiled header use
11>          Add directive to 'core/pch_jumbo.h' or rebuild precompiled header
11>c:\users\bryan\documents\github\prest\modules\viewers\viewers_jumbo.cpp(17): warning C4627: '#include "modules/viewers/src/viewers_module.cpp"': skipped when looking for precompiled header use
11>          Add directive to 'core/pch_jumbo.h' or rebuild precompiled header
11>  webfeeds_jumbo.cpp
11>c:\users\bryan\documents\github\prest\modules\url\url_jumbo.cpp(21): warning C4627: '#include "modules/url/url_dns_wrapper.cpp"': skipped when looking for precompiled header use
11>          Add directive to 'core/pch_jumbo.h' or rebuild precompiled header
11>c:\users\bryan\documents\github\prest\modules\style\style_jumbo.cpp(21): warning C4627: '#include "modules/style/src/css_decl.cpp"': skipped when looking for precompiled header use
11>          Add directive to 'core/pch_jumbo.h' or rebuild precompiled header
11>c:\users\bryan\documents\github\prest\modules\upload\upload_jumbo.cpp(22): warning C4627: '#include "modules/upload/upload_hdr_param.cpp"': skipped when looking for precompiled header use
11>          Add directive to 'core/pch_jumbo.h' or rebuild precompiled header
11>c:\users\bryan\documents\github\prest\modules\svg\svg_jumbo.cpp(22): warning C4627: '#include "modules/svg/src/SVGManagerImpl.cpp"': skipped when looking for precompiled header use
11>          Add directive to 'core/pch_jumbo.h' or rebuild precompiled header
11>c:\users\bryan\documents\github\prest\modules\sync\sync_jumbo.cpp(22): warning C4627: '#include "modules/sync/sync_dataqueue.cpp"': skipped when looking for precompiled header use
11>          Add directive to 'core/pch_jumbo.h' or rebuild precompiled header
11>c:\users\bryan\documents\github\prest\modules\wand\wand_jumbo.cpp(18): warning C4627: '#include "modules/wand/wandpage.cpp"': skipped when looking for precompiled header use
11>          Add directive to 'core/pch_jumbo.h' or rebuild precompiled header
11>c:\users\bryan\documents\github\prest\modules\viewers\viewers_jumbo.cpp(18): fatal error C1010: unexpected end of file while looking for precompiled header. Did you forget to add '#include "core/pch_jumbo.h"' to your source?
11>c:\users\bryan\documents\github\prest\modules\unicode\unicode_jumbo.cpp(22): warning C4627: '#include "modules/unicode/testsuite/unicode_selftest_utilities.cpp"': skipped when looking for precompiled header use
11>          Add directive to 'core/pch_jumbo.h' or rebuild precompiled header
11>c:\users\bryan\documents\github\prest\modules\url\url_jumbo.cpp(22): warning C4627: '#include "modules/url/url_dochandler.cpp"': skipped when looking for precompiled header use
11>          Add directive to 'core/pch_jumbo.h' or rebuild precompiled header
11>c:\users\bryan\documents\github\prest\modules\upload\upload_jumbo.cpp(23): warning C4627: '#include "modules/upload/upload_hdr_param_coll.cpp"': skipped when looking for precompiled header use
11>          Add directive to 'core/pch_jumbo.h' or rebuild precompiled header
11>c:\users\bryan\documents\github\prest\modules\style\style_jumbo.cpp(22): warning C4627: '#include "modules/style/src/css_dom.cpp"': skipped when looking for precompiled header use
11>          Add directive to 'core/pch_jumbo.h' or rebuild precompiled header
11>c:\users\bryan\documents\github\prest\modules\sync\sync_jumbo.cpp(23): warning C4627: '#include "modules/sync/sync_allocator.cpp"': skipped when looking for precompiled header use
11>          Add directive to 'core/pch_jumbo.h' or rebuild precompiled header
11>c:\users\bryan\documents\github\prest\modules\svg\svg_jumbo.cpp(23): warning C4627: '#include "modules/svg/src/SVGRenderer.cpp"': skipped when looking for precompiled header use
11>          Add directive to 'core/pch_jumbo.h' or rebuild precompiled header
11>c:\users\bryan\documents\github\prest\modules\wand\wand_jumbo.cpp(19): warning C4627: '#include "modules/wand/wandprofile.cpp"': skipped when looking for precompiled header use
11>          Add directive to 'core/pch_jumbo.h' or rebuild precompiled header
11>c:\users\bryan\documents\github\prest\modules\unicode\unicode_jumbo.cpp(23): warning C4627: '#include "modules/unicode/testsuite/bidi_reference.cpp"': skipped when looking for precompiled header use
11>          Add directive to 'core/pch_jumbo.h' or rebuild precompiled header
11>c:\users\bryan\documents\github\prest\modules\url\url_jumbo.cpp(23): warning C4627: '#include "modules/url/url_docload.cpp"': skipped when looking for precompiled header use
11>          Add directive to 'core/pch_jumbo.h' or rebuild precompiled header
11>c:\users\bryan\documents\github\prest\modules\upload\upload_jumbo.cpp(24): warning C4627: '#include "modules/upload/upload_hdr_qp.cpp"': skipped when looking for precompiled header use
11>          Add directive to 'core/pch_jumbo.h' or rebuild precompiled header
11>  webgl_jumbo.cpp
11>  webp_jumbo.cpp
11>c:\users\bryan\documents\github\prest\modules\style\style_jumbo.cpp(23): warning C4627: '#include "modules/style/src/css_fontface_rule.cpp"': skipped when looking for precompiled header use
11>          Add directive to 'core/pch_jumbo.h' or rebuild precompiled header
11>c:\users\bryan\documents\github\prest\modules\util\util_jumbo.cpp(15): warning C4627: '#include "modules/util/OpLineParser.cpp"': skipped when looking for precompiled header use
11>          Add directive to 'core/pch_jumbo.h' or rebuild precompiled header
11>c:\users\bryan\documents\github\prest\modules\svg\svg_jumbo.cpp(24): warning C4627: '#include "modules/svg/src/SVGTransform.cpp"': skipped when looking for precompiled header use
11>          Add directive to 'core/pch_jumbo.h' or rebuild precompiled header
11>c:\users\bryan\documents\github\prest\modules\wand\wand_jumbo.cpp(20): warning C4627: '#include "modules/wand/wandecml.cpp"': skipped when looking for precompiled header use
11>          Add directive to 'core/pch_jumbo.h' or rebuild precompiled header
11>c:\users\bryan\documents\github\prest\modules\unicode\unicode_jumbo.cpp(24): fatal error C1010: unexpected end of file while looking for precompiled header. Did you forget to add '#include "core/pch_jumbo.h"' to your source?
11>c:\users\bryan\documents\github\prest\modules\url\url_jumbo.cpp(24): warning C4627: '#include "modules/url/url_ds.cpp"': skipped when looking for precompiled header use
11>          Add directive to 'core/pch_jumbo.h' or rebuild precompiled header
11>c:\users\bryan\documents\github\prest\modules\upload\upload_jumbo.cpp(25): warning C4627: '#include "modules/upload/upload_hdr_rfc2231.cpp"': skipped when looking for precompiled header use
11>          Add directive to 'core/pch_jumbo.h' or rebuild precompiled header
11>c:\users\bryan\documents\github\prest\modules\style\style_jumbo.cpp(24): warning C4627: '#include "modules/style/src/css_gradient.cpp"': skipped when looking for precompiled header use
11>          Add directive to 'core/pch_jumbo.h' or rebuild precompiled header
11>c:\users\bryan\documents\github\prest\modules\sync\sync_jumbo.cpp(24): warning C4627: '#include "modules/sync/sync_datacollection.cpp"': skipped when looking for precompiled header use
11>          Add directive to 'core/pch_jumbo.h' or rebuild precompiled header
11>c:\users\bryan\documents\github\prest\modules\util\util_jumbo.cpp(16): warning C4627: '#include "modules/util/OpTypedObject.cpp"': skipped when looking for precompiled header use
11>          Add directive to 'core/pch_jumbo.h' or rebuild precompiled header
11>c:\users\bryan\documents\github\prest\modules\wand\wand_jumbo.cpp(21): warning C4627: '#include "modules/wand/wand_sync_data_client.cpp"': skipped when looking for precompiled header use
11>          Add directive to 'core/pch_jumbo.h' or rebuild precompiled header
11>c:\users\bryan\documents\github\prest\modules\svg\svg_jumbo.cpp(25): warning C4627: '#include "modules/svg/src/SVGMatrix.cpp"': skipped when looking for precompiled header use
11>          Add directive to 'core/pch_jumbo.h' or rebuild precompiled header
11>c:\users\bryan\documents\github\prest\modules\url\url_jumbo.cpp(25): warning C4627: '#include "modules/url/url_dsf.cpp"': skipped when looking for precompiled header use
11>          Add directive to 'core/pch_jumbo.h' or rebuild precompiled header
11>c:\users\bryan\documents\github\prest\modules\style\style_jumbo.cpp(25): warning C4627: '#include "modules/style/src/css_import_rule.cpp"': skipped when looking for precompiled header use
11>          Add directive to 'core/pch_jumbo.h' or rebuild precompiled header
11>c:\users\bryan\documents\github\prest\modules\upload\upload_jumbo.cpp(26): warning C4627: '#include "modules/upload/upload_header.cpp"': skipped when looking for precompiled header use
11>          Add directive to 'core/pch_jumbo.h' or rebuild precompiled header
11>c:\users\bryan\documents\github\prest\modules\sync\sync_jumbo.cpp(25): warning C4627: '#include "modules/sync/sync_encryption_key.cpp"': skipped when looking for precompiled header use
11>          Add directive to 'core/pch_jumbo.h' or rebuild precompiled header
11>c:\users\bryan\documents\github\prest\modules\util\util_jumbo.cpp(17): warning C4627: '#include "modules/util/b23tree.cpp"': skipped when looking for precompiled header use
11>          Add directive to 'core/pch_jumbo.h' or rebuild precompiled header
11>c:\users\bryan\documents\github\prest\modules\wand\wand_jumbo.cpp(22): warning C4627: '#include "modules/wand/wand_sync_item.cpp"': skipped when looking for precompiled header use
11>          Add directive to 'core/pch_jumbo.h' or rebuild precompiled header
11>c:\users\bryan\documents\github\prest\modules\svg\svg_jumbo.cpp(26): warning C4627: '#include "modules/svg/src/SVGCanvasState.cpp"': skipped when looking for precompiled header use
11>          Add directive to 'core/pch_jumbo.h' or rebuild precompiled header
13>  proc_loader.cpp
14>  tempbuf.cpp
14>  g_message_windowcommander_messages.cpp
13>  noencodepointer.cpp
13>  Generating Code...
11>c:\users\bryan\documents\github\prest\modules\url\url_jumbo.cpp(26): warning C4627: '#include "modules/url/url_dss.cpp"': skipped when looking for precompiled header use
11>          Add directive to 'core/pch_jumbo.h' or rebuild precompiled header
11>c:\users\bryan\documents\github\prest\modules\style\style_jumbo.cpp(26): warning C4627: '#include "modules/style/src/css_lexer.cpp"': skipped when looking for precompiled header use
11>          Add directive to 'core/pch_jumbo.h' or rebuild precompiled header
11>c:\users\bryan\documents\github\prest\modules\upload\upload_jumbo.cpp(27): warning C4627: '#include "modules/upload/upload_headerlist.cpp"': skipped when looking for precompiled header use
11>          Add directive to 'core/pch_jumbo.h' or rebuild precompiled header
11>c:\users\bryan\documents\github\prest\modules\wand\wand_jumbo.cpp(23): fatal error C1010: unexpected end of file while looking for precompiled header. Did you forget to add '#include "core/pch_jumbo.h"' to your source?
11>  webserver_jumbo.cpp
11>c:\users\bryan\documents\github\prest\modules\sync\sync_jumbo.cpp(26): warning C4627: '#include "modules/sync/sync_state.cpp"': skipped when looking for precompiled header use
11>          Add directive to 'core/pch_jumbo.h' or rebuild precompiled header
11>c:\users\bryan\documents\github\prest\modules\util\util_jumbo.cpp(18): warning C4627: '#include "modules/util/bytearray.cpp"': skipped when looking for precompiled header use
11>          Add directive to 'core/pch_jumbo.h' or rebuild precompiled header
11>c:\users\bryan\documents\github\prest\modules\svg\svg_jumbo.cpp(27): warning C4627: '#include "modules/svg/src/SVGValue.cpp"': skipped when looking for precompiled header use
11>          Add directive to 'core/pch_jumbo.h' or rebuild precompiled header
11>c:\users\bryan\documents\github\prest\modules\url\url_jumbo.cpp(27): warning C4627: '#include "modules/url/url_dswd.cpp"': skipped when looking for precompiled header use
11>          Add directive to 'core/pch_jumbo.h' or rebuild precompiled header
11>c:\users\bryan\documents\github\prest\modules\style\style_jumbo.cpp(27): warning C4627: '#include "modules/style/src/css_media.cpp"': skipped when looking for precompiled header use
11>          Add directive to 'core/pch_jumbo.h' or rebuild precompiled header
11>  widgets_jumbo.cpp
11>c:\users\bryan\documents\github\prest\modules\upload\upload_jumbo.cpp(28): warning C4627: '#include "modules/upload/upload_module.cpp"': skipped when looking for precompiled header use
11>          Add directive to 'core/pch_jumbo.h' or rebuild precompiled header
11>c:\users\bryan\documents\github\prest\modules\sync\sync_jumbo.cpp(27): warning C4627: '#include "modules/sync/sync_util.cpp"': skipped when looking for precompiled header use
11>          Add directive to 'core/pch_jumbo.h' or rebuild precompiled header
11>c:\users\bryan\documents\github\prest\modules\svg\svg_jumbo.cpp(28): warning C4627: '#include "modules/svg/src/SVGMotionPath.cpp"': skipped when looking for precompiled header use
11>          Add directive to 'core/pch_jumbo.h' or rebuild precompiled header
11>c:\users\bryan\documents\github\prest\modules\util\util_jumbo.cpp(19): warning C4627: '#include "modules/util/cleanse.cpp"': skipped when looking for precompiled header use
11>          Add directive to 'core/pch_jumbo.h' or rebuild precompiled header
11>c:\users\bryan\documents\github\prest\modules\url\url_jumbo.cpp(28): warning C4627: '#include "modules/url/url_dynattr.cpp"': skipped when looking for precompiled header use
11>          Add directive to 'core/pch_jumbo.h' or rebuild precompiled header
11>c:\users\bryan\documents\github\prest\modules\style\style_jumbo.cpp(28): warning C4627: '#include "modules/style/src/css_media_rule.cpp"': skipped when looking for precompiled header use
11>          Add directive to 'core/pch_jumbo.h' or rebuild precompiled header
11>c:\users\bryan\documents\github\prest\modules\upload\upload_jumbo.cpp(29): warning C4627: '#include "modules/upload/upload_multipart.cpp"': skipped when looking for precompiled header use
11>          Add directive to 'core/pch_jumbo.h' or rebuild precompiled header
11>c:\users\bryan\documents\github\prest\modules\util\util_jumbo.cpp(20): warning C4627: '#include "modules/util/datefun.cpp"': skipped when looking for precompiled header use
11>          Add directive to 'core/pch_jumbo.h' or rebuild precompiled header
11>c:\users\bryan\documents\github\prest\modules\svg\svg_jumbo.cpp(29): warning C4627: '#include "modules/svg/src/SVGUtils.cpp"': skipped when looking for precompiled header use
11>          Add directive to 'core/pch_jumbo.h' or rebuild precompiled header
11>c:\users\bryan\documents\github\prest\modules\url\url_jumbo.cpp(29): warning C4627: '#include "modules/url/url_dynattr_int.cpp"': skipped when looking for precompiled header use
11>          Add directive to 'core/pch_jumbo.h' or rebuild precompiled header
11>c:\users\bryan\documents\github\prest\modules\sync\sync_jumbo.cpp(28): warning C4627: '#include "modules/sync/testcases/sync_ST_factory.cpp"': skipped when looking for precompiled header use
11>          Add directive to 'core/pch_jumbo.h' or rebuild precompiled header
11>c:\users\bryan\documents\github\prest\modules\style\style_jumbo.cpp(29): warning C4627: '#include "modules/style/src/css_matchcontext.cpp"': skipped when looking for precompiled header use
11>          Add directive to 'core/pch_jumbo.h' or rebuild precompiled header
11>c:\users\bryan\documents\github\prest\modules\upload\upload_jumbo.cpp(30): warning C4627: '#include "modules/upload/upload_url.cpp"': skipped when looking for precompiled header use
11>          Add directive to 'core/pch_jumbo.h' or rebuild precompiled header
11>c:\users\bryan\documents\github\prest\modules\util\util_jumbo.cpp(21): warning C4627: '#include "modules/util/filefun.cpp"': skipped when looking for precompiled header use
11>          Add directive to 'core/pch_jumbo.h' or rebuild precompiled header
11>c:\users\bryan\documents\github\prest\modules\svg\svg_jumbo.cpp(30): warning C4627: '#include "modules/svg/src/SVGTimeValue.cpp"': skipped when looking for precompiled header use
11>          Add directive to 'core/pch_jumbo.h' or rebuild precompiled header
11>c:\users\bryan\documents\github\prest\modules\url\url_jumbo.cpp(30): warning C4627: '#include "modules/url/url_dynattr_man.cpp"': skipped when looking for precompiled header use
11>          Add directive to 'core/pch_jumbo.h' or rebuild precompiled header
11>c:\users\bryan\documents\github\prest\modules\sync\sync_jumbo.cpp(29): warning C4627: '#include "modules/sync/testcases/sync_ST_transport.cpp"': skipped when looking for precompiled header use
11>          Add directive to 'core/pch_jumbo.h' or rebuild precompiled header
11>c:\users\bryan\documents\github\prest\modules\style\style_jumbo.cpp(30): warning C4627: '#include "modules/style/src/css_namespace_rule.cpp"': skipped when looking for precompiled header use
11>          Add directive to 'core/pch_jumbo.h' or rebuild precompiled header
11>c:\users\bryan\documents\github\prest\modules\upload\upload_jumbo.cpp(31): warning C4627: '#include "modules/upload/uploadsec.cpp"': skipped when looking for precompiled header use
11>          Add directive to 'core/pch_jumbo.h' or rebuild precompiled header
11>c:\users\bryan\documents\github\prest\modules\util\util_jumbo.cpp(22): warning C4627: '#include "modules/util/gen_math.cpp"': skipped when looking for precompiled header use
11>          Add directive to 'core/pch_jumbo.h' or rebuild precompiled header
11>c:\users\bryan\documents\github\prest\modules\svg\svg_jumbo.cpp(31): warning C4627: '#include "modules/svg/src/SVGDocumentContext.cpp"': skipped when looking for precompiled header use
11>          Add directive to 'core/pch_jumbo.h' or rebuild precompiled header
11>c:\users\bryan\documents\github\prest\modules\sync\sync_jumbo.cpp(30): fatal error C1010: unexpected end of file while looking for precompiled header. Did you forget to add '#include "core/pch_jumbo.h"' to your source?
11>c:\users\bryan\documents\github\prest\modules\url\url_jumbo.cpp(31): warning C4627: '#include "modules/url/url_loading.cpp"': skipped when looking for precompiled header use
11>          Add directive to 'core/pch_jumbo.h' or rebuild precompiled header
11>c:\users\bryan\documents\github\prest\modules\style\style_jumbo.cpp(31): warning C4627: '#include "modules/style/src/css_parser.cpp"': skipped when looking for precompiled header use
11>          Add directive to 'core/pch_jumbo.h' or rebuild precompiled header
11>  windowcommander_jumbo.cpp
11>c:\users\bryan\documents\github\prest\modules\util\util_jumbo.cpp(23): warning C4627: '#include "modules/util/gen_str.cpp"': skipped when looking for precompiled header use
11>          Add directive to 'core/pch_jumbo.h' or rebuild precompiled header
11>c:\users\bryan\documents\github\prest\modules\svg\svg_jumbo.cpp(32): warning C4627: '#include "modules/svg/src/SVGAnimationContext.cpp"': skipped when looking for precompiled header use
11>          Add directive to 'core/pch_jumbo.h' or rebuild precompiled header
11>c:\users\bryan\documents\github\prest\modules\url\url_jumbo.cpp(32): warning C4627: '#include "modules/url/url_lop.cpp"': skipped when looking for precompiled header use
11>          Add directive to 'core/pch_jumbo.h' or rebuild precompiled header
11>c:\users\bryan\documents\github\prest\modules\upload\upload_jumbo.cpp(32): fatal error C1010: unexpected end of file while looking for precompiled header. Did you forget to add '#include "core/pch_jumbo.h"' to your source?
11>c:\users\bryan\documents\github\prest\modules\webp\webp_jumbo.cpp(15): warning C4627: '#include "modules/webp/webp.cpp"': skipped when looking for precompiled header use
11>          Add directive to 'core/pch_jumbo.h' or rebuild precompiled header
11>c:\users\bryan\documents\github\prest\modules\util\util_jumbo.cpp(24): warning C4627: '#include "modules/util/glob.cpp"': skipped when looking for precompiled header use
11>          Add directive to 'core/pch_jumbo.h' or rebuild precompiled header
11>c:\users\bryan\documents\github\prest\modules\style\style_jumbo.cpp(32): warning C4627: '#include "modules/style/src/css_property_list.cpp"': skipped when looking for precompiled header use
11>          Add directive to 'core/pch_jumbo.h' or rebuild precompiled header
11>c:\users\bryan\documents\github\prest\modules\svg\svg_jumbo.cpp(33): warning C4627: '#include "modules/svg/src/SVGAttributeParser.cpp"': skipped when looking for precompiled header use
11>          Add directive to 'core/pch_jumbo.h' or rebuild precompiled header
11>c:\users\bryan\documents\github\prest\modules\webfeeds\webfeeds_jumbo.cpp(15): warning C4627: '#include "modules/webfeeds/src/webfeed.cpp"': skipped when looking for precompiled header use
11>          Add directive to 'core/pch_jumbo.h' or rebuild precompiled header
11>  xmlparser_jumbo.cpp
11>c:\users\bryan\documents\github\prest\modules\url\url_jumbo.cpp(33): warning C4627: '#include "modules/url/url_man.cpp"': skipped when looking for precompiled header use
11>          Add directive to 'core/pch_jumbo.h' or rebuild precompiled header
11>c:\users\bryan\documents\github\prest\modules\webp\webp_jumbo.cpp(16): fatal error C1010: unexpected end of file while looking for precompiled header. Did you forget to add '#include "core/pch_jumbo.h"' to your source?
11>c:\users\bryan\documents\github\prest\modules\webgl\webgl_jumbo.cpp(15): warning C4627: '#include "modules/webgl/src/wgl_ast.cpp"': skipped when looking for precompiled header use
11>          Add directive to 'core/pch_jumbo.h' or rebuild precompiled header
11>c:\users\bryan\documents\github\prest\modules\util\util_jumbo.cpp(25): warning C4627: '#include "modules/util/handy.cpp"': skipped when looking for precompiled header use
11>          Add directive to 'core/pch_jumbo.h' or rebuild precompiled header
11>c:\users\bryan\documents\github\prest\modules\style\style_jumbo.cpp(33): warning C4627: '#include "modules/style/src/css_pseudo_stack.cpp"': skipped when looking for precompiled header use
11>          Add directive to 'core/pch_jumbo.h' or rebuild precompiled header
11>c:\users\bryan\documents\github\prest\modules\svg\svg_jumbo.cpp(34): warning C4627: '#include "modules/svg/src/SVGPaint.cpp"': skipped when looking for precompiled header use
11>          Add directive to 'core/pch_jumbo.h' or rebuild precompiled header
11>c:\users\bryan\documents\github\prest\modules\webfeeds\webfeeds_jumbo.cpp(16): warning C4627: '#include "modules/webfeeds/src/webfeed_load_manager.cpp"': skipped when looking for precompiled header use
11>          Add directive to 'core/pch_jumbo.h' or rebuild precompiled header
11>c:\users\bryan\documents\github\prest\modules\url\url_jumbo.cpp(34): warning C4627: '#include "modules/url/url_module.cpp"': skipped when looking for precompiled header use
11>          Add directive to 'core/pch_jumbo.h' or rebuild precompiled header
11>  xmlutils_jumbo.cpp
11>c:\users\bryan\documents\github\prest\modules\webgl\webgl_jumbo.cpp(16): warning C4627: '#include "modules/webgl/src/wgl_builder.cpp"': skipped when looking for precompiled header use
11>          Add directive to 'core/pch_jumbo.h' or rebuild precompiled header
11>c:\users\bryan\documents\github\prest\modules\webserver\webserver_jumbo.cpp(15): warning C4627: '#include "modules/webserver/src/myopera/upload_service_list.cpp"': skipped when looking for precompiled header use
11>          Add directive to 'core/pch_jumbo.h' or rebuild precompiled header
11>  xpath_jumbo.cpp
11>c:\users\bryan\documents\github\prest\modules\util\util_jumbo.cpp(26): warning C4627: '#include "modules/util/htmlify.cpp"': skipped when looking for precompiled header use
11>          Add directive to 'core/pch_jumbo.h' or rebuild precompiled header
11>c:\users\bryan\documents\github\prest\modules\style\style_jumbo.cpp(34): warning C4627: '#include "modules/style/src/css_rule.cpp"': skipped when looking for precompiled header use
11>          Add directive to 'core/pch_jumbo.h' or rebuild precompiled header
11>c:\users\bryan\documents\github\prest\modules\svg\svg_jumbo.cpp(35): warning C4627: '#include "modules/svg/src/SVGElementStateContext.cpp"': skipped when looking for precompiled header use
11>          Add directive to 'core/pch_jumbo.h' or rebuild precompiled header
11>c:\users\bryan\documents\github\prest\modules\webfeeds\webfeeds_jumbo.cpp(17): warning C4627: '#include "modules/webfeeds/src/webfeed_reader_manager.cpp"': skipped when looking for precompiled header use
11>          Add directive to 'core/pch_jumbo.h' or rebuild precompiled header
11>c:\users\bryan\documents\github\prest\modules\url\url_jumbo.cpp(35): warning C4627: '#include "modules/url/url_name.cpp"': skipped when looking for precompiled header use
11>          Add directive to 'core/pch_jumbo.h' or rebuild precompiled header
11>c:\users\bryan\documents\github\prest\modules\webserver\webserver_jumbo.cpp(16): warning C4627: '#include "modules/webserver/src/rendezvous/control_channel.cpp"': skipped when looking for precompiled header use
11>          Add directive to 'core/pch_jumbo.h' or rebuild precompiled header
11>c:\users\bryan\documents\github\prest\modules\webgl\webgl_jumbo.cpp(17): warning C4627: '#include "modules/webgl/src/wgl_cgbuilder.cpp"': skipped when looking for precompiled header use
11>          Add directive to 'core/pch_jumbo.h' or rebuild precompiled header
11>c:\users\bryan\documents\github\prest\modules\util\util_jumbo.cpp(27): warning C4627: '#include "modules/util/linkobjectstore.cpp"': skipped when looking for precompiled header use
11>          Add directive to 'core/pch_jumbo.h' or rebuild precompiled header
11>c:\users\bryan\documents\github\prest\modules\style\style_jumbo.cpp(35): warning C4627: '#include "modules/style/src/css_ruleset.cpp"': skipped when looking for precompiled header use
11>          Add directive to 'core/pch_jumbo.h' or rebuild precompiled header
11>c:\users\bryan\documents\github\prest\modules\svg\svg_jumbo.cpp(36): warning C4627: '#include "modules/svg/src/SVGTextElementStateContext.cpp"': skipped when looking for precompiled header use
11>          Add directive to 'core/pch_jumbo.h' or rebuild precompiled header
11>c:\users\bryan\documents\github\prest\modules\url\url_jumbo.cpp(36): warning C4627: '#include "modules/url/url_pd.cpp"': skipped when looking for precompiled header use
11>          Add directive to 'core/pch_jumbo.h' or rebuild precompiled header
11>c:\users\bryan\documents\github\prest\modules\webserver\webserver_jumbo.cpp(17): warning C4627: '#include "modules/webserver/src/rendezvous/webserver_rendezvous.cpp"': skipped when looking for precompiled header use
11>          Add directive to 'core/pch_jumbo.h' or rebuild precompiled header
11>c:\users\bryan\documents\github\prest\modules\webgl\webgl_jumbo.cpp(18): warning C4627: '#include "modules/webgl/src/wgl_context.cpp"': skipped when looking for precompiled header use
11>          Add directive to 'core/pch_jumbo.h' or rebuild precompiled header
11>c:\users\bryan\documents\github\prest\modules\webfeeds\webfeeds_jumbo.cpp(18): warning C4627: '#include "modules/webfeeds/src/webfeedentry.cpp"': skipped when looking for precompiled header use
11>          Add directive to 'core/pch_jumbo.h' or rebuild precompiled header
11>c:\users\bryan\documents\github\prest\modules\util\util_jumbo.cpp(28): warning C4627: '#include "modules/util/objfactory.cpp"': skipped when looking for precompiled header use
11>          Add directive to 'core/pch_jumbo.h' or rebuild precompiled header
11>c:\users\bryan\documents\github\prest\modules\style\style_jumbo.cpp(36): warning C4627: '#include "modules/style/src/css_save.cpp"': skipped when looking for precompiled header use
11>          Add directive to 'core/pch_jumbo.h' or rebuild precompiled header
11>c:\users\bryan\documents\github\prest\modules\svg\svg_jumbo.cpp(37): warning C4627: '#include "modules/svg/src/SVGTimedElementContext.cpp"': skipped when looking for precompiled header use
11>          Add directive to 'core/pch_jumbo.h' or rebuild precompiled header
11>c:\users\bryan\documents\github\prest\modules\webserver\webserver_jumbo.cpp(18): warning C4627: '#include "modules/webserver/src/rendezvous/webserver_rendezvous_util.cpp"': skipped when looking for precompiled header use
11>          Add directive to 'core/pch_jumbo.h' or rebuild precompiled header
11>c:\users\bryan\documents\github\prest\modules\url\url_jumbo.cpp(37): warning C4627: '#include "modules/url/url_rel.cpp"': skipped when looking for precompiled header use
11>          Add directive to 'core/pch_jumbo.h' or rebuild precompiled header
11>c:\users\bryan\documents\github\prest\modules\webgl\webgl_jumbo.cpp(19): warning C4627: '#include "modules/webgl/src/wgl_error.cpp"': skipped when looking for precompiled header use
11>          Add directive to 'core/pch_jumbo.h' or rebuild precompiled header
11>c:\users\bryan\documents\github\prest\modules\util\util_jumbo.cpp(29): warning C4627: '#include "modules/util/opcrypt_xp2.cpp"': skipped when looking for precompiled header use
11>          Add directive to 'core/pch_jumbo.h' or rebuild precompiled header
11>c:\users\bryan\documents\github\prest\modules\webfeeds\webfeeds_jumbo.cpp(19): warning C4627: '#include "modules/webfeeds/src/webfeedparser.cpp"': skipped when looking for precompiled header use
11>          Add directive to 'core/pch_jumbo.h' or rebuild precompiled header
11>c:\users\bryan\documents\github\prest\modules\style\style_jumbo.cpp(37): warning C4627: '#include "modules/style/src/css_selector.cpp"': skipped when looking for precompiled header use
11>          Add directive to 'core/pch_jumbo.h' or rebuild precompiled header
11>c:\users\bryan\documents\github\prest\modules\webserver\webserver_jumbo.cpp(19): warning C4627: '#include "modules/webserver/src/resources/webresource_base.cpp"': skipped when looking for precompiled header use
11>          Add directive to 'core/pch_jumbo.h' or rebuild precompiled header
11>c:\users\bryan\documents\github\prest\modules\svg\svg_jumbo.cpp(38): warning C4627: '#include "modules/svg/src/SVGRect.cpp"': skipped when looking for precompiled header use
11>          Add directive to 'core/pch_jumbo.h' or rebuild precompiled header
11>c:\users\bryan\documents\github\prest\modules\url\url_jumbo.cpp(38): warning C4627: '#include "modules/url/url_resolv.cpp"': skipped when looking for precompiled header use
11>          Add directive to 'core/pch_jumbo.h' or rebuild precompiled header
11>c:\users\bryan\documents\github\prest\modules\util\util_jumbo.cpp(30): warning C4627: '#include "modules/util/opguid.cpp"': skipped when looking for precompiled header use
11>          Add directive to 'core/pch_jumbo.h' or rebuild precompiled header
11>c:\users\bryan\documents\github\prest\modules\webgl\webgl_jumbo.cpp(20): warning C4627: '#include "modules/webgl/src/wgl_intrinsics.cpp"': skipped when looking for precompiled header use
11>          Add directive to 'core/pch_jumbo.h' or rebuild precompiled header
11>c:\users\bryan\documents\github\prest\modules\webfeeds\webfeeds_jumbo.cpp(20): warning C4627: '#include "modules/webfeeds/src/webfeed-parsestates.cpp"': skipped when looking for precompiled header use
11>          Add directive to 'core/pch_jumbo.h' or rebuild precompiled header
11>c:\users\bryan\documents\github\prest\modules\style\style_jumbo.cpp(38): warning C4627: '#include "modules/style/src/css_style_attribute.cpp"': skipped when looking for precompiled header use
11>          Add directive to 'core/pch_jumbo.h' or rebuild precompiled header
11>c:\users\bryan\documents\github\prest\modules\webserver\webserver_jumbo.cpp(20): warning C4627: '#include "modules/webserver/src/resources/webserver-file.cpp"': skipped when looking for precompiled header use
11>          Add directive to 'core/pch_jumbo.h' or rebuild precompiled header
11>c:\users\bryan\documents\github\prest\modules\svg\svg_jumbo.cpp(39): warning C4627: '#include "modules/svg/src/SVGDebugSettings.cpp"': skipped when looking for precompiled header use
11>          Add directive to 'core/pch_jumbo.h' or rebuild precompiled header
11>c:\users\bryan\documents\github\prest\modules\url\url_jumbo.cpp(39): warning C4627: '#include "modules/url/url_scheme.cpp"': skipped when looking for precompiled header use
11>          Add directive to 'core/pch_jumbo.h' or rebuild precompiled header
11>c:\users\bryan\documents\github\prest\modules\util\util_jumbo.cpp(31): warning C4627: '#include "modules/util/opstringset.cpp"': skipped when looking for precompiled header use
11>          Add directive to 'core/pch_jumbo.h' or rebuild precompiled header
11>c:\users\bryan\documents\github\prest\modules\webgl\webgl_jumbo.cpp(21): warning C4627: '#include "modules/webgl/src/wgl_lexer.cpp"': skipped when looking for precompiled header use
11>          Add directive to 'core/pch_jumbo.h' or rebuild precompiled header
11>c:\users\bryan\documents\github\prest\modules\webfeeds\webfeeds_jumbo.cpp(21): warning C4627: '#include "modules/webfeeds/src/webfeeds_api_impl.cpp"': skipped when looking for precompiled header use
11>          Add directive to 'core/pch_jumbo.h' or rebuild precompiled header
11>c:\users\bryan\documents\github\prest\modules\webserver\webserver_jumbo.cpp(21): warning C4627: '#include "modules/webserver/src/resources/webserver_upnp_discovery.cpp"': skipped when looking for precompiled header use
11>          Add directive to 'core/pch_jumbo.h' or rebuild precompiled header
11>c:\users\bryan\documents\github\prest\modules\style\style_jumbo.cpp(39): warning C4627: '#include "modules/style/src/css_supports_rule.cpp"': skipped when looking for precompiled header use
11>          Add directive to 'core/pch_jumbo.h' or rebuild precompiled header
11>c:\users\bryan\documents\github\prest\modules\svg\svg_jumbo.cpp(40): warning C4627: '#include "modules/svg/src/SVGLength.cpp"': skipped when looking for precompiled header use
11>          Add directive to 'core/pch_jumbo.h' or rebuild precompiled header
11>c:\users\bryan\documents\github\prest\modules\url\url_jumbo.cpp(40): warning C4627: '#include "modules/url/url_sn.cpp"': skipped when looking for precompiled header use
11>          Add directive to 'core/pch_jumbo.h' or rebuild precompiled header
11>c:\users\bryan\documents\github\prest\modules\util\util_jumbo.cpp(32): warning C4627: '#include "modules/util/opstrlst.cpp"': skipped when looking for precompiled header use
11>          Add directive to 'core/pch_jumbo.h' or rebuild precompiled header
11>c:\users\bryan\documents\github\prest\modules\webgl\webgl_jumbo.cpp(22): warning C4627: '#include "modules/webgl/src/wgl_parser.cpp"': skipped when looking for precompiled header use
11>          Add directive to 'core/pch_jumbo.h' or rebuild precompiled header
11>c:\users\bryan\documents\github\prest\modules\webserver\webserver_jumbo.cpp(22): warning C4627: '#include "modules/webserver/src/resources/webserver_robots_txt.cpp"': skipped when looking for precompiled header use
11>          Add directive to 'core/pch_jumbo.h' or rebuild precompiled header
11>c:\users\bryan\documents\github\prest\modules\webfeeds\webfeeds_jumbo.cpp(22): warning C4627: '#include "modules/webfeeds/src/webfeeds_module.cpp"': skipped when looking for precompiled header use
11>          Add directive to 'core/pch_jumbo.h' or rebuild precompiled header
11>c:\users\bryan\documents\github\prest\modules\style\style_jumbo.cpp(40): warning C4627: '#include "modules/style/src/css_svgfont.cpp"': skipped when looking for precompiled header use
11>          Add directive to 'core/pch_jumbo.h' or rebuild precompiled header
11>c:\users\bryan\documents\github\prest\modules\svg\svg_jumbo.cpp(41): warning C4627: '#include "modules/svg/src/SVGVector.cpp"': skipped when looking for precompiled header use
11>          Add directive to 'core/pch_jumbo.h' or rebuild precompiled header
11>c:\users\bryan\documents\github\prest\modules\util\util_jumbo.cpp(33): warning C4627: '#include "modules/util/path.cpp"': skipped when looking for precompiled header use
11>          Add directive to 'core/pch_jumbo.h' or rebuild precompiled header
11>c:\users\bryan\documents\github\prest\modules\url\url_jumbo.cpp(41): warning C4627: '#include "modules/url/url_socket_wrapper.cpp"': skipped when looking for precompiled header use
11>          Add directive to 'core/pch_jumbo.h' or rebuild precompiled header
11>c:\users\bryan\documents\github\prest\modules\webserver\webserver_jumbo.cpp(23): warning C4627: '#include "modules/webserver/src/resources/webserver_asd.cpp"': skipped when looking for precompiled header use
11>          Add directive to 'core/pch_jumbo.h' or rebuild precompiled header
11>c:\users\bryan\documents\github\prest\modules\webgl\webgl_jumbo.cpp(23): warning C4627: '#include "modules/webgl/src/wgl_pretty_printer.cpp"': skipped when looking for precompiled header use
11>          Add directive to 'core/pch_jumbo.h' or rebuild precompiled header
11>c:\users\bryan\documents\github\prest\modules\webfeeds\webfeeds_jumbo.cpp(23): warning C4627: '#include "modules/webfeeds/src/webfeedstorage.cpp"': skipped when looking for precompiled header use
11>          Add directive to 'core/pch_jumbo.h' or rebuild precompiled header
11>c:\users\bryan\documents\github\prest\modules\style\style_jumbo.cpp(41): warning C4627: '#include "modules/style/src/css_viewport.cpp"': skipped when looking for precompiled header use
11>          Add directive to 'core/pch_jumbo.h' or rebuild precompiled header
11>c:\users\bryan\documents\github\prest\modules\widgets\widgets_jumbo.cpp(15): warning C4627: '#include "modules/widgets/AutoCompletePopup.cpp"': skipped when looking for precompiled header use
11>          Add directive to 'core/pch_jumbo.h' or rebuild precompiled header
11>c:\users\bryan\documents\github\prest\modules\xmlparser\xmlparser_jumbo.cpp(15): warning C4627: '#include "modules/xmlparser/src/xmlstsupport.cpp"': skipped when looking for precompiled header use
11>          Add directive to 'core/pch_jumbo.h' or rebuild precompiled header
11>c:\users\bryan\documents\github\prest\modules\svg\svg_jumbo.cpp(42): warning C4627: '#include "modules/svg/src/svg_module.cpp"': skipped when looking for precompiled header use
11>          Add directive to 'core/pch_jumbo.h' or rebuild precompiled header
11>c:\users\bryan\documents\github\prest\modules\util\util_jumbo.cpp(34): warning C4627: '#include "modules/util/smartptr.cpp"': skipped when looking for precompiled header use
11>          Add directive to 'core/pch_jumbo.h' or rebuild precompiled header
11>c:\users\bryan\documents\github\prest\modules\url\url_jumbo.cpp(42): warning C4627: '#include "modules/url/url_special_attrs.cpp"': skipped when looking for precompiled header use
11>          Add directive to 'core/pch_jumbo.h' or rebuild precompiled header
11>c:\users\bryan\documents\github\prest\modules\webserver\webserver_jumbo.cpp(24): warning C4627: '#include "modules/webserver/src/resources/webserver_auth.cpp"': skipped when looking for precompiled header use
11>          Add directive to 'core/pch_jumbo.h' or rebuild precompiled header
11>c:\users\bryan\documents\github\prest\modules\webgl\webgl_jumbo.cpp(24): warning C4627: '#include "modules/webgl/src/wgl_printer.cpp"': skipped when looking for precompiled header use
11>          Add directive to 'core/pch_jumbo.h' or rebuild precompiled header
11>c:\users\bryan\documents\github\prest\modules\style\style_jumbo.cpp(42): warning C4627: '#include "modules/style/src/css_viewport_meta.cpp"': skipped when looking for precompiled header use
11>          Add directive to 'core/pch_jumbo.h' or rebuild precompiled header
11>c:\users\bryan\documents\github\prest\modules\webfeeds\webfeeds_jumbo.cpp(24): warning C4627: '#include "modules/webfeeds/src/webfeedstub.cpp"': skipped when looking for precompiled header use
11>          Add directive to 'core/pch_jumbo.h' or rebuild precompiled header
11>c:\users\bryan\documents\github\prest\modules\widgets\widgets_jumbo.cpp(16): warning C4627: '#include "modules/widgets/ColouredMultiEdit.cpp"': skipped when looking for precompiled header use
11>          Add directive to 'core/pch_jumbo.h' or rebuild precompiled header
11>c:\users\bryan\documents\github\prest\modules\xmlparser\xmlparser_jumbo.cpp(16): warning C4627: '#include "modules/xmlparser/src/xmlbuffer.cpp"': skipped when looking for precompiled header use
11>          Add directive to 'core/pch_jumbo.h' or rebuild precompiled header
11>c:\users\bryan\documents\github\prest\modules\util\util_jumbo.cpp(35): warning C4627: '#include "modules/util/str.cpp"': skipped when looking for precompiled header use
11>          Add directive to 'core/pch_jumbo.h' or rebuild precompiled header
11>c:\users\bryan\documents\github\prest\modules\svg\svg_jumbo.cpp(43): warning C4627: '#include "modules/svg/src/SVGEmbeddedSystemFont.cpp"': skipped when looking for precompiled header use
11>          Add directive to 'core/pch_jumbo.h' or rebuild precompiled header
11>c:\users\bryan\documents\github\prest\modules\url\url_jumbo.cpp(43): warning C4627: '#include "modules/url/url_use.cpp"': skipped when looking for precompiled header use
11>          Add directive to 'core/pch_jumbo.h' or rebuild precompiled header
11>c:\users\bryan\documents\github\prest\modules\webserver\webserver_jumbo.cpp(25): warning C4627: '#include "modules/webserver/src/resources/webserver_body_objects.cpp"': skipped when looking for precompiled header use
11>          Add directive to 'core/pch_jumbo.h' or rebuild precompiled header
11>c:\users\bryan\documents\github\prest\modules\windowcommander\windowcommander_jumbo.cpp(15): warning C4627: '#include "modules/windowcommander/src/LoadingListenerProxy.cpp"': skipped when looking for precompiled header use
11>          Add directive to 'core/pch_jumbo.h' or rebuild precompiled header
11>c:\users\bryan\documents\github\prest\modules\webgl\webgl_jumbo.cpp(25): warning C4627: '#include "modules/webgl/src/wgl_printer_console.cpp"': skipped when looking for precompiled header use
11>          Add directive to 'core/pch_jumbo.h' or rebuild precompiled header
11>c:\users\bryan\documents\github\prest\modules\style\style_jumbo.cpp(43): warning C4627: '#include "modules/style/src/css_viewport_rule.cpp"': skipped when looking for precompiled header use
11>          Add directive to 'core/pch_jumbo.h' or rebuild precompiled header
11>c:\users\bryan\documents\github\prest\modules\webfeeds\webfeeds_jumbo.cpp(25): warning C4627: '#include "modules/webfeeds/src/webfeedutil.cpp"': skipped when looking for precompiled header use
11>          Add directive to 'core/pch_jumbo.h' or rebuild precompiled header
11>c:\users\bryan\documents\github\prest\modules\xmlparser\xmlparser_jumbo.cpp(17): warning C4627: '#include "modules/xmlparser/src/xmlcheckingtokenhandler.cpp"': skipped when looking for precompiled header use
11>          Add directive to 'core/pch_jumbo.h' or rebuild precompiled header
11>c:\users\bryan\documents\github\prest\modules\widgets\widgets_jumbo.cpp(17): warning C4627: '#include "modules/widgets/CssWidgetPainter.cpp"': skipped when looking for precompiled header use
11>          Add directive to 'core/pch_jumbo.h' or rebuild precompiled header
11>c:\users\bryan\documents\github\prest\modules\util\util_jumbo.cpp(36): warning C4627: '#include "modules/util/timecache.cpp"': skipped when looking for precompiled header use
11>          Add directive to 'core/pch_jumbo.h' or rebuild precompiled header
14>  g_proto_descriptor_windowcommander_messages.cpp
14>  g_proto_windowcommander_messages.cpp
11>c:\users\bryan\documents\github\prest\modules\url\url_jumbo.cpp(44): warning C4627: '#include "modules/url/loadhandler/url_eph.cpp"': skipped when looking for precompiled header use
11>          Add directive to 'core/pch_jumbo.h' or rebuild precompiled header
11>c:\users\bryan\documents\github\prest\modules\webserver\webserver_jumbo.cpp(26): warning C4627: '#include "modules/webserver/src/resources/webserver_custom_resource.cpp"': skipped when looking for precompiled header use
11>          Add directive to 'core/pch_jumbo.h' or rebuild precompiled header
11>c:\users\bryan\documents\github\prest\modules\svg\svg_jumbo.cpp(44): warning C4627: '#include "modules/svg/src/SVGLayoutProperties.cpp"': skipped when looking for precompiled header use
11>          Add directive to 'core/pch_jumbo.h' or rebuild precompiled header
11>c:\users\bryan\documents\github\prest\modules\webgl\webgl_jumbo.cpp(26): warning C4627: '#include "modules/webgl/src/wgl_printer_stdio.cpp"': skipped when looking for precompiled header use
11>          Add directive to 'core/pch_jumbo.h' or rebuild precompiled header
11>c:\users\bryan\documents\github\prest\modules\windowcommander\windowcommander_jumbo.cpp(16): warning C4627: '#include "modules/windowcommander/src/SecurityInfoParser.cpp"': skipped when looking for precompiled header use
11>          Add directive to 'core/pch_jumbo.h' or rebuild precompiled header
11>c:\users\bryan\documents\github\prest\modules\style\style_jumbo.cpp(44): warning C4627: '#include "modules/style/src/cssmanager.cpp"': skipped when looking for precompiled header use
11>          Add directive to 'core/pch_jumbo.h' or rebuild precompiled header
11>c:\users\bryan\documents\github\prest\modules\xmlparser\xmlparser_jumbo.cpp(18): warning C4627: '#include "modules/xmlparser/src/xmldatasource.cpp"': skipped when looking for precompiled header use
11>          Add directive to 'core/pch_jumbo.h' or rebuild precompiled header
11>c:\users\bryan\documents\github\prest\modules\webfeeds\webfeeds_jumbo.cpp(26): warning C4627: '#include "modules/webfeeds/src/xmlelement.cpp"': skipped when looking for precompiled header use
11>          Add directive to 'core/pch_jumbo.h' or rebuild precompiled header
11>c:\users\bryan\documents\github\prest\modules\widgets\widgets_jumbo.cpp(18): warning C4627: '#include "modules/widgets/DropDownWindow.cpp"': skipped when looking for precompiled header use
11>          Add directive to 'core/pch_jumbo.h' or rebuild precompiled header
11>c:\users\bryan\documents\github\prest\modules\util\util_jumbo.cpp(37): warning C4627: '#include "modules/util/tree.cpp"': skipped when looking for precompiled header use
11>          Add directive to 'core/pch_jumbo.h' or rebuild precompiled header
11>c:\users\bryan\documents\github\prest\modules\url\url_jumbo.cpp(45): warning C4627: '#include "modules/url/loadhandler/url_lh.cpp"': skipped when looking for precompiled header use
11>          Add directive to 'core/pch_jumbo.h' or rebuild precompiled header
11>c:\users\bryan\documents\github\prest\modules\webserver\webserver_jumbo.cpp(27): warning C4627: '#include "modules/webserver/src/resources/webserver_index.cpp"': skipped when looking for precompiled header use
11>          Add directive to 'core/pch_jumbo.h' or rebuild precompiled header
11>c:\users\bryan\documents\github\prest\modules\svg\svg_jumbo.cpp(45): warning C4627: '#include "modules/svg/src/SVGTraverse.cpp"': skipped when looking for precompiled header use
11>          Add directive to 'core/pch_jumbo.h' or rebuild precompiled header
11>c:\users\bryan\documents\github\prest\modules\webgl\webgl_jumbo.cpp(27): warning C4627: '#include "modules/webgl/src/wgl_string.cpp"': skipped when looking for precompiled header use
11>          Add directive to 'core/pch_jumbo.h' or rebuild precompiled header
11>c:\users\bryan\documents\github\prest\modules\windowcommander\windowcommander_jumbo.cpp(17): warning C4627: '#include "modules/windowcommander/src/TransferManager.cpp"': skipped when looking for precompiled header use
11>          Add directive to 'core/pch_jumbo.h' or rebuild precompiled header
11>c:\users\bryan\documents\github\prest\modules\xmlparser\xmlparser_jumbo.cpp(19): warning C4627: '#include "modules/xmlparser/src/xmldoctype.cpp"': skipped when looking for precompiled header use
11>          Add directive to 'core/pch_jumbo.h' or rebuild precompiled header
11>c:\users\bryan\documents\github\prest\modules\style\style_jumbo.cpp(45): warning C4627: '#include "modules/style/src/style_module.cpp"': skipped when looking for precompiled header use
11>          Add directive to 'core/pch_jumbo.h' or rebuild precompiled header
11>c:\users\bryan\documents\github\prest\modules\webfeeds\webfeeds_jumbo.cpp(27): fatal error C1010: unexpected end of file while looking for precompiled header. Did you forget to add '#include "core/pch_jumbo.h"' to your source?
11>c:\users\bryan\documents\github\prest\modules\widgets\widgets_jumbo.cpp(19): warning C4627: '#include "modules/widgets/OpBubble.cpp"': skipped when looking for precompiled header use
11>          Add directive to 'core/pch_jumbo.h' or rebuild precompiled header
11>c:\users\bryan\documents\github\prest\modules\util\util_jumbo.cpp(38): warning C4627: '#include "modules/util/twoway.cpp"': skipped when looking for precompiled header use
11>          Add directive to 'core/pch_jumbo.h' or rebuild precompiled header
11>c:\users\bryan\documents\github\prest\modules\webserver\webserver_jumbo.cpp(28): warning C4627: '#include "modules/webserver/src/webserver_api.cpp"': skipped when looking for precompiled header use
11>          Add directive to 'core/pch_jumbo.h' or rebuild precompiled header
11>c:\users\bryan\documents\github\prest\modules\url\url_jumbo.cpp(46): warning C4627: '#include "modules/url/loadhandler/url_lhf.cpp"': skipped when looking for precompiled header use
11>          Add directive to 'core/pch_jumbo.h' or rebuild precompiled header
11>c:\users\bryan\documents\github\prest\modules\svg\svg_jumbo.cpp(46): warning C4627: '#include "modules/svg/src/SVGFontTraversalObject.cpp"': skipped when looking for precompiled header use
11>          Add directive to 'core/pch_jumbo.h' or rebuild precompiled header
11>c:\users\bryan\documents\github\prest\modules\webgl\webgl_jumbo.cpp(28): warning C4627: '#include "modules/webgl/src/wgl_symbol.cpp"': skipped when looking for precompiled header use
11>          Add directive to 'core/pch_jumbo.h' or rebuild precompiled header
11>c:\users\bryan\documents\github\prest\modules\xmlparser\xmlparser_jumbo.cpp(20): warning C4627: '#include "modules/xmlparser/src/xmldoctype_contentspec.cpp"': skipped when looking for precompiled header use
11>          Add directive to 'core/pch_jumbo.h' or rebuild precompiled header
11>c:\users\bryan\documents\github\prest\modules\windowcommander\windowcommander_jumbo.cpp(18): warning C4627: '#include "modules/windowcommander/src/TransferManagerDownload.cpp"': skipped when looking for precompiled header use
11>          Add directive to 'core/pch_jumbo.h' or rebuild precompiled header
11>c:\users\bryan\documents\github\prest\modules\style\style_jumbo.cpp(46): warning C4627: '#include "modules/style/src/css_keyframes.cpp"': skipped when looking for precompiled header use
11>          Add directive to 'core/pch_jumbo.h' or rebuild precompiled header
11>c:\users\bryan\documents\github\prest\modules\widgets\widgets_jumbo.cpp(20): warning C4627: '#include "modules/widgets/OpButton.cpp"': skipped when looking for precompiled header use
11>          Add directive to 'core/pch_jumbo.h' or rebuild precompiled header
11>c:\users\bryan\documents\github\prest\modules\xmlutils\xmlutils_jumbo.cpp(15): warning C4627: '#include "modules/xmlutils/src/xmldocumentinfo.cpp"': skipped when looking for precompiled header use
11>          Add directive to 'core/pch_jumbo.h' or rebuild precompiled header
11>c:\users\bryan\documents\github\prest\modules\webserver\webserver_jumbo.cpp(29): warning C4627: '#include "modules/webserver/src/webserver_module.cpp"': skipped when looking for precompiled header use
11>          Add directive to 'core/pch_jumbo.h' or rebuild precompiled header
11>c:\users\bryan\documents\github\prest\modules\util\util_jumbo.cpp(39): warning C4627: '#include "modules/util/util_module.cpp"': skipped when looking for precompiled header use
11>          Add directive to 'core/pch_jumbo.h' or rebuild precompiled header
14>  crashlog_freebsd32.cpp
14>  crashlog_freebsd64.cpp
11>c:\users\bryan\documents\github\prest\modules\url\url_jumbo.cpp(47): warning C4627: '#include "modules/url/loadhandler/url_lhfd.cpp"': skipped when looking for precompiled header use
11>          Add directive to 'core/pch_jumbo.h' or rebuild precompiled header
11>c:\users\bryan\documents\github\prest\modules\svg\svg_jumbo.cpp(47): warning C4627: '#include "modules/svg/src/SVGGlyphCache.cpp"': skipped when looking for precompiled header use
11>          Add directive to 'core/pch_jumbo.h' or rebuild precompiled header
11>c:\users\bryan\documents\github\prest\modules\xmlparser\xmlparser_jumbo.cpp(21): warning C4627: '#include "modules/xmlparser/src/xmldoctype_dump.cpp"': skipped when looking for precompiled header use
11>          Add directive to 'core/pch_jumbo.h' or rebuild precompiled header
11>c:\users\bryan\documents\github\prest\modules\webgl\webgl_jumbo.cpp(29): warning C4627: '#include "modules/webgl/src/wgl_validate.cpp"': skipped when looking for precompiled header use
11>          Add directive to 'core/pch_jumbo.h' or rebuild precompiled header
11>c:\users\bryan\documents\github\prest\modules\windowcommander\windowcommander_jumbo.cpp(19): warning C4627: '#include "modules/windowcommander/src/TrustInfoResolver.cpp"': skipped when looking for precompiled header use
11>          Add directive to 'core/pch_jumbo.h' or rebuild precompiled header
11>c:\users\bryan\documents\github\prest\modules\style\style_jumbo.cpp(47): warning C4627: '#include "modules/style/src/css_animations.cpp"': skipped when looking for precompiled header use
11>          Add directive to 'core/pch_jumbo.h' or rebuild precompiled header
11>c:\users\bryan\documents\github\prest\modules\widgets\widgets_jumbo.cpp(21): warning C4627: '#include "modules/widgets/OpButtonGroup.cpp"': skipped when looking for precompiled header use
11>          Add directive to 'core/pch_jumbo.h' or rebuild precompiled header
11>c:\users\bryan\documents\github\prest\modules\xmlutils\xmlutils_jumbo.cpp(16): warning C4627: '#include "modules/xmlutils/src/xmlerrorreport.cpp"': skipped when looking for precompiled header use
11>          Add directive to 'core/pch_jumbo.h' or rebuild precompiled header
11>c:\users\bryan\documents\github\prest\modules\webserver\webserver_jumbo.cpp(30): warning C4627: '#include "modules/webserver/src/webservercore/webserver_connection.cpp"': skipped when looking for precompiled header use
11>          Add directive to 'core/pch_jumbo.h' or rebuild precompiled header
11>c:\users\bryan\documents\github\prest\modules\xpath\xpath_jumbo.cpp(15): warning C4627: '#include "modules/xpath/src/xpapiimpl.cpp"': skipped when looking for precompiled header use
11>          Add directive to 'core/pch_jumbo.h' or rebuild precompiled header
11>c:\users\bryan\documents\github\prest\modules\util\util_jumbo.cpp(40): warning C4627: '#include "modules/util/winutils.cpp"': skipped when looking for precompiled header use
11>          Add directive to 'core/pch_jumbo.h' or rebuild precompiled header
11>c:\users\bryan\documents\github\prest\modules\url\url_jumbo.cpp(48): warning C4627: '#include "modules/url/loadhandler/url_lhh.cpp"': skipped when looking for precompiled header use
11>          Add directive to 'core/pch_jumbo.h' or rebuild precompiled header
11>c:\users\bryan\documents\github\prest\modules\svg\svg_jumbo.cpp(48): warning C4627: '#include "modules/svg/src/SVGDOMInterfaces.cpp"': skipped when looking for precompiled header use
11>          Add directive to 'core/pch_jumbo.h' or rebuild precompiled header
11>c:\users\bryan\documents\github\prest\modules\xmlparser\xmlparser_jumbo.cpp(22): warning C4627: '#include "modules/xmlparser/src/xmlparser.cpp"': skipped when looking for precompiled header use
11>          Add directive to 'core/pch_jumbo.h' or rebuild precompiled header
11>  xslt_jumbo.cpp
11>c:\users\bryan\documents\github\prest\modules\webgl\webgl_jumbo.cpp(30): warning C4627: '#include "modules/webgl/src/wgl_validator.cpp"': skipped when looking for precompiled header use
11>          Add directive to 'core/pch_jumbo.h' or rebuild precompiled header
11>c:\users\bryan\documents\github\prest\modules\style\style_jumbo.cpp(48): fatal error C1010: unexpected end of file while looking for precompiled header. Did you forget to add '#include "core/pch_jumbo.h"' to your source?
11>c:\users\bryan\documents\github\prest\modules\windowcommander\windowcommander_jumbo.cpp(20): warning C4627: '#include "modules/windowcommander/src/CookieManager.cpp"': skipped when looking for precompiled header use
11>          Add directive to 'core/pch_jumbo.h' or rebuild precompiled header
11>c:\users\bryan\documents\github\prest\modules\widgets\widgets_jumbo.cpp(22): warning C4627: '#include "modules/widgets/OpCalendar.cpp"': skipped when looking for precompiled header use
11>          Add directive to 'core/pch_jumbo.h' or rebuild precompiled header
11>c:\users\bryan\documents\github\prest\modules\webserver\webserver_jumbo.cpp(31): warning C4627: '#include "modules/webserver/src/webservercore/webserver_connection_listener.cpp"': skipped when looking for precompiled header use
11>          Add directive to 'core/pch_jumbo.h' or rebuild precompiled header
11>c:\users\bryan\documents\github\prest\modules\xmlutils\xmlutils_jumbo.cpp(17): warning C4627: '#include "modules/xmlutils/src/xmlfragment.cpp"': skipped when looking for precompiled header use
11>          Add directive to 'core/pch_jumbo.h' or rebuild precompiled header
11>c:\users\bryan\documents\github\prest\modules\xpath\xpath_jumbo.cpp(16): warning C4627: '#include "modules/xpath/src/xpcomparisonexpr.cpp"': skipped when looking for precompiled header use
11>          Add directive to 'core/pch_jumbo.h' or rebuild precompiled header
11>c:\users\bryan\documents\github\prest\modules\util\util_jumbo.cpp(41): warning C4627: '#include "modules/util/zipload.cpp"': skipped when looking for precompiled header use
11>          Add directive to 'core/pch_jumbo.h' or rebuild precompiled header
11>c:\users\bryan\documents\github\prest\modules\url\url_jumbo.cpp(49): warning C4627: '#include "modules/url/loadhandler/url_lhn.cpp"': skipped when looking for precompiled header use
11>          Add directive to 'core/pch_jumbo.h' or rebuild precompiled header
11>c:\users\bryan\documents\github\prest\modules\svg\svg_jumbo.cpp(49): warning C4627: '#include "modules/svg/src/SVGFilterTraversalObject.cpp"': skipped when looking for precompiled header use
11>          Add directive to 'core/pch_jumbo.h' or rebuild precompiled header
11>c:\users\bryan\documents\github\prest\modules\xmlparser\xmlparser_jumbo.cpp(23): warning C4627: '#include "modules/xmlparser/src/xmlparser_doctype.cpp"': skipped when looking for precompiled header use
11>          Add directive to 'core/pch_jumbo.h' or rebuild precompiled header
11>c:\users\bryan\documents\github\prest\modules\webgl\webgl_jumbo.cpp(31): warning C4627: '#include "modules/webgl/src/wgl_visit.cpp"': skipped when looking for precompiled header use
11>          Add directive to 'core/pch_jumbo.h' or rebuild precompiled header
11>c:\users\bryan\documents\github\prest\modules\windowcommander\windowcommander_jumbo.cpp(21): warning C4627: '#include "modules/windowcommander/src/WindowCommander.cpp"': skipped when looking for precompiled header use
11>          Add directive to 'core/pch_jumbo.h' or rebuild precompiled header
11>c:\users\bryan\documents\github\prest\modules\webserver\webserver_jumbo.cpp(32): warning C4627: '#include "modules/webserver/src/webservercore/webserver_direct_socket.cpp"': skipped when looking for precompiled header use
11>          Add directive to 'core/pch_jumbo.h' or rebuild precompiled header
11>c:\users\bryan\documents\github\prest\modules\widgets\widgets_jumbo.cpp(23): warning C4627: '#include "modules/widgets/OpColorField.cpp"': skipped when looking for precompiled header use
11>          Add directive to 'core/pch_jumbo.h' or rebuild precompiled header
11>c:\users\bryan\documents\github\prest\modules\xmlutils\xmlutils_jumbo.cpp(18): warning C4627: '#include "modules/xmlutils/src/xmllanguageparser.cpp"': skipped when looking for precompiled header use
11>          Add directive to 'core/pch_jumbo.h' or rebuild precompiled header
11>c:\users\bryan\documents\github\prest\modules\xpath\xpath_jumbo.cpp(17): warning C4627: '#include "modules/xpath/src/xpcontext.cpp"': skipped when looking for precompiled header use
11>          Add directive to 'core/pch_jumbo.h' or rebuild precompiled header
11>c:\users\bryan\documents\github\prest\modules\util\util_jumbo.cpp(42): warning C4627: '#include "modules/util/adt/oplisteners.cpp"': skipped when looking for precompiled header use
11>          Add directive to 'core/pch_jumbo.h' or rebuild precompiled header
11>c:\users\bryan\documents\github\prest\modules\url\url_jumbo.cpp(50): warning C4627: '#include "modules/url/loadhandler/url_lhsand.cpp"': skipped when looking for precompiled header use
11>          Add directive to 'core/pch_jumbo.h' or rebuild precompiled header
11>c:\users\bryan\documents\github\prest\modules\svg\svg_jumbo.cpp(50): warning C4627: '#include "modules/svg/src/SVGFilter.cpp"': skipped when looking for precompiled header use
11>          Add directive to 'core/pch_jumbo.h' or rebuild precompiled header
11>c:\users\bryan\documents\github\prest\modules\xmlparser\xmlparser_jumbo.cpp(24): warning C4627: '#include "modules/xmlparser/src/xmlparser_entity.cpp"': skipped when looking for precompiled header use
11>          Add directive to 'core/pch_jumbo.h' or rebuild precompiled header
11>c:\users\bryan\documents\github\prest\modules\webgl\webgl_jumbo.cpp(32): fatal error C1010: unexpected end of file while looking for precompiled header. Did you forget to add '#include "core/pch_jumbo.h"' to your source?
11>  zlib_jumbo.cpp
11>c:\users\bryan\documents\github\prest\modules\webserver\webserver_jumbo.cpp(33): warning C4627: '#include "modules/webserver/src/webservercore/webserver_filename.cpp"': skipped when looking for precompiled header use
11>          Add directive to 'core/pch_jumbo.h' or rebuild precompiled header
11>c:\users\bryan\documents\github\prest\modules\windowcommander\windowcommander_jumbo.cpp(22): warning C4627: '#include "modules/windowcommander/src/WindowCommanderManager.cpp"': skipped when looking for precompiled header use
11>          Add directive to 'core/pch_jumbo.h' or rebuild precompiled header
11>c:\users\bryan\documents\github\prest\modules\xmlutils\xmlutils_jumbo.cpp(19): warning C4627: '#include "modules/xmlutils/src/xmlnames.cpp"': skipped when looking for precompiled header use
11>          Add directive to 'core/pch_jumbo.h' or rebuild precompiled header
11>c:\users\bryan\documents\github\prest\modules\xpath\xpath_jumbo.cpp(18): warning C4627: '#include "modules/xpath/src/xpexpr.cpp"': skipped when looking for precompiled header use
11>          Add directive to 'core/pch_jumbo.h' or rebuild precompiled header
11>c:\users\bryan\documents\github\prest\modules\widgets\widgets_jumbo.cpp(24): warning C4627: '#include "modules/widgets/OpDateTime.cpp"': skipped when looking for precompiled header use
11>          Add directive to 'core/pch_jumbo.h' or rebuild precompiled header
11>c:\users\bryan\documents\github\prest\modules\util\util_jumbo.cpp(43): warning C4627: '#include "modules/util/adt/optree.cpp"': skipped when looking for precompiled header use
11>          Add directive to 'core/pch_jumbo.h' or rebuild precompiled header
11>c:\users\bryan\documents\github\prest\modules\svg\svg_jumbo.cpp(51): warning C4627: '#include "modules/svg/src/SVGTurbulenceGenerator.cpp"': skipped when looking for precompiled header use
11>          Add directive to 'core/pch_jumbo.h' or rebuild precompiled header
11>c:\users\bryan\documents\github\prest\modules\xmlparser\xmlparser_jumbo.cpp(25): warning C4627: '#include "modules/xmlparser/src/xmlparser_errors.cpp"': skipped when looking for precompiled header use
11>          Add directive to 'core/pch_jumbo.h' or rebuild precompiled header
11>c:\users\bryan\documents\github\prest\modules\url\url_jumbo.cpp(51): warning C4627: '#include "modules/url/loadhandler/url_lhtv.cpp"': skipped when looking for precompiled header use
11>          Add directive to 'core/pch_jumbo.h' or rebuild precompiled header
11>c:\users\bryan\documents\github\prest\modules\webserver\webserver_jumbo.cpp(34): warning C4627: '#include "modules/webserver/src/webservercore/webserver_magic_url.cpp"': skipped when looking for precompiled header use
11>          Add directive to 'core/pch_jumbo.h' or rebuild precompiled header
11>c:\users\bryan\documents\github\prest\modules\windowcommander\windowcommander_jumbo.cpp(23): warning C4627: '#include "modules/windowcommander/src/windowcommander_module.cpp"': skipped when looking for precompiled header use
11>          Add directive to 'core/pch_jumbo.h' or rebuild precompiled header
11>c:\users\bryan\documents\github\prest\modules\xmlutils\xmlutils_jumbo.cpp(20): warning C4627: '#include "modules/xmlutils/src/xmlparserimpl.cpp"': skipped when looking for precompiled header use
11>          Add directive to 'core/pch_jumbo.h' or rebuild precompiled header
11>c:\users\bryan\documents\github\prest\modules\xpath\xpath_jumbo.cpp(19): warning C4627: '#include "modules/xpath/src/xpfunction.cpp"': skipped when looking for precompiled header use
11>          Add directive to 'core/pch_jumbo.h' or rebuild precompiled header
11>c:\users\bryan\documents\github\prest\modules\util\util_jumbo.cpp(44): warning C4627: '#include "modules/util/network/network_type.cpp"': skipped when looking for precompiled header use
11>          Add directive to 'core/pch_jumbo.h' or rebuild precompiled header
11>c:\users\bryan\documents\github\prest\modules\xmlparser\xmlparser_jumbo.cpp(26): warning C4627: '#include "modules/xmlparser/src/xmlparser_markup.cpp"': skipped when looking for precompiled header use
11>          Add directive to 'core/pch_jumbo.h' or rebuild precompiled header
11>c:\users\bryan\documents\github\prest\modules\svg\svg_jumbo.cpp(52): warning C4627: '#include "modules/svg/src/SVGInternalEnumTables.cpp"': skipped when looking for precompiled header use
11>          Add directive to 'core/pch_jumbo.h' or rebuild precompiled header
11>  crashlog_jumbo.cpp
11>c:\users\bryan\documents\github\prest\modules\url\url_jumbo.cpp(52): warning C4627: '#include "modules/url/loadhandler/url_lhwidget.cpp"': skipped when looking for precompiled header use
11>          Add directive to 'core/pch_jumbo.h' or rebuild precompiled header
11>c:\users\bryan\documents\github\prest\modules\webserver\webserver_jumbo.cpp(35): warning C4627: '#include "modules/webserver/src/webservercore/webserver_openid.cpp"': skipped when looking for precompiled header use
11>          Add directive to 'core/pch_jumbo.h' or rebuild precompiled header
11>c:\users\bryan\documents\github\prest\modules\windowcommander\windowcommander_jumbo.cpp(24): warning C4627: '#include "modules/windowcommander/src/WritingSystem.cpp"': skipped when looking for precompiled header use
11>          Add directive to 'core/pch_jumbo.h' or rebuild precompiled header
11>c:\users\bryan\documents\github\prest\modules\xmlutils\xmlutils_jumbo.cpp(21): warning C4627: '#include "modules/xmlutils/src/xmlparserimpl_internal.cpp"': skipped when looking for precompiled header use
11>          Add directive to 'core/pch_jumbo.h' or rebuild precompiled header
11>c:\users\bryan\documents\github\prest\modules\xpath\xpath_jumbo.cpp(20): warning C4627: '#include "modules/xpath/src/xpitems.cpp"': skipped when looking for precompiled header use
11>          Add directive to 'core/pch_jumbo.h' or rebuild precompiled header
11>c:\users\bryan\documents\github\prest\modules\util\util_jumbo.cpp(45): warning C4627: '#include "modules/util/network/op_certificate_impl.cpp"': skipped when looking for precompiled header use
11>          Add directive to 'core/pch_jumbo.h' or rebuild precompiled header
11>c:\users\bryan\documents\github\prest\modules\xmlparser\xmlparser_jumbo.cpp(27): warning C4627: '#include "modules/xmlparser/src/xmlparser_normalize.cpp"': skipped when looking for precompiled header use
11>          Add directive to 'core/pch_jumbo.h' or rebuild precompiled header
11>c:\users\bryan\documents\github\prest\modules\svg\svg_jumbo.cpp(53): warning C4627: '#include "modules/svg/src/SVGInternalEnum.cpp"': skipped when looking for precompiled header use
11>          Add directive to 'core/pch_jumbo.h' or rebuild precompiled header
11>c:\users\bryan\documents\github\prest\modules\webserver\webserver_jumbo.cpp(36): warning C4627: '#include "modules/webserver/src/webservercore/webserver_private_global_data.cpp"': skipped when looking for precompiled header use
11>          Add directive to 'core/pch_jumbo.h' or rebuild precompiled header
14>  crashlog_linux32.cpp
14>  Generating Code...
11>c:\users\bryan\documents\github\prest\modules\url\url_jumbo.cpp(53): warning C4627: '#include "modules/url/protocols/comm2.cpp"': skipped when looking for precompiled header use
11>          Add directive to 'core/pch_jumbo.h' or rebuild precompiled header
11>c:\users\bryan\documents\github\prest\modules\windowcommander\windowcommander_jumbo.cpp(25): warning C4627: '#include "modules/windowcommander/src/UrlFilterApi.cpp"': skipped when looking for precompiled header use
11>          Add directive to 'core/pch_jumbo.h' or rebuild precompiled header
11>c:\users\bryan\documents\github\prest\modules\xmlutils\xmlutils_jumbo.cpp(22): warning C4627: '#include "modules/xmlutils/src/xmlserializerimpl.cpp"': skipped when looking for precompiled header use
11>          Add directive to 'core/pch_jumbo.h' or rebuild precompiled header
11>c:\users\bryan\documents\github\prest\modules\xpath\xpath_jumbo.cpp(21): warning C4627: '#include "modules/xpath/src/xplexer.cpp"': skipped when looking for precompiled header use
11>          Add directive to 'core/pch_jumbo.h' or rebuild precompiled header
11>c:\users\bryan\documents\github\prest\modules\xmlparser\xmlparser_jumbo.cpp(28): fatal error C1010: unexpected end of file while looking for precompiled header. Did you forget to add '#include "core/pch_jumbo.h"' to your source?
11>c:\users\bryan\documents\github\prest\modules\util\util_jumbo.cpp(46): warning C4627: '#include "modules/util/network/pi_host_resolver.cpp"': skipped when looking for precompiled header use
11>          Add directive to 'core/pch_jumbo.h' or rebuild precompiled header
11>c:\users\bryan\documents\github\prest\modules\svg\svg_jumbo.cpp(54): warning C4627: '#include "modules/svg/src/SVGObject.cpp"': skipped when looking for precompiled header use
11>          Add directive to 'core/pch_jumbo.h' or rebuild precompiled header
11>c:\users\bryan\documents\github\prest\modules\webserver\webserver_jumbo.cpp(37): warning C4627: '#include "modules/webserver/src/webservercore/webserver_request_queue.cpp"': skipped when looking for precompiled header use
11>          Add directive to 'core/pch_jumbo.h' or rebuild precompiled header
11>c:\users\bryan\documents\github\prest\modules\url\url_jumbo.cpp(54): warning C4627: '#include "modules/url/protocols/commcleaner.cpp"': skipped when looking for precompiled header use
11>          Add directive to 'core/pch_jumbo.h' or rebuild precompiled header
11>c:\users\bryan\documents\github\prest\modules\windowcommander\windowcommander_jumbo.cpp(26): warning C4627: '#include "modules/windowcommander/src/AITData.cpp"': skipped when looking for precompiled header use
11>          Add directive to 'core/pch_jumbo.h' or rebuild precompiled header
11>c:\users\bryan\documents\github\prest\modules\xmlutils\xmlutils_jumbo.cpp(23): warning C4627: '#include "modules/xmlutils/src/xmltoken.cpp"': skipped when looking for precompiled header use
11>          Add directive to 'core/pch_jumbo.h' or rebuild precompiled header
11>c:\users\bryan\documents\github\prest\modules\xpath\xpath_jumbo.cpp(22): warning C4627: '#include "modules/xpath/src/xpliteralexpr.cpp"': skipped when looking for precompiled header use
11>          Add directive to 'core/pch_jumbo.h' or rebuild precompiled header
11>c:\users\bryan\documents\github\prest\modules\svg\svg_jumbo.cpp(55): warning C4627: '#include "modules/svg/src/SVGExternalTypes.cpp"': skipped when looking for precompiled header use
11>          Add directive to 'core/pch_jumbo.h' or rebuild precompiled header
11>c:\users\bryan\documents\github\prest\modules\util\util_jumbo.cpp(47): warning C4627: '#include "modules/util/opfile/opfile.cpp"': skipped when looking for precompiled header use
11>          Add directive to 'core/pch_jumbo.h' or rebuild precompiled header
11>c:\users\bryan\documents\github\prest\modules\webserver\webserver_jumbo.cpp(38): warning C4627: '#include "modules/webserver/src/webservercore/webserver_resources.cpp"': skipped when looking for precompiled header use
11>          Add directive to 'core/pch_jumbo.h' or rebuild precompiled header
11>c:\users\bryan\documents\github\prest\modules\url\url_jumbo.cpp(55): warning C4627: '#include "modules/url/protocols/common.cpp"': skipped when looking for precompiled header use
11>          Add directive to 'core/pch_jumbo.h' or rebuild precompiled header
11>c:\users\bryan\documents\github\prest\modules\windowcommander\windowcommander_jumbo.cpp(27): warning C4627: '#include "modules/windowcommander/src/SSLSecurtityPasswordCallbackImpl.cpp"': skipped when looking for precompiled header use
11>          Add directive to 'core/pch_jumbo.h' or rebuild precompiled header
11>c:\users\bryan\documents\github\prest\modules\xmlutils\xmlutils_jumbo.cpp(24): warning C4627: '#include "modules/xmlutils/src/xmltokenhandlerimpl.cpp"': skipped when looking for precompiled header use
11>          Add directive to 'core/pch_jumbo.h' or rebuild precompiled header
11>  windows_common_jumbo.cpp
11>c:\users\bryan\documents\github\prest\modules\xpath\xpath_jumbo.cpp(23): warning C4627: '#include "modules/xpath/src/xplocationpathexpr.cpp"': skipped when looking for precompiled header use
11>          Add directive to 'core/pch_jumbo.h' or rebuild precompiled header
11>c:\users\bryan\documents\github\prest\modules\widgets\widgets_jumbo.cpp(25): warning C4627: '#include "modules/widgets/OpDropDown.cpp"': skipped when looking for precompiled header use
11>          Add directive to 'core/pch_jumbo.h' or rebuild precompiled header
11>c:\users\bryan\documents\github\prest\modules\util\util_jumbo.cpp(48): warning C4627: '#include "modules/util/opfile/opfolder.cpp"': skipped when looking for precompiled header use
11>          Add directive to 'core/pch_jumbo.h' or rebuild precompiled header
11>c:\users\bryan\documents\github\prest\modules\webserver\webserver_jumbo.cpp(39): warning C4627: '#include "modules/webserver/src/webservercore/webserver_user_management.cpp"': skipped when looking for precompiled header use
11>          Add directive to 'core/pch_jumbo.h' or rebuild precompiled header
11>c:\users\bryan\documents\github\prest\modules\xslt\xslt_jumbo.cpp(15): warning C4627: '#include "modules/xslt/src/xslt_applyimports.cpp"': skipped when looking for precompiled header use
11>          Add directive to 'core/pch_jumbo.h' or rebuild precompiled header
11>c:\users\bryan\documents\github\prest\modules\svg\svg_jumbo.cpp(56): warning C4627: '#include "modules/svg/src/SVGTextSelection.cpp"': skipped when looking for precompiled header use
11>          Add directive to 'core/pch_jumbo.h' or rebuild precompiled header
11>c:\users\bryan\documents\github\prest\modules\url\url_jumbo.cpp(56): warning C4627: '#include "modules/url/protocols/conn_man.cpp"': skipped when looking for precompiled header use
11>          Add directive to 'core/pch_jumbo.h' or rebuild precompiled header
11>c:\users\bryan\documents\github\prest\modules\windowcommander\windowcommander_jumbo.cpp(28): warning C4627: '#include "modules/windowcommander/src/TabsApiNotificationHelper.cpp"': skipped when looking for precompiled header use
11>          Add directive to 'core/pch_jumbo.h' or rebuild precompiled header
11>c:\users\bryan\documents\github\prest\modules\xpath\xpath_jumbo.cpp(24): warning C4627: '#include "modules/xpath/src/xplogicalexpr.cpp"': skipped when looking for precompiled header use
11>          Add directive to 'core/pch_jumbo.h' or rebuild precompiled header
11>c:\users\bryan\documents\github\prest\modules\webserver\webserver_jumbo.cpp(40): fatal error C1010: unexpected end of file while looking for precompiled header. Did you forget to add '#include "core/pch_jumbo.h"' to your source?
11>c:\users\bryan\documents\github\prest\modules\util\util_jumbo.cpp(49): warning C4627: '#include "modules/util/opfile/opmemfile.cpp"': skipped when looking for precompiled header use
11>          Add directive to 'core/pch_jumbo.h' or rebuild precompiled header
11>c:\users\bryan\documents\github\prest\modules\widgets\widgets_jumbo.cpp(26): warning C4627: '#include "modules/widgets/OpEdit.cpp"': skipped when looking for precompiled header use
11>          Add directive to 'core/pch_jumbo.h' or rebuild precompiled header
11>c:\users\bryan\documents\github\prest\modules\xslt\xslt_jumbo.cpp(16): warning C4627: '#include "modules/xslt/src/xslt_applytemplates.cpp"': skipped when looking for precompiled header use
11>          Add directive to 'core/pch_jumbo.h' or rebuild precompiled header
11>c:\users\bryan\documents\github\prest\modules\xmlutils\xmlutils_jumbo.cpp(25): warning C4627: '#include "modules/xmlutils/src/xmltreeaccessorimpl.cpp"': skipped when looking for precompiled header use
11>          Add directive to 'core/pch_jumbo.h' or rebuild precompiled header
11>c:\users\bryan\documents\github\prest\modules\svg\svg_jumbo.cpp(57): warning C4627: '#include "modules/svg/src/SVGTextRenderer.cpp"': skipped when looking for precompiled header use
11>          Add directive to 'core/pch_jumbo.h' or rebuild precompiled header
13>     Creating library C:\Users\Bryan\Documents\GitHub\prest\platforms\windows\..\..\VS_Output\Debug\OperaMAPI.lib and object C:\Users\Bryan\Documents\GitHub\prest\platforms\windows\..\..\VS_Output\Debug\OperaMAPI.exp
11>c:\users\bryan\documents\github\prest\modules\url\url_jumbo.cpp(57): warning C4627: '#include "modules/url/protocols/ftp.cpp"': skipped when looking for precompiled header use
11>          Add directive to 'core/pch_jumbo.h' or rebuild precompiled header
11>c:\users\bryan\documents\github\prest\modules\windowcommander\windowcommander_jumbo.cpp(29): fatal error C1010: unexpected end of file while looking for precompiled header. Did you forget to add '#include "core/pch_jumbo.h"' to your source?
11>c:\users\bryan\documents\github\prest\modules\util\util_jumbo.cpp(50): warning C4627: '#include "modules/util/opfile/opsafefile.cpp"': skipped when looking for precompiled header use
11>          Add directive to 'core/pch_jumbo.h' or rebuild precompiled header
11>c:\users\bryan\documents\github\prest\modules\xpath\xpath_jumbo.cpp(25): warning C4627: '#include "modules/xpath/src/xpmodule.cpp"': skipped when looking for precompiled header use
11>          Add directive to 'core/pch_jumbo.h' or rebuild precompiled header
11>c:\users\bryan\documents\github\prest\modules\xslt\xslt_jumbo.cpp(17): warning C4627: '#include "modules/xslt/src/xslt_attributeset.cpp"': skipped when looking for precompiled header use
11>          Add directive to 'core/pch_jumbo.h' or rebuild precompiled header
11>c:\users\bryan\documents\github\prest\modules\widgets\widgets_jumbo.cpp(27): warning C4627: '#include "modules/widgets/OpFileChooserEdit.cpp"': skipped when looking for precompiled header use
11>          Add directive to 'core/pch_jumbo.h' or rebuild precompiled header
11>c:\users\bryan\documents\github\prest\modules\url\url_jumbo.cpp(58): warning C4627: '#include "modules/url/protocols/ftp_data.cpp"': skipped when looking for precompiled header use
11>          Add directive to 'core/pch_jumbo.h' or rebuild precompiled header
11>c:\users\bryan\documents\github\prest\modules\xmlutils\xmlutils_jumbo.cpp(26): warning C4627: '#include "modules/xmlutils/src/xmlutils.cpp"': skipped when looking for precompiled header use
11>          Add directive to 'core/pch_jumbo.h' or rebuild precompiled header
11>c:\users\bryan\documents\github\prest\modules\svg\svg_jumbo.cpp(58): warning C4627: '#include "modules/svg/src/SVGImageImpl.cpp"': skipped when looking for precompiled header use
11>          Add directive to 'core/pch_jumbo.h' or rebuild precompiled header
11>c:\users\bryan\documents\github\prest\modules\util\util_jumbo.cpp(51): warning C4627: '#include "modules/util/opfile/opslotfile.cpp"': skipped when looking for precompiled header use
11>          Add directive to 'core/pch_jumbo.h' or rebuild precompiled header
11>c:\users\bryan\documents\github\prest\modules\xslt\xslt_jumbo.cpp(18): warning C4627: '#include "modules/xslt/src/xslt_attributevaluetemplate.cpp"': skipped when looking for precompiled header use
11>          Add directive to 'core/pch_jumbo.h' or rebuild precompiled header
11>c:\users\bryan\documents\github\prest\modules\xpath\xpath_jumbo.cpp(26): warning C4627: '#include "modules/xpath/src/xpnamespaces.cpp"': skipped when looking for precompiled header use
11>          Add directive to 'core/pch_jumbo.h' or rebuild precompiled header
11>c:\users\bryan\documents\github\prest\modules\widgets\widgets_jumbo.cpp(28): warning C4627: '#include "modules/widgets/OpIMSObject.cpp"': skipped when looking for precompiled header use
11>          Add directive to 'core/pch_jumbo.h' or rebuild precompiled header
11>c:\users\bryan\documents\github\prest\modules\xmlutils\xmlutils_jumbo.cpp(27): fatal error C1010: unexpected end of file while looking for precompiled header. Did you forget to add '#include "core/pch_jumbo.h"' to your source?
11>c:\users\bryan\documents\github\prest\modules\url\url_jumbo.cpp(59): warning C4627: '#include "modules/url/protocols/ftp_man.cpp"': skipped when looking for precompiled header use
11>          Add directive to 'core/pch_jumbo.h' or rebuild precompiled header
11>c:\users\bryan\documents\github\prest\modules\svg\svg_jumbo.cpp(59): warning C4627: '#include "modules/svg/src/SVGWorkplace.cpp"': skipped when looking for precompiled header use
11>          Add directive to 'core/pch_jumbo.h' or rebuild precompiled header
11>c:\users\bryan\documents\github\prest\modules\util\util_jumbo.cpp(52): warning C4627: '#include "modules/util/opfile/unistream.cpp"': skipped when looking for precompiled header use
11>          Add directive to 'core/pch_jumbo.h' or rebuild precompiled header
11>c:\users\bryan\documents\github\prest\modules\xslt\xslt_jumbo.cpp(19): warning C4627: '#include "modules/xslt/src/xslt_calltemplate.cpp"': skipped when looking for precompiled header use
11>          Add directive to 'core/pch_jumbo.h' or rebuild precompiled header
11>c:\users\bryan\documents\github\prest\modules\xpath\xpath_jumbo.cpp(27): warning C4627: '#include "modules/xpath/src/xpnode.cpp"': skipped when looking for precompiled header use
11>          Add directive to 'core/pch_jumbo.h' or rebuild precompiled header
11>c:\users\bryan\documents\github\prest\modules\widgets\widgets_jumbo.cpp(29): warning C4627: '#include "modules/widgets/OpInputMethodString.cpp"': skipped when looking for precompiled header use
11>          Add directive to 'core/pch_jumbo.h' or rebuild precompiled header
11>c:\users\bryan\documents\github\prest\modules\util\util_jumbo.cpp(53): warning C4627: '#include "modules/util/url_query_tkn.cpp"': skipped when looking for precompiled header use
11>          Add directive to 'core/pch_jumbo.h' or rebuild precompiled header
11>c:\users\bryan\documents\github\prest\modules\url\url_jumbo.cpp(60): warning C4627: '#include "modules/url/protocols/http1.cpp"': skipped when looking for precompiled header use
11>          Add directive to 'core/pch_jumbo.h' or rebuild precompiled header
11>c:\users\bryan\documents\github\prest\modules\xslt\xslt_jumbo.cpp(20): warning C4627: '#include "modules/xslt/src/xslt_choose.cpp"': skipped when looking for precompiled header use
11>          Add directive to 'core/pch_jumbo.h' or rebuild precompiled header
11>c:\users\bryan\documents\github\prest\modules\svg\svg_jumbo.cpp(60): warning C4627: '#include "modules/svg/src/SVGPoint.cpp"': skipped when looking for precompiled header use
11>          Add directive to 'core/pch_jumbo.h' or rebuild precompiled header
11>c:\users\bryan\documents\github\prest\modules\xpath\xpath_jumbo.cpp(28): warning C4627: '#include "modules/xpath/src/xpnodelist.cpp"': skipped when looking for precompiled header use
11>          Add directive to 'core/pch_jumbo.h' or rebuild precompiled header
11>c:\users\bryan\documents\github\prest\modules\widgets\widgets_jumbo.cpp(30): warning C4627: '#include "modules/widgets/OpListBox.cpp"': skipped when looking for precompiled header use
11>          Add directive to 'core/pch_jumbo.h' or rebuild precompiled header
11>c:\users\bryan\documents\github\prest\modules\util\util_jumbo.cpp(54): warning C4627: '#include "modules/util/language_codes.cpp"': skipped when looking for precompiled header use
11>          Add directive to 'core/pch_jumbo.h' or rebuild precompiled header
11>c:\users\bryan\documents\github\prest\modules\xslt\xslt_jumbo.cpp(21): warning C4627: '#include "modules/xslt/src/xslt_comment.cpp"': skipped when looking for precompiled header use
11>          Add directive to 'core/pch_jumbo.h' or rebuild precompiled header
11>c:\users\bryan\documents\github\prest\modules\svg\svg_jumbo.cpp(61): warning C4627: '#include "modules/svg/src/SVGNumberPair.cpp"': skipped when looking for precompiled header use
11>          Add directive to 'core/pch_jumbo.h' or rebuild precompiled header
14>  Compiling...
14>  crashlog_linux64.cpp
11>c:\users\bryan\documents\github\prest\modules\url\url_jumbo.cpp(61): warning C4627: '#include "modules/url/protocols/http_man.cpp"': skipped when looking for precompiled header use
11>          Add directive to 'core/pch_jumbo.h' or rebuild precompiled header
11>c:\users\bryan\documents\github\prest\modules\xpath\xpath_jumbo.cpp(29): warning C4627: '#include "modules/xpath/src/xpnodeset.cpp"': skipped when looking for precompiled header use
11>          Add directive to 'core/pch_jumbo.h' or rebuild precompiled header
11>c:\users\bryan\documents\github\prest\modules\util\util_jumbo.cpp(55): warning C4627: '#include "modules/util/OpRegion.cpp"': skipped when looking for precompiled header use
11>          Add directive to 'core/pch_jumbo.h' or rebuild precompiled header
11>c:\users\bryan\documents\github\prest\modules\widgets\widgets_jumbo.cpp(31): warning C4627: '#include "modules/widgets/OpMonthView.cpp"': skipped when looking for precompiled header use
11>          Add directive to 'core/pch_jumbo.h' or rebuild precompiled header
11>c:\users\bryan\documents\github\prest\modules\xslt\xslt_jumbo.cpp(22): warning C4627: '#include "modules/xslt/src/xslt_compiler.cpp"': skipped when looking for precompiled header use
11>          Add directive to 'core/pch_jumbo.h' or rebuild precompiled header
11>c:\users\bryan\documents\github\prest\modules\svg\svg_jumbo.cpp(62): warning C4627: '#include "modules/svg/src/SVGErrorReport.cpp"': skipped when looking for precompiled header use
11>          Add directive to 'core/pch_jumbo.h' or rebuild precompiled header
11>c:\users\bryan\documents\github\prest\modules\util\util_jumbo.cpp(56): fatal error C1010: unexpected end of file while looking for precompiled header. Did you forget to add '#include "core/pch_jumbo.h"' to your source?
11>c:\users\bryan\documents\github\prest\modules\zlib\zlib_jumbo.cpp(15): warning C4627: '#include "modules/zlib/zlib_module.cpp"': skipped when looking for precompiled header use
11>          Add directive to 'core/pch_jumbo.h' or rebuild precompiled header
11>c:\users\bryan\documents\github\prest\modules\url\url_jumbo.cpp(62): warning C4627: '#include "modules/url/protocols/http_req2.cpp"': skipped when looking for precompiled header use
11>          Add directive to 'core/pch_jumbo.h' or rebuild precompiled header
11>c:\users\bryan\documents\github\prest\modules\xslt\xslt_jumbo.cpp(23): warning C4627: '#include "modules/xslt/src/xslt_copy.cpp"': skipped when looking for precompiled header use
11>          Add directive to 'core/pch_jumbo.h' or rebuild precompiled header
11>c:\users\bryan\documents\github\prest\modules\svg\svg_jumbo.cpp(63): warning C4627: '#include "modules/svg/src/SVGDependencyGraph.cpp"': skipped when looking for precompiled header use
11>          Add directive to 'core/pch_jumbo.h' or rebuild precompiled header
11>c:\users\bryan\documents\github\prest\modules\widgets\widgets_jumbo.cpp(32): warning C4627: '#include "modules/widgets/OpMultiEdit.cpp"': skipped when looking for precompiled header use
11>          Add directive to 'core/pch_jumbo.h' or rebuild precompiled header
11>c:\users\bryan\documents\github\prest\modules\xpath\xpath_jumbo.cpp(30): warning C4627: '#include "modules/xpath/src/xpnumericexpr.cpp"': skipped when looking for precompiled header use
11>          Add directive to 'core/pch_jumbo.h' or rebuild precompiled header
11>c:\users\bryan\documents\github\prest\modules\zlib\zlib_jumbo.cpp(16): warning C4627: '#include "modules/zlib/zlib.cpp"': skipped when looking for precompiled header use
11>          Add directive to 'core/pch_jumbo.h' or rebuild precompiled header
11>c:\users\bryan\documents\github\prest\modules\svg\svg_jumbo.cpp(64): warning C4627: '#include "modules/svg/src/SVGTextLayout.cpp"': skipped when looking for precompiled header use
11>          Add directive to 'core/pch_jumbo.h' or rebuild precompiled header
11>c:\users\bryan\documents\github\prest\modules\xslt\xslt_jumbo.cpp(24): warning C4627: '#include "modules/xslt/src/xslt_copyof.cpp"': skipped when looking for precompiled header use
11>          Add directive to 'core/pch_jumbo.h' or rebuild precompiled header
11>c:\users\bryan\documents\github\prest\modules\url\url_jumbo.cpp(63): warning C4627: '#include "modules/url/protocols/http_te.cpp"': skipped when looking for precompiled header use
11>          Add directive to 'core/pch_jumbo.h' or rebuild precompiled header
11>c:\users\bryan\documents\github\prest\modules\widgets\widgets_jumbo.cpp(33): warning C4627: '#include "modules/widgets/OpNumberEdit.cpp"': skipped when looking for precompiled header use
11>          Add directive to 'core/pch_jumbo.h' or rebuild precompiled header
11>c:\users\bryan\documents\github\prest\modules\zlib\zlib_jumbo.cpp(17): fatal error C1010: unexpected end of file while looking for precompiled header. Did you forget to add '#include "core/pch_jumbo.h"' to your source?
11>c:\users\bryan\documents\github\prest\modules\xpath\xpath_jumbo.cpp(31): warning C4627: '#include "modules/xpath/src/xpparser.cpp"': skipped when looking for precompiled header use
11>          Add directive to 'core/pch_jumbo.h' or rebuild precompiled header
11>c:\users\bryan\documents\github\prest\modules\svg\svg_jumbo.cpp(65): warning C4627: '#include "modules/svg/src/SVGTextTraverse.cpp"': skipped when looking for precompiled header use
11>          Add directive to 'core/pch_jumbo.h' or rebuild precompiled header
11>c:\users\bryan\documents\github\prest\modules\xslt\xslt_jumbo.cpp(25): warning C4627: '#include "modules/xslt/src/xslt_copytofileoutputhandler.cpp"': skipped when looking for precompiled header use
11>          Add directive to 'core/pch_jumbo.h' or rebuild precompiled header
11>c:\users\bryan\documents\github\prest\modules\url\url_jumbo.cpp(64): warning C4627: '#include "modules/url/protocols/pcomm.cpp"': skipped when looking for precompiled header use
11>          Add directive to 'core/pch_jumbo.h' or rebuild precompiled header
11>c:\users\bryan\documents\github\prest\modules\widgets\widgets_jumbo.cpp(34): warning C4627: '#include "modules/widgets/OpPageControl.cpp"': skipped when looking for precompiled header use
11>          Add directive to 'core/pch_jumbo.h' or rebuild precompiled header
11>c:\users\bryan\documents\github\prest\modules\svg\svg_jumbo.cpp(66): warning C4627: '#include "modules/svg/src/SVGNavigation.cpp"': skipped when looking for precompiled header use
11>          Add directive to 'core/pch_jumbo.h' or rebuild precompiled header
11>c:\users\bryan\documents\github\prest\modules\xslt\xslt_jumbo.cpp(26): warning C4627: '#include "modules/xslt/src/xslt_decimalformat.cpp"': skipped when looking for precompiled header use
11>          Add directive to 'core/pch_jumbo.h' or rebuild precompiled header
11>c:\users\bryan\documents\github\prest\modules\xpath\xpath_jumbo.cpp(32): warning C4627: '#include "modules/xpath/src/xppattern.cpp"': skipped when looking for precompiled header use
11>          Add directive to 'core/pch_jumbo.h' or rebuild precompiled header
11>c:\users\bryan\documents\github\prest\modules\url\url_jumbo.cpp(65): warning C4627: '#include "modules/url/protocols/scomm.cpp"': skipped when looking for precompiled header use
11>          Add directive to 'core/pch_jumbo.h' or rebuild precompiled header
11>c:\users\bryan\documents\github\prest\modules\svg\svg_jumbo.cpp(67): warning C4627: '#include "modules/svg/src/SVGMarker.cpp"': skipped when looking for precompiled header use
11>          Add directive to 'core/pch_jumbo.h' or rebuild precompiled header
11>c:\users\bryan\documents\github\prest\modules\xslt\xslt_jumbo.cpp(27): warning C4627: '#include "modules/xslt/src/xslt_elemorattr.cpp"': skipped when looking for precompiled header use
11>          Add directive to 'core/pch_jumbo.h' or rebuild precompiled header
11>c:\users\bryan\documents\github\prest\modules\widgets\widgets_jumbo.cpp(35): warning C4627: '#include "modules/widgets/OpProgress.cpp"': skipped when looking for precompiled header use
11>          Add directive to 'core/pch_jumbo.h' or rebuild precompiled header
11>c:\users\bryan\documents\github\prest\modules\svg\svg_jumbo.cpp(68): warning C4627: '#include "modules/svg/src/SVGAttribute.cpp"': skipped when looking for precompiled header use
11>          Add directive to 'core/pch_jumbo.h' or rebuild precompiled header
11>c:\users\bryan\documents\github\prest\modules\xslt\xslt_jumbo.cpp(28): warning C4627: '#include "modules/xslt/src/xslt_engine.cpp"': skipped when looking for precompiled header use
11>          Add directive to 'core/pch_jumbo.h' or rebuild precompiled header
11>c:\users\bryan\documents\github\prest\modules\xpath\xpath_jumbo.cpp(33): warning C4627: '#include "modules/xpath/src/xppredicateexpr.cpp"': skipped when looking for precompiled header use
11>          Add directive to 'core/pch_jumbo.h' or rebuild precompiled header
11>c:\users\bryan\documents\github\prest\modules\url\url_jumbo.cpp(66): warning C4627: '#include "modules/url/protocols/websocket.cpp"': skipped when looking for precompiled header use
11>          Add directive to 'core/pch_jumbo.h' or rebuild precompiled header
11>c:\users\bryan\documents\github\prest\modules\svg\svg_jumbo.cpp(69): warning C4627: '#include "modules/svg/src/SVGRepeatCountObject.cpp"': skipped when looking for precompiled header use
11>          Add directive to 'core/pch_jumbo.h' or rebuild precompiled header
11>c:\users\bryan\documents\github\prest\modules\xslt\xslt_jumbo.cpp(29): warning C4627: '#include "modules/xslt/src/xslt_fallback.cpp"': skipped when looking for precompiled header use
11>          Add directive to 'core/pch_jumbo.h' or rebuild precompiled header
11>c:\users\bryan\documents\github\prest\modules\widgets\widgets_jumbo.cpp(36): warning C4627: '#include "modules/widgets/OpResizeCorner.cpp"': skipped when looking for precompiled header use
11>          Add directive to 'core/pch_jumbo.h' or rebuild precompiled header
11>c:\users\bryan\documents\github\prest\modules\xpath\xpath_jumbo.cpp(34): warning C4627: '#include "modules/xpath/src/xpproducer.cpp"': skipped when looking for precompiled header use
11>          Add directive to 'core/pch_jumbo.h' or rebuild precompiled header
11>c:\users\bryan\documents\github\prest\modules\svg\svg_jumbo.cpp(70): warning C4627: '#include "modules/svg/src/SVGFontSize.cpp"': skipped when looking for precompiled header use
11>          Add directive to 'core/pch_jumbo.h' or rebuild precompiled header
11>c:\users\bryan\documents\github\prest\modules\url\url_jumbo.cpp(67): warning C4627: '#include "modules/url/protocols/websocket_manager.cpp"': skipped when looking for precompiled header use
11>          Add directive to 'core/pch_jumbo.h' or rebuild precompiled header
11>c:\users\bryan\documents\github\prest\modules\xslt\xslt_jumbo.cpp(30): warning C4627: '#include "modules/xslt/src/xslt_foreach.cpp"': skipped when looking for precompiled header use
11>          Add directive to 'core/pch_jumbo.h' or rebuild precompiled header
11>c:\users\bryan\documents\github\prest\modules\widgets\widgets_jumbo.cpp(37): warning C4627: '#include "modules/widgets/OpScrollbar.cpp"': skipped when looking for precompiled header use
11>          Add directive to 'core/pch_jumbo.h' or rebuild precompiled header
11>c:\users\bryan\documents\github\prest\modules\svg\svg_jumbo.cpp(71): warning C4627: '#include "modules/svg/src/svgmediamanager.cpp"': skipped when looking for precompiled header use
11>          Add directive to 'core/pch_jumbo.h' or rebuild precompiled header
11>c:\users\bryan\documents\github\prest\modules\xpath\xpath_jumbo.cpp(35): warning C4627: '#include "modules/xpath/src/xpstep.cpp"': skipped when looking for precompiled header use
11>          Add directive to 'core/pch_jumbo.h' or rebuild precompiled header
11>c:\users\bryan\documents\github\prest\modules\xslt\xslt_jumbo.cpp(31): warning C4627: '#include "modules/xslt/src/xslt_functions.cpp"': skipped when looking for precompiled header use
11>          Add directive to 'core/pch_jumbo.h' or rebuild precompiled header
11>c:\users\bryan\documents\github\prest\modules\url\url_jumbo.cpp(68): warning C4627: '#include "modules/url/protocols/http_requests_handler.cpp"': skipped when looking for precompiled header use
11>          Add directive to 'core/pch_jumbo.h' or rebuild precompiled header
11>c:\users\bryan\documents\github\prest\modules\widgets\widgets_jumbo.cpp(38): warning C4627: '#include "modules/widgets/OpSlider.cpp"': skipped when looking for precompiled header use
11>          Add directive to 'core/pch_jumbo.h' or rebuild precompiled header
11>c:\users\bryan\documents\github\prest\modules\svg\svg_jumbo.cpp(72): warning C4627: '#include "modules/svg/src/SVGEditable.cpp"': skipped when looking for precompiled header use
11>          Add directive to 'core/pch_jumbo.h' or rebuild precompiled header
11>c:\users\bryan\documents\github\prest\modules\xpath\xpath_jumbo.cpp(36): warning C4627: '#include "modules/xpath/src/xpsthelpers.cpp"': skipped when looking for precompiled header use
11>          Add directive to 'core/pch_jumbo.h' or rebuild precompiled header
11>c:\users\bryan\documents\github\prest\modules\xslt\xslt_jumbo.cpp(32): warning C4627: '#include "modules/xslt/src/xslt_handler.cpp"': skipped when looking for precompiled header use
11>          Add directive to 'core/pch_jumbo.h' or rebuild precompiled header
11>c:\users\bryan\documents\github\prest\modules\widgets\widgets_jumbo.cpp(39): warning C4627: '#include "modules/widgets/OpSpinner.cpp"': skipped when looking for precompiled header use
11>          Add directive to 'core/pch_jumbo.h' or rebuild precompiled header
11>c:\users\bryan\documents\github\prest\modules\url\url_jumbo.cpp(69): warning C4627: '#include "modules/url/protocols/ebo/bm_information_provider.cpp"': skipped when looking for precompiled header use
11>          Add directive to 'core/pch_jumbo.h' or rebuild precompiled header
11>c:\users\bryan\documents\github\prest\modules\xpath\xpath_jumbo.cpp(37): warning C4627: '#include "modules/xpath/src/xpstringset.cpp"': skipped when looking for precompiled header use
11>          Add directive to 'core/pch_jumbo.h' or rebuild precompiled header
11>c:\users\bryan\documents\github\prest\modules\svg\svg_jumbo.cpp(73): warning C4627: '#include "modules/svg/src/SVGEditableInput.cpp"': skipped when looking for precompiled header use
11>          Add directive to 'core/pch_jumbo.h' or rebuild precompiled header
11>c:\users\bryan\documents\github\prest\modules\xslt\xslt_jumbo.cpp(33): warning C4627: '#include "modules/xslt/src/xslt_htmlsourcecodeoutputhandler.cpp"': skipped when looking for precompiled header use
11>          Add directive to 'core/pch_jumbo.h' or rebuild precompiled header
11>c:\users\bryan\documents\github\prest\modules\widgets\widgets_jumbo.cpp(40): warning C4627: '#include "modules/widgets/OpTextCollection.cpp"': skipped when looking for precompiled header use
11>          Add directive to 'core/pch_jumbo.h' or rebuild precompiled header
11>c:\users\bryan\documents\github\prest\modules\xpath\xpath_jumbo.cpp(38): warning C4627: '#include "modules/xpath/src/xpunionexpr.cpp"': skipped when looking for precompiled header use
11>          Add directive to 'core/pch_jumbo.h' or rebuild precompiled header
11>c:\users\bryan\documents\github\prest\modules\url\url_jumbo.cpp(70): warning C4627: '#include "modules/url/protocols/ebo/zlib_transceive_socket.cpp"': skipped when looking for precompiled header use
11>          Add directive to 'core/pch_jumbo.h' or rebuild precompiled header
11>c:\users\bryan\documents\github\prest\modules\svg\svg_jumbo.cpp(74): warning C4627: '#include "modules/svg/src/SVGEditableCaret.cpp"': skipped when looking for precompiled header use
11>          Add directive to 'core/pch_jumbo.h' or rebuild precompiled header
11>c:\users\bryan\documents\github\prest\modules\xslt\xslt_jumbo.cpp(34): warning C4627: '#include "modules/xslt/src/xslt_iforwhen.cpp"': skipped when looking for precompiled header use
11>          Add directive to 'core/pch_jumbo.h' or rebuild precompiled header
11>c:\users\bryan\documents\github\prest\modules\widgets\widgets_jumbo.cpp(41): warning C4627: '#include "modules/widgets/OpTextCollectionBlock.cpp"': skipped when looking for precompiled header use
11>          Add directive to 'core/pch_jumbo.h' or rebuild precompiled header
14>  crashlog_mac32.cpp
14>  crashlog_windows.cpp
14>  SharedMemory.cpp
11>c:\users\bryan\documents\github\prest\modules\xpath\xpath_jumbo.cpp(39): warning C4627: '#include "modules/xpath/src/xpunknown.cpp"': skipped when looking for precompiled header use
11>          Add directive to 'core/pch_jumbo.h' or rebuild precompiled header
11>c:\users\bryan\documents\github\prest\modules\url\url_jumbo.cpp(71): warning C4627: '#include "modules/url/protocols/spdy/spdy_connection.cpp"': skipped when looking for precompiled header use
11>          Add directive to 'core/pch_jumbo.h' or rebuild precompiled header
11>c:\users\bryan\documents\github\prest\modules\xslt\xslt_jumbo.cpp(35): warning C4627: '#include "modules/xslt/src/xslt_importorinclude.cpp"': skipped when looking for precompiled header use
11>          Add directive to 'core/pch_jumbo.h' or rebuild precompiled header
11>c:\users\bryan\documents\github\prest\modules\svg\svg_jumbo.cpp(75): warning C4627: '#include "modules/svg/src/svgdom/svgdommatrixtransformimpl.cpp"': skipped when looking for precompiled header use
11>          Add directive to 'core/pch_jumbo.h' or rebuild precompiled header
11>c:\users\bryan\documents\github\prest\platforms\windows_common\windows_common_jumbo.cpp(15): warning C4627: '#include "platforms/windows_common/pi_impl/pluginwindow.cpp"': skipped when looking for precompiled header use
11>          Add directive to 'core/pch_jumbo.h' or rebuild precompiled header
11>c:\users\bryan\documents\github\prest\modules\xpath\xpath_jumbo.cpp(40): warning C4627: '#include "modules/xpath/src/xputils.cpp"': skipped when looking for precompiled header use
11>          Add directive to 'core/pch_jumbo.h' or rebuild precompiled header
11>c:\users\bryan\documents\github\prest\modules\widgets\widgets_jumbo.cpp(42): warning C4627: '#include "modules/widgets/OpTime.cpp"': skipped when looking for precompiled header use
11>          Add directive to 'core/pch_jumbo.h' or rebuild precompiled header
11>c:\users\bryan\documents\github\prest\modules\xslt\xslt_jumbo.cpp(36): warning C4627: '#include "modules/xslt/src/xslt_key.cpp"': skipped when looking for precompiled header use
11>          Add directive to 'core/pch_jumbo.h' or rebuild precompiled header
11>c:\users\bryan\documents\github\prest\modules\url\url_jumbo.cpp(72): warning C4627: '#include "modules/url/protocols/spdy/spdy_httprequesthandler.cpp"': skipped when looking for precompiled header use
11>          Add directive to 'core/pch_jumbo.h' or rebuild precompiled header
11>c:\users\bryan\documents\github\prest\modules\svg\svg_jumbo.cpp(76): warning C4627: '#include "modules/svg/src/svgdom/svgdommatriximpl.cpp"': skipped when looking for precompiled header use
11>          Add directive to 'core/pch_jumbo.h' or rebuild precompiled header
11>c:\users\bryan\documents\github\prest\platforms\windows_common\windows_common_jumbo.cpp(16): warning C4627: '#include "platforms/windows_common/pi_impl/windowsuacomponentmanager.cpp"': skipped when looking for precompiled header use
11>          Add directive to 'core/pch_jumbo.h' or rebuild precompiled header
11>c:\users\bryan\documents\github\prest\modules\xpath\xpath_jumbo.cpp(41): warning C4627: '#include "modules/xpath/src/xpvalue.cpp"': skipped when looking for precompiled header use
11>          Add directive to 'core/pch_jumbo.h' or rebuild precompiled header
11>c:\users\bryan\documents\github\prest\modules\widgets\widgets_jumbo.cpp(43): warning C4627: '#include "modules/widgets/OpWidget.cpp"': skipped when looking for precompiled header use
11>          Add directive to 'core/pch_jumbo.h' or rebuild precompiled header
11>c:\users\bryan\documents\github\prest\modules\xslt\xslt_jumbo.cpp(37): warning C4627: '#include "modules/xslt/src/xslt_lexer.cpp"': skipped when looking for precompiled header use
11>          Add directive to 'core/pch_jumbo.h' or rebuild precompiled header
11>c:\users\bryan\documents\github\prest\modules\url\url_jumbo.cpp(73): warning C4627: '#include "modules/url/protocols/spdy/spdy_internal/spdy_protocol.cpp"': skipped when looking for precompiled header use
11>          Add directive to 'core/pch_jumbo.h' or rebuild precompiled header
11>c:\users\bryan\documents\github\prest\modules\svg\svg_jumbo.cpp(77): warning C4627: '#include "modules/svg/src/svgdom/svgdommatrixbase.cpp"': skipped when looking for precompiled header use
11>          Add directive to 'core/pch_jumbo.h' or rebuild precompiled header
11>c:\users\bryan\documents\github\prest\modules\xpath\xpath_jumbo.cpp(42): fatal error C1010: unexpected end of file while looking for precompiled header. Did you forget to add '#include "core/pch_jumbo.h"' to your source?
11>c:\users\bryan\documents\github\prest\platforms\windows_common\windows_common_jumbo.cpp(17): warning C4627: '#include "platforms/windows_common/pi_impl/WindowsOpPluginImage.cpp"': skipped when looking for precompiled header use
11>          Add directive to 'core/pch_jumbo.h' or rebuild precompiled header
11>c:\users\bryan\documents\github\prest\modules\xslt\xslt_jumbo.cpp(38): warning C4627: '#include "modules/xslt/src/xslt_literalresultelement.cpp"': skipped when looking for precompiled header use
11>          Add directive to 'core/pch_jumbo.h' or rebuild precompiled header
11>c:\users\bryan\documents\github\prest\modules\widgets\widgets_jumbo.cpp(44): warning C4627: '#include "modules/widgets/OpWidgetInfo.cpp"': skipped when looking for precompiled header use
11>          Add directive to 'core/pch_jumbo.h' or rebuild precompiled header
11>c:\users\bryan\documents\github\prest\modules\url\url_jumbo.cpp(74): warning C4627: '#include "modules/url/protocols/spdy/spdy_internal/spdy_streamhandler.cpp"': skipped when looking for precompiled header use
11>          Add directive to 'core/pch_jumbo.h' or rebuild precompiled header
11>c:\users\bryan\documents\github\prest\modules\svg\svg_jumbo.cpp(78): warning C4627: '#include "modules/svg/src/svgdom/svgdomstringimpl.cpp"': skipped when looking for precompiled header use
11>          Add directive to 'core/pch_jumbo.h' or rebuild precompiled header
11>c:\users\bryan\documents\github\prest\platforms\windows_common\windows_common_jumbo.cpp(18): warning C4627: '#include "platforms/windows_common/pi_impl/WindowsOpSharedMemory.cpp"': skipped when looking for precompiled header use
11>          Add directive to 'core/pch_jumbo.h' or rebuild precompiled header
11>c:\users\bryan\documents\github\prest\modules\xslt\xslt_jumbo.cpp(39): warning C4627: '#include "modules/xslt/src/xslt_message.cpp"': skipped when looking for precompiled header use
11>          Add directive to 'core/pch_jumbo.h' or rebuild precompiled header
11>c:\users\bryan\documents\github\prest\modules\widgets\widgets_jumbo.cpp(45): warning C4627: '#include "modules/widgets/OpWidgetPainterManager.cpp"': skipped when looking for precompiled header use
11>          Add directive to 'core/pch_jumbo.h' or rebuild precompiled header
11>c:\users\bryan\documents\github\prest\modules\url\url_jumbo.cpp(75): warning C4627: '#include "modules/url/protocols/spdy/spdy_internal/spdy_settingscontroller.cpp"': skipped when looking for precompiled header use
11>          Add directive to 'core/pch_jumbo.h' or rebuild precompiled header
11>c:\users\bryan\documents\github\prest\modules\svg\svg_jumbo.cpp(79): warning C4627: '#include "modules/svg/src/svgdom/svgdomstringurlimpl.cpp"': skipped when looking for precompiled header use
11>          Add directive to 'core/pch_jumbo.h' or rebuild precompiled header
11>c:\users\bryan\documents\github\prest\platforms\windows_common\windows_common_jumbo.cpp(19): warning C4627: '#include "platforms/windows_common/pi_impl/WindowsOpSharedMemoryMutex.cpp"': skipped when looking for precompiled header use
11>          Add directive to 'core/pch_jumbo.h' or rebuild precompiled header
11>c:\users\bryan\documents\github\prest\modules\xslt\xslt_jumbo.cpp(40): warning C4627: '#include "modules/xslt/src/xslt_namespacealias.cpp"': skipped when looking for precompiled header use
11>          Add directive to 'core/pch_jumbo.h' or rebuild precompiled header
11>c:\users\bryan\documents\github\prest\modules\widgets\widgets_jumbo.cpp(46): warning C4627: '#include "modules/widgets/OpWidgetString.cpp"': skipped when looking for precompiled header use
11>          Add directive to 'core/pch_jumbo.h' or rebuild precompiled header
11>c:\users\bryan\documents\github\prest\modules\url\url_jumbo.cpp(76): warning C4627: '#include "modules/url/protocols/spdy/spdy_internal/spdy_settingsmanager.cpp"': skipped when looking for precompiled header use
11>          Add directive to 'core/pch_jumbo.h' or rebuild precompiled header
11>c:\users\bryan\documents\github\prest\platforms\windows_common\windows_common_jumbo.cpp(20): fatal error C1010: unexpected end of file while looking for precompiled header. Did you forget to add '#include "core/pch_jumbo.h"' to your source?
11>c:\users\bryan\documents\github\prest\modules\svg\svg_jumbo.cpp(80): warning C4627: '#include "modules/svg/src/svgdom/svgdomnumberimpl.cpp"': skipped when looking for precompiled header use
11>          Add directive to 'core/pch_jumbo.h' or rebuild precompiled header
11>c:\users\bryan\documents\github\prest\modules\xslt\xslt_jumbo.cpp(41): warning C4627: '#include "modules/xslt/src/xslt_namespacecollection.cpp"': skipped when looking for precompiled header use
11>          Add directive to 'core/pch_jumbo.h' or rebuild precompiled header
11>c:\users\bryan\documents\github\prest\modules\widgets\widgets_jumbo.cpp(47): warning C4627: '#include "modules/widgets/OpWidgetStringDrawer.cpp"': skipped when looking for precompiled header use
11>          Add directive to 'core/pch_jumbo.h' or rebuild precompiled header
11>c:\users\bryan\documents\github\prest\modules\url\url_jumbo.cpp(77): warning C4627: '#include "modules/url/protocols/spdy/spdy_internal/spdy_dataconsumer.cpp"': skipped when looking for precompiled header use
11>          Add directive to 'core/pch_jumbo.h' or rebuild precompiled header
11>c:\users\bryan\documents\github\prest\modules\xslt\xslt_jumbo.cpp(42): warning C4627: '#include "modules/xslt/src/xslt_nodelist.cpp"': skipped when looking for precompiled header use
11>          Add directive to 'core/pch_jumbo.h' or rebuild precompiled header
11>c:\users\bryan\documents\github\prest\modules\svg\svg_jumbo.cpp(81): warning C4627: '#include "modules/svg/src/svgdom/svgdomnumberorpercentageimpl.cpp"': skipped when looking for precompiled header use
11>          Add directive to 'core/pch_jumbo.h' or rebuild precompiled header
11>c:\users\bryan\documents\github\prest\modules\widgets\widgets_jumbo.cpp(48): warning C4627: '#include "modules/widgets/UndoRedoStack.cpp"': skipped when looking for precompiled header use
11>          Add directive to 'core/pch_jumbo.h' or rebuild precompiled header
11>c:\users\bryan\documents\github\prest\modules\url\url_jumbo.cpp(78): warning C4627: '#include "modules/url/protocols/spdy/spdy_internal/spdy_hdrcompr.cpp"': skipped when looking for precompiled header use
11>          Add directive to 'core/pch_jumbo.h' or rebuild precompiled header
11>c:\users\bryan\documents\github\prest\modules\xslt\xslt_jumbo.cpp(43): warning C4627: '#include "modules/xslt/src/xslt_number.cpp"': skipped when looking for precompiled header use
11>          Add directive to 'core/pch_jumbo.h' or rebuild precompiled header
11>c:\users\bryan\documents\github\prest\modules\svg\svg_jumbo.cpp(82): warning C4627: '#include "modules/svg/src/svgdom/svgdompreserveaspectratioimpl.cpp"': skipped when looking for precompiled header use
11>          Add directive to 'core/pch_jumbo.h' or rebuild precompiled header
11>c:\users\bryan\documents\github\prest\modules\widgets\widgets_jumbo.cpp(49): warning C4627: '#include "modules/widgets/WidgetContainer.cpp"': skipped when looking for precompiled header use
11>          Add directive to 'core/pch_jumbo.h' or rebuild precompiled header
11>c:\users\bryan\documents\github\prest\modules\url\url_jumbo.cpp(79): warning C4627: '#include "modules/url/protocols/spdy/spdy_internal/spdy_pingcontroller.cpp"': skipped when looking for precompiled header use
11>          Add directive to 'core/pch_jumbo.h' or rebuild precompiled header
11>c:\users\bryan\documents\github\prest\modules\xslt\xslt_jumbo.cpp(44): warning C4627: '#include "modules/xslt/src/xslt_output.cpp"': skipped when looking for precompiled header use
11>          Add directive to 'core/pch_jumbo.h' or rebuild precompiled header
11>c:\users\bryan\documents\github\prest\modules\svg\svg_jumbo.cpp(83): warning C4627: '#include "modules/svg/src/svgdom/svgdomenumerationimpl.cpp"': skipped when looking for precompiled header use
11>          Add directive to 'core/pch_jumbo.h' or rebuild precompiled header
11>c:\users\bryan\documents\github\prest\modules\url\url_jumbo.cpp(80): warning C4627: '#include "modules/url/protocols/spdy/spdy_internal/spdy_streamreseter.cpp"': skipped when looking for precompiled header use
11>          Add directive to 'core/pch_jumbo.h' or rebuild precompiled header
11>c:\users\bryan\documents\github\prest\modules\widgets\widgets_jumbo.cpp(50): warning C4627: '#include "modules/widgets/WidgetWindow.cpp"': skipped when looking for precompiled header use
11>          Add directive to 'core/pch_jumbo.h' or rebuild precompiled header
11>c:\users\bryan\documents\github\prest\modules\xslt\xslt_jumbo.cpp(45): warning C4627: '#include "modules/xslt/src/xslt_outputbuffer.cpp"': skipped when looking for precompiled header use
11>          Add directive to 'core/pch_jumbo.h' or rebuild precompiled header
11>c:\users\bryan\documents\github\prest\modules\svg\svg_jumbo.cpp(84): warning C4627: '#include "modules/svg/src/svgdom/svgdomlengthimpl.cpp"': skipped when looking for precompiled header use
11>          Add directive to 'core/pch_jumbo.h' or rebuild precompiled header
11>c:\users\bryan\documents\github\prest\modules\widgets\widgets_jumbo.cpp(51): warning C4627: '#include "modules/widgets/finger_touch/anchor_element_of_interest.cpp"': skipped when looking for precompiled header use
11>          Add directive to 'core/pch_jumbo.h' or rebuild precompiled header
11>c:\users\bryan\documents\github\prest\modules\xslt\xslt_jumbo.cpp(46): warning C4627: '#include "modules/xslt/src/xslt_outputhandler.cpp"': skipped when looking for precompiled header use
11>          Add directive to 'core/pch_jumbo.h' or rebuild precompiled header
11>c:\users\bryan\documents\github\prest\modules\url\url_jumbo.cpp(81): warning C4627: '#include "modules/url/tools/url_util.cpp"': skipped when looking for precompiled header use
11>          Add directive to 'core/pch_jumbo.h' or rebuild precompiled header
11>c:\users\bryan\documents\github\prest\modules\svg\svg_jumbo.cpp(85): warning C4627: '#include "modules/svg/src/svgdom/svgdomangleimpl.cpp"': skipped when looking for precompiled header use
11>          Add directive to 'core/pch_jumbo.h' or rebuild precompiled header
11>c:\users\bryan\documents\github\prest\modules\xslt\xslt_jumbo.cpp(47): warning C4627: '#include "modules/xslt/src/xslt_parser.cpp"': skipped when looking for precompiled header use
11>          Add directive to 'core/pch_jumbo.h' or rebuild precompiled header
11>c:\users\bryan\documents\github\prest\modules\widgets\widgets_jumbo.cpp(52): warning C4627: '#include "modules/widgets/finger_touch/button_element_of_interest.cpp"': skipped when looking for precompiled header use
11>          Add directive to 'core/pch_jumbo.h' or rebuild precompiled header
11>c:\users\bryan\documents\github\prest\modules\url\url_jumbo.cpp(82): warning C4627: '#include "modules/url/tools/content_detector.cpp"': skipped when looking for precompiled header use
11>          Add directive to 'core/pch_jumbo.h' or rebuild precompiled header
11>c:\users\bryan\documents\github\prest\modules\xslt\xslt_jumbo.cpp(48): warning C4627: '#include "modules/xslt/src/xslt_processinginstruction.cpp"': skipped when looking for precompiled header use
11>          Add directive to 'core/pch_jumbo.h' or rebuild precompiled header
11>c:\users\bryan\documents\github\prest\modules\widgets\widgets_jumbo.cpp(53): warning C4627: '#include "modules/widgets/finger_touch/complexform_element_of_interest.cpp"': skipped when looking for precompiled header use
11>          Add directive to 'core/pch_jumbo.h' or rebuild precompiled header
11>c:\users\bryan\documents\github\prest\modules\svg\svg_jumbo.cpp(86): warning C4627: '#include "modules/svg/src/svgdom/svgdomrectimpl.cpp"': skipped when looking for precompiled header use
11>          Add directive to 'core/pch_jumbo.h' or rebuild precompiled header
11>c:\users\bryan\documents\github\prest\modules\url\url_jumbo.cpp(83): warning C4627: '#include "modules/url/internet_connection_status_checker.cpp"': skipped when looking for precompiled header use
11>          Add directive to 'core/pch_jumbo.h' or rebuild precompiled header
14>  SharedPluginBitmap.cpp
11>c:\users\bryan\documents\github\prest\modules\xslt\xslt_jumbo.cpp(49): warning C4627: '#include "modules/xslt/src/xslt_program.cpp"': skipped when looking for precompiled header use
11>          Add directive to 'core/pch_jumbo.h' or rebuild precompiled header
11>c:\users\bryan\documents\github\prest\modules\widgets\widgets_jumbo.cpp(54): warning C4627: '#include "modules/widgets/finger_touch/dropdown_element_of_interest.cpp"': skipped when looking for precompiled header use
11>          Add directive to 'core/pch_jumbo.h' or rebuild precompiled header
11>c:\users\bryan\documents\github\prest\modules\svg\svg_jumbo.cpp(87): warning C4627: '#include "modules/svg/src/svgdom/svgdompointimpl.cpp"': skipped when looking for precompiled header use
11>          Add directive to 'core/pch_jumbo.h' or rebuild precompiled header
11>c:\users\bryan\documents\github\prest\modules\xslt\xslt_jumbo.cpp(50): warning C4627: '#include "modules/xslt/src/xslt_recordingoutputhandler.cpp"': skipped when looking for precompiled header use
11>          Add directive to 'core/pch_jumbo.h' or rebuild precompiled header
11>c:\users\bryan\documents\github\prest\modules\url\url_jumbo.cpp(84): warning C4627: '#include "modules/url/internet_connection_wrapper.cpp"': skipped when looking for precompiled header use
11>          Add directive to 'core/pch_jumbo.h' or rebuild precompiled header
11>c:\users\bryan\documents\github\prest\modules\widgets\widgets_jumbo.cpp(55): warning C4627: '#include "modules/widgets/finger_touch/element_expander.cpp"': skipped when looking for precompiled header use
11>          Add directive to 'core/pch_jumbo.h' or rebuild precompiled header
11>c:\users\bryan\documents\github\prest\modules\svg\svg_jumbo.cpp(88): warning C4627: '#include "modules/svg/src/svgdom/svgdomtransformimpl.cpp"': skipped when looking for precompiled header use
11>          Add directive to 'core/pch_jumbo.h' or rebuild precompiled header
11>c:\users\bryan\documents\github\prest\modules\xslt\xslt_jumbo.cpp(51): warning C4627: '#include "modules/xslt/src/xslt_simple.cpp"': skipped when looking for precompiled header use
11>          Add directive to 'core/pch_jumbo.h' or rebuild precompiled header
11>c:\users\bryan\documents\github\prest\modules\widgets\widgets_jumbo.cpp(56): warning C4627: '#include "modules/widgets/finger_touch/element_expander_container.cpp"': skipped when looking for precompiled header use
11>          Add directive to 'core/pch_jumbo.h' or rebuild precompiled header
11>c:\users\bryan\documents\github\prest\modules\xslt\xslt_jumbo.cpp(52): warning C4627: '#include "modules/xslt/src/xslt_sort.cpp"': skipped when looking for precompiled header use
11>          Add directive to 'core/pch_jumbo.h' or rebuild precompiled header
11>c:\users\bryan\documents\github\prest\modules\xslt\xslt_jumbo.cpp(53): warning C4627: '#include "modules/xslt/src/xslt_string.cpp"': skipped when looking for precompiled header use
11>          Add directive to 'core/pch_jumbo.h' or rebuild precompiled header
11>c:\users\bryan\documents\github\prest\modules\url\url_jumbo.cpp(85): warning C4627: '#include "modules/url/uamanager/ua.cpp"': skipped when looking for precompiled header use
11>          Add directive to 'core/pch_jumbo.h' or rebuild precompiled header
11>c:\users\bryan\documents\github\prest\modules\svg\svg_jumbo.cpp(89): warning C4627: '#include "modules/svg/src/svgdom/svgdompaintimpl.cpp"': skipped when looking for precompiled header use
11>          Add directive to 'core/pch_jumbo.h' or rebuild precompiled header
11>c:\users\bryan\documents\github\prest\modules\xslt\xslt_jumbo.cpp(54): warning C4627: '#include "modules/xslt/src/xslt_striporpreservespace.cpp"': skipped when looking for precompiled header use
11>          Add directive to 'core/pch_jumbo.h' or rebuild precompiled header
11>c:\users\bryan\documents\github\prest\modules\url\url_jumbo.cpp(86): fatal error C1010: unexpected end of file while looking for precompiled header. Did you forget to add '#include "core/pch_jumbo.h"' to your source?
11>c:\users\bryan\documents\github\prest\modules\xslt\xslt_jumbo.cpp(55): warning C4627: '#include "modules/xslt/src/xslt_stylesheet.cpp"': skipped when looking for precompiled header use
11>          Add directive to 'core/pch_jumbo.h' or rebuild precompiled header
11>c:\users\bryan\documents\github\prest\modules\widgets\widgets_jumbo.cpp(57): warning C4627: '#include "modules/widgets/finger_touch/element_expander_impl.cpp"': skipped when looking for precompiled header use
11>          Add directive to 'core/pch_jumbo.h' or rebuild precompiled header
11>c:\users\bryan\documents\github\prest\modules\svg\svg_jumbo.cpp(90): warning C4627: '#include "modules/svg/src/svgdom/svgdomanimatedvalueimpl.cpp"': skipped when looking for precompiled header use
11>          Add directive to 'core/pch_jumbo.h' or rebuild precompiled header
11>c:\users\bryan\documents\github\prest\modules\xslt\xslt_jumbo.cpp(56): warning C4627: '#include "modules/xslt/src/xslt_template.cpp"': skipped when looking for precompiled header use
11>          Add directive to 'core/pch_jumbo.h' or rebuild precompiled header
11>c:\users\bryan\documents\github\prest\modules\widgets\widgets_jumbo.cpp(58): warning C4627: '#include "modules/widgets/finger_touch/element_of_interest.cpp"': skipped when looking for precompiled header use
11>          Add directive to 'core/pch_jumbo.h' or rebuild precompiled header
11>c:\users\bryan\documents\github\prest\modules\xslt\xslt_jumbo.cpp(57): warning C4627: '#include "modules/xslt/src/xslt_templatecontent.cpp"': skipped when looking for precompiled header use
11>          Add directive to 'core/pch_jumbo.h' or rebuild precompiled header
11>c:\users\bryan\documents\github\prest\modules\svg\svg_jumbo.cpp(91): warning C4627: '#include "modules/svg/src/svgdom/svgdomlistimpl.cpp"': skipped when looking for precompiled header use
11>          Add directive to 'core/pch_jumbo.h' or rebuild precompiled header
11>c:\users\bryan\documents\github\prest\modules\widgets\widgets_jumbo.cpp(59): warning C4627: '#include "modules/widgets/finger_touch/eoi_fragments.cpp"': skipped when looking for precompiled header use
11>          Add directive to 'core/pch_jumbo.h' or rebuild precompiled header
11>c:\users\bryan\documents\github\prest\modules\xslt\xslt_jumbo.cpp(58): warning C4627: '#include "modules/xslt/src/xslt_text.cpp"': skipped when looking for precompiled header use
11>          Add directive to 'core/pch_jumbo.h' or rebuild precompiled header
11>c:\users\bryan\documents\github\prest\modules\svg\svg_jumbo.cpp(92): warning C4627: '#include "modules/svg/src/svgdom/svgdomstringlistimpl.cpp"': skipped when looking for precompiled header use
11>          Add directive to 'core/pch_jumbo.h' or rebuild precompiled header
11>c:\users\bryan\documents\github\prest\modules\xslt\xslt_jumbo.cpp(59): warning C4627: '#include "modules/xslt/src/xslt_textoutputhandler.cpp"': skipped when looking for precompiled header use
11>          Add directive to 'core/pch_jumbo.h' or rebuild precompiled header
11>c:\users\bryan\documents\github\prest\modules\widgets\widgets_jumbo.cpp(60): warning C4627: '#include "modules/widgets/finger_touch/filechooser_element_of_interest.cpp"': skipped when looking for precompiled header use
11>          Add directive to 'core/pch_jumbo.h' or rebuild precompiled header
11>c:\users\bryan\documents\github\prest\modules\xslt\xslt_jumbo.cpp(60): warning C4627: '#include "modules/xslt/src/xslt_transformation.cpp"': skipped when looking for precompiled header use
11>          Add directive to 'core/pch_jumbo.h' or rebuild precompiled header
11>c:\users\bryan\documents\github\prest\modules\svg\svg_jumbo.cpp(93): warning C4627: '#include "modules/svg/src/svgdom/svgdompathseglistimpl.cpp"': skipped when looking for precompiled header use
11>          Add directive to 'core/pch_jumbo.h' or rebuild precompiled header
11>c:\users\bryan\documents\github\prest\modules\xslt\xslt_jumbo.cpp(61): warning C4627: '#include "modules/xslt/src/xslt_tree.cpp"': skipped when looking for precompiled header use
11>          Add directive to 'core/pch_jumbo.h' or rebuild precompiled header
11>c:\users\bryan\documents\github\prest\modules\widgets\widgets_jumbo.cpp(61): warning C4627: '#include "modules/widgets/finger_touch/form_element_of_interest.cpp"': skipped when looking for precompiled header use
11>          Add directive to 'core/pch_jumbo.h' or rebuild precompiled header
11>c:\users\bryan\documents\github\prest\modules\svg\svg_jumbo.cpp(94): warning C4627: '#include "modules/svg/src/svgdom/svgdompathsegimpl.cpp"': skipped when looking for precompiled header use
11>          Add directive to 'core/pch_jumbo.h' or rebuild precompiled header
11>c:\users\bryan\documents\github\prest\modules\xslt\xslt_jumbo.cpp(62): warning C4627: '#include "modules/xslt/src/xslt_valueof.cpp"': skipped when looking for precompiled header use
11>          Add directive to 'core/pch_jumbo.h' or rebuild precompiled header
11>c:\users\bryan\documents\github\prest\modules\widgets\widgets_jumbo.cpp(62): warning C4627: '#include "modules/widgets/finger_touch/list_element_of_interest.cpp"': skipped when looking for precompiled header use
11>          Add directive to 'core/pch_jumbo.h' or rebuild precompiled header
11>c:\users\bryan\documents\github\prest\modules\svg\svg_jumbo.cpp(95): warning C4627: '#include "modules/svg/src/svgdom/svgdomcolorimpl.cpp"': skipped when looking for precompiled header use
11>          Add directive to 'core/pch_jumbo.h' or rebuild precompiled header
11>c:\users\bryan\documents\github\prest\modules\xslt\xslt_jumbo.cpp(63): warning C4627: '#include "modules/xslt/src/xslt_variable.cpp"': skipped when looking for precompiled header use
11>          Add directive to 'core/pch_jumbo.h' or rebuild precompiled header
11>c:\users\bryan\documents\github\prest\modules\widgets\widgets_jumbo.cpp(63): warning C4627: '#include "modules/widgets/finger_touch/text_edit_element_of_interest.cpp"': skipped when looking for precompiled header use
11>          Add directive to 'core/pch_jumbo.h' or rebuild precompiled header
11>c:\users\bryan\documents\github\prest\modules\svg\svg_jumbo.cpp(96): warning C4627: '#include "modules/svg/src/svgdom/svgdompathimpl.cpp"': skipped when looking for precompiled header use
11>          Add directive to 'core/pch_jumbo.h' or rebuild precompiled header
11>c:\users\bryan\documents\github\prest\modules\xslt\xslt_jumbo.cpp(64): warning C4627: '#include "modules/xslt/src/xslt_unsupported.cpp"': skipped when looking for precompiled header use
11>          Add directive to 'core/pch_jumbo.h' or rebuild precompiled header
11>c:\users\bryan\documents\github\prest\modules\widgets\widgets_jumbo.cpp(64): warning C4627: '#include "modules/widgets/optextfragmentlist.cpp"': skipped when looking for precompiled header use
11>          Add directive to 'core/pch_jumbo.h' or rebuild precompiled header
11>c:\users\bryan\documents\github\prest\modules\svg\svg_jumbo.cpp(97): warning C4627: '#include "modules/svg/src/svgdom/svgdomrgbcolorimpl.cpp"': skipped when looking for precompiled header use
11>          Add directive to 'core/pch_jumbo.h' or rebuild precompiled header
11>c:\users\bryan\documents\github\prest\modules\xslt\xslt_jumbo.cpp(65): warning C4627: '#include "modules/xslt/src/xslt_utils.cpp"': skipped when looking for precompiled header use
11>          Add directive to 'core/pch_jumbo.h' or rebuild precompiled header
11>c:\users\bryan\documents\github\prest\modules\widgets\widgets_jumbo.cpp(65): warning C4627: '#include "modules/widgets/widgets_module.cpp"': skipped when looking for precompiled header use
11>          Add directive to 'core/pch_jumbo.h' or rebuild precompiled header
11>c:\users\bryan\documents\github\prest\modules\xslt\xslt_jumbo.cpp(66): warning C4627: '#include "modules/xslt/src/xslt_xpathextensions.cpp"': skipped when looking for precompiled header use
11>          Add directive to 'core/pch_jumbo.h' or rebuild precompiled header
11>c:\users\bryan\documents\github\prest\modules\widgets\widgets_jumbo.cpp(66): fatal error C1010: unexpected end of file while looking for precompiled header. Did you forget to add '#include "core/pch_jumbo.h"' to your source?
11>c:\users\bryan\documents\github\prest\modules\xslt\xslt_jumbo.cpp(67): warning C4627: '#include "modules/xslt/src/xslt_xmloutputhandler.cpp"': skipped when looking for precompiled header use
11>          Add directive to 'core/pch_jumbo.h' or rebuild precompiled header
11>c:\users\bryan\documents\github\prest\modules\svg\svg_jumbo.cpp(98): warning C4627: '#include "modules/svg/src/svgdom/svgdomanimatedtransformlistimpl.cpp"': skipped when looking for precompiled header use
11>          Add directive to 'core/pch_jumbo.h' or rebuild precompiled header
11>c:\users\bryan\documents\github\prest\modules\xslt\xslt_jumbo.cpp(68): warning C4627: '#include "modules/xslt/src/xslt_xmltokenhandleroutputhandler.cpp"': skipped when looking for precompiled header use
11>          Add directive to 'core/pch_jumbo.h' or rebuild precompiled header
11>c:\users\bryan\documents\github\prest\modules\svg\svg_jumbo.cpp(99): warning C4627: '#include "modules/svg/src/parser/svgtransformparser.cpp"': skipped when looking for precompiled header use
11>          Add directive to 'core/pch_jumbo.h' or rebuild precompiled header
11>c:\users\bryan\documents\github\prest\modules\xslt\xslt_jumbo.cpp(69): warning C4627: '#include "modules/xslt/src/xslt_xmlsourcecodeoutputhandler.cpp"': skipped when looking for precompiled header use
11>          Add directive to 'core/pch_jumbo.h' or rebuild precompiled header
11>c:\users\bryan\documents\github\prest\modules\xslt\xslt_jumbo.cpp(70): fatal error C1010: unexpected end of file while looking for precompiled header. Did you forget to add '#include "core/pch_jumbo.h"' to your source?
11>c:\users\bryan\documents\github\prest\modules\svg\svg_jumbo.cpp(100): warning C4627: '#include "modules/svg/src/parser/svgpathparser.cpp"': skipped when looking for precompiled header use
11>          Add directive to 'core/pch_jumbo.h' or rebuild precompiled header
11>c:\users\bryan\documents\github\prest\modules\svg\svg_jumbo.cpp(101): warning C4627: '#include "modules/svg/src/parser/svgtokenizer.cpp"': skipped when looking for precompiled header use
11>          Add directive to 'core/pch_jumbo.h' or rebuild precompiled header
11>c:\users\bryan\documents\github\prest\modules\svg\svg_jumbo.cpp(102): warning C4627: '#include "modules/svg/src/parser/svgtimeparser.cpp"': skipped when looking for precompiled header use
11>          Add directive to 'core/pch_jumbo.h' or rebuild precompiled header
11>c:\users\bryan\documents\github\prest\modules\svg\svg_jumbo.cpp(103): warning C4627: '#include "modules/svg/src/parser/svgstringparser.cpp"': skipped when looking for precompiled header use
11>          Add directive to 'core/pch_jumbo.h' or rebuild precompiled header
11>c:\users\bryan\documents\github\prest\modules\svg\svg_jumbo.cpp(104): warning C4627: '#include "modules/svg/src/parser/svgnumberparser.cpp"': skipped when looking for precompiled header use
11>          Add directive to 'core/pch_jumbo.h' or rebuild precompiled header
11>c:\users\bryan\documents\github\prest\modules\svg\svg_jumbo.cpp(105): warning C4627: '#include "modules/svg/src/parser/svgpaintparser.cpp"': skipped when looking for precompiled header use
11>          Add directive to 'core/pch_jumbo.h' or rebuild precompiled header
11>c:\users\bryan\documents\github\prest\modules\svg\svg_jumbo.cpp(106): warning C4627: '#include "modules/svg/src/parser/svglengthparser.cpp"': skipped when looking for precompiled header use
11>          Add directive to 'core/pch_jumbo.h' or rebuild precompiled header
11>c:\users\bryan\documents\github\prest\modules\svg\svg_jumbo.cpp(107): warning C4627: '#include "modules/svg/src/parser/svgangleparser.cpp"': skipped when looking for precompiled header use
11>          Add directive to 'core/pch_jumbo.h' or rebuild precompiled header
11>c:\users\bryan\documents\github\prest\modules\svg\svg_jumbo.cpp(108): warning C4627: '#include "modules/svg/src/animation/svganimationworkplace.cpp"': skipped when looking for precompiled header use
11>          Add directive to 'core/pch_jumbo.h' or rebuild precompiled header
11>c:\users\bryan\documents\github\prest\modules\svg\svg_jumbo.cpp(109): warning C4627: '#include "modules/svg/src/animation/svganimationinterval.cpp"': skipped when looking for precompiled header use
11>          Add directive to 'core/pch_jumbo.h' or rebuild precompiled header
11>c:\users\bryan\documents\github\prest\modules\svg\svg_jumbo.cpp(110): warning C4627: '#include "modules/svg/src/animation/svganimationtime.cpp"': skipped when looking for precompiled header use
11>          Add directive to 'core/pch_jumbo.h' or rebuild precompiled header
14>  WindowsOpComponentPlatform.cpp
11>c:\users\bryan\documents\github\prest\modules\svg\svg_jumbo.cpp(111): warning C4627: '#include "modules/svg/src/animation/svganimationschedule.cpp"': skipped when looking for precompiled header use
11>          Add directive to 'core/pch_jumbo.h' or rebuild precompiled header
11>c:\users\bryan\documents\github\prest\modules\svg\svg_jumbo.cpp(112): warning C4627: '#include "modules/svg/src/animation/svganimationinstancelist.cpp"': skipped when looking for precompiled header use
11>          Add directive to 'core/pch_jumbo.h' or rebuild precompiled header
11>c:\users\bryan\documents\github\prest\modules\svg\svg_jumbo.cpp(113): warning C4627: '#include "modules/svg/src/animation/svganimationcalculator.cpp"': skipped when looking for precompiled header use
11>          Add directive to 'core/pch_jumbo.h' or rebuild precompiled header
11>c:\users\bryan\documents\github\prest\modules\svg\svg_jumbo.cpp(114): warning C4627: '#include "modules/svg/src/animation/svganimationtarget.cpp"': skipped when looking for precompiled header use
11>          Add directive to 'core/pch_jumbo.h' or rebuild precompiled header
11>c:\users\bryan\documents\github\prest\modules\svg\svg_jumbo.cpp(115): warning C4627: '#include "modules/svg/src/animation/svganimationvalue.cpp"': skipped when looking for precompiled header use
11>          Add directive to 'core/pch_jumbo.h' or rebuild precompiled header
11>c:\users\bryan\documents\github\prest\modules\svg\svg_jumbo.cpp(116): warning C4627: '#include "modules/svg/src/animation/svganimationselftest.cpp"': skipped when looking for precompiled header use
11>          Add directive to 'core/pch_jumbo.h' or rebuild precompiled header
11>c:\users\bryan\documents\github\prest\modules\svg\svg_jumbo.cpp(117): warning C4627: '#include "modules/svg/src/animation/svganimationlog.cpp"': skipped when looking for precompiled header use
11>          Add directive to 'core/pch_jumbo.h' or rebuild precompiled header
11>c:\users\bryan\documents\github\prest\modules\svg\svg_jumbo.cpp(118): warning C4627: '#include "modules/svg/src/animation/svganimationsandwich.cpp"': skipped when looking for precompiled header use
11>          Add directive to 'core/pch_jumbo.h' or rebuild precompiled header
11>c:\users\bryan\documents\github\prest\modules\svg\svg_jumbo.cpp(119): warning C4627: '#include "modules/svg/src/animation/svgtimeline.cpp"': skipped when looking for precompiled header use
11>          Add directive to 'core/pch_jumbo.h' or rebuild precompiled header
11>c:\users\bryan\documents\github\prest\modules\svg\svg_jumbo.cpp(120): warning C4627: '#include "modules/svg/src/svgcanvas.cpp"': skipped when looking for precompiled header use
11>          Add directive to 'core/pch_jumbo.h' or rebuild precompiled header
11>c:\users\bryan\documents\github\prest\modules\svg\svg_jumbo.cpp(121): warning C4627: '#include "modules/svg/src/svgfilternode.cpp"': skipped when looking for precompiled header use
11>          Add directive to 'core/pch_jumbo.h' or rebuild precompiled header
11>c:\users\bryan\documents\github\prest\modules\svg\svg_jumbo.cpp(122): warning C4627: '#include "modules/svg/src/svgpaintnode.cpp"': skipped when looking for precompiled header use
11>          Add directive to 'core/pch_jumbo.h' or rebuild precompiled header
11>c:\users\bryan\documents\github\prest\modules\svg\svg_jumbo.cpp(123): warning C4627: '#include "modules/svg/src/svgpaintnode_text.cpp"': skipped when looking for precompiled header use
11>          Add directive to 'core/pch_jumbo.h' or rebuild precompiled header
11>c:\users\bryan\documents\github\prest\modules\svg\svg_jumbo.cpp(124): warning C4627: '#include "modules/svg/src/svgpainter.cpp"': skipped when looking for precompiled header use
11>          Add directive to 'core/pch_jumbo.h' or rebuild precompiled header
11>c:\users\bryan\documents\github\prest\modules\svg\svg_jumbo.cpp(125): warning C4627: '#include "modules/svg/src/svgfontdata.cpp"': skipped when looking for precompiled header use
11>          Add directive to 'core/pch_jumbo.h' or rebuild precompiled header
11>c:\users\bryan\documents\github\prest\modules\svg\svg_jumbo.cpp(126): fatal error C1010: unexpected end of file while looking for precompiled header. Did you forget to add '#include "core/pch_jumbo.h"' to your source?
11>c:\users\bryan\documents\github\prest\platforms\crashlog\crashlog_jumbo.cpp(15): warning C4627: '#include "platforms/crashlog/src/gpu_info.cpp"': skipped when looking for precompiled header use
11>          Add directive to 'core/pch_jumbo.h' or rebuild precompiled header
11>c:\users\bryan\documents\github\prest\platforms\crashlog\crashlog_jumbo.cpp(16): fatal error C1010: unexpected end of file while looking for precompiled header. Did you forget to add '#include "core/pch_jumbo.h"' to your source?
